s...F..ss.....s........s..............s.........s........s..s.................sss...............................Executing <Task pending name='Task-21' coro=<IsolatedAsyncioTestCase._asyncioLoopRunner() running at /Library/Developer/CommandLineTools/Library/Frameworks/Python3.framework/Versions/3.9/lib/python3.9/unittest/async_case.py:96> wait_for=<Future pending cb=[<TaskWakeupMethWrapper object at 0x10a5031f0>()] created at /Library/Developer/CommandLineTools/Library/Frameworks/Python3.framework/Versions/3.9/lib/python3.9/asyncio/base_events.py:424> created at /Library/Developer/CommandLineTools/Library/Frameworks/Python3.framework/Versions/3.9/lib/python3.9/unittest/async_case.py:118> took 0.162 seconds
......................................Argus: Disarm rejected — invalid or missing code
.Argus: Disarm rejected — invalid or missing code
..........................s......s......s.s.........s.....s..s.....s.....................s..ss..sssssss..............F...F..s......s
======================================================================
FAIL: test_version_is_consistent (test_architecture_contract.TestArchitectureContract)
----------------------------------------------------------------------
Traceback (most recent call last):
  File "/Users/chrisalvir/Desktop/GITHUB PROJECT/argus/tests/test_architecture_contract.py", line 16, in test_version_is_consistent
    self.assertIn("ARGUS_CARD_VERSION='2.0.53'", card)
AssertionError: "ARGUS_CARD_VERSION='2.0.53'" not found in '// @ts-nocheck\nconst ARGUS_CARD_VERSION=\'2.0.52\';\nconst COPY={\n  es:{title:\'Seguridad\',home:\'EN CASA\',away:\'AUSENTE\',night:\'NOCHE\',vacation:\'VACACIONES\',disarm:\'DESARMAR\',pin:\'INTRODUCIR PIN\',bad:\'PIN incorrecto\',unknown:\'Ubicación no disponible\'},\n  en:{title:\'Security\',home:\'HOME\',away:\'AWAY\',night:\'NIGHT\',vacation:\'VACATION\',disarm:\'DISARM\',pin:\'ENTER PIN\',bad:\'Incorrect PIN\',unknown:\'Location unavailable\'},\n  fr:{title:\'Sécurité\',home:\'MAISON\',away:\'ABSENT\',night:\'NUIT\',vacation:\'VACANCES\',disarm:\'DÉSARMER\',pin:\'SAISIR LE PIN\',bad:\'PIN incorrect\',unknown:\'Emplacement indisponible\'},\n  pt:{title:\'Segurança\',home:\'EM CASA\',away:\'AUSENTE\',night:\'NOITE\',vacation:\'FÉRIAS\',disarm:\'DESARMAR\',pin:\'DIGITE O PIN\',bad:\'PIN incorreto\',unknown:\'Local indisponível\'},\n  it:{title:\'Sicurezza\',home:\'CASA\',away:\'ASSENTE\',night:\'NOTTE\',vacation:\'VACANZA\',disarm:\'DISARMA\',pin:\'INSERISCI PIN\',bad:\'PIN errato\',unknown:\'Posizione non disponibile\'},\n  zh:{title:\'安全\',home:\'在家\',away:\'外出\',night:\'夜间\',vacation:\'度假\',disarm:\'撤防\',pin:\'输入 PIN\',bad:\'PIN 错误\',unknown:\'位置不可用\'},\n  ru:{title:\'Безопасность\',home:\'ДОМА\',away:\'УШЁЛ\',night:\'НОЧЬ\',vacation:\'ОТПУСК\',disarm:\'СНЯТЬ\',pin:\'ВВЕДИТЕ PIN\',bad:\'Неверный PIN\',unknown:\'Местоположение недоступно\'}\n};\nconst esc=value=>String(value??\'\').replace(/[&<>\'\\"]/g,char=>({\'&\':\'&amp;\',\'<\':\'&lt;\',\'>\':\'&gt;\',"\'":\'&#39;\',\'\\"\':\'&quot;\'}[char]));\nconsole.info(`%c🛡️ ARGUS SECURITY %c v${ARGUS_CARD_VERSION} `, "color: white; background: #0f172a; font-weight: 700; padding: 4px 8px; border-radius: 4px 0 0 4px;", "color: #0f172a; background: #38bdf8; font-weight: 700; padding: 4px 8px; border-radius: 0 4px 4px 0;");\n\nclass ArgusCard extends HTMLElement{\n  static getStubConfig(){return{entity:\'alarm_control_panel.argus\',title:\'Argus\'};}\n  setConfig(config){if(!config?.entity)throw new Error("argus-card requires \'entity\'");this._config={...config};}\n  set hass(hass){this._hass=hass;this._render();}\n  _text(){const lang=String(this._hass?.language||\'en\').split(\'-\')[0];return COPY[lang]||COPY.en;}\n  async _call(service,code){const data={entity_id:this._config.entity};if(code)data.code=code;await this._hass.callService(\'alarm_control_panel\',service,data);if(service!==\'alarm_disarm\')return;for(let attempt=0;attempt<10;attempt+=1){await new Promise(resolve=>setTimeout(resolve,100));if(this._hass.states?.[this._config.entity]?.state===\'disarmed\')return;}throw new Error(\'The alarm did not disarm\');}\n  _weather(){const states=Object.values(this._hass?.states||{});const entity=this._config.weather_entity?this._hass.states[this._config.weather_entity]:states.find(item=>item.entity_id?.startsWith(\'weather.\')&&![\'unknown\',\'unavailable\'].includes(item.state));if(!entity)return{state:\'unavailable\',temp:\'—\',unit:\'\',night:this._hass?.states?.[\'sun.sun\']?.state===\'below_horizon\'};const value=Number(entity.attributes?.temperature);return{state:String(entity.state||\'unavailable\').toLowerCase(),temp:Number.isFinite(value)?Math.round(value):\'—\',unit:Number.isFinite(value)?String(entity.attributes?.temperature_unit||\'\'):\'\',night:this._hass?.states?.[\'sun.sun\']?.state===\'below_horizon\'};}\n  _location(copy){const config=this._hass?.config||{};const parts=[];if(config.location_name&&!/^(home|casa|hogar)$/i.test(config.location_name))parts.push(config.location_name);if(config.country)parts.push(config.country);return parts.length?parts.join(\', \'):copy.unknown;}\n  _scene(weather){const state=weather.state;const storm=/thunder|storm|lightning/.test(state),rain=/rain|pouring|drizzle|shower/.test(state),snow=/snow/.test(state),fog=/fog|mist|hazy/.test(state),cloud=/cloud|overcast/.test(state);return[weather.night?\'night\':\'day\',storm?\'storm\':rain?\'rain\':snow?\'snow\':fog?\'fog\':cloud?\'cloud\':\'clear\'].join(\' \');}\n  _render(){if(!this._config||!this._hass)return;const copy=this._text(),entity=this._hass.states[this._config.entity],state=entity?.state||\'unavailable\',weather=this._weather(),location=this._location(copy),title=this._config.title||copy.title,scene=this._scene(weather),time=new Intl.DateTimeFormat(this._hass.language||undefined,{hour:\'2-digit\',minute:\'2-digit\'}).format(new Date());this.innerHTML=`<ha-card><style>\nha-card{overflow:hidden;border:0;border-radius:30px;background:#07111f;color:#fff;box-shadow:0 20px 70px rgba(0,0,0,.36)}.card{position:relative;min-height:330px;isolation:isolate;overflow:hidden;font-family:Inter,system-ui,sans-serif}.scene{position:absolute;inset:0;z-index:-3;background:linear-gradient(165deg,#2c86c7,#8fc7dc 62%,#d7c7aa);transition:background 1.2s ease}.scene.night{background:radial-gradient(circle at 78% 18%,rgba(245,243,218,.18),transparent 11%),linear-gradient(165deg,#020817,#0a1d38 64%,#172a3c)}.scene.rain,.scene.storm{background:linear-gradient(165deg,#15232e,#455967 60%,#75828a)}.scene.snow{background:linear-gradient(165deg,#7597ae,#c8d9e0 62%,#eef3f3)}.scene.fog{background:linear-gradient(165deg,#56656d,#aeb9bb 58%,#d5d7d3)}.scene::before{content:\'\';position:absolute;inset:-20%;background:radial-gradient(ellipse at 12% 24%,rgba(255,255,255,.22),transparent 22%),radial-gradient(ellipse at 62% 18%,rgba(255,255,255,.15),transparent 27%);filter:blur(22px);animation:clouds 28s ease-in-out infinite alternate}.scene.night::after{content:\'\';position:absolute;inset:0;background-image:radial-gradient(circle,#fff 0 1px,transparent 1.5px);background-size:61px 57px;opacity:.55;animation:stars 8s ease-in-out infinite alternate}.scene.rain::after,.scene.storm::after{content:\'\';position:absolute;inset:-40%;background:repeating-linear-gradient(104deg,transparent 0 16px,rgba(218,238,249,.48) 17px 18px,transparent 19px 35px);animation:rain .72s linear infinite;opacity:.66}.scene.snow::after{content:\'\';position:absolute;inset:-20%;background-image:radial-gradient(circle,rgba(255,255,255,.9) 0 2px,transparent 2.8px);background-size:34px 39px;animation:snow 7s linear infinite}.scene.fog::after{content:\'\';position:absolute;inset:20% -50%;background:repeating-linear-gradient(180deg,transparent 0 38px,rgba(244,248,248,.32) 48px 75px,transparent 88px 126px);filter:blur(13px);animation:fog 14s ease-in-out infinite alternate}.storm{animation:flash 8s steps(1) infinite}@keyframes clouds{to{transform:translateX(9%) translateY(2%)}}@keyframes stars{to{opacity:.9}}@keyframes rain{to{transform:translate(-9%,35%)}}@keyframes snow{to{transform:translate(30px,70px)}}@keyframes fog{to{transform:translateX(18%)}}@keyframes flash{0%,72%,75%,100%{filter:none}73%{filter:brightness(1.65)}}\n.vignette{position:absolute;inset:0;z-index:-2;background:radial-gradient(circle at 68% 42%,transparent 15%,rgba(2,6,15,.1) 55%,rgba(0,0,0,.58) 100%)}.hud{display:flex;justify-content:space-between;gap:16px;padding:20px 22px;font-size:11px;font-weight:800;letter-spacing:.08em;text-transform:uppercase;text-shadow:0 2px 12px #000}.weather{font-size:18px;letter-spacing:0;text-transform:none}.layout{display:grid;grid-template-columns:minmax(145px,185px) 1fr;gap:18px;align-items:center;padding:8px 22px 24px}.modes{display:grid;gap:8px}.mode{appearance:none;border:1px solid rgba(255,255,255,.17);border-radius:16px;background:rgba(8,16,31,.26);backdrop-filter:blur(20px) saturate(1.25);color:#fff;padding:12px 13px;text-align:left;font-weight:850;letter-spacing:.03em;cursor:pointer;transition:transform .25s cubic-bezier(.16,1,.3,1),background .25s,box-shadow .25s}.mode:hover{transform:translateX(5px) scale(1.02);background:rgba(255,255,255,.17);box-shadow:0 12px 26px rgba(0,0,0,.2)}.mode:active{transform:scale(.97)}.mode.active{background:linear-gradient(135deg,rgba(59,178,255,.42),rgba(114,75,255,.3));border-color:rgba(255,255,255,.42);box-shadow:inset 0 1px rgba(255,255,255,.3),0 10px 34px rgba(20,97,184,.26)}.shield{display:grid;place-items:center;font-size:96px;filter:drop-shadow(0 22px 34px rgba(0,0,0,.46));animation:float 5s ease-in-out infinite}.triggered .shield{animation:alarm 1s ease-in-out infinite}@keyframes float{50%{transform:translateY(-10px) scale(1.025)}}@keyframes alarm{50%{transform:scale(1.12);filter:drop-shadow(0 0 35px #ff334f)}}.title{position:absolute;right:22px;bottom:18px;font-weight:900;letter-spacing:.12em;text-transform:uppercase;font-size:10px;opacity:.7}.keypad{position:absolute;inset:0;z-index:10;display:grid;place-items:center;background:rgba(3,9,20,.72);backdrop-filter:blur(28px) saturate(1.35);animation:open .42s cubic-bezier(.16,1,.3,1)}.pad{width:min(240px,80%);text-align:center}.pad-head{display:flex;justify-content:space-between;align-items:center;font-size:11px;font-weight:900;letter-spacing:.12em}.display{font-size:27px;letter-spacing:8px;min-height:42px;margin:12px}.keys{display:grid;grid-template-columns:repeat(3,1fr);gap:7px}.key{border:1px solid rgba(255,255,255,.14);border-radius:14px;background:rgba(255,255,255,.08);color:#fff;padding:11px;font-size:16px;font-weight:800;cursor:pointer;transition:.2s}.key:hover{background:rgba(255,255,255,.2);transform:translateY(-2px)}.error{color:#ff8592;font-size:11px;font-weight:800}.close{border:0;background:none;color:#fff;font-size:19px;cursor:pointer}@keyframes open{from{opacity:0;transform:scale(.94);filter:blur(8px)}}@media(max-width:520px){.layout{grid-template-columns:1fr 100px}.shield{font-size:72px}.hud{flex-direction:column}.weather{font-size:15px}}@media(prefers-reduced-motion:reduce){*,::before,::after{animation:none!important;transition:none!important}}\n </style><div class="card ${state===\'triggered\'?\'triggered\':\'\'}"><div class="scene ${esc(scene)}"></div><div class="vignette"></div><div class="hud"><span>${esc(location)}</span><span class="weather">${esc(time)} · ${esc(weather.temp)}${esc(weather.unit)}</span></div><div class="layout"><div class="modes"><button class="mode ${state===\'armed_home\'?\'active\':\'\'}" data-service="alarm_arm_home" ${this._busy?\'disabled\':\'\'}>🏠 ${copy.home}</button><button class="mode ${state===\'armed_away\'?\'active\':\'\'}" data-service="alarm_arm_away" ${this._busy?\'disabled\':\'\'}>🔒 ${copy.away}</button><button class="mode ${state===\'armed_night\'?\'active\':\'\'}" data-service="alarm_arm_night" ${this._busy?\'disabled\':\'\'}>🌙 ${copy.night}</button><button class="mode ${state===\'armed_vacation\'?\'active\':\'\'}" data-service="alarm_arm_vacation" ${this._busy?\'disabled\':\'\'}>✈️ ${copy.vacation}</button><button class="mode ${state===\'disarmed\'?\'active\':\'\'}" data-service="alarm_disarm" ${this._busy?\'disabled\':\'\'}>🔓 ${copy.disarm}</button></div><div class="shield">${state===\'triggered\'?\'🚨\':\'🛡️\'}</div></div><div class="title">${esc(title)} · v${ARGUS_CARD_VERSION}</div>${this._showKeypad?`<div class="keypad"><div class="pad"><div class="pad-head"><span>${copy.pin}</span><button class="close" data-close>×</button></div><div class="display">${\'•\'.repeat((this._enteredPin||\'\').length)||\'—\'}</div>${this._pinError?`<div class="error" role="alert">${copy.bad}</div>`:\'\'}<div class="keys">${[1,2,3,4,5,6,7,8,9,\'⌫\',0,\'✓\'].map(value=>`<button class="key" data-key="${value}" ${this._busy?\'disabled\':\'\'}>${value}</button>`).join(\'\')}</div></div></div>`:\'\'}</div></ha-card>`;\n    this.querySelectorAll(\'[data-service]\').forEach(button=>button.onclick=async()=>{if(this._busy)return;if(button.dataset.service===\'alarm_disarm\'&&entity?.attributes?.code_format){this._showKeypad=true;this._enteredPin=\'\';this._pinError=false;this._render();return;}this._busy=true;this._render();try{await this._call(button.dataset.service);}catch(error){console.error(error);}finally{this._busy=false;this._render();}});\n    this.querySelector(\'[data-close]\')?.addEventListener(\'click\',()=>{this._showKeypad=false;this._render();});\n    this.querySelectorAll(\'[data-key]\').forEach(button=>button.onclick=async()=>{if(this._busy)return;const value=button.dataset.key;if(value===\'⌫\')this._enteredPin=(this._enteredPin||\'\').slice(0,-1);else if(value===\'✓\'){if(!this._enteredPin)return;this._busy=true;this._render();try{await this._call(\'alarm_disarm\',this._enteredPin);this._showKeypad=false;this._enteredPin=\'\';}catch(error){console.error(error);this._pinError=true;this._enteredPin=\'\';}finally{this._busy=false;}}else if((this._enteredPin||\'\').length<12)this._enteredPin=(this._enteredPin||\'\')+value;this._render();});\n  }\n  getCardSize(){return 4;}\n}\ncustomElements.define(\'argus-card\',ArgusCard);window.customCards=window.customCards||[];window.customCards.push({type:\'argus-card\',name:\'Argus Card\',description:\'Cinematic local security card\',preview:true,documentationURL:\'https://github.com/Chrisalvir1/Argus\'});\n'

======================================================================
FAIL: test_changelog_version (test_v2052_version_contracts.TestVersionContracts)
----------------------------------------------------------------------
Traceback (most recent call last):
  File "/Users/chrisalvir/Desktop/GITHUB PROJECT/argus/tests/test_v2052_version_contracts.py", line 35, in test_changelog_version
    self.assertIn(f"## [{self.version}]", content, f"CHANGELOG.md must contain ## [{self.version}]")
AssertionError: '## [2.0.53]' not found in '# Changelog\n\nTodos los cambios relevantes de Argus se documentan aquí. El historial anterior continúa disponible en Git.\n\n## [2.0.52] - 2026-08-09\n\n### Fixed\n- **Control de Acceso — Doble contenedor eliminado:** El panel de usuarios y PIN maestro ya no muestra un cuadro gris anidado dentro del cuadro principal. Las secciones se muestran directamente con scroll nativo en el panel.\n- **Toggle "Esperar armado de sensores" restituido (todos los modos):** Se añadió el segundo checkbox "Esperar armado en espera" en la configuración de sensores de cada modo (Casa, Ausente, Noche, Vacaciones). Activa `open_sensors_policy: pending` — Argus espera a que todos los sensores seleccionados para ese modo se cierren antes de completar el armado, con TTS anunciando el conteo en tiempo real.\n- **Color RGB exacto en luces de alarma:** Las luces RGB ahora reciben el color seleccionado exacto. Se corrigió la lógica que convertía innecesariamente `rgb_color → hs_color` cuando la luz también acepta `rgb`, introduciendo error de tono.\n- **Rendimiento — Auto-detección silenciosa:** Eliminado el selector manual de perfil y el botón "Ejecutar diagnóstico". Argus detecta automáticamente el hardware del dispositivo de visualización (Pi Zero, Pi 3, Pi 4, Pi 5, PC, tablet) usando `navigator.hardwareConcurrency` + disponibilidad de WebGL, aplica el perfil óptimo en silencio y muestra solo un pequeño badge informativo (en el idioma activo) con el perfil detectado. La seguridad nunca se ve afectada.\n\n## [2.0.51] - 2026-08-09\n\n### Added\n- **Internacionalización (i18n) Completa para TTS:** Argus ahora soporta y procesa 7 idiomas de forma nativa para todas las notificaciones por voz (eventos de seguridad, disparos, armados, etc.). El backend detecta automáticamente el idioma de la interfaz del usuario.\n- **Sincronización de Idioma UI-Servidor:** Al cambiar el idioma en la interfaz, se actualiza automáticamente el estado global en el servidor para que Home Assistant responda en el idioma correcto.\n- **TypeScript Entrypoint:** Un único punto de entrada real en `src/app/index.ts` para todo el frontend.\n- **WebSocket fuertemente tipado:** `src/core/websocket.ts` validado contra `websocket_api.py`.\n- **Clientes TS:** Implementación tipada para `security/client.ts` y `media/client.ts`.\n\n### Fixed\n- **Fallo WebGL iOS/Safari (Blur Fix):** Eliminada la propiedad `mix-blend-mode: screen` del canvas WebGL y aumentada la precisión de los shaders a `highp` para garantizar tormentas eléctricas y lluvia estables sin colapsar en pantallas móviles (que antes se quedaban en un fondo difuminado "blur").\n- **Protección de Cancelación (Master PIN):** Cancelar una alarma desde el estado "Arming Wait" ahora respeta correctamente y exige el PIN Maestro en la UI, sincronizado con el backend.\n- **Frontend Build:** Se resolvió el fallo de Vite al compilar con el target `ES2025` cambiando el target de esbuild a `esnext`, manteniendo TypeScript en `ES2025`.\n- **CI Duplicado:** Se eliminó la duplicación de flujos de trabajo de GitHub Actions al ejecutar validaciones tanto en `push` como en `pull_request`.\n- **Compatibilidad Residual:** Se eliminó el manifiesto de compatibilidad inactivo que engañaba a las pruebas de integración en `argus-bootstrap.js`.\n\n## [2.0.50] - 2026-08-09\n\n### Fixed\n- **Armado atascado en espera de sensores (Aqara/HomeKit):** unificada la detección de sensores abiertos entre el armado y el watchdog. Al cerrar todos los bloqueadores, Argus completa el armado en lugar de quedarse en `arming`.\n- **Force-complete:** si rearmas el mismo modo mientras esperas y los sensores ya están cerrados, Argus completa el armado en lugar de cancelar a `disarmed`.\n- **HomeKit/UI:** la lista de sensores bloqueantes se actualiza en cada recheck para no mantener "Arming" fantasma.\n- **Layouts:** acceso/usuarios con scroll táctil real; Respaldo y Restauración centrados y en rejilla; Apoya a Argus centrado y alineado.\n- **Capa visual única de alarma** (`argus-v2050-alarm-visuals`) para estados arming/waiting y botones activos sin pelear con overlays anteriores.\n- **Cache-bust 2.0.50** en bootstrap y contratos de versión.\n\n### Added\n- `is_sensor_active` / `open_blocking_sensors` canónicos en `sensor_state_runtime.py` (binary_sensor, lock, cover y estados Aqara-friendly).\n- Módulos frontend `argus-v2050-alarm-visuals.js` y `argus-v2050-widget-layouts.js`.\n- Tests de regresión `tests/test_v2050_arming_complete.py`.\n\n## [2.0.49] - 2026-08-08\n\n### Added\n- Sistema modular de movimiento para selector de perfiles, PIN, dashboard, vistas, widgets, tarjetas y sensores.\n- Entrada escalonada limitada para contenido nuevo renderizado dinámicamente.\n- Capa ligera de transición para cambios de fondo sin aplicar filtros al canvas WebGL ni al video.\n- API encapsulada por instancia para animar vistas, dashboard, contenido escalonado y cambios de fondo.\n\n### Fixed\n- Eliminado el fotograma vacío entre la selección del perfil y la carga del dashboard.\n- El selector permanece visible mientras el dashboard se prepara y se oculta al finalizar la transición, con timeout de recuperación.\n- Bloqueadas las selecciones duplicadas durante la validación visual de perfil o PIN sin alterar la lógica de seguridad.\n- Transiciones de PIN, bienvenida, modos, historial, usuarios, selectores y widgets suavizadas sin clonar ni reemplazar nodos.\n\n### Accessibility\n- Compatibilidad con `prefers-reduced-motion`.\n- El perfil Esencial elimina animaciones decorativas y conserva transiciones funcionales inmediatas.\n- El feedback táctil no interfiere con click, teclado, focus ni controles de seguridad.\n\n### Performance\n- Observer limitado exclusivamente al Shadow DOM de cada panel y configurado solo para nodos añadidos.\n- Mutaciones agrupadas mediante `requestAnimationFrame`, sin observar clases, estilos ni toda la página de Home Assistant.\n- Perfil Ligero limita el stagger y omite la transición de fondos.\n- Limpieza de observers, timers, RAF y listeners al desconectar el panel.\n\n## [2.0.32] - 2026-08-04\n\n### Fixed\n- Eliminado el destello de respaldo basado en apagados y encendidos repetidos para evitar reinicios de bombillos Matter, bombillos convencionales inteligentes y plugs.\n- Luces regulables sin flash nativo ahora pulsan únicamente el brillo entre 25% y 100%, sin cortar la alimentación lógica.\n- Luces exclusivamente `onoff` y entidades similares a plugs se mantienen encendidas de forma fija y no ofrecen destello inseguro.\n- Argus captura y restaura estado, brillo, color RGB/HS/XY, temperatura de blanco y efecto después de SOS, alarmas y pruebas.\n- Si Home Assistant no conserva el color anterior, se restaura blanco neutro para impedir que el siguiente encendido manual permanezca en rojo.\n- Valores RGB falsos se eliminan antes de guardar configuraciones para luces sin capacidad de color.\n\n## [2.0.31] - 2026-08-04\n\n### Fixed\n- Detección estricta de capacidades de luces desde `supported_color_modes` de Home Assistant, sin inferencias por nombre o tipo aparente.\n- Los dimmers y luces `brightness`, `color_temp` u `onoff` ya no muestran ni guardan controles RGB.\n- Prueba física de destello desde SOS y Modos mediante servicios reales `light.turn_on` y `light.turn_off`, con flash nativo, efecto nativo o respaldo temporizado Argus.\n- Sensores compactos con diseño de píldora en vista normal, conservando el diseño de pantalla completa.\n- Contenedores de acceso, automatizaciones e historial ajustados con altura limitada y scroll interno.\n- Personalización estética avanzada cerrada por defecto y controlada por un único botón accesible, sin texto invertido ni doble evento.\n\n## [2.0.30] - 2026-08-04\n\n### Fixed\n- Sensores de instancias activas más compactos y proporcionados en escritorio, móvil y pantalla completa.\n- Persistencia autoritativa de fondos por perfil, incluyendo restauración real del fondo Argus predeterminado.\n- Edición de salidas SOS con eliminación, color y destello suave o rápido.\n- Aplicación fiable de color y destello en SOS y modos, con efecto nativo o respaldo temporizado.\n- El selector de color solo aparece para luces realmente compatibles con `hs`, `xy`, `rgb`, `rgbw` o `rgbww`; luces blancas, `color_temp` y `onoff` conservan únicamente destello.\n- Sensores `unknown` o `unavailable` se identifican como desconectados en lugar de cerrados.\n\n## [2.0.29] - 2026-08-04\n\n### Fixed\n- **Personalización por Perfil (Themes):** Se introdujo una reestructuración de la persistencia que empaqueta las preferencias estéticas (`background_mode` y `background_file`) dentro de la propiedad `theme` por usuario. Ahora cada perfil de Argus mantiene de forma confiable su propio fondo animado o estático independiente sin importar si refrescan la pestaña o entran desde otros dispositivos.\n\n## [2.0.28] - 2026-08-04\n\n### Added\n- **Binary Sensor de Bloqueo de Sensores:** Nueva integración `binary_sensor.py` que expone un estado de Home Assistant cuando Argus está "Esperando que se cierren los sensores bloqueantes" al intentar armar. Facilita crear automatizaciones nativas.\n- **Configuración Avanzada de Luces Sirena:** Renovación del selector de color para sirenas con soporte hexadecimal por color y modo de parpadeo suave (`gentle_flash`), ampliando la compatibilidad de colores RGB y efectos.\n- **Sincronización de Paneles Externos**: Nueva sección en la configuración de modos para seleccionar otros paneles de alarma que sincronizarán automáticamente su estado con Argus de forma bidireccional, manteniendo "Sirenas" solo para activación de alarma en pánico.\n\n### Fixed\n- **UI en Móviles y Safari:**\n  - Ajuste de dimensiones del `.console-sensor` para prevenir desbordes mediante modelo flexbox.\n  - Implementación de límite de altura y scroll nativo en las listas de sensores (entry/bypass).\n  - Refinamiento de renderizado de fondo (background) que presentaba corte de esquinas (`corner clipping`) en navegadores con WebKit/Safari.\n- **Personalización de Fondos de Pantalla:** Corrección del mecanismo de guardado de personalizaciones (wallpapers), que ahora persiste a nivel de instancia si el usuario no tiene perfil cargado, evitando el reinicio a \'Default\'.\n- **Websocket API y Battery UI:** Solución de la detección de dispositivos mediante el `device_id` para mostrar correctamente baterías, arreglos de dominios faltantes en selectores y refinamiento modal.\n- **Batería en Instancias Activas**: Añadido el medidor visual de batería dentro del panel principal al lado del estatus, empleando estilo liquid glass transparente que se torna rojo y avisa desconexión debajo del 10% de carga.\n\n## [2.0.18] - 2026-08-03\n\n### Fixed\n- **Interactividad de widgets corregida:** Eliminado el clonado de nodos DOM durante el binding de widgets que destruía los listeners de botones internos. Todos los botones de widgets (refresco de historial, exportación, gestión de usuarios, etc.) funcionan perfectamente.\n- **Personalización Estética desplegada por defecto:** La sección de personalización estética avanzada ahora inicia desplegada por defecto mostrando todas las opciones (fondos, fuentes de clima, temperaturas, números de emergencia y SOS). Se corrigió la sustitución de traducciones que destruía el botón/flecha de colapsado.\n- **Botón "Config. Widgets":** Vinculación directa y confiable en la barra superior.\n\n## [2.0.9] - 2026-08-03\n\n### Fixed\n- **Widget "Config. Widgets" ID faltante:** Se añadió el `id="widget-grid"` faltante al contenedor del grid.\n- **Layout fullscreen horizontal:** Modos (izquierda) · Escudo (centro) · Sensores (derecha) en pantallas grandes.\n- **HUD superpuesto a sensores:** La barra `.console-hud` integrada reemplaza el HUD absoluto sobrepuesto.\n- **Indicador CONECTADO:** Visible permanentemente en cada instancia activa.\n\n## [2.0.8] - 2026-08-03\n\n### Added\n- **Dashboard de widgets interactivos estilo iOS:** Botón "Config. Widgets" en la barra superior que activa el modo edición con animación jiggle, arrastrar y soltar (mouse y táctil), redimensionado S/M/L/XL y visibilidad por widget — todo persistido en `localStorage`.\n- **Personalización Estética Avanzada colapsable:** La sección de personalización ahora se muestra oculta por defecto y se despliega con animación elástica de rebote al hacer clic.\n- **Layout en instancia activa mejorado:** Escudo centrado, modos a la izquierda y sensores a la derecha en pantalla grande. Reordenamiento fluido a columna en móvil.\n\n### Fixed\n- **Bug crítico en el historial de actividad:** Todos los eventos del panel de alarma (`armed`, `disarmed`, `triggered`, `schedule_reconciled`, `state_restored`, `automation_executed`, `arm_rejected`, `confirmation_pending`, `panic_stopped`) se escribían sin `entry_id`, guardándose en la llave de storage global `argus.ui` en lugar de la correcta `argus.ui.{entry_id}`. El frontend los leía de la llave correcta, por lo que el historial aparecía siempre vacío. Solucionado añadiendo `entry_id=self._config_entry.entry_id` a cada llamada `async_append_audit_log` en `alarm_control_panel.py`.\n- **WebSocket mal tipificado:** El botón "Borrar historial" del frontend enviaba el comando `argus/clear_activity_log` que no existe en el backend, causando un error silencioso. Corregido al nombre correcto `argus/clear_audit_log`.\n- **Resolución automática de `entry_id` en WebSocket:** Todos los handlers WebSocket que no reciben un `entry_id` explícito ahora auto-resuelven el ID de la única instancia de Argus presente, garantizando que lecturas y escrituras siempre usen el mismo archivo de storage.\n\n## [1.8.9] - 2026-07-29\n\n### Fixed\n- Corregido un error en la importación de `persistent_notification` que impedía que el proceso de desarmado completara su ejecución, dejando la alarma estancada en estado "Triggered" y fallando en guardar el evento en el historial de actividad.\n\n## [1.8.3] - 2026-07-29\n\n### Fixed\n- Forzado el refresco de caché del navegador web mediante query strings (`?v=1.8.3`) en las importaciones de `argus-bootstrap.js` para asegurar que las correcciones visuales de la versión 1.8.1 (texto de estación "summer", shader WebGL y badge de batería) se apliquen automáticamente sin requerir borrar la caché manualmente.\n- Corregida la relación de aspecto del sol y la luna en el shader WebGL para que mantengan una forma circular perfecta independientemente de la resolución de la pantalla.\n\n## [1.8.2] - 2026-07-29\n\n### Fixed\n- Corregida la importación de `PinAttemptLimiter` en `alarm_control_panel.py` que causaba el error `NameError: name \'PinAttemptLimiter\' is not defined` al desarmar desde Home Assistant y HomeKit (`alarm_control_panel/alarm_disarm`).\n- Conectado el limitador de intentos por instancia (`entry_id`) durante el desarmado.\n\n## [1.8.1] - 2026-07-29\n\n### Fixed\n- Ruido WebGL suavizado en el fondo cinemático eliminando la cuadrícula de bloques rectangulares grises.\n- Removida la etiqueta de texto flotante de estación ("summer", "winter", etc.) en la esquina de la tarjeta.\n- Formateada la alerta de batería baja en un badge flotante glassmorphism con desenfoque de fondo y borde sutil.\n- Idempotencia del workflow de publicación en GitHub Actions para releases con tags existentes.\n\n## [1.8.0] - 2026-07-28\n\n### Added\n- Motor atmosférico WebGL procedimental para lluvia, tormenta con lluvia, tormenta eléctrica sin lluvia, nieve, niebla, nubes, sol, estrellas, luna, estaciones y eclipses respaldados por sensores.\n- Sistema de animaciones premium para apertura, cierre, guardado, botones, sensores, tarjetas y modales.\n- Tarjeta Lovelace reconstruida con modo vacaciones, siete idiomas, contenido escapado y estados desconocidos honestos.\n- Motor local determinista de automatizaciones con allowlist de dominios.\n\n### Changed\n- Estaciones calculadas por fecha, latitud y hemisferio configurados en Home Assistant.\n- Versión unificada a 1.8.0 en manifest, constantes, tarjeta y contratos.\n- README y notas de actualización alineados con las capacidades reales.\n\n### Removed\n- Acciones TTS del runtime y descubrimiento WebSocket de TTS.\n- Análisis de cámara mediante Google Generative AI Conversation.\n- Sugerencias Argus AI y su temporizador periódico.\n- Referencias visibles a Argus Copilot.\n- Afirmaciones y etiquetas Matter propias.\n- Temperatura inventada de 24 °C y país predeterminado Costa Rica en la tarjeta.\n\n### Security\n- Las acciones retiradas almacenadas por versiones anteriores se ignoran y no se ejecutan.\n- El nuevo ejecutor limita servicios a dominios locales explícitamente permitidos.\n\n## [1.7.0] - 2026-07-27\n\n### Added\n- Almacenamiento privado de medios bajo `.storage/argus_media`.\n- URL firmadas mediante HMAC-SHA256 y nombres UUID.\n- Clientes frontend modulares para seguridad, auditoría y medios.\n- Documentación de arquitectura y migración.\n\n### Fixed\n- Límite Base64 antes de decodificar cargas.\n- Fallback PBKDF2-HMAC cuando `hashlib.scrypt` no está disponible.\n\n## [1.6.0] - 2026-07-26\n\n### Added\n- Aplicación real de PIN, usuarios, expiración y código invitado.\n- Rate limiting administrativo, redacción de hashes y restauración atómica.\n- Auditoría estructurada, recuperación estable y compatibilidad multi-instancia.\n- Endurecimiento de CI y del artefacto de release.\n\n## [1.5.3] - 2026-07-17\n\n### Changed\n- Traducción dinámica de la fuente meteorológica.\n\n### Removed\n- Centro de Salud y Energía anterior.\n- Argus Copilot anterior.\n\n---\n\nConsulta `docs/RELEASE_NOTES_*.md` y el historial Git para versiones anteriores.\n' : CHANGELOG.md must contain ## [2.0.53]

======================================================================
FAIL: test_release_notes_exist (test_v2052_version_contracts.TestVersionContracts)
----------------------------------------------------------------------
Traceback (most recent call last):
  File "/Users/chrisalvir/Desktop/GITHUB PROJECT/argus/tests/test_v2052_version_contracts.py", line 29, in test_release_notes_exist
    self.assertTrue(os.path.exists(notes_path), f"Release notes must exist at docs/RELEASE_NOTES_{self.version}.md")
AssertionError: False is not true : Release notes must exist at docs/RELEASE_NOTES_2.0.53.md

----------------------------------------------------------------------
Ran 283 tests in 1.496s

FAILED (failures=3, skipped=32)
