............................................................Executing <Task pending name='Task-21' coro=<IsolatedAsyncioTestCase._asyncioLoopRunner() running at /Library/Developer/CommandLineTools/Library/Frameworks/Python3.framework/Versions/3.9/lib/python3.9/unittest/async_case.py:96> wait_for=<Future pending cb=[<TaskWakeupMethWrapper object at 0x109dbc1c0>()] created at /Library/Developer/CommandLineTools/Library/Frameworks/Python3.framework/Versions/3.9/lib/python3.9/asyncio/base_events.py:424> created at /Library/Developer/CommandLineTools/Library/Frameworks/Python3.framework/Versions/3.9/lib/python3.9/unittest/async_case.py:118> took 0.169 seconds
......................................Argus: Disarm rejected — invalid or missing code
.Argus: Disarm rejected — invalid or missing code
........................F
======================================================================
FAIL: test_versioned_custom_element_prevents_stale_definition (test_v194_panel_flow.TestV194PanelFlow)
----------------------------------------------------------------------
Traceback (most recent call last):
  File "/Users/chrisalvir/Desktop/GITHUB PROJECT/argus/tests/test_v194_panel_flow.py", line 67, in test_versioned_custom_element_prevents_stale_definition
    self.assertIn(f"customElements.define('{element_name}'", self.panel)
AssertionError: "customElements.define('argus-panel-v208'" not found in '/**\n * Argus Home Hub – v2.0.9\n * Complete, self-contained custom element.\n * Fixes: inline CSS animated weather (rain/storm/snow/stars/moon/sun),\n *        temperature from dedicated local sensor with weather fallback,\n *        DESARMADO button active state when disarmed,\n *        per-instance fullscreen, vacation quick action, numeric PIN dial pad,\n *        mode tabs including disarmed.\n * v0.9.26: Fix light-mode invisible text (mode-section-title/sensor-pill),\n *          selector panel-right not showing selected items,\n *          export uses Blob API (modern browsers), import reset + robust validation,\n *          require_closed & bypassed_sensors read/write per entity_id structure.\n * v0.9.31: Fix selector sirenas — delegación de eventos evita checkbox cruzado,\n *          Fix require_closed — lee checkbox justo antes del send para garantizar\n *          que el valor más reciente llega al bloqueo de armado.\n * v0.9.32: Fix DESARMADO apaga animación parpadeo en sirenas/sensores triggered,\n *          Fix historial muestra sensor que disparó la alarma,\n *          Fix píldoras de sirenas parpadean rojo cuando estado=triggered,\n *          Animación triggered muestra chips con nombre de sensores abiertos.\n */\n\n/* ── i18n ─────────────────────────────────────────────────────────────── */\nconst LANG_LIST = [\n  { code:\'auto\', flag:\'🏠\', label:\'Home Assistant\' },\n  { code:\'es\', flag:\'🇪🇸\', label:\'Español\' },\n  { code:\'en\', flag:\'🇬🇧\', label:\'English\' },\n  { code:\'fr\', flag:\'🇫🇷\', label:\'Français\' },\n  { code:\'pt\', flag:\'🇧🇷\', label:\'Português\' },\n  { code:\'it\', flag:\'🇮🇹\', label:\'Italiano\' },\n  { code:\'zh\', flag:\'🇨🇳\', label:\'中文\' },\n  { code:\'ru\', flag:\'🇷🇺\', label:\'Русский\' },\n];\n\n// Values received from Home Assistant or persisted storage must never become\n// executable markup when rendered through a template literal.\nconst escapeHtml = (value) => String(value ?? \'\').replace(/[&<>\'"]/g, char => ({\n  \'&\': \'&amp;\', \'<\': \'&lt;\', \'>\': \'&gt;\', "\'": \'&#39;\', \'"\': \'&quot;\',\n}[char]));\nconst TEXTS = {\n  es: {\n    hero_desc:\'Sistema integral de seguridad, control de acceso, automatizaciones y HomeKit.\',\n    instances:\'Instancias activas\', modes:\'Modos\', automations:\'⚡ Automatizaciones\',\n    linked_rules:\'Reglas vinculadas a Argus\', create_ha:\'+ Crear en HA\',\n    no_rules:\'\', rules_tip:\'\',\n    settings:\'⚙️ Ajustes\', change_pin:\'PIN Maestro\', pin_desc:\'Código numérico para armar y desarmar.\',\n    new_pin:\'Nuevo PIN\', confirm_pin:\'Confirmar PIN\', update_pin:\'Actualizar PIN\',\n    current_pin:\'PIN actual\', notifications_title:\'🔔 Notificaciones\',\n    notif_desc:\'Selecciona los dispositivos móviles registrados en HA que recibirán alertas de Argus.\',\n    save_notif:\'Guardar\', users_title:\'👥 Usuarios y Control de Acceso\',\n    admin_only:\'Solo administradores pueden modificar esta sección.\',\n    add_user:\'Agregar usuario\', username:\'Nombre de Usuario\', user_pin:\'PIN de usuario\',\n    is_admin:\'Administrador\', save_user:\'Guardar\', no_users:\'Sin usuarios adicionales configurados.\',\n    homekit_title:\'🏠 HomeKit\', close:\'Cerrar\',\n    search_placeholder:\'Buscar por nombre, área o entity_id\',\n    available:\'Disponibles\', selected_lbl:\'Seleccionadas\', clear:\'Limpiar\', accept:\'Aceptar\',\n    introduce_pin:\'Introduce tu PIN\', pin_modal_desc:\'PIN numérico para desarmar Argus\',\n    confirm:\'✓ Confirmar\', cancel:\'Cancelar\',\n    disarmed:\'Desarmado\', armed_home:\'En Casa\', armed_away:\'Ausente\',\n    armed_night:\'Noche\', armed_vacation:\'Vacaciones\', triggered:\'¡ALARMA!\',\n    pending:\'Cuenta regresiva\', arming:\'Armando\', unavailable:\'No disponible\',\n    sensor_section:\'Sensores de Intrusión\', siren_section:\'Sirenas\', thermostat_alert_notif:\'🌡️ Alerta de temperatura\',\n    none_selected:\'Ninguno seleccionado\', search_select:\'Buscar y seleccionar\',\n    save_mode:\'💾 Guardar modo\', details_notif:\'Notificación de alarma\',\n    activity_log:\'📋 Historial de Actividad\',\n    log_armed:\'Armado\', log_disarmed:\'Desarmado\', log_triggered:\'¡Disparado!\',\n    log_by:\'por\', log_sensor:\'Sensor\', log_no_events:\'Sin eventos recientes.\',\n    mode_home:\'En Casa\', mode_away:\'Ausente\', mode_night:\'Noche\', mode_vacation:\'Vacaciones\',\n    homekit_bridge:\'Puente HomeKit\', homekit_not_paired:\'No vinculado a ninguna casa.\',\n    homekit_house:\'Casa de Apple Home\', language:\'Idioma\',\n    lang_select_title:\'Seleccionar Idioma\',\n    btn_home:\'🏠 EN CASA\', btn_away:\'🔒 AUSENTE\', btn_night:\'🌙 NOCHE\',\n    btn_vacation:\'✈️ VACACIONES\', btn_disarmed:\'DESARMADO\', btn_sos:\'🚨 SOS / PÁNICO\',\n    system_armed:\'SISTEMA ARMADO\', system_disarmed:\'SISTEMA DESARMADO\',\n    home_name_lbl:\'Nombre del Hogar\', background_lbl:\'Fondo\', edit_btn:\'✏️ Editar\',\n    save_btn:\'Guardar\', backup_title:\'Respaldo y Restauración\',\n    backup_desc:\'Guarda una copia de seguridad de tus ajustes o restaura una anterior.\',\n    export_btn:\'📤 Descargar\', import_btn:\'📥 Restaurar\', reset_btn:\'⚠️ Restablecer\', undo_reset_btn:\'↩️ Deshacer Restablecimiento\',\n    access_title:\'Control de Acceso y Usuarios\',\n    access_desc:\'Gestión global de seguridad, PIN maestro y administradores.\',\n    pin_master_title:\'PIN Maestro\', pin_active_yes:\'PIN Maestro: Activo\', pin_active_no:\'PIN Maestro: Desactivado\',\n    select_all:\'☑ Todos\', deselect_all:\'☐ Ninguno\', mqtt_label:\'MQTT\',\n    arm_time_label:\'Tiempo armado (s)\', disarm_time_label:\'Retraso de entrada (s)\',\n    pin_incorrect:\'❌ PIN actual incorrecto\', pin_updated:\'✓ PIN Actualizado\', pin_deleted:\'✓ PIN Eliminado\',\n    searching_auto:\'↻ Buscando automatizaciones...\', no_auto_linked:\'No hay automatizaciones vinculadas a Argus.\',\n    pin_remove_hint:\'Para quitar el PIN: Introduce el actual y deja los campos de abajo vacíos.\',\n    lbl_load_file:\'Cargar archivo:\', lbl_aesthetic_custom:\'Personalización Estética\', lbl_uploaded_files:\'Archivos subidos en servidor\',\n    bypass_lbl:\'🚫 Omitir\', lock_if_open:\'Bloquear si abiertos\',\n    select_btn:\'+ Seleccionar\', add_btn:\'+ Añadir\',\n    sensors_to_bypass:\'Sensores a Omitir\',\n    no_instances:\'No hay instancias. Agrega Argus desde Integraciones.\',\n    fullscreen_title:\'Pantalla completa\',\n    sos_slide:\'Desliza para activar SOS\', sos_confirm_title:\'Confirmar pánico\',\n    sos_confirm_text:\'Desliza para disparar la alarma inmediatamente.\',\n    sos_call:\'📞 Llamar a Emergencias\',\n    home_name_modal_title:\'🏡 Nombre del Hogar\',\n    home_name_modal_desc:\'Este nombre aparece en el panel de instancias y en pantalla completa.\',\n    home_name_label:\'Nombre del Hogar\', home_name_placeholder:\'Mi Casa\',\n    clear_log_btn:\'BORRAR\',\n    bg_weather:\'Clima animado\', bg_none:\'Predeterminado\', bg_panel_none:\'Sin fondo\', bg_photo:\'Una foto\', bg_collage:\'Collage\', bg_video:\'Video en loop\', bg_panel_title:\'Fondo para panel\', bg_hub_title:\'Fondo Argus\', bg_sound_opt:\'Sonido de video\', bg_image_opt:\'Imagen / GIF\', bg_hub_default:\'Predeterminado (Argus)\',\n    forgot_pin:\'¿Olvidaste tu PIN?\', pin_reset_admin_only:\'❌ Error: Solo los administradores de Home Assistant pueden restablecer el PIN maestro.\', pin_reset_confirm:\'¿Estás seguro de que deseas restablecer el PIN maestro? Se eliminará el PIN actual y se desactivará.\',\n    temp_auto:\'Automático (sensor local / termostato / clima)\', temp_thermostat:\'(termostato)\', battery_low:\'⚠️ Batería baja\',\n    times_section:\'⏱️ Tiempos\', arm_time:\'Armado (s)\', disarm_time:\'Retraso de entrada (s)\',\n    save_config:\'GUARDAR CONFIGURACIÓN\', never_triggered:\'Nunca activada\',\n    bridge_paired:\'Puente configurado\',\n    bridge_paired_desc:\'El puente <b>{bridge}</b> está configurado en Home Assistant. Home Assistant no permite comprobar desde aquí si fue añadido a Apple Home ni conocer su nombre.\',\n    bridge_not_connected:\'Puente no configurado\',\n    bridge_not_desc:\'Activa la integración HomeKit Bridge en Home Assistant e incluye la entidad <code>alarm_control_panel.argus_*</code> para generar un código QR de emparejamiento.\',\n    manual_disarm:\'Manual (Desarmado)\',\n    manual_arm:\'Manual\',\n    open_sensors:\'Sensores abiertos\',\n    log_detail_disarm:\'Sistema desarmado\',\n    alarm_instance:\'Instancia de Alarma\',\n    log_detail_armed:\'Modo\',\n    log_detail_triggered:\'Activación automática\',\n    user_exp_type: \'Vencimiento\',\n    user_exp_date: \'Fecha/Hora de Vencimiento\',\n    exp_indefinite: \'Indefinido\',\n    exp_temporary: \'Temporal (Fecha/Hora)\',\n    expired: \'Expirado\',\n    active_until: \'Vence\',\n    log_detail_pin_reset: \'PIN maestro restablecido por el administrador\',\n    log_detail_pin_reset_failed: \'Intento no autorizado de restablecer el PIN maestro\',\n    badge_pin_reset: \'PIN Restablecido\',\n    badge_pin_reset_failed: \'Fallo Reset PIN\',\n    no_files_uploaded: \'Sin archivos subidos. Carga un fondo usando los controles de arriba.\',\n    no_files_uploaded_short: \'Sin archivos subidos.\',\n    files_count: \'{count} archivos\',\n    files_count_short: \'{count} arch.\',\n    file_delete_confirm: \'¿Seguro que deseas borrar "{filename}" permanentemente?\',\n    use_for_panel: \'Panel\',\n    use_for_hub: \'Argus\',\n    delete_btn_title: \'Borrar de almacenamiento\',\n    bg_panel_selected_from_history: \'Fondo de panel seleccionado desde historial.\',\n    bg_hub_selected_from_history: \'Fondo Argus seleccionado desde historial.\',\n    error_loading_uploaded_files: \'Error al cargar historial de archivos.\',\n    select_profile_title: \'Selecciona tu perfil\',\n    select_profile_subtitle: \'Accede a tus paneles e instancias de seguridad de Argus.\',\n    exit_to_ha: \'Volver a Home Assistant\',\n    role_argus_admin: \'Administrador de Argus\',\n    role_argus_user: \'Usuario estándar\',\n    ha_account_linked: \'Cuenta de Home Assistant: {name}\',\n    ha_account_unavailable: \'Vinculación no disponible\',\n    user_role_label: \'Rol Argus\',\n    delete_user_tooltip: \'Eliminar perfil de usuario\',\n    delete_user_confirm: \'¿Estás seguro de que deseas eliminar a "{name}"?\',\n    cannot_delete_last_admin: \'No se puede eliminar el último administrador vinculante.\',\n    clock_format_label: \'Formato de hora\',\n    clock_format_desc: \'Elige cómo se muestran las horas en el panel y el historial.\',\n    clock_auto: \'Automático (Home Assistant)\',\n    clock_12h: \'12 horas (AM/PM)\',\n    clock_24h: \'24 horas\',\n    unlock_kiosk: \'Desbloquear kiosco\',\n    first_run_welcome: \'Gracias por elegir Argus Home Hub. Bienvenido/a.\',\n    first_run_desc: \'Complete la configuración inicial para asegurar su hogar.\',\n    first_run_pin_expl: \'El PIN de acceso abre Argus. El PIN maestro controla el armado y desarmado.\',\n    first_run_skip: \'Omitir\',\n    first_run_start: \'Comenzar con Argus\',\n    first_run_blocked_title: \'Acceso denegado\',\n    first_run_blocked_desc: \'Se requiere un administrador de Home Assistant para configurar Argus por primera vez.\',\n    log_action_first_run_completed: \'Argus inicializado por {user}\',\n    log_action_fullscreen_unlocked: \'Kiosco desbloqueado por {user}\',\n    log_action_master_pin_rejected: \'Intento incorrecto de PIN maestro por {user}\',\n    log_action_select_profile: \'Perfil seleccionado: {user}\',\n    log_action_verify_access_pin: \'PIN de acceso verificado por {user}\',\n    log_action_sos: \'Pánico SOS activado por {user}\',\n    log_action_stop_sos: \'Pánico SOS detenido por {user}\',\n    log_action_save_ui: \'Ajustes de UI guardados por {user}\',\n    log_action_rejected: \'Acción rechazada\',\n    unlinked_ha_accounts_title: \'Cuentas de Home Assistant sin perfil Argus\',\n    btn_create_argus_profile: \'Crear perfil Argus\',\n    no_unlinked_ha_accounts: \'Todas las cuentas de Home Assistant activas tienen perfil.\',\n    profile_is_yours: \'Este es tu perfil\',\n    profile_needs_pin: \'Perfil ajeno — introduce el PIN de acceso\',\n    profile_no_pin_access: \'Este perfil no tiene PIN de acceso. No puedes abrirlo.\',\n    ha_role_admin: \'Admin HA\',\n    ha_role_standard: \'Usuario HA\',\n    login_btn: \'Iniciar sesión\',\n    cancel_btn: \'Cancelar\',\n    pin_placeholder: \'PIN de acceso\',\n    link_ha_user: \'Vincular a Usuario Home Assistant\',\n    ha_admin_label: \'Home Assistant Admin\',\n    ha_standard_user_label: \'Standard HA User\',\n    role_argus_standard: \'Usuario estándar\',\n  },\n  en: {\n    hero_desc:\'Alarm control, modes and automations.\',\n    instances:\'Active Instances\', modes:\'Modes\', automations:\'⚡ Automations\',\n    linked_rules:\'Argus-linked Rules\', create_ha:\'+ Create in HA\',\n    no_rules:\'\', rules_tip:\'\',\n    settings:\'⚙️ Settings\', change_pin:\'Master PIN\', pin_desc:\'Numeric code to arm and disarm.\',\n    new_pin:\'New PIN\', confirm_pin:\'Confirm PIN\', update_pin:\'Update PIN\',\n    current_pin:\'Current PIN\', notifications_title:\'🔔 Notifications\',\n    notif_desc:\'Select the mobile devices registered in HA that will receive Argus alerts.\',\n    save_notif:\'Save\', users_title:\'👥 Users & Access Control\',\n    admin_only:\'Only administrators can modify this section.\',\n    add_user:\'Add user\', username:\'Username\', user_pin:\'User PIN\',\n    is_admin:\'Administrator\', save_user:\'Save\', no_users:\'No additional users configured.\',\n    homekit_title:\'🏠 HomeKit\', close:\'Close\',\n    search_placeholder:\'Search by name, area or entity_id\',\n    available:\'Available\', selected_lbl:\'Selected\', clear:\'Clear\', accept:\'Accept\',\n    introduce_pin:\'Enter your PIN\', pin_modal_desc:\'Numeric PIN to disarm Argus\',\n    confirm:\'✓ Confirm\', cancel:\'Cancel\',\n    disarmed:\'Disarmed\', armed_home:\'Home\', armed_away:\'Away\',\n    armed_night:\'Night\', armed_vacation:\'Vacation\', triggered:\'ALARM!\',\n    pending:\'Pending\', arming:\'Arming\', unavailable:\'Unavailable\',\n    sensor_section:\'Intrusion Sensors\', siren_section:\'Sirens\', thermostat_alert_notif:\'🌡️ Temperature alert\',\n    none_selected:\'None selected\', search_select:\'Search & select\',\n    save_mode:\'💾 Save mode\', details_notif:\'Alarm notification\',\n    activity_log:\'📋 Activity Log\',\n    log_armed:\'Armed\', log_disarmed:\'Disarmed\', log_triggered:\'Triggered!\',\n    log_by:\'by\', log_sensor:\'Sensor\', log_no_events:\'No recent events.\',\n    mode_home:\'Home\', mode_away:\'Away\', mode_night:\'Night\', mode_vacation:\'Vacation\',\n    homekit_bridge:\'HomeKit Bridge\', homekit_not_paired:\'Not paired to any home.\',\n    homekit_house:\'Apple Home\', language:\'Language\',\n    lang_select_title:\'Select Language\',\n    btn_home:\'🏠 HOME\', btn_away:\'🔒 AWAY\', btn_night:\'🌙 NIGHT\',\n    btn_vacation:\'✈️ VACATION\', btn_disarmed:\'DISARMED\', btn_sos:\'🚨 SOS / PANIC\',\n    system_armed:\'SYSTEM ARMED\', system_disarmed:\'SYSTEM DISARMED\',\n    home_name_lbl:\'Home Name\', background_lbl:\'Background\', edit_btn:\'✏️ Edit\',\n    save_btn:\'Save\', backup_title:\'Backup & Restore\',\n    backup_desc:\'Save a backup of your settings or restore a previous one.\',\n    export_btn:\'📤 Download\', import_btn:\'📥 Restore\', reset_btn:\'⚠️ Factory Reset\', undo_reset_btn:\'↩️ Undo Reset\',\n    access_title:\'Access Control & Users\',\n    access_desc:\'Global security management, master PIN and administrators.\',\n    pin_master_title:\'Master PIN\', pin_active_yes:\'Master PIN: Active\', pin_active_no:\'Master PIN: Deactivated\',\n    select_all:\'☑ All\', deselect_all:\'☐ None\', mqtt_label:\'MQTT\',\n    arm_time_label:\'Arm time (s)\', disarm_time_label:\'Entry delay (s)\',\n    pin_incorrect:\'❌ Incorrect current PIN\', pin_updated:\'✓ PIN Updated\', pin_deleted:\'✓ PIN Deleted\',\n    searching_auto:\'↻ Searching automations...\', no_auto_linked:\'No automations linked to Argus.\',\n    pin_remove_hint:\'To remove PIN: Enter the current one and leave the fields below empty.\',\n    lbl_load_file:\'Upload file:\', lbl_aesthetic_custom:\'Aesthetic Customization\', lbl_uploaded_files:\'Uploaded files on server\',\n    bypass_lbl:\'🚫 Bypass\', lock_if_open:\'Lock if open\',\n    select_btn:\'+ Select\', add_btn:\'+ Add\',\n    sensors_to_bypass:\'Sensors to Bypass\',\n    no_instances:\'No instances. Add Argus from Integrations.\',\n    fullscreen_title:\'Full screen\',\n    sos_slide:\'Slide to activate SOS\', sos_confirm_title:\'Confirm panic\',\n    sos_confirm_text:\'Slide to trigger the alarm immediately.\',\n    sos_call:\'📞 Call Emergency Services\',\n    home_name_modal_title:\'🏡 Home Name\',\n    home_name_modal_desc:\'This name appears in the instances panel and in full screen.\',\n    home_name_label:\'Home Name\', home_name_placeholder:\'My Home\',\n    clear_log_btn:\'CLEAR\',\n    bg_weather:\'Animated weather\', bg_none:\'Default\', bg_panel_none:\'No background\', bg_photo:\'One photo\', bg_collage:\'Collage\', bg_video:\'Loop video\', bg_panel_title:\'Panel background\', bg_hub_title:\'Argus background\', bg_sound_opt:\'Video sound\', bg_image_opt:\'Image / GIF\', bg_hub_default:\'Default (Argus)\',\n    forgot_pin:\'Forgot PIN?\', pin_reset_admin_only:\'❌ Error: Only Home Assistant administrators can reset the master PIN.\', pin_reset_confirm:\'Are you sure you want to reset the master PIN? The current PIN will be removed and deactivated.\',\n    temp_auto:\'Automatic (local sensor / thermostat / climate)\', temp_thermostat:\'(thermostat)\', battery_low:\'⚠️ Low Battery\',\n    times_section:\'⏱️ Times\', arm_time:\'Arming (s)\', disarm_time:\'Entry delay (s)\',\n    save_config:\'SAVE CONFIGURATION\', never_triggered:\'Never triggered\',\n    bridge_paired:\'Bridge configured\',\n    bridge_paired_desc:\'The <b>{bridge}</b> bridge is configured in Home Assistant. Home Assistant cannot verify from here whether it was added to Apple Home or report its name.\',\n    bridge_not_connected:\'Bridge not configured\',\n    bridge_not_desc:\'Enable the HomeKit Bridge integration in Home Assistant and include the entity <code>alarm_control_panel.argus_*</code> to generate a pairing QR code.\',\n    manual_disarm:\'Manual (Disarmed)\',\n    manual_arm:\'Manual\',\n    open_sensors:\'Open sensors\',\n    log_detail_disarm:\'System disarmed\',\n    alarm_instance:\'Alarm Instance\',\n    log_detail_armed:\'Mode\',\n    log_detail_triggered:\'Automatic activation\',\n    user_exp_type: \'Expiration\',\n    user_exp_date: \'Expiration Date/Time\',\n    exp_indefinite: \'Indefinite\',\n    exp_temporary: \'Temporary (Date/Time)\',\n    expired: \'Expired\',\n    active_until: \'Expires\',\n    log_detail_pin_reset: \'Master PIN reset by administrator\',\n    log_detail_pin_reset_failed: \'Unauthorized attempt to reset master PIN\',\n    badge_pin_reset: \'PIN Reset\',\n    badge_pin_reset_failed: \'PIN Reset Failed\',\n    no_files_uploaded: \'No uploaded files. Upload a background using the controls above.\',\n    no_files_uploaded_short: \'No uploaded files.\',\n    files_count: \'{count} files\',\n    files_count_short: \'{count} files\',\n    file_delete_confirm: \'Are you sure you want to permanently delete "{filename}"?\',\n    use_for_panel: \'Panel\',\n    use_for_hub: \'Argus\',\n    delete_btn_title: \'Delete from storage\',\n    bg_panel_selected_from_history: \'Panel background selected from history.\',\n    bg_hub_selected_from_history: \'Argus background selected from history.\',\n    error_loading_uploaded_files: \'Error loading file history.\',\n    select_profile_title: \'Select Your Profile\',\n    select_profile_subtitle: \'Access your security panels and Argus instances.\',\n    exit_to_ha: \'Back to Home Assistant\',\n    role_argus_admin: \'Argus Administrator\',\n    role_argus_user: \'Standard User\',\n    ha_account_linked: \'Home Assistant Account: {name}\',\n    ha_account_unavailable: \'Binding unavailable\',\n    user_role_label: \'Argus Role\',\n    delete_user_tooltip: \'Delete user profile\',\n    delete_user_confirm: \'Are you sure you want to delete "{name}"?\',\n    cannot_delete_last_admin: \'Cannot delete the last binding administrator.\',\n    clock_format_label: \'Time Format\',\n    clock_format_desc: \'Choose how time is displayed across panels and logs.\',\n    clock_auto: \'Automatic (Home Assistant)\',\n    clock_12h: \'12-hour (AM/PM)\',\n    clock_24h: \'24-hour\',\n    unlock_kiosk: \'Unlock kiosk\',\n    first_run_welcome: \'Thank you for choosing Argus Home Hub. Welcome.\',\n    first_run_desc: \'Complete setup to secure your home.\',\n    first_run_pin_expl: \'The access PIN opens Argus. The master PIN controls arming and disarming.\',\n    first_run_skip: \'Skip\',\n    first_run_start: \'Start with Argus\',\n    first_run_blocked_title: \'Access Denied\',\n    first_run_blocked_desc: \'A Home Assistant administrator is required to set up Argus for the first time.\',\n    log_action_first_run_completed: \'Argus initialized by {user}\',\n    log_action_fullscreen_unlocked: \'Kiosk unlocked by {user}\',\n    log_action_master_pin_rejected: \'Incorrect master PIN attempt by {user}\',\n    log_action_select_profile: \'Profile selected: {user}\',\n    log_action_verify_access_pin: \'Access PIN verified by {user}\',\n    log_action_sos: \'SOS Panic triggered by {user}\',\n    log_action_stop_sos: \'SOS Panic stopped by {user}\',\n    log_action_save_ui: \'UI Settings saved by {user}\',\n    log_action_rejected: \'Action rejected\',\n    unlinked_ha_accounts_title: \'Home Assistant accounts without Argus profile\',\n    btn_create_argus_profile: \'Create Argus Profile\',\n    no_unlinked_ha_accounts: \'All active Home Assistant accounts have a profile.\',\n    profile_is_yours: \'This is your profile\',\n    profile_needs_pin: \'Another person\\u2019s profile — enter the access PIN\',\n    profile_no_pin_access: \'This profile has no access PIN. You cannot open it.\',\n    ha_role_admin: \'HA Admin\',\n    ha_role_standard: \'HA User\',\n    login_btn: \'Login\',\n    cancel_btn: \'Cancel\',\n    pin_placeholder: \'Access PIN\',\n    link_ha_user: \'Link to Home Assistant User\',\n    ha_admin_label: \'Home Assistant Admin\',\n    ha_standard_user_label: \'Standard HA User\',\n    role_argus_standard: \'Standard User\',\n  },\n  fr: {\n    hero_desc:"Sécurité intégrée, contrôle d\'accès, automatisations et HomeKit.",\n    instances:\'Instances actives\', modes:\'Modes\', automations:\'⚡ Automatisations\',\n    linked_rules:\'Règles liées à Argus\', create_ha:\'+ Créer dans HA\',\n    no_rules:\'\', rules_tip:\'\',\n    settings:\'⚙️ Paramètres\', change_pin:\'PIN maître\', pin_desc:\'Code numérique pour armer et désarmer.\',\n    new_pin:\'Nouveau PIN\', confirm_pin:\'Confirmer PIN\', update_pin:\'Mettre à jour PIN\',\n    current_pin:\'PIN actuel\', notifications_title:\'🔔 Notifications\',\n    notif_desc:\'Sélectionnez les appareils mobiles enregistrés dans HA pour recevoir les alertes Argus.\',\n    save_notif:\'Enregistrer\', users_title:\'👥 Utilisateurs & Contrôle d\\\'accès\',\n    admin_only:\'Seuls les administrateurs peuvent modifier cette section.\',\n    add_user:\'Ajouter un utilisateur\', username:\'Nom d\\\'utilisateur\', user_pin:\'PIN utilisateur\',\n    is_admin:\'Administrateur\', save_user:\'Enregistrer\', no_users:\'Aucun utilisateur supplémentaire configuré.\',\n    homekit_title:\'🏠 HomeKit\', close:\'Fermer\',\n    search_placeholder:\'Rechercher par nom, zone ou entity_id\',\n    available:\'Disponibles\', selected_lbl:\'Sélectionnés\', clear:\'Effacer\', accept:\'Accepter\',\n    introduce_pin:\'Entrez votre PIN\', pin_modal_desc:\'PIN numérique pour désarmer Argus\',\n    confirm:\'✓ Confirmer\', cancel:\'Annuler\',\n    disarmed:\'Désarmé\', armed_home:\'À la maison\', armed_away:\'Absent\',\n    armed_night:\'Nuit\', armed_vacation:\'Vacances\', triggered:\'ALARME!\',\n    pending:\'En attente\', arming:\'Armement\', unavailable:\'Indisponible\',\n    sensor_section:\'Capteurs d\\\'intrusion\', siren_section:\'Sirènes\', thermostat_alert_notif:\'🌡️ Alerte de température\',\n    none_selected:\'Aucun sélectionné\', search_select:\'Rechercher & sélectionner\',\n    save_mode:\'💾 Enregistrer mode\', details_notif:\'Notification d\\\'alarme\',\n    activity_log:\'📋 Journal d\\\'activité\',\n    log_armed:\'Armé\', log_disarmed:\'Désarmé\', log_triggered:\'Déclenché!\',\n    log_by:\'par\', log_sensor:\'Capteur\', log_no_events:\'Aucun événement récent.\',\n    mode_home:\'Maison\', mode_away:\'Absent\', mode_night:\'Nuit\', mode_vacation:\'Vacances\',\n    homekit_bridge:\'Pont HomeKit\', homekit_not_paired:\'Non associé à une maison.\',\n    homekit_house:\'Apple Home\', language:\'Langue\',\n    lang_select_title:\'Sélectionner la langue\',\n    btn_home:\'🏠 MAISON\', btn_away:\'🔒 ABSENT\', btn_night:\'🌙 NUIT\',\n    btn_vacation:\'✈️ VACANCES\', btn_disarmed:\'DÉSARMÉ\', btn_sos:\'🚨 SOS / PANIQUE\',\n    system_armed:\'SYSTÈME ARMÉ\', system_disarmed:\'SYSTÈME DÉSARMÉ\',\n    home_name_lbl:\'Nom du domicile\', background_lbl:\'Fond\', edit_btn:\'✏️ Modifier\',\n    save_btn:\'Enregistrer\', backup_title:\'Sauvegarde & Restauration\',\n    backup_desc:\'Enregistrez une sauvegarde ou restaurez une précédente.\',\n    export_btn:\'📤 Télécharger\', import_btn:\'📥 Restaurer\', reset_btn:\'⚠️ Réinitialiser\', undo_reset_btn:\'↩️ Annuler la réinitialisation\',\n    access_title:\'Contrôle d\\\'accès & Utilisateurs\',\n    access_desc:\'Gestion globale de la sécurité, PIN maître et administrateurs.\',\n    pin_master_title:\'PIN Maître\', pin_active_yes:\'PIN actif: Oui\', pin_active_no:\'PIN actif: Non\',\n    select_all:\'☑ Tous\', deselect_all:\'☐ Aucun\', mqtt_label:\'MQTT\',\n    arm_time_label:\'Temps armement (s)\', disarm_time_label:\'Délai d\\\'entrée (s)\',\n    pin_incorrect:\'❌ PIN actuel incorrect\', pin_updated:\'✓ PIN mis à jour\', pin_deleted:\'✓ PIN supprimé\',\n    searching_auto:\'↻ Recherche automatisations...\', no_auto_linked:\'Aucune automatisation liée à Argus.\',\n    pin_remove_hint:\'Pour supprimer le PIN: entrez le PIN actuel et laissez les champs vides.\',\n    lbl_load_file:\'Charger le fichier:\', lbl_aesthetic_custom:\'Personnalisation esthétique\', lbl_uploaded_files:\'Fichiers téléchargés sur le serveur\',\n    bypass_lbl:\'🚫 Ignorer\', lock_if_open:\'Bloquer si ouvert\',\n    select_btn:\'+ Sélectionner\', add_btn:\'+ Ajouter\',\n    sensors_to_bypass:\'Capteurs à ignorer\', no_instances:\'Aucune instance.\',\n    fullscreen_title:\'Plein écran\', sos_slide:\'Glisser pour activer SOS\',\n    sos_confirm_title:\'Confirmer la panique\', sos_confirm_text:\'Glissez pour déclencher l\\\'alarme immédiatement.\',\n    sos_call:\'📞 Appeler les urgences\',\n    home_name_modal_title:\'🏡 Nom du domicile\',\n    home_name_modal_desc:\'Ce nom apparaît dans le panneau des instances et en plein écran.\',\n    home_name_label:\'Nom du domicile\', home_name_placeholder:\'Ma maison\',\n    clear_log_btn:\'EFFACER\',\n    bg_weather:\'Météo animée\', bg_none:\'Par défaut\', bg_panel_none:\'Sans fond\', bg_photo:\'Une photo\', bg_collage:\'Collage\', bg_video:\'Vidéo en boucle\', bg_panel_title:\'Fond du panneau\', bg_hub_title:\'Fond Argus\', bg_sound_opt:\'Son de la vidéo\', bg_image_opt:\'Image / GIF\', bg_hub_default:\'Par défaut (Argus)\',\n    forgot_pin:\'PIN oublié ?\', pin_reset_admin_only:\'❌ Erreur : Seuls les administrateurs de Home Assistant peuvent réinitialiser le PIN maître.\', pin_reset_confirm:\'Êtes-vous sûr de vouloir réinitialiser le PIN maître ? Le PIN actuel sera supprimé et désactivé.\',\n    temp_auto:\'Automatique (capteur local / thermostat / climat)\', temp_thermostat:\'(thermostat)\', battery_low:\'⚠️ Batterie faible\',\n    times_section:\'⏱️ Temps\', arm_time:\'Armé (s)\', disarm_time:\'Délai entrée (s)\',\n    save_config:\'ENREGISTRER LA CONFIGURATION\', never_triggered:\'Jamais déclenché\',\n    bridge_paired:\'Pont configuré\',\n    bridge_paired_desc:\'Le pont <b>{bridge}</b> est configuré dans Home Assistant. Home Assistant ne peut pas vérifier ici son ajout à Apple Home ni fournir son nom.\',\n    bridge_not_connected:\'Pont non configuré\',\n    bridge_not_desc:\'Activez l\\\'intégration HomeKit Bridge dans Home Assistant et incluez l\\\'entité <code>alarm_control_panel.argus_*</code> pour générer un QR d\\\'appairage.\',\n    manual_disarm:\'Manuel (Désarmé)\', manual_arm:\'Manuel\',\n    open_sensors:\'Capteurs ouverts\', log_detail_disarm:\'Système désarmé\',\n    alarm_instance:"Instance d\'alarme",\n    log_detail_armed:\'Mode\', log_detail_triggered:\'Activation automatique\',\n    log_detail_pin_reset: "Code PIN maître réinitialisé par l\'administrateur",\n    log_detail_pin_reset_failed: "Tentative non autorisée de réinitialiser le code PIN maître",\n    badge_pin_reset: \'PIN Réinitialisé\',\n    badge_pin_reset_failed: \'Échec Réinit. PIN\',\n    no_files_uploaded: "Aucun fichier téléchargé. Téléchargez un arrière-plan à l\'aide des commandes ci-dessus.",\n    no_files_uploaded_short: \'Aucun fichier téléchargé.\',\n    files_count: \'{count} fichiers\',\n    files_count_short: \'{count} fich.\',\n    file_delete_confirm: \'Voulez-vous vraiment supprimer définitivement "{filename}" ?\',\n    use_for_panel: \'Panneau\',\n    use_for_hub: \'Argus\',\n    delete_btn_title: \'Supprimer du stockage\',\n    bg_panel_selected_from_history: "Arrière-plan du panneau sélectionné depuis l\'historique.",\n    bg_hub_selected_from_history: "Arrière-plan Argus sélectionné depuis l\'historique.",\n    error_loading_uploaded_files: "Erreur lors du chargement de l\'historique des fichiers.",\n    select_profile_title: \'Sélectionnez votre profil\',\n    select_profile_subtitle: \'Accédez à vos panneaux de sécurité et instances Argus.\',\n    exit_to_ha: \'Retour à Home Assistant\',\n    role_argus_admin: \'Administrateur Argus\',\n    role_argus_user: \'Utilisateur standard\',\n    ha_account_linked: \'Compte Home Assistant : {name}\',\n    ha_account_unavailable: \'Liaison indisponible\',\n    user_role_label: \'Rôle Argus\',\n    delete_user_tooltip: \'Supprimer le profil utilisateur\',\n    delete_user_confirm: \'Voulez-vous vraiment supprimer « {name} » ?\',\n    cannot_delete_last_admin: \'Impossible de supprimer le dernier administrateur.\',\n    clock_format_label: \'Format d\\\'heure\',\n    clock_format_desc: \'Choisissez l\\\'affichage de l\\\'heure.\',\n    clock_auto: \'Automatique (Home Assistant)\',\n    clock_12h: \'12 heures (AM/PM)\',\n    clock_24h: \'24 heures\',\n    unlock_kiosk: \'Déverrouiller le kiosque\',\n    first_run_welcome: \'Merci d\\\'avoir choisi Argus Home Hub. Bienvenue.\',\n    first_run_desc: \'Complétez la configuration initiale.\',\n    first_run_pin_expl: \'Le PIN d\\\'accès ouvre Argus. Le PIN maître contrôle l\\\'armement.\',\n    first_run_skip: \'Passer\',\n    first_run_start: \'Démarrer avec Argus\',\n    first_run_blocked_title: \'Accès refusé\',\n    first_run_blocked_desc: \'Un administrateur Home Assistant est requis.\',\n    log_action_first_run_completed: \'Argus initialisé par {user}\',\n    log_action_fullscreen_unlocked: \'Kiosque déverrouillé par {user}\',\n    log_action_master_pin_rejected: \'Tentative de PIN maître incorrecte par {user}\',\n    log_action_select_profile: \'Profil sélectionné : {user}\',\n    log_action_verify_access_pin: \'PIN d\\\'accès vérifié par {user}\',\n    log_action_sos: \'Panique SOS déclenchée par {user}\',\n    log_action_stop_sos: \'Panique SOS arrêtée par {user}\',\n    log_action_save_ui: \'Paramètres UI enregistrés par {user}\',\n    log_action_rejected: \'Action rejetée\',\n    unlinked_ha_accounts_title: \'Comptes Home Assistant sans profil Argus\',\n    btn_create_argus_profile: \'Créer un profil Argus\',\n    no_unlinked_ha_accounts: \'Tous les comptes Home Assistant actifs ont un profil.\',\n    profile_is_yours: \'C\\u2019est votre profil\',\n    profile_needs_pin: \'Profil d\\u2019une autre personne — entrez le PIN d\\u2019accès\',\n    profile_no_pin_access: \'Ce profil n\\u2019a pas de PIN d\\u2019accès. Vous ne pouvez pas l\\u2019ouvrir.\',\n    ha_role_admin: \'Admin HA\',\n    ha_role_standard: \'Utilisateur HA\',\n    login_btn: \'Connexion\',\n    cancel_btn: \'Annuler\',\n    pin_placeholder: \'Code PIN d\\u2019accès\',\n    link_ha_user: \'Lier à un utilisateur Home Assistant\',\n    ha_admin_label: \'Admin Home Assistant\',\n    ha_standard_user_label: \'Utilisateur HA standard\',\n    role_argus_standard: \'Utilisateur standard\',\n  },\n  pt: {\n    hero_desc:\'Segurança integrada, controle de acesso, automações e HomeKit.\',\n    instances:\'Instâncias ativas\', modes:\'Modos\', automations:\'⚡ Automações\',\n    linked_rules:\'Regras vinculadas ao Argus\', create_ha:\'+ Criar no HA\',\n    no_rules:\'\', rules_tip:\'\',\n    settings:\'⚙️ Configurações\', change_pin:\'PIN Mestre\', pin_desc:\'Código numérico para armar e desarmar.\',\n    new_pin:\'Novo PIN\', confirm_pin:\'Confirmar PIN\', update_pin:\'Atualizar PIN\',\n    current_pin:\'PIN atual\', notifications_title:\'🔔 Notificações\',\n    notif_desc:\'Selecione os dispositivos móveis registrados no HA que receberão alertas do Argus.\',\n    save_notif:\'Salvar\', users_title:\'👥 Usuários & Controle de Acesso\',\n    admin_only:\'Somente administradores podem modificar esta seção.\',\n    add_user:\'Adicionar usuário\', username:\'Nome de usuário\', user_pin:\'PIN do usuário\',\n    is_admin:\'Administrador\', save_user:\'Salvar\', no_users:\'Nenhum usuário adicional configurado.\',\n    homekit_title:\'🏠 HomeKit\', close:\'Fechar\',\n    search_placeholder:\'Buscar por nome, área ou entity_id\',\n    available:\'Disponíveis\', selected_lbl:\'Selecionados\', clear:\'Limpar\', accept:\'Aceitar\',\n    introduce_pin:\'Digite seu PIN\', pin_modal_desc:\'PIN numérico para desarmar o Argus\',\n    confirm:\'✓ Confirmar\', cancel:\'Cancelar\',\n    disarmed:\'Desarmado\', armed_home:\'Em Casa\', armed_away:\'Ausente\',\n    armed_night:\'Noite\', armed_vacation:\'Férias\', triggered:\'ALARME!\',\n    pending:\'Pendente\', arming:\'Armando\', unavailable:\'Indisponível\',\n    sensor_section:\'Sensores de Intrusão\', siren_section:\'Sirenes\', thermostat_alert_notif:\'🌡️ Alerta de temperatura\',\n    none_selected:\'Nenhum selecionado\', search_select:\'Buscar & selecionar\',\n    save_mode:\'💾 Salvar modo\', details_notif:\'Notificação de alarme\',\n    activity_log:\'📋 Registro de Atividade\',\n    log_armed:\'Armado\', log_disarmed:\'Desarmado\', log_triggered:\'Disparado!\',\n    log_by:\'por\', log_sensor:\'Sensor\', log_no_events:\'Nenhum evento recente.\',\n    mode_home:\'Em Casa\', mode_away:\'Ausente\', mode_night:\'Noite\', mode_vacation:\'Férias\',\n    homekit_bridge:\'Ponte HomeKit\', homekit_not_paired:\'Não associado a nenhuma casa.\',\n    homekit_house:\'Apple Home\', language:\'Idioma\',\n    lang_select_title:\'Selecionar Idioma\',\n    btn_home:\'🏠 EM CASA\', btn_away:\'🔒 AUSENTE\', btn_night:\'🌙 NOITE\',\n    btn_vacation:\'✈️ FÉRIAS\', btn_disarmed:\'DESARMADO\', btn_sos:\'🚨 SOS / PÂNICO\',\n    system_armed:\'SISTEMA ARMADO\', system_disarmed:\'SISTEMA DESARMADO\',\n    home_name_lbl:\'Nome do lar\', background_lbl:\'Fundo\', edit_btn:\'✏️ Editar\',\n    save_btn:\'Salvar\', backup_title:\'Backup & Restauração\',\n    backup_desc:\'Salve um backup ou restaure um anterior.\',\n    export_btn:\'📤 Baixar\', import_btn:\'📥 Restaurar\', reset_btn:\'⚠️ Redefinir\', undo_reset_btn:\'↩️ Desfazer Redefinição\',\n    access_title:\'Controle de Acesso & Usuários\',\n    access_desc:\'Gerenciamento global, PIN mestre e administradores.\',\n    pin_master_title:\'PIN Mestre\', pin_active_yes:\'PIN Ativo: Sim\', pin_active_no:\'PIN Ativo: Não\',\n    select_all:\'☑ Todos\', deselect_all:\'☐ Nenhum\', mqtt_label:\'MQTT\',\n    arm_time_label:\'Tempo armado (s)\', disarm_time_label:\'Atraso de entrada (s)\',\n    pin_incorrect:\'❌ PIN atual incorreto\', pin_updated:\'✓ PIN Atualizado\', pin_deleted:\'✓ PIN Removido\',\n    searching_auto:\'↻ Buscando automações...\', no_auto_linked:\'Nenhuma automação vinculada ao Argus.\',\n    pin_remove_hint:\'Para remover o PIN: insira o atual e deixe os campos abaixo vazios.\',\n    lbl_load_file:\'Carregar arquivo:\', lbl_aesthetic_custom:\'Personalização estética\', lbl_uploaded_files:\'Arquivos enviados no servidor\',\n    bypass_lbl:\'🚫 Ignorar\', lock_if_open:\'Bloquear se aberto\',\n    select_btn:\'+ Selecionar\', add_btn:\'+ Adicionar\',\n    sensors_to_bypass:\'Sensores a ignorar\', no_instances:\'Nenhuma instância.\',\n    fullscreen_title:\'Tela cheia\', sos_slide:\'Deslize para ativar SOS\',\n    sos_confirm_title:\'Confirmar pânico\', sos_confirm_text:\'Deslize para acionar o alarme imediatamente.\',\n    sos_call:\'📞 Chamar emergências\',\n    home_name_modal_title:\'🏡 Nome do lar\',\n    home_name_modal_desc:\'Este nome aparece no painel de instâncias e em tela cheia.\',\n    home_name_label:\'Nome do lar\', home_name_placeholder:\'Minha Casa\',\n    clear_log_btn:\'LIMPAR\',\n    bg_weather:\'Clima animado\', bg_none:\'Padrão\', bg_panel_none:\'Sem fundo\', bg_photo:\'Uma foto\', bg_collage:\'Colagem\', bg_video:\'Vídeo em loop\', bg_panel_title:\'Fundo do painel\', bg_hub_title:\'Fundo Argus\', bg_sound_opt:\'Som do vídeo\', bg_image_opt:\'Imagem / GIF\', bg_hub_default:\'Padrão (Argus)\',\n    forgot_pin:\'Esqueceu o PIN?\', pin_reset_admin_only:\'❌ Erro: Apenas administradores do Home Assistant podem redefinir o PIN mestre.\', pin_reset_confirm:\'Tem certeza que deseja redefinir o PIN mestre? O PIN atual será removido e desativado.\',\n    temp_auto:\'Automático (sensor local / termostato / clima)\', temp_thermostat:\'(termostato)\', battery_low:\'⚠️ Bateria fraca\',\n    times_section:\'⏱️ Tempos\', arm_time:\'Armado (s)\', disarm_time:\'Atraso de entrada (s)\',\n    save_config:\'SALVAR CONFIGURAÇÃO\', never_triggered:\'Nunca ativado\',\n    bridge_paired:\'Ponte configurada\',\n    bridge_paired_desc:\'A ponte <b>{bridge}</b> está configurada no Home Assistant. Não é possível verificar daqui se foi adicionada ao Apple Home nem informar seu nome.\',\n    bridge_not_connected:\'Ponte não configurada\',\n    bridge_not_desc:\'Ative a integração HomeKit Bridge no Home Assistant e inclua a entidade <code>alarm_control_panel.argus_*</code> para gerar um QR de emparelhamento.\',\n    manual_disarm:\'Manual (Desarmado)\', manual_arm:\'Manual\',\n    open_sensors:\'Sensores abertos\', log_detail_disarm:\'Sistema desarmado\',\n    log_detail_armed:\'Modo\', log_detail_triggered:\'Ativação automática\',\n    alarm_instance:\'Instância do alarme\',\n    log_detail_pin_reset: \'PIN mestre redefinido pelo administrador\',\n    log_detail_pin_reset_failed: \'Tentativa não autorizada de redefinir o PIN mestre\',\n    badge_pin_reset: \'PIN Redefinido\',\n    badge_pin_reset_failed: \'Falha ao Redefinir PIN\',\n    no_files_uploaded: \'Nenhum arquivo enviado. Envie um plano de fundo usando os controles acima.\',\n    no_files_uploaded_short: \'Nenhum arquivo enviado.\',\n    files_count: \'{count} arquivos\',\n    files_count_short: \'{count} arq.\',\n    file_delete_confirm: \'Tem certeza de que deseja excluir "{filename}" permanentemente?\',\n    use_for_panel: \'Painel\',\n    use_for_hub: \'Argus\',\n    delete_btn_title: \'Excluir do armazenamento\',\n    bg_panel_selected_from_history: \'Plano de fundo do painel selecionado a partir do histórico.\',\n    bg_hub_selected_from_history: \'Plano de fundo do Argus selecionado a partir do histórico.\',\n    error_loading_uploaded_files: \'Erro ao carregar o histórico de arquivos.\',\n    select_profile_title: \'Selecione o seu perfil\',\n    select_profile_subtitle: \'Acesse seus painéis de segurança e instâncias Argus.\',\n    exit_to_ha: \'Voltar ao Home Assistant\',\n    role_argus_admin: \'Administrador do Argus\',\n    role_argus_user: \'Usuário padrão\',\n    ha_account_linked: \'Conta do Home Assistant: {name}\',\n    ha_account_unavailable: \'Vínculo indisponível\',\n    user_role_label: \'Função Argus\',\n    delete_user_tooltip: \'Excluir perfil de usuário\',\n    delete_user_confirm: \'Tem certeza de que deseja excluir "{name}"?\',\n    cannot_delete_last_admin: \'Não é possível excluir o último administrador.\',\n    clock_format_label: \'Formato de hora\',\n    clock_format_desc: \'Escolha como a hora é exibida.\',\n    clock_auto: \'Automático (Home Assistant)\',\n    clock_12h: \'12 horas (AM/PM)\',\n    clock_24h: \'24 horas\',\n    unlock_kiosk: \'Desbloquear quiosque\',\n    first_run_welcome: \'Obrigado por escolher o Argus Home Hub. Bem-vindo(a).\',\n    first_run_desc: \'Conclua a configuração inicial.\',\n    first_run_pin_expl: \'O PIN de acesso abre o Argus. O PIN mestre controla o armamento.\',\n    first_run_skip: \'Pular\',\n    first_run_start: \'Começar com o Argus\',\n    first_run_blocked_title: \'Acesso negado\',\n    first_run_blocked_desc: \'É necessário um administrador do Home Assistant.\',\n    log_action_first_run_completed: \'Argus inicializado por {user}\',\n    log_action_fullscreen_unlocked: \'Quiosque desbloqueado por {user}\',\n    log_action_master_pin_rejected: \'Tentativa incorreta de PIN mestre por {user}\',\n    log_action_select_profile: \'Perfil selecionado: {user}\',\n    log_action_verify_access_pin: \'PIN de acesso verificado por {user}\',\n    log_action_sos: \'Pânico SOS acionado por {user}\',\n    log_action_stop_sos: \'Pânico SOS interrompido por {user}\',\n    log_action_save_ui: \'Configurações de UI salvas por {user}\',\n    log_action_rejected: \'Ação rejeitada\',\n    unlinked_ha_accounts_title: \'Contas do Home Assistant sem perfil Argus\',\n    btn_create_argus_profile: \'Criar perfil Argus\',\n    no_unlinked_ha_accounts: \'Todas as contas do Home Assistant ativas possuem perfil.\',\n    profile_is_yours: \'Este é o seu perfil\',\n    profile_needs_pin: \'Perfil de outra pessoa — insira o PIN de acesso\',\n    profile_no_pin_access: \'Este perfil não tem PIN de acesso. Você não pode abri-lo.\',\n    ha_role_admin: \'Admin HA\',\n    ha_role_standard: \'Usuário HA\',\n    login_btn: \'Entrar\',\n    cancel_btn: \'Cancelar\',\n    pin_placeholder: \'PIN de acesso\',\n    link_ha_user: \'Vincular a Usuário do Home Assistant\',\n    ha_admin_label: \'Administrador do Home Assistant\',\n    ha_standard_user_label: \'Usuário padrão do HA\',\n    role_argus_standard: \'Usuário padrão\',\n  },\n  it: {\n    hero_desc:\'Sicurezza integrata, controllo accessi, automazioni e HomeKit.\',\n    instances:\'Istanze attive\', modes:\'Modi\', automations:\'⚡ Automazioni\',\n    linked_rules:\'Regole collegate ad Argus\', create_ha:\'+ Crea in HA\',\n    no_rules:\'\', rules_tip:\'\',\n    settings:\'⚙️ Impostazioni\', change_pin:\'PIN Principale\', pin_desc:\'Codice numerico per armare e disarmare.\',\n    new_pin:\'Nuovo PIN\', confirm_pin:\'Conferma PIN\', update_pin:\'Aggiorna PIN\',\n    current_pin:\'PIN attuale\', notifications_title:\'🔔 Notifiche\',\n    notif_desc:\'Seleziona i dispositivi mobili registrati in HA che riceveranno gli avvisi di Argus.\',\n    save_notif:\'Salva\', users_title:\'👥 Utenti & Controllo Accessi\',\n    admin_only:\'Solo gli amministratori possono modificare questa sezione.\',\n    add_user:\'Aggiungi utente\', username:\'Nome utente\', user_pin:\'PIN utente\',\n    is_admin:\'Amministratore\', save_user:\'Salva\', no_users:\'Nessun utente aggiuntivo configurato.\',\n    homekit_title:\'🏠 HomeKit\', close:\'Chiudi\',\n    search_placeholder:\'Cerca per nome, area o entity_id\',\n    available:\'Disponibili\', selected_lbl:\'Selezionati\', clear:\'Cancella\', accept:\'Accetta\',\n    introduce_pin:\'Inserisci il tuo PIN\', pin_modal_desc:\'PIN numerico per disarmare Argus\',\n    confirm:\'✓ Conferma\', cancel:\'Annulla\',\n    disarmed:\'Disarmato\', armed_home:\'In Casa\', armed_away:\'Assente\',\n    armed_night:\'Notte\', armed_vacation:\'Vacanze\', triggered:\'ALLARME!\',\n    pending:\'In attesa\', arming:\'Armamento\', unavailable:\'Non disponibile\',\n    sensor_section:\'Sensori di intrusione\', siren_section:\'Sirene\', thermostat_alert_notif:\'🌡️ Avviso temperatura\',\n    none_selected:\'Nessuno selezionato\', search_select:\'Cerca & seleziona\',\n    save_mode:\'💾 Salva modalità\', details_notif:\'Notifica allarme\',\n    activity_log:\'📋 Registro Attività\',\n    log_armed:\'Armato\', log_disarmed:\'Disarmato\', log_triggered:\'Attivato!\',\n    log_by:\'da\', log_sensor:\'Sensore\', log_no_events:\'Nessun evento recente.\',\n    mode_home:\'In Casa\', mode_away:\'Assente\', mode_night:\'Notte\', mode_vacation:\'Vacanze\',\n    homekit_bridge:\'Ponte HomeKit\', homekit_not_paired:\'Non associato a nessuna casa.\',\n    homekit_house:\'Apple Home\', language:\'Lingua\',\n    lang_select_title:\'Seleziona Lingua\',\n    btn_home:\'🏠 CASA\', btn_away:\'🔒 ASSENTE\', btn_night:\'🌙 NOTTE\',\n    btn_vacation:\'✈️ VACANZE\', btn_disarmed:\'DISARMATO\', btn_sos:\'🚨 SOS / PANICO\',\n    system_armed:\'SISTEMA ARMATO\', system_disarmed:\'SISTEMA DISARMATO\',\n    home_name_lbl:\'Nome della casa\', background_lbl:\'Sfondo\', edit_btn:\'✏️ Modifica\',\n    save_btn:\'Salva\', backup_title:\'Backup & Ripristino\',\n    backup_desc:\'Salva un backup o ripristina uno precedente.\',\n    export_btn:\'📤 Scarica\', import_btn:\'📥 Ripristina\', reset_btn:\'⚠️ Ripristina\', undo_reset_btn:\'↩️ Annulla Ripristino\',\n    access_title:\'Controllo Accessi & Utenti\',\n    access_desc:\'Gestione globale della sicurezza, PIN principale e amministratori.\',\n    pin_master_title:\'PIN Principale\', pin_active_yes:\'PIN Attivo: Sì\', pin_active_no:\'PIN Attivo: No\',\n    select_all:\'☑ Tutti\', deselect_all:\'☐ Nessuno\', mqtt_label:\'MQTT\',\n    arm_time_label:\'Tempo armato (s)\', disarm_time_label:\'Ritardo ingresso (s)\',\n    pin_incorrect:\'❌ PIN attuale errato\', pin_updated:\'✓ PIN Aggiornato\', pin_deleted:\'✓ PIN Eliminato\',\n    searching_auto:\'↻ Ricerca automazioni...\', no_auto_linked:\'Nessuna automazione collegata ad Argus.\',\n    pin_remove_hint:\'Per rimuovere il PIN: inserisci quello attuale e lascia vuoti i campi sottostanti.\',\n    lbl_load_file:\'Carica file:\', lbl_aesthetic_custom:\'Personalizzazione estetica\', lbl_uploaded_files:\'File caricati sul server\',\n    bypass_lbl:\'🚫 Ignora\', lock_if_open:\'Blocca se aperto\',\n    select_btn:\'+ Seleziona\', add_btn:\'+ Aggiungi\',\n    sensors_to_bypass:\'Sensori da ignorare\', no_instances:\'Nessuna istanza.\',\n    fullscreen_title:\'Schermo intero\', sos_slide:\'Scorri per attivare SOS\',\n    sos_confirm_title:\'Conferma panico\', sos_confirm_text:\'Scorri per attivare immediatamente l\\\'allarme.\',\n    sos_call:\'📞 Chiama i soccorsi\',\n    home_name_modal_title:\'🏡 Nome della casa\',\n    home_name_modal_desc:\'Questo nome appare nel pannello delle istanze e a schermo intero.\',\n    home_name_label:\'Nome della casa\', home_name_placeholder:\'Casa mia\',\n    clear_log_btn:\'CANCELLA\',\n    bg_weather:\'Meteo animato\', bg_none:\'Predefinito\', bg_panel_none:\'Nessuno sfondo\', bg_photo:\'Una foto\', bg_collage:\'Collage\', bg_video:\'Video in loop\', bg_panel_title:\'Sfondo pannello\', bg_hub_title:\'Sfondo Argus\', bg_sound_opt:\'Audio video\', bg_image_opt:\'Immagine / GIF\', bg_hub_default:\'Predefinito (Argus)\',\n    forgot_pin:\'PIN dimenticato?\', pin_reset_admin_only:\'❌ Errore: Solo gli amministratori di Home Assistant possono reimpostare el PIN principale.\', pin_reset_confirm:\'Sei sicuro di voler reimpostare il PIN principale? Il PIN attuale verrà rimosso e disattivato.\',\n    temp_auto:\'Automatico (sensore locale / termostato / clima)\', temp_thermostat:\'(termostato)\', battery_low:\'⚠️ Batteria scarica\',\n    times_section:\'⏱️ Tempi\', arm_time:\'Armato (s)\', disarm_time:\'Ritardo entrata (s)\',\n    save_config:\'SALVA CONFIGURAZIONE\', never_triggered:\'Mai attivato\',\n    bridge_paired:\'Ponte configurato\',\n    bridge_paired_desc:\'Il ponte <b>{bridge}</b> è configurato in Home Assistant. Da qui non è possibile verificare se sia stato aggiunto ad Apple Home né conoscerne il nome.\',\n    bridge_not_connected:\'Ponte non configurato\',\n    bridge_not_desc:"Abilita l\'integrazione HomeKit Bridge in Home Assistant e includi l\'entità <code>alarm_control_panel.argus_*</code> per generare un QR di abbinamento.",\n    manual_disarm:\'Manuale (Disarmato)\', manual_arm:\'Manuale\',\n    open_sensors:\'Sensori aperti\', log_detail_disarm:\'Sistema disarmato\',\n    alarm_instance:\'Istanza allarme\',\n    log_detail_armed:\'Modalità\', log_detail_triggered:\'Attivazione automatica\',\n    log_detail_pin_reset: "PIN principale reimpostato dall\'amministratore",\n    log_detail_pin_reset_failed: \'Tentativo non autorizzato di reimpostare il PIN principale\',\n    badge_pin_reset: \'PIN Reimpostato\',\n    badge_pin_reset_failed: \'Reimpostazione PIN Fallita\',\n    no_files_uploaded: \'Nessun file caricato. Carica uno sfondo usando i controlli sopra.\',\n    no_files_uploaded_short: \'Nessun file caricato.\',\n    files_count: \'{count} file\',\n    files_count_short: \'{count} file\',\n    file_delete_confirm: \'Sei sicuro di voler eliminare permanentemente "{filename}"?\',\n    use_for_panel: \'Pannello\',\n    use_for_hub: \'Argus\',\n    delete_btn_title: \'Elimina dalla memoria\',\n    bg_panel_selected_from_history: \'Sfondo del pannello selezionato dalla cronologia.\',\n    bg_hub_selected_from_history: \'Sfondo di Argus selezionato dalla cronologia.\',\n    error_loading_uploaded_files: \'Errore durante il caricamento della cronologia dei file.\',\n    select_profile_title: \'Seleziona il tuo profilo\',\n    select_profile_subtitle: \'Accedi ai tuoi pannelli di sicurezza e istanze Argus.\',\n    exit_to_ha: \'Torna a Home Assistant\',\n    role_argus_admin: \'Amministratore Argus\',\n    role_argus_user: \'Utente standard\',\n    ha_account_linked: \'Account Home Assistant: {name}\',\n    ha_account_unavailable: \'Collegamento non disponibile\',\n    user_role_label: \'Ruolo Argus\',\n    delete_user_tooltip: \'Elimina profilo utente\',\n    delete_user_confirm: \'Sei sicuro di voler eliminare "{name}"?\',\n    cannot_delete_last_admin: \'Impossibile eliminare l\\\'ultimo amministratore.\',\n    clock_format_label: \'Formato ora\',\n    clock_format_desc: \'Scegli come visualizzare l\\\'ora.\',\n    clock_auto: \'Automatico (Home Assistant)\',\n    clock_12h: \'12 ore (AM/PM)\',\n    clock_24h: \'24 ore\',\n    unlock_kiosk: \'Sblocca chiosco\',\n    first_run_welcome: \'Grazie per aver scelto Argus Home Hub. Benvenuto/a.\',\n    first_run_desc: \'Completa la configurazione.\',\n    first_run_pin_expl: \'Il PIN di accesso apre Argus. Il PIN master controlla l\\\'armamento.\',\n    first_run_skip: \'Salta\',\n    first_run_start: \'Inizia con Argus\',\n    first_run_blocked_title: \'Accesso negato\',\n    first_run_blocked_desc: \'È richiesto un amministratore di Home Assistant.\',\n    log_action_first_run_completed: \'Argus inizializzato da {user}\',\n    log_action_fullscreen_unlocked: \'Chiosco sbloccato da {user}\',\n    log_action_master_pin_rejected: \'Tentativo di PIN master errato da {user}\',\n    log_action_select_profile: \'Profilo selezionato: {user}\',\n    log_action_verify_access_pin: \'PIN di accesso verificato da {user}\',\n    log_action_sos: \'Panico SOS attivato da {user}\',\n    log_action_stop_sos: \'Panico SOS fermato da {user}\',\n    log_action_save_ui: \'Impostazioni UI salvate da {user}\',\n    log_action_rejected: \'Azione rifiutata\',\n    unlinked_ha_accounts_title: \'Account Home Assistant senza profilo Argus\',\n    btn_create_argus_profile: \'Crea profilo Argus\',\n    no_unlinked_ha_accounts: \'Tutti gli account Home Assistant attivi hanno un profilo.\',\n    profile_is_yours: \'Questo è il tuo profilo\',\n    profile_needs_pin: \'Profilo di un\\u2019altra persona — inserisci il PIN di accesso\',\n    profile_no_pin_access: \'Questo profilo non ha un PIN di accesso. Non puoi aprirlo.\',\n    ha_role_admin: \'Admin HA\',\n    ha_role_standard: \'Utente HA\',\n    login_btn: \'Accedi\',\n    cancel_btn: \'Annulla\',\n    pin_placeholder: \'PIN di accesso\',\n    link_ha_user: \'Collega all\\u2019utente Home Assistant\',\n    ha_admin_label: \'Amministratore Home Assistant\',\n    ha_standard_user_label: \'Utente HA standard\',\n    role_argus_standard: \'Utente standard\',\n  },\n  zh: {\n    hero_desc:\'集成安全、访问控制、自动化和HomeKit。\',\n    instances:\'活跃实例\', modes:\'模式\', automations:\'⚡ 自动化\',\n    linked_rules:\'Argus关联规则\', create_ha:\'+ 在HA中创建\',\n    no_rules:\'\', rules_tip:\'\',\n    settings:\'⚙️ 设置\', change_pin:\'主PIN码\', pin_desc:\'用于布防和撤防的数字代码。\',\n    new_pin:\'新PIN码\', confirm_pin:\'确认PIN码\', update_pin:\'更新PIN码\',\n    current_pin:\'当前PIN码\', notifications_title:\'🔔 通知\',\n    notif_desc:\'选择在HA中注册的移动设备以接收Argus警报。\',\n    save_notif:\'保存\', users_title:\'👥 用户和访问控制\',\n    admin_only:\'只有管理员才能修改此部分。\',\n    add_user:\'添加用户\', username:\'用户名\', user_pin:\'用户PIN码\',\n    is_admin:\'管理员\', save_user:\'保存\', no_users:\'未配置额外用户。\',\n    homekit_title:\'🏠 HomeKit\', close:\'关闭\',\n    search_placeholder:\'按名称、区域或entity_id搜索\',\n    available:\'可用\', selected_lbl:\'已选择\', clear:\'清除\', accept:\'接受\',\n    introduce_pin:\'输入您的PIN码\', pin_modal_desc:\'撤防Argus的数字PIN码\',\n    confirm:\'✓ 确认\', cancel:\'取消\',\n    disarmed:\'已撤防\', armed_home:\'在家\', armed_away:\'外出\',\n    armed_night:\'夜间\', armed_vacation:\'度假\', triggered:\'警报！\',\n    pending:\'等待中\', arming:\'布防中\', unavailable:\'不可用\',\n    sensor_section:\'入侵传感器\', siren_section:\'警报器\', thermostat_alert_notif:\'🌡️ 温度警报\',\n    none_selected:\'未选择\', search_select:\'搜索并选择\',\n    save_mode:\'💾 保存模式\', details_notif:\'警报通知\',\n    activity_log:\'📋 活动日志\',\n    log_armed:\'已布防\', log_disarmed:\'已撤防\', log_triggered:\'已触发！\',\n    log_by:\'由\', log_sensor:\'传感器\', log_no_events:\'没有最近事件。\',\n    mode_home:\'在家\', mode_away:\'外出\', mode_night:\'夜间\', mode_vacation:\'度假\',\n    homekit_bridge:\'HomeKit桥接\', homekit_not_paired:\'未与任何家庭关联。\',\n    homekit_house:\'Apple Home\', language:\'语言\',\n    lang_select_title:\'选择语言\',\n    btn_home:\'🏠 在家\', btn_away:\'🔒 外出\', btn_night:\'🌙 夜间\',\n    btn_vacation:\'✈️ 度假\', btn_disarmed:\'已撤防\', btn_sos:\'🚨 SOS / 紧急\',\n    system_armed:\'系统已布防\', system_disarmed:\'系统已撤防\',\n    home_name_lbl:\'家庭名称\', background_lbl:\'背景\', edit_btn:\'✏️ 编辑\',\n    save_btn:\'保存\', backup_title:\'备份与恢复\',\n    backup_desc:\'保存设置备份或恢复之前的设置。\',\n    export_btn:\'📤 下载\', import_btn:\'📥 恢复\', reset_btn:\'⚠️ 恢复出厂\', undo_reset_btn:\'↩️ 撤销重置\',\n    access_title:\'访问控制和用户\',\n    access_desc:\'全局安全管理、主PIN码和管理员。\',\n    pin_master_title:\'主PIN码\', pin_active_yes:\'PIN激活: 是\', pin_active_no:\'PIN激活: 否\',\n    select_all:\'☑ 全选\', deselect_all:\'☐ 全不选\', mqtt_label:\'MQTT\',\n    arm_time_label:\'布防延迟(s)\', disarm_time_label:\'进入延迟(s)\',\n    pin_incorrect:\'❌ 当前PIN错误\', pin_updated:\'✓ PIN已更新\', pin_deleted:\'✓ PIN已删除\',\n    searching_auto:\'↻ 正在搜索自动化...\', no_auto_linked:\'没有链接到Argus的自动化。\',\n    pin_remove_hint:\'删除PIN: 输入当前PIN并将下面字段留空。\',\n    lbl_load_file:\'上传文件:\', lbl_aesthetic_custom:\'美学个性化\', lbl_uploaded_files:\'服务器上上传的文件\',\n    bypass_lbl:\'🚫 跳过\', lock_if_open:\'开启时锁定\',\n    select_btn:\'+ 选择\', add_btn:\'+ 添加\',\n    sensors_to_bypass:\'跳过的传感器\', no_instances:\'没有实例。\',\n    fullscreen_title:\'全屏\', sos_slide:\'滑动以激活SOS\',\n    sos_confirm_title:\'确认紧急\', sos_confirm_text:\'滑动以立即触发警报。\',\n    sos_call:\'📞 拨打紧急服务\',\n    home_name_modal_title:\'🏡 家庭名称\',\n    home_name_modal_desc:\'此名称显示在实例面板和全屏中。\',\n    home_name_label:\'家庭名称\', home_name_placeholder:\'我的家\',\n    clear_log_btn:\'清除\',\n    bg_weather:\'动画天气\', bg_none:\'默认\', bg_panel_none:\'无背景\', bg_photo:\'单张照片\', bg_collage:\'拼贴画\', bg_video:\'循环视频\', bg_panel_title:\'面板背景\', bg_hub_title:\'Argus 背景\', bg_sound_opt:\'视频声音\', bg_image_opt:\'图片 / GIF\', bg_hub_default:\'默认 (Argus)\',\n    forgot_pin:\'忘记PIN码？\', pin_reset_admin_only:\'❌ 错误：只有 Home Assistant 管理员可以重置主 PIN 码。\', pin_reset_confirm:\'您确定要重置主 PIN 码吗？当前的 PIN 码将被删除并停用。\',\n    temp_auto:\'自动（本地传感器 / 恒温器 / 气候）\', temp_thermostat:\'(恒温器)\', battery_low:\'⚠️ 电池不足\',\n    times_section:\'⏱️ 时间\', arm_time:\'布防延迟(s)\', disarm_time:\'进入延迟(s)\',\n    save_config:\'保存配置\', never_triggered:\'从未触发\',\n    bridge_paired:\'桥接已配置\',\n    bridge_paired_desc:\'桥接 <b>{bridge}</b> 已在 Home Assistant 中配置。Home Assistant 无法从这里验证它是否已添加到 Apple Home，也无法提供家庭名称。\',\n    bridge_not_connected:\'桥接未配置\',\n    bridge_not_desc:\'在Home Assistant中启用HomeKit Bridge集成并包含实体<code>alarm_control_panel.argus_*</code>以生成配对QR码。\',\n    manual_disarm:\'手动(已撤防)\', manual_arm:\'手动\',\n    open_sensors:\'开启的传感器\', log_detail_disarm:\'系统已撤防\',\n    alarm_instance:\'报警实例\',\n    log_detail_armed:\'模式\', log_detail_triggered:\'自动激活\',\n    log_detail_pin_reset: \'管理员已重置主PIN码\',\n    log_detail_pin_reset_failed: \'未授权尝试重置主PIN码\',\n    badge_pin_reset: \'PIN已重置\',\n    badge_pin_reset_failed: \'PIN重置失败\',\n    no_files_uploaded: \'未上传文件。请使用上方控件上传背景。\',\n    no_files_uploaded_short: \'未上传文件。\',\n    files_count: \'{count} 个文件\',\n    files_count_short: \'{count} 文件\',\n    file_delete_confirm: \'您确定要永久删除 "{filename}" 吗？\',\n    use_for_panel: \'面板\',\n    use_for_hub: \'Argus\',\n    delete_btn_title: \'从存储中删除\',\n    bg_panel_selected_from_history: \'已从历史记录中选择面板背景。\',\n    bg_hub_selected_from_history: \'已从历史记录中选择Argus背景。\',\n    error_loading_uploaded_files: \'加载文件历史记录出错。\',\n    select_profile_title: \'选择您的个人资料\',\n    select_profile_subtitle: \'访问您的安全面板和 Argus 实例。\',\n    exit_to_ha: \'返回 Home Assistant\',\n    role_argus_admin: \'Argus 管理员\',\n    role_argus_user: \'标准用户\',\n    ha_account_linked: \'Home Assistant 账户：{name}\',\n    ha_account_unavailable: \'绑定不可用\',\n    user_role_label: \'Argus 角色\',\n    delete_user_tooltip: \'删除用户个人资料\',\n    delete_user_confirm: \'您确定要删除\\u201c{name}\\u201d吗？\',\n    cannot_delete_last_admin: \'无法删除最后一个管理员。\',\n    clock_format_label: \'时间格式\',\n    clock_format_desc: \'选择时间的显示方式。\',\n    clock_auto: \'自动（Home Assistant）\',\n    clock_12h: \'12 小时制 (AM/PM)\',\n    clock_24h: \'24 小时制\',\n    unlock_kiosk: \'解锁自助服务终端\',\n    first_run_welcome: \'感谢选择 Argus Home Hub。欢迎。\',\n    first_run_desc: \'完成设置以保护您的家。\',\n    first_run_pin_expl: \'访问 PIN 打开 Argus。主 PIN 控制撤防和布防。\',\n    first_run_skip: \'跳过\',\n    first_run_start: \'开始使用 Argus\',\n    first_run_blocked_title: \'拒绝访问\',\n    first_run_blocked_desc: \'首次设置 Argus 需要 Home Assistant 管理员。\',\n    log_action_first_run_completed: \'Argus 已由 {user} 初始化\',\n    log_action_fullscreen_unlocked: \'自助服务终端已由 {user} 解锁\',\n    log_action_master_pin_rejected: \'{user} 的主 PIN 尝试不正确\',\n    log_action_select_profile: \'已选择个人资料：{user}\',\n    log_action_verify_access_pin: \'访问 PIN 已由 {user} 验证\',\n    log_action_sos: \'SOS 紧急情况由 {user} 触发\',\n    log_action_stop_sos: \'SOS 紧急情况由 {user} 停止\',\n    log_action_save_ui: \'UI 设置已由 {user} 保存\',\n    log_action_rejected: \'操作已被拒绝\',\n    unlinked_ha_accounts_title: \'没有 Argus 个人资料的 Home Assistant 账户\',\n    btn_create_argus_profile: \'创建 Argus 个人资料\',\n    no_unlinked_ha_accounts: \'所有活跃的 Home Assistant 账户都有个人资料。\',\n    profile_is_yours: \'这是您的个人资料\',\n    profile_needs_pin: \'其他人的个人资料 — 请输入访问 PIN\',\n    profile_no_pin_access: \'该个人资料没有访问 PIN。您无法打开它。\',\n    ha_role_admin: \'HA 管理员\',\n    ha_role_standard: \'HA 用户\',\n    login_btn: \'登录\',\n    cancel_btn: \'取消\',\n    pin_placeholder: \'访问 PIN\',\n    link_ha_user: \'关联至 Home Assistant 用户\',\n    ha_admin_label: \'Home Assistant 管理员\',\n    ha_standard_user_label: \'标准 HA 用户\',\n    role_argus_standard: \'标准用户\',\n  },\n  ru: {\n    hero_desc:\'Комплексная безопасность, контроль доступа, автоматизация и HomeKit.\',\n    instances:\'Активные экземпляры\', modes:\'Режимы\', automations:\'⚡ Автоматизации\',\n    linked_rules:\'Правила Argus\', create_ha:\'+ Создать в HA\',\n    no_rules:\'\', rules_tip:\'\',\n    settings:\'⚙️ Настройки\', change_pin:\'Мастер PIN\', pin_desc:\'Цифровой код для постановки и снятия с охраны.\',\n    new_pin:\'Новый PIN\', confirm_pin:\'Подтвердить PIN\', update_pin:\'Обновить PIN\',\n    current_pin:\'Текущий PIN\', notifications_title:\'🔔 Уведомления\',\n    notif_desc:\'Выберите мобильные устройства, зарегистрированные в HA для получения оповещений Argus.\',\n    save_notif:\'Сохранить\', users_title:\'👥 Пользователи и контроль доступа\',\n    admin_only:\'Только администраторы могут изменять этот раздел.\',\n    add_user:\'Добавить пользователя\', username:\'Имя пользователя\', user_pin:\'PIN пользователя\',\n    is_admin:\'Администратор\', save_user:\'Сохранить\', no_users:\'Дополнительные пользователи не настроены.\',\n    homekit_title:\'🏠 HomeKit\', close:\'Закрыть\',\n    search_placeholder:\'Поиск по имени, зоне или entity_id\',\n    available:\'Доступные\', selected_lbl:\'Выбранные\', clear:\'Очистить\', accept:\'Принять\',\n    introduce_pin:\'Введите PIN\', pin_modal_desc:\'Цифровой PIN для снятия с охраны Argus\',\n    confirm:\'✓ Подтвердить\', cancel:\'Отмена\',\n    disarmed:\'Снято с охраны\', armed_home:\'Дома\', armed_away:\'Ушёл\',\n    armed_night:\'Ночь\', armed_vacation:\'Отпуск\', triggered:\'ТРЕВОГА!\',\n    pending:\'Ожидание\', arming:\'Постановка\', unavailable:\'Недоступно\',\n    sensor_section:\'Датчики вторжения\', siren_section:\'Сирены\', thermostat_alert_notif:\'🌡️ Температурный сигнал\',\n    none_selected:\'Не выбрано\', search_select:\'Поиск и выбор\',\n    save_mode:\'💾 Сохранить режим\', details_notif:\'Уведомление тревоги\',\n    activity_log:\'📋 Журнал активности\',\n    log_armed:\'Поставлено\', log_disarmed:\'Снято\', log_triggered:\'Сработало!\',\n    log_by:\'от\', log_sensor:\'Датчик\', log_no_events:\'Нет последних событий.\',\n    mode_home:\'Дома\', mode_away:\'Ушёл\', mode_night:\'Ночь\', mode_vacation:\'Отпуск\',\n    homekit_bridge:\'Мост HomeKit\', homekit_not_paired:\'Не связано ни с каким домом.\',\n    homekit_house:\'Apple Home\', language:\'Язык\',\n    lang_select_title:\'Выбрать язык\',\n    btn_home:\'🏠 ДОМА\', btn_away:\'🔒 УШЁЛ\', btn_night:\'🌙 НОЧЬ\',\n    btn_vacation:\'✈️ ОТПУСК\', btn_disarmed:\'СНЯТО\', btn_sos:\'🚨 SOS / ТРЕВОГА\',\n    system_armed:\'СИСТЕМА ПОСТАВЛЕНА\', system_disarmed:\'СИСТЕМА СНЯТА\',\n    home_name_lbl:\'Название дома\', background_lbl:\'Фон\', edit_btn:\'✏️ Редактировать\',\n    save_btn:\'Сохранить\', backup_title:\'Резервная копия\',\n    backup_desc:\'Сохраните резервную копию или восстановите предыдущую.\',\n    export_btn:\'📤 Скачать\', import_btn:\'📥 Восстановить\', reset_btn:\'⚠️ Сброс\', undo_reset_btn:\'↩️ Отменить сброс\',\n    access_title:\'Контроль доступа и пользователи\',\n    access_desc:\'Глобальная безопасность, мастер PIN и администраторы.\',\n    pin_master_title:\'Мастер PIN\', pin_active_yes:\'PIN активен: Да\', pin_active_no:\'PIN активен: Нет\',\n    select_all:\'☑ Все\', deselect_all:\'☐ Ничего\', mqtt_label:\'MQTT\',\n    arm_time_label:\'Время взятия (с)\', disarm_time_label:\'Задержка входа (с)\',\n    pin_incorrect:\'❌ Неверный текущий PIN\', pin_updated:\'✓ PIN Обновлен\', pin_deleted:\'✓ PIN Удален\',\n    searching_auto:\'↻ Поиск автоматизаций...\', no_auto_linked:\'Нет автоматизаций, связанных с Argus.\',\n    pin_remove_hint:\'Для удаления PIN: введите текущий и оставьте поля пустыми.\',\n    lbl_load_file:\'Загрузить файл:\', lbl_aesthetic_custom:\'Эстетическая персонализация\', lbl_uploaded_files:\'Загруженные файлы на сервере\',\n    bypass_lbl:\'🚫 Обход\', lock_if_open:\'Блокировать если открыто\',\n    select_btn:\'+ Выбрать\', add_btn:\'+ Добавить\',\n    sensors_to_bypass:\'Датчики для обхода\', no_instances:\'Нет экземпляров.\',\n    fullscreen_title:\'Полный экран\', sos_slide:\'Проведите для активации SOS\',\n    sos_confirm_title:\'Подтвердить тревогу\', sos_confirm_text:\'Проведите для немедленной активации тревоги.\',\n    sos_call:\'📞 Вызвать экстренные службы\',\n    home_name_modal_title:\'🏡 Название дома\',\n    home_name_modal_desc:\'Это имя отображается в панели экземпляров и в полноекранном режиме.\',\n    home_name_label:\'Название дома\', home_name_placeholder:\'Мой дом\',\n    clear_log_btn:\'ОЧИСТИТЬ\',\n    bg_weather:\'Анимированная погода\', bg_none:\'По умолчанию\', bg_panel_none:\'Без фона\', bg_photo:\'Одно фото\', bg_collage:\'Коллаж\', bg_video:\'Зацикленное видео\', bg_panel_title:\'Фон панели\', bg_hub_title:\'Фон Argus\', bg_sound_opt:\'Звук видео\', bg_image_opt:\'Изображение / GIF\', bg_hub_default:\'По умолчанию (Argus)\',\n    forgot_pin:\'Забыли PIN?\', pin_reset_admin_only:\'❌ Ошибка: Только администраторы Home Assistant могут сбросить мастер-PIN.\', pin_reset_confirm:\'Вы уверены, что хотите сбросить мастер-PIN? Текущий PIN-код будет удален и отключен.\',\n    temp_auto:\'Авто (лок. датчик / термостат / климат)\', temp_thermostat:\'(термостат)\', battery_low:\'⚠️ Низкий заряд\',\n    times_section:\'⏱️ Времена\', arm_time:\'Постановка (s)\', disarm_time:\'Задержка входа (s)\',\n    save_config:\'СОХРАНИТЬ КОНФИГУРАЦИЮ\', never_triggered:\'Никогда не срабатывало\',\n    bridge_paired:\'Мост настроен\',\n    bridge_paired_desc:\'Мост <b>{bridge}</b> настроен в Home Assistant. Здесь нельзя проверить, добавлен ли он в Apple Home, или узнать его название.\',\n    bridge_not_connected:\'Мост не настроен\',\n    bridge_not_desc:\'Включите интеграцию HomeKit Bridge в Home Assistant и добавьте <code>alarm_control_panel.argus_*</code> для QR сопряжения.\',\n    manual_disarm:\'Вручную (Снято)\', manual_arm:\'Вручную\',\n    open_sensors:\'Открытые датчики\', log_detail_disarm:\'Система снята\',\n    alarm_instance:\'Экземпляр тревоги\',\n    log_detail_armed:\'Режим\', log_detail_triggered:\'Автоматическая активация\',\n    log_detail_pin_reset: \'Мастер-PIN сброшен администратором\',\n    log_detail_pin_reset_failed: \'Несанкционированная попытка сбросить мастер-PIN\',\n    badge_pin_reset: \'PIN Сброшен\',\n    badge_pin_reset_failed: \'Ошибка Сброса PIN\',\n    no_files_uploaded: \'Нет загруженных файлов. Загрузите фон с помощью элементов управления выше.\',\n    no_files_uploaded_short: \'Нет загруженных файлов.\',\n    files_count: \'{count} файлов\',\n    files_count_short: \'{count} файл.\',\n    file_delete_confirm: \'Вы уверены, что хотите навсегда удалить «{filename}»?\',\n    use_for_panel: \'Панель\',\n    use_for_hub: \'Argus\',\n    delete_btn_title: \'Удалить из хранилища\',\n    bg_panel_selected_from_history: \'Фон панели выбран из истории.\',\n    bg_hub_selected_from_history: \'Фон Argus выбран из истории.\',\n    error_loading_uploaded_files: \'Ошибка при загрузке истории файлов.\',\n    select_profile_title: \'Выберите ваш профиль\',\n    select_profile_subtitle: \'Доступ к вашим панелям безопасности и экземплярам Argus.\',\n    exit_to_ha: \'Вернуться в Home Assistant\',\n    role_argus_admin: \'Администратор Argus\',\n    role_argus_user: \'Стандартный пользователь\',\n    ha_account_linked: \'Учетная запись Home Assistant: {name}\',\n    ha_account_unavailable: \'Привязка недоступна\',\n    user_role_label: \'Роль Argus\',\n    delete_user_tooltip: \'Удалить профиль пользователя\',\n    delete_user_confirm: \'Вы уверены, что хотите удалить "{name}"?\',\n    cannot_delete_last_admin: \'Нельзя удалить последнего администратора.\',\n    clock_format_label: \'Формат времени\',\n    clock_format_desc: \'Выберите способ отображения времени.\',\n    clock_auto: \'Автоматически (Home Assistant)\',\n    clock_12h: \'12-часовой (AM/PM)\',\n    clock_24h: \'24-часовой\',\n    unlock_kiosk: \'Разблокировать киоск\',\n    first_run_welcome: \'Спасибо за выбор Argus Home Hub. Добро пожаловать.\',\n    first_run_desc: \'Завершите настройку для защиты вашего дома.\',\n    first_run_pin_expl: \'PIN-код доступа открывает Argus. Мастер PIN-код управляет охраной.\',\n    first_run_skip: \'Пропустить\',\n    first_run_start: \'Начать работу с Argus\',\n    first_run_blocked_title: \'Доступ запрещен\',\n    first_run_blocked_desc: \'Для первичной настройки Argus требуется администратор Home Assistant.\',\n    log_action_first_run_completed: \'Argus инициализирован пользователем {user}\',\n    log_action_fullscreen_unlocked: \'Киоск разблокирован пользователем {user}\',\n    log_action_master_pin_rejected: \'Неверная попытка ввода мастер-PIN {user}\',\n    log_action_select_profile: \'Выбран профиль: {user}\',\n    log_action_verify_access_pin: \'PIN-код доступа проверен {user}\',\n    log_action_sos: \'SOS паника вызвана пользователем {user}\',\n    log_action_stop_sos: \'SOS паника остановлена пользователем {user}\',\n    log_action_save_ui: \'Настройки UI сохранены пользователем {user}\',\n    log_action_rejected: \'Действие отклонено\',\n    unlinked_ha_accounts_title: \'Учетные записи Home Assistant без профиля Argus\',\n    btn_create_argus_profile: \'Создать профиль Argus\',\n    no_unlinked_ha_accounts: \'Все активные учетные записи Home Assistant имеют профиль.\',\n    profile_is_yours: \'Это ваш профиль\',\n    profile_needs_pin: \'Профиль другого пользователя — введите PIN доступа\',\n    profile_no_pin_access: \'У этого профиля нет PIN доступа. Вы не можете его открыть.\',\n    ha_role_admin: \'Админ HA\',\n    ha_role_standard: \'Пользователь HA\',\n    login_btn: \'Войти\',\n    cancel_btn: \'Отмена\',\n    pin_placeholder: \'PIN доступа\',\n    link_ha_user: \'Связать с пользователем Home Assistant\',\n    ha_admin_label: \'Администратор Home Assistant\',\n    ha_standard_user_label: \'Стандартный пользователь HA\',\n    role_argus_standard: \'Стандартный пользователь\',\n  },\n};\n\n// Text that is shared by controls created dynamically. Keeping this separate\n// from the original dictionaries makes it much harder for a new UI feature to\n// accidentally ship in only one language.\nconst EXTRA_TEXTS = {\n  es: { use_ha_language:\'Usar idioma de Home Assistant\', emergency_number_label:\'🚨 Número local de emergencias\', emergency_help:\'Configúralo según la ubicación del hogar (p. ej., Costa Rica: 911; España: 112). Se incluirá en las alertas SOS.\', sos_actions:\'🚨 Acciones SOS\', sos_select_outputs:\'Seleccionar luces, sirenas o scripts\', sos_outputs_help:\'Estos dispositivos se activarán siempre al usar SOS, incluso con Argus desarmado.\', sos_no_outputs:\'Sin dispositivos seleccionados\', sos_call_help:\'Si este equipo no admite llamadas, Argus enviará una alerta urgente a los dispositivos móviles configurados.\', sos_stop:\'🛑 DETENER PÁNICO\', customize:\'Personalizar\', done:\'Listo\', sos_activated:\'SOS activado\', sos_call_confirm:\'¿Quieres llamar ahora a emergencias ({number})?\', sos_error:\'No se pudo activar el SOS: {error}\', no_alarm_instance:\'No hay una instancia de alarma disponible\', panic_state_unknown:\'No se pudo determinar el estado anterior del pánico. Desarma o rearma manualmente.\', panic_stopped:\'Pánico detenido; restaurado a {state}\', panic_stop_error:\'No se pudo detener el pánico: {error}\', selector_panic:\'🚨 Acciones SOS\', status_open:\'Abierto\', status_closed:\'Cerrado\', status_idle:\'En reposo\', status_recording:\'Grabando\', status_home:\'En casa\', status_away:\'Fuera\', no_results:\'Sin resultados\', user_required:\'Nombre y PIN requeridos\', generic_error:\'Error: {error}\', clear_history_confirm:\'¿Seguro que quieres borrar todo el historial?\', export_error:\'Error al exportar: {error}\', invalid_config:\'Archivo de configuración no válido.\', import_success:\'Configuración restaurada con éxito. Recargando...\', import_error:\'Error al importar: {error}\', file_read_error:\'No se pudo leer el archivo.\', reset_confirm:\'¿Estás seguro de que deseas restablecer Argus a sus valores de fábrica? Perderás todas tus configuraciones, PINs y modos.\', reset_success:\'Argus restablecido. Tienes unos segundos para deshacer si cambias de opinión, o simplemente recarga la página para aplicar los cambios.\', reset_error:\'Error al restablecer: {error}\', undo_success:\'Restablecimiento deshecho con éxito.\', undo_error:\'Error al deshacer: {error}\', url_placeholder:\'URL del fondo...\', loading:\'Cargando...\', delete:\'Borrar\', fullscreen_title:\'Pantalla completa\', home_default:\'Mi Casa\', home_fallback:\'Hogar\', user_default:\'Usuario\', temp_notification_title:\'Argus — Alerta de Temperatura\', action_failed:\'No se pudo realizar la acción\', cannot_arm:\'No se puede armar\', open_sensors_explain:\'Los siguientes sensores están abiertos:\\n{names}\\n\\nCiérralos antes de armar, o activa \\u201cOmitir\\u201d en el sensor.\', pin_disarm_error:\'PIN incorrecto o error al desarmar\', notification_disarmed:\'{user} desarmó el sistema.\', notification_armed:\'{user} activó el modo {mode}.\', upload_error:\'Falló la subida.\', delete_file_error:\'No se pudo eliminar el archivo: {error}\', file_choice:\'\\u201c{file}\\u201d\\n\\n¿Usar como imagen estática (Aceptar) o como video animado (Cancelar)?\\n\\n• Aceptar → Imagen estática\\n• Cancelar → Video animado\', first_run_blocked_title:\'Acceso denegado\', first_run_blocked_desc:\'Se requiere un administrador de Home Assistant para configurar Argus por primera vez.\', first_run_welcome:\'Gracias por elegir Argus Home Hub. Bienvenido/a.\', first_run_desc:\'Complete la configuración para proteger su hogar.\', first_run_pin_expl:\'El PIN de acceso abre Argus. El PIN maestro controla el armado y desarmado.\', first_run_skip:\'Omitir por ahora\', first_run_start:\'Comenzar con Argus\' },\n  en: { use_ha_language:\'Use Home Assistant language\', emergency_number_label:\'🚨 Local emergency number\', emergency_help:\'Configure it for the home location (e.g., Costa Rica: 911; Spain: 112). It will be included in SOS alerts.\', sos_actions:\'🚨 SOS actions\', sos_select_outputs:\'Select lights, sirens, or scripts\', sos_outputs_help:\'These devices will always activate when SOS is used, even while Argus is disarmed.\', sos_no_outputs:\'No devices selected\', sos_call_help:\'If this device cannot place calls, Argus will send an urgent alert to the configured mobile devices.\', sos_stop:\'🛑 STOP PANIC\', customize:\'Customize\', done:\'Done\', sos_activated:\'SOS activated\', sos_call_confirm:\'Call emergency services now ({number})?\', sos_error:\'Could not activate SOS: {error}\', no_alarm_instance:\'No alarm instance is available\', panic_state_unknown:\'The prior panic state could not be determined. Disarm or arm manually.\', panic_stopped:\'Panic stopped; restored to {state}\', panic_stop_error:\'Could not stop panic: {error}\', selector_panic:\'🚨 SOS actions\', status_open:\'Open\', status_closed:\'Closed\', status_idle:\'Idle\', status_recording:\'Recording\', status_home:\'Home\', status_away:\'Away\', no_results:\'No results\', user_required:\'Name and PIN are required\', generic_error:\'Error: {error}\', clear_history_confirm:\'Delete the entire activity history?\', export_error:\'Export failed: {error}\', invalid_config:\'Invalid configuration file.\', import_success:\'Configuration restored successfully. Reloading…\', import_error:\'Import failed: {error}\', file_read_error:\'Could not read the file.\', reset_confirm:\'Reset Argus to factory settings? All configurations, PINs, and modes will be lost.\', reset_success:\'Argus was reset. You have a few seconds to undo it, or reload the page to apply the changes.\', reset_error:\'Reset failed: {error}\', undo_success:\'Reset undone successfully.\', undo_error:\'Could not undo reset: {error}\', url_placeholder:\'Background URL…\', loading:\'Loading…\', delete:\'Delete\', fullscreen_title:\'Full screen\', home_default:\'My Home\', home_fallback:\'Home\', user_default:\'User\', temp_notification_title:\'Argus — Temperature Alert\', action_failed:\'Action could not be completed\', cannot_arm:\'Cannot arm\', open_sensors_explain:\'The following sensors are open:\\n{names}\\n\\nClose them before arming, or enable \\u201cBypass\\u201d on the sensor.\', pin_disarm_error:\'Incorrect PIN or error while disarming\', notification_disarmed:\'{user} disarmed the system.\', notification_armed:\'{user} activated {mode} mode.\', upload_error:\'Upload failed.\', delete_file_error:\'Could not delete the file: {error}\', file_choice:\'\\u201c{file}\\u201d\\n\\nUse as a static image (OK) or an animated video (Cancel)?\\n\\n• OK → Static image\\n• Cancel → Animated video\', first_run_blocked_title:\'Access Denied\', first_run_blocked_desc:\'A Home Assistant administrator is required to configure Argus for the first time.\', first_run_welcome:\'Thank you for choosing Argus Home Hub. Welcome.\', first_run_desc:\'Complete setup to secure your home.\', first_run_pin_expl:\'The access PIN opens Argus. The master PIN controls arming and disarming.\', first_run_skip:\'Skip for now\', first_run_start:\'Start with Argus\' },\n  fr: { use_ha_language:\'Utiliser la langue de Home Assistant\', emergency_number_label:\'🚨 Numéro d\\u2019urgence local\', emergency_help:\'Configurez-le pour le domicile (ex. Costa Rica : 911 ; Espagne : 112). Il sera inclus dans les alertes SOS.\', sos_actions:\'🚨 Actions SOS\', sos_select_outputs:\'Sélectionner lumières, sirènes ou scripts\', sos_outputs_help:\'Ces appareils s\\u2019activeront toujours avec SOS, même si Argus est désarmé.\', sos_no_outputs:\'Aucun appareil sélectionné\', sos_call_help:\'Si cet appareil ne peut pas appeler, Argus enverra une alerte urgente aux appareils mobiles configurés.\', sos_stop:\'🛑 ARRÊTER LA PANIQUE\', customize:\'Personnaliser\', done:\'Terminé\', sos_activated:\'SOS activé\', sos_call_confirm:\'Appeler les urgences maintenant ({number}) ?\', sos_error:\'Impossible d\\u2019activer SOS : {error}\', no_alarm_instance:\'Aucune instance d\\u2019alarme disponible\', panic_state_unknown:\'L\\u2019état antérieur de la panique est inconnu. Armez ou désarmez manuellement.\', panic_stopped:\'Panique arrêtée ; rétablie à {state}\', panic_stop_error:\'Impossible d\\u2019arrêter la panique : {error}\', selector_panic:\'🚨 Actions SOS\', status_open:\'Ouvert\', status_closed:\'Fermé\', status_idle:\'Au repos\', status_recording:\'Enregistrement\', status_home:\'Maison\', status_away:\'Absent\', no_results:\'Aucun résultat\', user_required:\'Nom et PIN requis\', generic_error:\'Erreur : {error}\', clear_history_confirm:\'Supprimer tout l\\u2019historique d\\u2019activité ?\', export_error:\'Échec de l\\u2019exportation : {error}\', invalid_config:\'Fichier de configuration invalide.\', import_success:\'Configuration restaurée. Rechargement…\', import_error:\'Échec de l\\u2019importation : {error}\', file_read_error:\'Impossible de lire le fichier.\', reset_confirm:\'Réinitialiser Argus ? Toutes les configurations, PIN et modes seront perdus.\', reset_success:\'Argus a été réinitialisé. Vous avez quelques secondes pour annuler.\', reset_error:\'Échec de la réinitialisation : {error}\', undo_success:\'Réinitialisation annulée.\', undo_error:\'Impossible d\\u2019annuler : {error}\', url_placeholder:\'URL de l\\u2019arrière-plan…\', loading:\'Chargement…\', delete:\'Supprimer\', fullscreen_title:\'Plein écran\', home_default:\'Ma maison\', home_fallback:\'Maison\', user_default:\'Utilisateur\', temp_notification_title:\'Argus — Alerte de température\', action_failed:\'Action impossible\', cannot_arm:\'Impossible d\\u2019armer\', open_sensors_explain:\'Les capteurs suivants sont ouverts :\\n{names}\\n\\nFermez-les avant d\\u2019armer ou activez « Ignorer ». \', pin_disarm_error:\'PIN incorrect ou erreur de désarmement\', notification_disarmed:\'{user} a désarmé le système.\', notification_armed:\'{user} a activé le mode {mode}.\', upload_error:\'Échec du téléversement.\', delete_file_error:\'Impossible de supprimer le fichier : {error}\', file_choice:\'« {file} »\\n\\nUtiliser comme image fixe (OK) ou vidéo animée (Annuler) ?\', first_run_blocked_title:\'Accès refusé\', first_run_blocked_desc:\'Un administrateur Home Assistant est requis pour configurer Argus pour la première fois.\', first_run_welcome:\'Merci d\\\'avoir choisi Argus Home Hub. Bienvenue.\', first_run_desc:\'Terminez la configuration pour sécuriser votre domicile.\', first_run_pin_expl:\'Le code d\\\'accès ouvre Argus. Le code maître contrôle l\\\'armement.\', first_run_skip:\'Ignorer pour l\\\'instant\', first_run_start:\'Commencer avec Argus\' },\n  pt: { use_ha_language:\'Usar idioma do Home Assistant\', emergency_number_label:\'🚨 Número local de emergência\', emergency_help:\'Configure para a localização da casa (ex.: Costa Rica: 911; Espanha: 112). Será incluído nos alertas SOS.\', sos_actions:\'🚨 Ações SOS\', sos_select_outputs:\'Selecionar luzes, sirenes ou scripts\', sos_outputs_help:\'Estes dispositivos sempre serão ativados ao usar SOS, mesmo com Argus desarmado.\', sos_no_outputs:\'Nenhum dispositivo selecionado\', sos_call_help:\'Se este dispositivo não puder ligar, o Argus enviará um alerta urgente aos dispositivos móveis configurados.\', sos_stop:\'🛑 PARAR PÂNICO\', customize:\'Personalizar\', done:\'Concluído\', sos_activated:\'SOS ativado\', sos_call_confirm:\'Ligar para emergência agora ({number})?\', sos_error:\'Não foi possível ativar SOS: {error}\', no_alarm_instance:\'Nenhuma instância de alarme disponível\', panic_state_unknown:\'Não foi possível determinar o estado anterior do pânico. Arme ou desarme manualmente.\', panic_stopped:\'Pânico parado; restaurado para {state}\', panic_stop_error:\'Não foi possível parar o pânico: {error}\', selector_panic:\'🚨 Ações SOS\', status_open:\'Aberto\', status_closed:\'Fechado\', status_idle:\'Em repouso\', status_recording:\'Gravando\', status_home:\'Em casa\', status_away:\'Fora\', no_results:\'Sem resultados\', user_required:\'Nome e PIN são obrigatórios\', generic_error:\'Erro: {error}\', clear_history_confirm:\'Excluir todo o histórico de atividade?\', export_error:\'Erro ao exportar: {error}\', invalid_config:\'Arquivo de configuração inválido.\', import_success:\'Configuração restaurada. Recarregando…\', import_error:\'Erro ao importar: {error}\', file_read_error:\'Não foi possível ler o arquivo.\', reset_confirm:\'Restaurar Argus aos padrões de fábrica? Todas as configurações, PINs e modos serão perdidos.\', reset_success:\'Argus foi restaurado. Você tem alguns segundos para desfazer.\', reset_error:\'Erro ao restaurar: {error}\', undo_success:\'Restauração desfeita.\', undo_error:\'Erro ao desfazer: {error}\', url_placeholder:\'URL do fundo…\', loading:\'Carregando…\', delete:\'Excluir\', fullscreen_title:\'Tela cheia\', home_default:\'Minha Casa\', home_fallback:\'Casa\', user_default:\'Usuário\', temp_notification_title:\'Argus — Alerta de Temperatura\', action_failed:\'Não foi possível realizar a ação\', cannot_arm:\'Não é possível armar\', open_sensors_explain:\'Os seguintes sensores estão abertos:\\n{names}\\n\\nFeche-os antes de armar ou ative \\u201cIgnorar\\u201d.\', pin_disarm_error:\'PIN incorreto ou erro ao desarmar\', notification_disarmed:\'{user} desarmou o sistema.\', notification_armed:\'{user} ativou o modo {mode}.\', upload_error:\'Falha no envio.\', delete_file_error:\'Não foi possível excluir o arquivo: {error}\', file_choice:\'\\u201c{file}\\u201d\\n\\nUsar como imagem estática (OK) ou vídeo animado (Cancelar)?\', first_run_blocked_title:\'Acesso negado\', first_run_blocked_desc:\'É necessário um administrador do Home Assistant para configurar o Argus pela primeira vez.\', first_run_welcome:\'Obrigado por escolher o Argus Home Hub. Bem-vindo(a).\', first_run_desc:\'Conclua a configuração para proteger sua casa.\', first_run_pin_expl:\'O PIN de acesso abre o Argus. O PIN mestre controla armar e desarmar.\', first_run_skip:\'Ignorar por agora\', first_run_start:\'Começar com Argus\' },\n  it: { use_ha_language:\'Usa la lingua di Home Assistant\', emergency_number_label:\'🚨 Numero di emergenza locale\', emergency_help:\'Configurarlo per la posizione della casa (es. Costa Rica: 911; Spagna: 112). Sarà incluso negli avvisi SOS.\', sos_actions:\'🚨 Azioni SOS\', sos_select_outputs:\'Seleziona luci, sirene o script\', sos_outputs_help:\'Questi dispositivi saranno sempre attivati con SOS, anche se Argus è disarmato.\', sos_no_outputs:\'Nessun dispositivo selezionato\', sos_call_help:\'Se questo dispositivo non può effettuare chiamate, Argus invierà un avviso urgente ai dispositivi mobili configurati.\', sos_stop:\'🛑 FERMA PANICO\', customize:\'Personalizza\', done:\'Fine\', sos_activated:\'SOS attivato\', sos_call_confirm:\'Chiamare ora i servizi di emergenza ({number})?\', sos_error:\'Impossibile attivare SOS: {error}\', no_alarm_instance:\'Nessuna istanza di allarme disponibile\', panic_state_unknown:\'Impossibile determinare lo stato precedente del panico. Armare o disarmare manualmente.\', panic_stopped:\'Panico fermato; ripristinato a {state}\', panic_stop_error:\'Impossibile fermare il panico: {error}\', selector_panic:\'🚨 Azioni SOS\', status_open:\'Aperto\', status_closed:\'Chiuso\', status_idle:\'Inattivo\', status_recording:\'Registrazione\', status_home:\'Casa\', status_away:\'Fuori\', no_results:\'Nessun risultato\', user_required:\'Nome e PIN obbligatori\', generic_error:\'Errore: {error}\', clear_history_confirm:\'Eliminare tutta la cronologia attività?\', export_error:\'Esportazione non riuscita: {error}\', invalid_config:\'File di configurazione non valido.\', import_success:\'Configurazione ripristinata. Ricaricamento…\', import_error:\'Importazione non riuscita: {error}\', file_read_error:\'Impossibile leggere il file.\', reset_confirm:\'Ripristinare Argus alle impostazioni di fabbrica? Configurazioni, PIN e modalità saranno persi.\', reset_success:\'Argus è stato ripristinato. Hai alcuni secondi per annullare.\', reset_error:\'Ripristino non riuscito: {error}\', undo_success:\'Ripristino annullato.\', undo_error:\'Impossibile annullare: {error}\', url_placeholder:\'URL dello sfondo…\', loading:\'Caricamento…\', delete:\'Elimina\', fullscreen_title:\'Schermo intero\', home_default:\'Casa mia\', home_fallback:\'Casa\', user_default:\'Utente\', temp_notification_title:\'Argus — Avviso temperatura\', action_failed:\'Impossibile eseguire l\\u2019azione\', cannot_arm:\'Impossibile armare\', open_sensors_explain:\'I seguenti sensori sono aperti:\\n{names}\\n\\nChiudili prima di armare o abilita \\u201cIgnora\\u201d.\', pin_disarm_error:\'PIN errato o errore durante il disarmo\', notification_disarmed:\'{user} ha disarmato il sistema.\', notification_armed:\'{user} ha attivato la modalità {mode}.\', upload_error:\'Caricamento non riuscito.\', delete_file_error:\'Impossibile eliminare il file: {error}\', file_choice:\'\\u201c{file}\\u201d\\n\\nUsare come immagine statica (OK) o video animato (Annulla)?\', first_run_blocked_title:\'Accesso negato\', first_run_blocked_desc:\'È necessario un amministratore di Home Assistant per configurare Argus per la prima volta.\', first_run_welcome:\'Grazie per aver scelto Argus Home Hub. Benvenuto/a.\', first_run_desc:\'Completa la configurazione per proteggere la tua casa.\', first_run_pin_expl:\'Il PIN di accesso apre Argus. Il PIN master controlla l\\\'inserimento e il disinserimento.\', first_run_skip:\'Salta per ora\', first_run_start:\'Inizia con Argus\' },\n  zh: { use_ha_language:\'使用 Home Assistant 语言\', emergency_number_label:\'🚨 本地紧急号码\', emergency_help:\'请按家庭所在地设置（例如哥斯达黎加：911；西班牙：112）。该号码将包含在 SOS 警报中。\', sos_actions:\'🚨 SOS 操作\', sos_select_outputs:\'选择灯、警报器或脚本\', sos_outputs_help:\'即使 Argus 已撤防，使用 SOS 时这些设备也会始终启动。\', sos_no_outputs:\'未选择设备\', sos_call_help:\'如果该设备无法拨号，Argus 将向已配置的移动设备发送紧急警报。\', sos_stop:\'🛑 停止紧急状态\', customize:\'自定义\', done:\'完成\', sos_activated:\'SOS 已激活\', sos_call_confirm:\'现在拨打紧急服务电话 ({number})？\', sos_error:\'无法激活 SOS：{error}\', no_alarm_instance:\'没有可用的警报实例\', panic_state_unknown:\'无法确定紧急状态之前的状态。请手动布防或撤防。\', panic_stopped:\'紧急状态已停止；恢复为 {state}\', panic_stop_error:\'无法停止紧急状态：{error}\', selector_panic:\'🚨 SOS 操作\', status_open:\'打开\', status_closed:\'关闭\', status_idle:\'空闲\', status_recording:\'录制中\', status_home:\'在家\', status_away:\'离家\', no_results:\'无结果\', user_required:\'需要姓名和 PIN\', generic_error:\'错误：{error}\', clear_history_confirm:\'删除全部活动历史记录？\', export_error:\'导出失败：{error}\', invalid_config:\'配置文件无效。\', import_success:\'配置已恢复。正在重新加载…\', import_error:\'导入失败：{error}\', file_read_error:\'无法读取文件。\', reset_confirm:\'将 Argus 恢复为出厂设置？所有配置、PIN 和模式将丢失。\', reset_success:\'Argus 已重置。你有几秒钟可以撤销。\', reset_error:\'重置失败：{error}\', undo_success:\'已撤销重置。\', undo_error:\'无法撤销重置：{error}\', url_placeholder:\'背景 URL…\', loading:\'正在加载…\', delete:\'删除\', fullscreen_title:\'全屏\', home_default:\'我的家\', home_fallback:\'家\', user_default:\'用户\', temp_notification_title:\'Argus — 温度警报\', action_failed:\'无法完成操作\', cannot_arm:\'无法布防\', open_sensors_explain:\'以下传感器处于打开状态：\\n{names}\\n\\n请在布防前关闭它们，或启用\\u201c跳过\\u201d。\', pin_disarm_error:\'PIN 错误或撤防时出错\', notification_disarmed:\'{user} 已撤防系统。\', notification_armed:\'{user} 已激活 {mode} 模式。\', upload_error:\'上传失败。\', delete_file_error:\'无法删除文件：{error}\', file_choice:\'\\u201c{file}\\u201d\\n\\n用作静态图片（确定）还是动画视频（取消）？\', first_run_blocked_title:\'拒绝访问\', first_run_blocked_desc:\'首次配置 Argus 需要 Home Assistant 管理员。\', first_run_welcome:\'感谢您选择 Argus Home Hub。欢迎。\', first_run_desc:\'完成设置以保护您的家庭。\', first_run_pin_expl:\'访问 PIN 用于打开 Argus。主 PIN 控制布防和撤防。\', first_run_skip:\'暂时跳过\', first_run_start:\'开始使用 Argus\' },\n  ru: { use_ha_language:\'Использовать язык Home Assistant\', emergency_number_label:\'🚨 Местный номер экстренной службы\', emergency_help:\'Настройте для местоположения дома (например, Коста-Рика: 911; Испания: 112). Номер будет включён в SOS-оповещения.\', sos_actions:\'🚨 Действия SOS\', sos_select_outputs:\'Выбрать свет, сирены или сценарии\', sos_outputs_help:\'Эти устройства всегда будут включаться при SOS, даже когда Argus снят с охраны.\', sos_no_outputs:\'Устройства не выбраны\', sos_call_help:\'Если устройство не может звонить, Argus отправит срочное оповещение на настроенные мобильные устройства.\', sos_stop:\'🛑 ОСТАНОВИТЬ ТРЕВОГУ\', customize:\'Настроить\', done:\'Готово\', sos_activated:\'SOS активирован\', sos_call_confirm:\'Позвонить в экстренную службу ({number})?\', sos_error:\'Не удалось активировать SOS: {error}\', no_alarm_instance:\'Нет доступного экземпляра сигнализации\', panic_state_unknown:\'Невозможно определить предыдущее состояние тревоги. Поставьте или снимите с охраны вручную.\', panic_stopped:\'Тревога остановлена; восстановлено состояние {state}\', panic_stop_error:\'Не удалось остановить тревогу: {error}\', selector_panic:\'🚨 Действия SOS\', status_open:\'Открыто\', status_closed:\'Закрыто\', status_idle:\'Ожидание\', status_recording:\'Запись\', status_home:\'Дома\', status_away:\'Вне дома\', no_results:\'Нет результатов\', user_required:\'Требуются имя и PIN\', generic_error:\'Ошибка: {error}\', clear_history_confirm:\'Удалить всю историю активности?\', export_error:\'Ошибка экспорта: {error}\', invalid_config:\'Недопустимый файл конфигурации.\', import_success:\'Конфигурация восстановлена. Перезагрузка…\', import_error:\'Ошибка импорта: {error}\', file_read_error:\'Не удалось прочитать файл.\', reset_confirm:\'Сбросить Argus к заводским настройкам? Все конфигурации, PIN и режимы будут потеряны.\', reset_success:\'Argus сброшен. У вас есть несколько секунд, чтобы отменить это.\', reset_error:\'Ошибка сброса: {error}\', undo_success:\'Сброс отменён.\', undo_error:\'Не удалось отменить сброс: {error}\', url_placeholder:\'URL фона…\', loading:\'Загрузка…\', delete:\'Удалить\', fullscreen_title:\'Полный экран\', home_default:\'Мой дом\', home_fallback:\'Дом\', user_default:\'Пользователь\', temp_notification_title:\'Argus — Температурное предупреждение\', action_failed:\'Не удалось выполнить действие\', cannot_arm:\'Невозможно поставить на охрану\', open_sensors_explain:\'Следующие датчики открыты:\\n{names}\\n\\nЗакройте их перед постановкой на охрану или включите «Обход».\', pin_disarm_error:\'Неверный PIN или ошибка снятия с охраны\', notification_disarmed:\'{user} снял систему с охраны.\', notification_armed:\'{user} активировал режим {mode}.\', upload_error:\'Ошибка загрузки.\', delete_file_error:\'Не удалось удалить файл: {error}\', file_choice:\'«{file}»\\n\\nИспользовать как статичное изображение (ОК) или анимированное видео (Отмена)?\', first_run_blocked_title:\'Доступ запрещен\', first_run_blocked_desc:\'Для первой настройки Argus требуется администратор Home Assistant.\', first_run_welcome:\'Спасибо, что выбрали Argus Home Hub. Добро пожаловать.\', first_run_desc:\'Завершите настройку для безопасности вашего дома.\', first_run_pin_expl:\'PIN доступа открывает Argus. Мастер-PIN управляет постановкой и снятием с охраны.\', first_run_skip:\'Пропустить пока\', first_run_start:\'Начать с Argus\' },\n};\n\nconst SETUP_REQUIRED_TEXTS = {\n  es: { setup_required_title:\'Falta configurar Argus\', setup_required_desc:\'Argus está instalado, pero todavía no existe una instancia. Añádela en Integraciones y luego vuelve a este panel.\', setup_required_action:\'Configurar Argus en Integraciones\', welcome_profile:\'Bienvenido/a, {name}\', initialization_error_title:\'Argus no pudo iniciar\', initialization_error_desc:\'No se pudo conectar con el backend autenticado de Home Assistant.\', retry_action:\'Reintentar\' },\n  en: { setup_required_title:\'Argus setup required\', setup_required_desc:\'Argus is installed, but no instance exists yet. Add it in Integrations, then return to this panel.\', setup_required_action:\'Configure Argus in Integrations\', welcome_profile:\'Welcome, {name}\', initialization_error_title:\'Argus could not start\', initialization_error_desc:\'The authenticated Home Assistant backend connection could not be established.\', retry_action:\'Retry\' },\n  fr: { setup_required_title:\'Configuration d\\u2019Argus requise\', setup_required_desc:\'Argus est installé, mais aucune instance n\\u2019existe encore. Ajoutez-la dans Intégrations, puis revenez à ce panneau.\', setup_required_action:\'Configurer Argus dans Intégrations\', welcome_profile:\'Bienvenue, {name}\', initialization_error_title:\'Argus n\\u2019a pas pu démarrer\', initialization_error_desc:\'La connexion authentifiée au backend Home Assistant a échoué.\', retry_action:\'Réessayer\' },\n  pt: { setup_required_title:\'É necessário configurar o Argus\', setup_required_desc:\'O Argus está instalado, mas ainda não existe uma instância. Adicione-a em Integrações e volte a este painel.\', setup_required_action:\'Configurar Argus em Integrações\', welcome_profile:\'Bem-vindo(a), {name}\', initialization_error_title:\'O Argus não pôde iniciar\', initialization_error_desc:\'Não foi possível conectar ao backend autenticado do Home Assistant.\', retry_action:\'Tentar novamente\' },\n  it: { setup_required_title:\'Configurazione di Argus necessaria\', setup_required_desc:\'Argus è installato, ma non esiste ancora un\\u2019istanza. Aggiungila in Integrazioni, poi torna a questo pannello.\', setup_required_action:\'Configura Argus in Integrazioni\', welcome_profile:\'Benvenuto/a, {name}\', initialization_error_title:\'Argus non si è avviato\', initialization_error_desc:\'Impossibile connettersi al backend autenticato di Home Assistant.\', retry_action:\'Riprova\' },\n  zh: { setup_required_title:\'需要配置 Argus\', setup_required_desc:\'Argus 已安装，但尚未创建实例。请在\\u201c集成\\u201d中添加，然后返回此面板。\', setup_required_action:\'在集成中配置 Argus\', welcome_profile:\'欢迎，{name}\', initialization_error_title:\'Argus 无法启动\', initialization_error_desc:\'无法连接到 Home Assistant 的已认证后端。\', retry_action:\'重试\' },\n  ru: { setup_required_title:\'Требуется настройка Argus\', setup_required_desc:\'Argus установлен, но экземпляр ещё не создан. Добавьте его в разделе интеграций и вернитесь на эту панель.\', setup_required_action:\'Настроить Argus в интеграциях\', welcome_profile:\'Добро пожаловать, {name}\', initialization_error_title:\'Не удалось запустить Argus\', initialization_error_desc:\'Не удалось подключиться к авторизованному backend Home Assistant.\', retry_action:\'Повторить\' },\n};\n\nconst UI_AUDIT_TEXTS = {\n  es: { github_title:\'Apoya a Argus\', github_desc:\'Si te gusta este proyecto, considera darle una estrella en GitHub para apoyar su desarrollo.\', github_action:\'Dar estrella en GitHub\', history_refresh:\'Actualizar\', history_unavailable:\'No se pudo cargar el historial. Verifica el permiso «Ver historial» e inténtalo de nuevo.\', user_no_pin:\'Sin PIN\', user_pin_action:\'PIN\', user_role_action:\'Rol\', notif_no_services:\'Sin servicios móviles\',\n    log_action_user_logged_in:\'Inicio de sesión\', log_action_state_restored:\'Estado restaurado\', log_action_profile_selected:\'Perfil seleccionado\', log_action_schedule_applied:\'Horario aplicado\', log_action_mode_changed:\'Modo cambiado\', log_action_backup_created:\'Copia de seguridad creada\', log_action_backup_restored:\'Configuración restaurada\', log_action_access_pin_updated:\'PIN de acceso actualizado\',\n    modal_cancel:\'Cancelar\', modal_save:\'Guardar\', modal_confirm:\'Confirmar\', modal_pin_title:\'PIN de acceso\', modal_pin_help:\'Deja en blanco para eliminar el PIN de acceso.\', modal_edit_name:\'Editar nombre\', modal_add_user:\'+ Agregar usuario manual\', modal_name_label:\'Nombre del perfil\', modal_user_added:\'Usuario creado.\', modal_delete_confirm:\'¿Eliminar este usuario? Esta acción no se puede deshacer.\' },\n  en: { github_title:\'Support Argus\', github_desc:\'If you like this project, consider starring it on GitHub to support its development.\', github_action:\'Star on GitHub\', history_refresh:\'Refresh\', history_unavailable:\'Activity history could not be loaded. Check the \\u201cView history\\u201d permission and try again.\', user_no_pin:\'No PIN\', user_pin_action:\'PIN\', user_role_action:\'Role\', notif_no_services:\'No mobile services\',\n    log_action_user_logged_in:\'User login\', log_action_state_restored:\'State restored\', log_action_profile_selected:\'Profile selected\', log_action_schedule_applied:\'Schedule applied\', log_action_mode_changed:\'Mode changed\', log_action_backup_created:\'Backup created\', log_action_backup_restored:\'Configuration restored\', log_action_access_pin_updated:\'Access PIN updated\',\n    modal_cancel:\'Cancel\', modal_save:\'Save\', modal_confirm:\'Confirm\', modal_pin_title:\'Access PIN\', modal_pin_help:\'Leave blank to remove the access PIN.\', modal_edit_name:\'Edit name\', modal_add_user:\'+ Add manual user\', modal_name_label:\'Profile name\', modal_user_added:\'User created.\', modal_delete_confirm:\'Delete this user? This action cannot be undone.\' },\n  fr: { github_title:\'Soutenez Argus\', github_desc:\'Si vous aimez ce projet, ajoutez une étoile sur GitHub pour soutenir son développement.\', github_action:\'Ajouter une étoile sur GitHub\', history_refresh:\'Actualiser\', history_unavailable:\'Impossible de charger l\\u2019historique. Vérifiez l\\u2019autorisation « Voir l\\u2019historique » et réessayez.\', user_no_pin:\'Sans PIN\', user_pin_action:\'PIN\', user_role_action:\'Rôle\', notif_no_services:\'Aucun service mobile\',\n    log_action_user_logged_in:\'Connexion\', log_action_state_restored:\'État restauré\', log_action_profile_selected:\'Profil sélectionné\', log_action_schedule_applied:\'Horaire appliqué\', log_action_mode_changed:\'Mode modifié\', log_action_backup_created:\'Sauvegarde créée\', log_action_backup_restored:\'Configuration restaurée\', log_action_access_pin_updated:\'PIN d\\u2019accès mis à jour\',\n    modal_cancel:\'Annuler\', modal_save:\'Enregistrer\', modal_confirm:\'Confirmer\', modal_pin_title:\'PIN d\\u2019accès\', modal_pin_help:\'Laissez vide pour supprimer le PIN.\', modal_edit_name:\'Modifier le nom\', modal_add_user:\'+ Ajouter un utilisateur\', modal_name_label:\'Nom du profil\', modal_user_added:\'Utilisateur créé.\', modal_delete_confirm:\'Supprimer cet utilisateur ?\' },\n  pt: { github_title:\'Apoie o Argus\', github_desc:\'Se você gosta deste projeto, dê uma estrela no GitHub para apoiar o desenvolvimento.\', github_action:\'Dar estrela no GitHub\', history_refresh:\'Atualizar\', history_unavailable:\'Não foi possível carregar o histórico. Verifique a permissão \\u201cVer histórico\\u201d e tente novamente.\', user_no_pin:\'Sem PIN\', user_pin_action:\'PIN\', user_role_action:\'Função\', notif_no_services:\'Sem serviços móveis\',\n    log_action_user_logged_in:\'Login do usuário\', log_action_state_restored:\'Estado restaurado\', log_action_profile_selected:\'Perfil selecionado\', log_action_schedule_applied:\'Horário aplicado\', log_action_mode_changed:\'Modo alterado\', log_action_backup_created:\'Backup criado\', log_action_backup_restored:\'Configuração restaurada\', log_action_access_pin_updated:\'PIN de acesso atualizado\',\n    modal_cancel:\'Cancelar\', modal_save:\'Salvar\', modal_confirm:\'Confirmar\', modal_pin_title:\'PIN de acesso\', modal_pin_help:\'Deixe em branco para remover o PIN.\', modal_edit_name:\'Editar nome\', modal_add_user:\'+ Adicionar usuário\', modal_name_label:\'Nome do perfil\', modal_user_added:\'Usuário criado.\', modal_delete_confirm:\'Excluir este usuário?\' },\n  it: { github_title:\'Sostieni Argus\', github_desc:\'Se ti piace questo progetto, aggiungi una stella su GitHub per sostenerne lo sviluppo.\', github_action:\'Aggiungi una stella su GitHub\', history_refresh:\'Aggiorna\', history_unavailable:\'Impossibile caricare la cronologia. Controlla il permesso \\u201cVisualizza cronologia\\u201d e riprova.\', user_no_pin:\'Senza PIN\', user_pin_action:\'PIN\', user_role_action:\'Ruolo\', notif_no_services:\'Nessun servizio mobile\',\n    log_action_user_logged_in:\'Accesso utente\', log_action_state_restored:\'Stato ripristinato\', log_action_profile_selected:\'Profilo selezionato\', log_action_schedule_applied:\'Pianificazione applicata\', log_action_mode_changed:\'Modalità cambiata\', log_action_backup_created:\'Backup creato\', log_action_backup_restored:\'Configurazione ripristinata\', log_action_access_pin_updated:\'PIN di accesso aggiornato\',\n    modal_cancel:\'Annulla\', modal_save:\'Salva\', modal_confirm:\'Conferma\', modal_pin_title:\'PIN di accesso\', modal_pin_help:\'Lascia vuoto per rimuovere il PIN.\', modal_edit_name:\'Modifica nome\', modal_add_user:\'+ Aggiungi utente\', modal_name_label:\'Nome del profilo\', modal_user_added:\'Utente creato.\', modal_delete_confirm:\'Eliminare questo utente?\' },\n  zh: { github_title:\'支持 Argus\', github_desc:\'如果您喜欢这个项目，请在 GitHub 上加星以支持其开发。\', github_action:\'在 GitHub 上加星\', history_refresh:\'刷新\', history_unavailable:\'无法加载活动历史。请检查\\u201c查看历史\\u201d权限后重试。\', user_no_pin:\'无 PIN\', user_pin_action:\'PIN\', user_role_action:\'角色\', notif_no_services:\'无移动服务\',\n    log_action_user_logged_in:\'用户登录\', log_action_state_restored:\'状态已恢复\', log_action_profile_selected:\'已选择配置文件\', log_action_schedule_applied:\'已应用计划\', log_action_mode_changed:\'模式已更改\', log_action_backup_created:\'已创建备份\', log_action_backup_restored:\'配置已恢复\', log_action_access_pin_updated:\'访问 PIN 已更新\',\n    modal_cancel:\'取消\', modal_save:\'保存\', modal_confirm:\'确认\', modal_pin_title:\'访问 PIN\', modal_pin_help:\'留空以删除访问 PIN。\', modal_edit_name:\'编辑名称\', modal_add_user:\'+ 添加用户\', modal_name_label:\'配置文件名称\', modal_user_added:\'用户已创建。\', modal_delete_confirm:\'删除此用户？\' },\n  ru: { github_title:\'Поддержите Argus\', github_desc:\'Если вам нравится проект, поставьте звезду на GitHub, чтобы поддержать разработку.\', github_action:\'Поставить звезду на GitHub\', history_refresh:\'Обновить\', history_unavailable:\'Не удалось загрузить историю. Проверьте разрешение «Просмотр истории» и повторите попытку.\', user_no_pin:\'Без PIN\', user_pin_action:\'PIN\', user_role_action:\'Роль\', notif_no_services:\'Нет мобильных служб\',\n    log_action_user_logged_in:\'Вход пользователя\', log_action_state_restored:\'Состояние восстановлено\', log_action_profile_selected:\'Профиль выбран\', log_action_schedule_applied:\'Расписание применено\', log_action_mode_changed:\'Режим изменён\', log_action_backup_created:\'Резервная копия создана\', log_action_backup_restored:\'Конфигурация восстановлена\', log_action_access_pin_updated:\'PIN доступа обновлён\',\n    modal_cancel:\'Отмена\', modal_save:\'Сохранить\', modal_confirm:\'Подтвердить\', modal_pin_title:\'PIN доступа\', modal_pin_help:\'Оставьте пустым, чтобы удалить PIN.\', modal_edit_name:\'Изменить имя\', modal_add_user:\'+ Добавить пользователя\', modal_name_label:\'Имя профиля\', modal_user_added:\'Пользователь создан.\', modal_delete_confirm:\'Удалить этого пользователя?\' },\n};\n\nconst FIRST_RUN_TEXTS = {\n  es: { setup_admin_name:\'Nombre del Administrador\', setup_access_pin:\'PIN de acceso al panel Argus (Opcional)\', setup_master_pin:\'PIN maestro para armar/desarmar (Opcional)\', claim_title:\'Argus Security Update\', claim_desc:\'Tu instalación requiere un administrador para reclamar el acceso.\', claim_btn:\'Reclamar Administración\' },\n  en: { setup_admin_name:\'Administrator Name\', setup_access_pin:\'Argus panel access PIN (Optional)\', setup_master_pin:\'Master PIN to arm/disarm (Optional)\', claim_title:\'Argus Security Update\', claim_desc:\'Your installation needs an administrator to claim access.\', claim_btn:\'Claim Administration\' },\n  fr: { setup_admin_name:\'Nom de l\\u2019administrateur\', setup_access_pin:\'PIN d\\u2019accès au panneau Argus (Optionnel)\', setup_master_pin:\'PIN maître pour armer/désarmer (Optionnel)\', claim_title:\'Mise à jour de sécurité Argus\', claim_desc:\'Votre installation nécessite un administrateur pour réclamer l\\u2019accès.\', claim_btn:\'Réclamer l\\u2019administration\' },\n  pt: { setup_admin_name:\'Nome do Administrador\', setup_access_pin:\'PIN de acesso ao painel Argus (Opcional)\', setup_master_pin:\'PIN mestre para armar/desarmar (Opcional)\', claim_title:\'Atualização de Segurança Argus\', claim_desc:\'Sua instalação precisa de um administrador para reivindicar o acesso.\', claim_btn:\'Reivindicar Administração\' },\n  it: { setup_admin_name:\'Nome dell\\u2019amministratore\', setup_access_pin:\'PIN di accesso al pannello Argus (Opzionale)\', setup_master_pin:\'PIN master per armare/disarmare (Opzionale)\', claim_title:\'Aggiornamento di sicurezza Argus\', claim_desc:\'La tua installazione richiede un amministratore per rivendicare l\\u2019accesso.\', claim_btn:\'Rivendica Amministrazione\' },\n  zh: { setup_admin_name:\'管理员名称\', setup_access_pin:\'Argus 面板访问 PIN (可选)\', setup_master_pin:\'布防/撤防主 PIN (可选)\', claim_title:\'Argus 安全更新\', claim_desc:\'您的安装需要管理员来声明访问权限。\', claim_btn:\'声明管理权限\' },\n  ru: { setup_admin_name:\'Имя администратора\', setup_access_pin:\'PIN доступа к панели Argus (Необязательно)\', setup_master_pin:\'Мастер-PIN для постановки/снятия с охраны (Необязательно)\', claim_title:\'Обновление безопасности Argus\', claim_desc:\'Вашей установке требуется администратор для получения доступа.\', claim_btn:\'Заявить права администратора\' },\n};\n\nfor (const language of Object.keys(TEXTS)) {\n  Object.assign(TEXTS[language], EXTRA_TEXTS[language], SETUP_REQUIRED_TEXTS[language], UI_AUDIT_TEXTS[language], FIRST_RUN_TEXTS[language]);\n}\n\nObject.assign(TEXTS.es, { expired:\'Expirado\', active_until:\'Vigente hasta\', exp_indefinite:\'Indefinido\' });\nObject.assign(TEXTS.en, { expired:\'Expired\', active_until:\'Valid until\', exp_indefinite:\'Indefinite\' });\nObject.assign(TEXTS.fr, { expired:\'Expiré\', active_until:\'Expire\', exp_indefinite:\'Indéfini\' });\nObject.assign(TEXTS.pt, { expired:\'Expirado\', active_until:\'Expira\', exp_indefinite:\'Indefinido\' });\nObject.assign(TEXTS.it, { expired:\'Scaduto\', active_until:\'Scade\', exp_indefinite:\'Indefinito\' });\nObject.assign(TEXTS.zh, { expired:\'已过期\', active_until:\'到期\', exp_indefinite:\'无限期\' });\nObject.assign(TEXTS.ru, { expired:\'Истёк\', active_until:\'Действует до\', exp_indefinite:\'Бессрочно\' });\nObject.assign(TEXTS.es, { entry_sensors:\'Sensores con retraso de entrada\', select_entry_sensors:\'Seleccionar sensores de entrada\' });\nObject.assign(TEXTS.en, { entry_sensors:\'Entry-delay sensors\', select_entry_sensors:\'Select entry sensors\' });\nObject.assign(TEXTS.fr, { entry_sensors:\'Capteurs avec délai d\\u2019entrée\', select_entry_sensors:\'Sélectionner les capteurs d\\u2019entrée\' });\nObject.assign(TEXTS.pt, { entry_sensors:\'Sensores com atraso de entrada\', select_entry_sensors:\'Selecionar sensores de entrada\' });\nObject.assign(TEXTS.it, { entry_sensors:\'Sensori con ritardo di ingresso\', select_entry_sensors:\'Seleziona sensori di ingresso\' });\nObject.assign(TEXTS.zh, { entry_sensors:\'具有进入延迟的传感器\', select_entry_sensors:\'选择进入传感器\' });\nObject.assign(TEXTS.ru, { entry_sensors:\'Датчики с задержкой входа\', select_entry_sensors:\'Выбрать датчики входа\' });\nObject.assign(TEXTS.es, { entry_delay_toggle:\'Retraso de entrada (⏳) o instantáneo (⚡)\', saved:\'✓ Guardado correctamente\', pin_mismatch:\'❌ El nuevo PIN no coincide\' });\nObject.assign(TEXTS.en, { entry_delay_toggle:\'Entry delay (⏳) or instant (⚡)\', saved:\'✓ Saved successfully\', pin_mismatch:\'❌ New PIN does not match\' });\nObject.assign(TEXTS.fr, { entry_delay_toggle:\'Délai d\\u2019entrée (⏳) ou instantané (⚡)\', saved:\'✓ Enregistré\', pin_mismatch:\'❌ Le nouveau code PIN ne correspond pas\' });\nObject.assign(TEXTS.pt, { entry_delay_toggle:\'Atraso de entrada (⏳) ou instantâneo (⚡)\', saved:\'✓ Salvo com sucesso\', pin_mismatch:\'❌ O novo PIN não coincide\' });\nObject.assign(TEXTS.it, { entry_delay_toggle:\'Ritardo di ingresso (⏳) o istantaneo (⚡)\', saved:\'✓ Salvato correttamente\', pin_mismatch:\'❌ Il nuovo PIN non corrisponde\' });\nObject.assign(TEXTS.zh, { entry_delay_toggle:\'进入延迟 (⏳) 或即时 (⚡)\', saved:\'✓ 已成功保存\', pin_mismatch:\'❌ 新 PIN 不匹配\' });\nObject.assign(TEXTS.ru, { entry_delay_toggle:\'Задержка входа (⏳) или мгновенно (⚡)\', saved:\'✓ Успешно сохранено\', pin_mismatch:\'❌ Новый PIN-код не совпадает\' });\n\n// Labels introduced after the original language dictionaries.  Keeping these\n// together makes the UI resilient when a newly-added static control is\n// translated, rather than falling back to English (or its template text).\nObject.assign(TEXTS.es, { temp_displayed:\'🌡️ Temperatura mostrada\', weather_source:\'☁️ Fuente de clima\', weather_auto:\'Automático (primera entidad de clima)\', user_exp_type:\'Vencimiento\', user_exp_date:\'Fecha/Hora de vencimiento\', exp_temporary:\'Temporal (fecha/hora)\', log_mode:\'Modo\', log_action_user_added:\'Usuario añadido\', log_action_user_deleted:\'Usuario eliminado\', log_action_rejected:\'Acción rechazada\', log_action_automation:\'Automatización ejecutada\', log_action_analysis:\'Análisis de IA\', log_action_sos:\'SOS activado\', log_action_sos_stopped:\'Pánico detenido\' });\nObject.assign(TEXTS.en, { temp_displayed:\'🌡️ Displayed temperature\', weather_source:\'☁️ Weather source\', weather_auto:\'Automatic (first weather entity)\', user_exp_type:\'Expiration\', user_exp_date:\'Expiration date/time\', exp_temporary:\'Temporary (date/time)\', log_mode:\'Mode\', log_action_user_added:\'User added\', log_action_user_deleted:\'User deleted\', log_action_rejected:\'Action rejected\', log_action_automation:\'Automation executed\', log_action_analysis:\'AI analysis\', log_action_sos:\'SOS activated\', log_action_sos_stopped:\'Panic stopped\' });\nObject.assign(TEXTS.fr, { temp_displayed:\'🌡️ Température affichée\', weather_source:\'☁️ Source météo\', weather_auto:\'Automatique (première entité météo)\', user_exp_type:\'Expiration\', user_exp_date:"Date/heure d\\u2019expiration", exp_temporary:\'Temporaire (date/heure)\', log_mode:\'Mode\', log_action_user_added:\'Utilisateur ajouté\', log_action_user_deleted:\'Utilisateur supprimé\', log_action_rejected:\'Action refusée\', log_action_automation:\'Automatisation exécutée\', log_action_analysis:\'Analyse IA\', log_action_sos:\'SOS activé\', log_action_sos_stopped:\'Panique arrêtée\' });\nObject.assign(TEXTS.pt, { temp_displayed:\'🌡️ Temperatura exibida\', weather_source:\'☁️ Fonte de clima\', weather_auto:\'Automático (primeira entidade meteorológica)\', user_exp_type:\'Expiração\', user_exp_date:\'Data/hora de expiração\', exp_temporary:\'Temporário (data/hora)\', log_mode:\'Modo\', log_action_user_added:\'Usuário adicionado\', log_action_user_deleted:\'Usuário removido\', log_action_rejected:\'Ação recusada\', log_action_automation:\'Automação executada\', log_action_analysis:\'Análise de IA\', log_action_sos:\'SOS ativado\', log_action_sos_stopped:\'Pânico interrompido\' });\nObject.assign(TEXTS.it, { temp_displayed:\'🌡️ Temperatura visualizzata\', weather_source:\'☁️ Fonte meteo\', weather_auto:\'Automatico (prima entità meteo)\', user_exp_type:\'Scadenza\', user_exp_date:\'Data/ora di scadenza\', exp_temporary:\'Temporaneo (data/ora)\', log_mode:\'Modalità\', log_action_user_added:\'Utente aggiunto\', log_action_user_deleted:\'Utente eliminato\', log_action_rejected:\'Azione rifiutata\', log_action_automation:\'Automazione eseguita\', log_action_analysis:\'Analisi IA\', log_action_sos:\'SOS attivato\', log_action_sos_stopped:\'Panico interrotto\' });\nObject.assign(TEXTS.zh, { temp_displayed:\'🌡️ 显示的温度\', weather_source:\'☁️ 天气来源\', weather_auto:\'自动（第一个天气实体）\', user_exp_type:\'到期\', user_exp_date:\'到期日期/时间\', exp_temporary:\'临时（日期/时间）\', log_mode:\'模式\', log_action_user_added:\'已添加用户\', log_action_user_deleted:\'已删除用户\', log_action_rejected:\'操作被拒绝\', log_action_automation:\'自动化已执行\', log_action_analysis:\'AI 分析\', log_action_sos:\'SOS 已激活\', log_action_sos_stopped:\'紧急状态已停止\' });\nObject.assign(TEXTS.ru, { temp_displayed:\'🌡️ Отображаемая температура\', weather_source:\'☁️ Источник погоды\', weather_auto:\'Автоматически (первая погодная сущность)\', user_exp_type:\'Срок действия\', user_exp_date:\'Дата/время окончания\', exp_temporary:\'Временный (дата/время)\', log_mode:\'Режим\', log_action_user_added:\'Пользователь добавлен\', log_action_user_deleted:\'Пользователь удалён\', log_action_rejected:\'Действие отклонено\', log_action_automation:\'Автоматизация выполнена\', log_action_analysis:\'Анализ ИИ\', log_action_sos:\'SOS активирован\', log_action_sos_stopped:\'Тревога остановлена\' });\n\n/* ── Template ─────────────────────────────────────────────────────────── */\nconst _tmpl = document.createElement(\'template\');\n_tmpl.innerHTML = `\n<style>\n\n  /* Modern Premium Liquid Glass & iOS Wobble Styles */\n  :host {\n    --glass-bg: var(--argus-glass-bg, rgba(255, 255, 255, 0.07));\n    --glass-border: var(--argus-glass-border, rgba(255, 255, 255, 0.09));\n    --glass-shadow: 0 30px 60px -15px rgba(0, 0, 0, 0.35),\n                    0 15px 30px -10px rgba(0, 122, 255, 0.12),\n                    inset 0 1px 0 rgba(255, 255, 255, 0.15);\n    --sos-red: linear-gradient(135deg, #ff3b30, #ff2d55);\n    --ios-track: rgba(0, 0, 0, 0.25);\n    --ios-thumb: linear-gradient(180deg, #ffffff, #f4f4f7);\n    --text-shadow: 0 1px 3px rgba(0,0,0,0.15);\n    --primary-color: #007aff;\n    --personalize-bg: rgba(255, 255, 255, 0.02);\n    --personalize-border: rgba(255, 255, 255, 0.06);\n    --personalize-divider: rgba(255, 255, 255, 0.08);\n    --bg-inputs-bg: rgba(0, 0, 0, 0.15);\n    --bg-inputs-border: rgba(255, 255, 255, 0.05);\n    --input-bg-darker: rgba(0, 0, 0, 0.25);\n    --input-border-darker: rgba(255, 255, 255, 0.12);\n    --hero-bg: linear-gradient(135deg, rgba(255,255,255,0.06), rgba(255,255,255,0.02));\n    --log-item-bg: rgba(255, 255, 255, 0.02);\n    --log-item-border: rgba(255, 255, 255, 0.05);\n    --user-card-bg: rgba(255, 255, 255, 0.02);\n    --user-card-border: rgba(255, 255, 255, 0.06);\n    --primary-text-color: #ffffff;\n    --secondary-text-color: rgba(255, 255, 255, 0.7);\n    --input-bg: rgba(255, 255, 255, 0.04);\n    --input-border: rgba(255, 255, 255, 0.12);\n  }\n\n  /* Detect light mode via HA variables and adjust glass */\n  :host([argus-dark-mode="false"]:not([data-bg-mode="default"])) {\n    --argus-glass-bg: rgba(255, 255, 255, 0.25);\n    --argus-glass-border: rgba(0, 0, 0, 0.08);\n    --glass-shadow: 0 20px 45px -15px rgba(0, 0, 0, 0.08),\n                    0 10px 20px -10px rgba(0, 122, 255, 0.05),\n                    inset 0 1px 0 rgba(255, 255, 255, 0.5);\n    --text-shadow: none;\n    --hud-bg: rgba(0,0,0,0.04);\n    --hero-gradient: linear-gradient(135deg, #0052d4, #4364f7, #6fb1fc);\n    --card-title-color: #0052d4;\n    --pill-bg: rgba(0,0,0,0.03);\n    --pill-border: rgba(0,0,0,0.08);\n    --pill-text: #1d1d1f;\n    --argus-pill-bg: rgba(0,0,0,0.04);\n    --argus-pill-bg-hover: rgba(0,0,0,0.08);\n    --argus-pill-border: rgba(0,0,0,0.12);\n    --argus-pill-color: #1d1d1f;\n    --argus-pill-color-muted: rgba(0,0,0,0.6);\n    --primary-color: #007aff;\n    --personalize-bg: rgba(0, 0, 0, 0.02);\n    --personalize-border: rgba(0, 0, 0, 0.05);\n    --personalize-divider: rgba(0, 0, 0, 0.08);\n    --bg-inputs-bg: rgba(0, 0, 0, 0.03);\n    --bg-inputs-border: rgba(0, 0, 0, 0.07);\n    --input-bg-darker: rgba(0, 0, 0, 0.04);\n    --input-border-darker: rgba(0, 0, 0, 0.12);\n    --hero-bg: linear-gradient(135deg, rgba(255, 255, 255, 0.25), rgba(255, 255, 255, 0.15));\n    --log-item-bg: rgba(0, 0, 0, 0.02);\n    --log-item-border: rgba(0, 0, 0, 0.05);\n    --user-card-bg: rgba(0, 0, 0, 0.02);\n    --user-card-border: rgba(0, 0, 0, 0.06);\n    --primary-text-color: #1d1d1f;\n    --secondary-text-color: rgba(0, 0, 0, 0.7);\n    --input-bg: rgba(0, 0, 0, 0.04);\n    --input-border: rgba(0, 0, 0, 0.12);\n  }\n\n  :host {\n    --hud-text-color: #fff;\n    --hud-bg: rgba(255,255,255,0.06);\n  }\n\n  /* Fullscreen Active / Virtual Fullscreen CSS Overrides */\n  :host(.fullscreen-active) {\n    position: fixed !important;\n    inset: 0 !important;\n    z-index: 99999999 !important;\n    width: 100vw !important;\n    height: 100vh !important;\n    background: #000 !important;\n    margin: 0 !important;\n    padding: 0 !important;\n  }\n  :host(.fullscreen-active) .wrap {\n    padding: 0 !important;\n    margin: 0 !important;\n    max-width: none !important;\n    width: 100% !important;\n    height: 100% !important;\n  }\n  :host(.fullscreen-active) .hero {\n    display: none !important;\n  }\n  :host(.fullscreen-active) .grid {\n    display: block !important;\n    width: 100% !important;\n    height: 100% !important;\n    margin: 0 !important;\n    gap: 0 !important;\n  }\n  :host(.fullscreen-active) .grid > .stack:not(:first-child) {\n    display: none !important;\n  }\n  :host(.fullscreen-active) .grid > .stack:first-child {\n    width: 100% !important;\n    height: 100% !important;\n    margin: 0 !important;\n    padding: 0 !important;\n  }\n  :host(.fullscreen-active) .grid > .stack:first-child > section:not(:first-child) {\n    display: none !important;\n  }\n  :host(.fullscreen-active) .grid > .stack:first-child > section:first-child {\n    background: none !important;\n    border: none !important;\n    box-shadow: none !important;\n    padding: 0 !important;\n    margin: 0 !important;\n    width: 100% !important;\n    height: 100% !important;\n    border-radius: 0 !important;\n    display: flex !important;\n    flex-direction: column !important;\n  }\n  :host(.fullscreen-active) .grid > .stack:first-child > section:first-child .panel-head {\n    display: none !important;\n  }\n  :host(.fullscreen-active) .grid > .stack:first-child > section:first-child .personalize-section {\n    display: none !important;\n  }\n  :host(.fullscreen-active) #entries {\n    width: 100% !important;\n    height: 100% !important;\n    margin: 0 !important;\n    padding: 0 !important;\n  }\n  :host(.fullscreen-active) #entries > .entry:not(.ios-fullscreen) {\n    display: none !important;\n  }\n  :host(.fullscreen-active) #entries > .entry.ios-fullscreen {\n    position: fixed !important;\n    inset: 0 !important;\n    width: 100% !important;\n    height: 100% !important;\n    margin: 0 !important;\n    border-radius: 0 !important;\n    z-index: 100 !important;\n  }\n\n  .liquid-glass {\n    background: var(--glass-bg);\n    backdrop-filter: blur(12px) saturate(120%);\n    -webkit-backdrop-filter: blur(12px) saturate(120%);\n    border: 1px solid var(--glass-border);\n    box-shadow: var(--glass-shadow);\n    transition: transform 0.3s cubic-bezier(0.25, 0.8, 0.25, 1), box-shadow 0.3s ease;\n  }\n  .wrap { position: relative; z-index: 1; transition: filter 0.35s ease, opacity 0.35s ease; }\n  .wrap.wrap-blurred { filter: blur(15px); opacity: 0.45; pointer-events: none; }\n  @keyframes dialElasticIn {\n    0% { transform: scale(0.8) translateY(20px); opacity: 0; }\n    60% { transform: scale(1.04) translateY(-4px); opacity: 0.9; }\n    85% { transform: scale(0.98) translateY(1px); opacity: 0.98; }\n    100% { transform: scale(1) translateY(0); opacity: 1; }\n  }\n  .dial-elastic { animation: dialElasticIn 0.5s cubic-bezier(0.25, 1.25, 0.5, 1) forwards; }\n\n  .collapsible {\n    transition: max-height 0.4s cubic-bezier(0.25, 1, 0.5, 1), opacity 0.3s ease, margin 0.4s ease, padding 0.4s ease;\n    overflow: hidden;\n    max-height: 600px;\n    opacity: 1;\n  }\n  .collapsible.collapsed {\n    max-height: 0 !important;\n    opacity: 0 !important;\n    margin-top: 0 !important;\n    margin-bottom: 0 !important;\n    padding-top: 0 !important;\n    padding-bottom: 0 !important;\n    border: none !important;\n    pointer-events: none;\n  }\n\n  /* Scrollbar aesthetics */\n  ::-webkit-scrollbar {\n    width: 6px;\n    height: 6px;\n  }\n  ::-webkit-scrollbar-track {\n    background: transparent;\n  }\n  ::-webkit-scrollbar-thumb {\n    background: rgba(255, 255, 255, 0.12);\n    border-radius: 999px;\n  }\n  ::-webkit-scrollbar-thumb:hover {\n    background: rgba(255, 255, 255, 0.25);\n  }\n  :host([argus-dark-mode="false"]:not([data-bg-mode="default"])) ::-webkit-scrollbar-thumb {\n    background: rgba(0, 0, 0, 0.08);\n  }\n  :host([argus-dark-mode="false"]:not([data-bg-mode="default"])) ::-webkit-scrollbar-thumb:hover {\n    background: rgba(0, 0, 0, 0.18);\n  }\n\n  .battery-alert { margin: 0 0 16px 0; padding: 14px 18px; border-radius: 20px; background: rgba(255, 149, 0, 0.12); border: 1px solid rgba(255, 149, 0, 0.22); color: #ffe3b3; font-weight: 700; backdrop-filter: blur(14px); -webkit-backdrop-filter: blur(14px); text-align: left; box-shadow: 0 4px 15px rgba(255,149,0,0.1); }\n\n  /* SOS Slider redesign */\n  .btn-sos { width: 100%; min-height: 56px; border: 0; border-radius: 20px; background: var(--sos-red); color: white; font-size: 1.05rem; font-weight: 800; letter-spacing: 0.02em; cursor: pointer; box-shadow: 0 10px 25px rgba(255, 59, 48, 0.35); transition: transform 0.2s cubic-bezier(0.34, 1.56, 0.64, 1), box-shadow 0.2s ease, opacity 0.2s; margin-top: 8px; display:flex;align-items:center;justify-content:center;gap:10px; }\n  .btn-sos:hover { transform: translateY(-2px); box-shadow: 0 14px 32px rgba(255, 59, 48, 0.45); }\n  .btn-sos:active { transform: scale(0.95); opacity: 0.92; }\n  .ios-confirm-backdrop { position: fixed; inset: 0; background: rgba(0, 0, 0, 0.55); display: none; align-items: center; justify-content: center; padding: 18px; z-index: 999999; backdrop-filter: blur(12px); }\n  .ios-confirm-backdrop.open { display: flex; }\n  .ios-confirm-card { width: min(100%, 420px); border-radius: 32px; padding: 24px; color: white; background: rgba(20,22,35,0.85); border: 1px solid rgba(255,255,255,0.1); box-shadow: 0 32px 80px rgba(0,0,0,0.6); }\n  .ios-confirm-title { font-size: 1.25rem; font-weight: 800; margin-bottom: 8px; text-align: center; }\n  .ios-confirm-text { font-size: 0.98rem; opacity: 0.85; line-height: 1.45; text-align: center; margin-bottom: 20px; }\n  .ios-slider-shell { padding: 4px 0 16px; }\n  .ios-slider-track { position: relative; height: 66px; border-radius: 999px; background: rgba(255, 255, 255, 0.04); border: 1px solid rgba(255, 255, 255, 0.08); overflow: hidden; }\n  .ios-slider-label { position: absolute; inset: 0; display: flex; align-items: center; justify-content: center; padding: 0 82px; font-size: 0.95rem; font-weight: 700; color: rgba(255, 255, 255, 0.85); pointer-events: none; text-align: center; }\n  .ios-slider-thumb { position: absolute; top: 6px; left: 6px; width: 52px; height: 52px; border-radius: 50%; background: var(--ios-thumb); color: #ff3b30; display: flex; align-items: center; justify-content: center; font-size: 1.25rem; font-weight: 900; box-shadow: 0 6px 16px rgba(0, 0, 0, 0.25); touch-action: none; user-select: none; cursor: grab; transition: transform 0.1s ease-out; }\n  .ios-confirm-cancel { width: 100%; min-height: 50px; border: 0; border-radius: 18px; background: rgba(255,255,255,0.08); border: 1px solid rgba(255,255,255,0.05); color: white; font-weight: 700; cursor: pointer; transition: background 0.2s, transform 0.15s; }\n  .ios-confirm-cancel:hover { background: rgba(255,255,255,0.14); }\n  .ios-confirm-cancel:active { transform: scale(0.96); }\n\n  :host{display:block;min-height:100vh;box-sizing:border-box;color:var(--primary-text-color);background:var(--lovelace-background,var(--primary-background-color));font-family:\'Outfit\',Inter,system-ui,sans-serif}\n  *{box-sizing:border-box}\n  @keyframes iosGlassIn{0%{opacity:0;transform:translateY(14px) scale(.965)}65%{opacity:1;transform:translateY(-2px) scale(1.008)}100%{transform:translateY(0) scale(1)}}\n  @keyframes iosSelectPop{0%{transform:scale(.92);opacity:.45}60%{transform:scale(1.045);opacity:1}100%{transform:scale(1)}}\n  .glass,.entry,.mode-section-card,.user-card,.file-card,.log-item{animation:iosGlassIn .5s cubic-bezier(.22,1.18,.36,1) both}\n  .pick-row:has(input:checked),.tab.active,.liquid-btn.active{animation:iosSelectPop .34s cubic-bezier(.2,1.45,.35,1);box-shadow:0 0 0 1px color-mix(in srgb,var(--primary-color,#007aff) 45%,transparent),0 12px 30px color-mix(in srgb,var(--primary-color,#007aff) 18%,transparent)}\n  .liquid-glass{background:linear-gradient(135deg,color-mix(in srgb,var(--glass-bg) 86%,#fff 14%),var(--glass-bg));backdrop-filter:blur(24px) saturate(155%);-webkit-backdrop-filter:blur(24px) saturate(155%);border-color:color-mix(in srgb,var(--glass-border) 70%,#fff 30%)}\n  button:focus-visible,input:focus-visible,select:focus-visible,[tabindex]:focus-visible{outline:3px solid color-mix(in srgb,var(--primary-color,#007aff) 70%,#fff);outline-offset:3px}\n  button:disabled{cursor:not-allowed;opacity:.5;filter:saturate(.45)}\n  @media (prefers-reduced-motion:reduce){*,*::before,*::after{animation-duration:.01ms!important;animation-iteration-count:1!important;scroll-behavior:auto!important;transition-duration:.01ms!important}}\n  .wrap{max-width:1400px;margin:0 auto;padding:24px;display:grid;gap:24px}\n  .glass{background:var(--glass-bg, rgba(255, 255, 255, 0.06));border:1px solid var(--glass-border, rgba(255, 255, 255, 0.09));border-radius:28px;box-shadow:var(--glass-shadow);backdrop-filter:blur(12px) saturate(1.2);-webkit-backdrop-filter:blur(12px) saturate(1.2)}\n  .hero{padding:32px 36px;display:flex;align-items:center;justify-content:space-between;gap:20px;background:var(--hero-bg, linear-gradient(135deg, rgba(255,255,255,0.06), rgba(255,255,255,0.02)));margin-bottom:12px}\n  .hero-left{display:flex;align-items:center;gap:22px}\n  .hero-context{margin-left:auto;display:flex;align-items:center;gap:8px;min-width:0}.hero-clock{display:flex;flex-direction:column;align-items:flex-end;padding-right:14px;border-right:1px solid rgba(255,255,255,.14);line-height:1}.hero-clock strong{font-size:1.45rem;letter-spacing:-.05em}.hero-clock span{font-size:10px;opacity:.65;margin-top:5px;text-transform:uppercase;letter-spacing:.08em}.hero-pills{display:flex;gap:6px;flex-wrap:wrap;justify-content:flex-end}.hero-pill{display:inline-flex;align-items:center;gap:5px;padding:7px 10px;border:1px solid rgba(255,255,255,.15);border-radius:999px;background:rgba(7,16,29,.27);box-shadow:inset 0 1px 0 rgba(255,255,255,.15);backdrop-filter:blur(14px);font-size:10px;font-weight:800;white-space:nowrap}.hero-pill .hero-live{width:7px;height:7px;border-radius:50%;background:#55df91;box-shadow:0 0 9px #55df91}\n  .hero-icon{font-size:54px;line-height:1;filter:drop-shadow(0 0 20px rgba(255,255,255,0.15))}\n  .hero h1{margin:0 0 4px;font-size:34px;font-weight:900;letter-spacing:-0.03em;background:var(--hero-gradient, linear-gradient(to right, #ffffff, #82b1ff));-webkit-background-clip:text;-webkit-text-fill-color:transparent}\n  .hero p{margin:0;font-size:16px;opacity:.7;font-weight:500}\n  @media(max-width:700px){.wrap{padding:14px;gap:14px}.glass{border-radius:22px}.hero{padding:22px;align-items:flex-start}.hero-icon{font-size:40px}.hero h1{font-size:27px}.hero p{font-size:14px}.entry-content{grid-template-columns:96px 1fr;padding:16px 105px 16px 14px;gap:10px}.sensor-column{width:98px}.sensor-chip{max-width:94px}.entry-icon{min-height:110px}.entry-icon svg{max-width:150px}.hud{top:12px;right:12px}.hud-data{font-size:15px;padding:5px 9px}.hud-loc{font-size:10px;padding:3px 8px}}\n\n  /* Modern Mode Navigation & iOS Liquid Bubble Transition */\n  .tabs { position: relative; isolation:isolate; display: flex; min-height:72px; background: rgba(255, 255, 255, 0.03); padding: 6px; border-radius: 20px; gap: 6px; overflow: visible; scrollbar-width: none; margin-bottom: 20px; border: 1px solid rgba(255, 255, 255, 0.06); z-index: 1; }\n  .tabs::-webkit-scrollbar { display: none; }\n  .tab { position: relative; flex: 1; min-width: 55px; min-height:60px; display: flex; flex-direction: column; align-items: center; justify-content: center; gap: 4px; border-radius: 14px; padding: 10px 4px; font-size: 11px; font-weight: 800; color: rgba(255, 255, 255, 0.55); transition: color 0.4s cubic-bezier(0.25, 0.8, 0.25, 1); cursor: pointer; border: none !important; outline: none; background: transparent !important; box-shadow: none !important; z-index: 1; }\n  .tab:hover { color: #fff; }\n  .tab:active:not(:disabled) { transform: scale(0.94); }\n  .tab.active { color: #fff !important; background: transparent !important; box-shadow: none !important; transform: none !important; }\n\n  .tab-bubble { position: absolute; top: 6px; bottom: 6px; height: calc(100% - 12px); border-radius: 14px; z-index: 0; transform-origin: left center; transition: transform 0.45s cubic-bezier(0.25, 1.35, 0.4, 1.05), background 0.4s ease, box-shadow 0.4s ease; pointer-events: none; }\n  .tab-bubble.bubble-disarmed { background: #43a047; box-shadow: 0 8px 24px rgba(67, 160, 71, 0.4); }\n  .tab-bubble.bubble-home { background: #fb8c00; box-shadow: 0 8px 24px rgba(251, 140, 0, 0.4); }\n  .tab-bubble.bubble-away { background: #e53935; box-shadow: 0 8px 24px rgba(229, 57, 53, 0.4); }\n  .tab-bubble.bubble-night { background: #1e88e5; box-shadow: 0 8px 24px rgba(30, 136, 229, 0.4); }\n  .tab-bubble.bubble-vacation { background: #9c27b0; box-shadow: 0 8px 24px rgba(156, 39, 176, 0.4); }\n\n  :host([argus-dark-mode="false"]:not([data-bg-mode="default"])) .tabs { background: rgba(0, 0, 0, 0.03); border-color: rgba(0, 0, 0, 0.06); }\n  :host([argus-dark-mode="false"]:not([data-bg-mode="default"])) .tab { color: rgba(0, 0, 0, 0.55); }\n  :host([argus-dark-mode="false"]:not([data-bg-mode="default"])) .tab:hover { color: #000; }\n  :host([argus-dark-mode="false"]:not([data-bg-mode="default"])) .tab.active { color: #fff !important; }\n\n  @keyframes bounceIn {\n    0% { transform: scale(0.96); opacity: 0; }\n    50% { transform: scale(1.01); opacity: 1; }\n    100% { transform: scale(1); opacity: 1; }\n  }\n  .bounce-in { animation: bounceIn 0.45s cubic-bezier(0.16, 1, 0.3, 1) forwards; }\n\n  .grid{display:grid;grid-template-columns:repeat(4,1fr);gap:24px;align-items:start;position:relative}\n  .panel{transition:transform .3s ease,box-shadow .3s ease,grid-column .3s ease,grid-row .3s ease;position:relative}\n  .panel[data-size="S"]{grid-column:span 1;grid-row:span 1}\n  .panel[data-size="M"]{grid-column:span 2;grid-row:span 1}\n  .panel[data-size="L"]{grid-column:span 2;grid-row:span 2}\n  .panel[data-size="XL"]{grid-column:span 4;grid-row:span 2}\n  .dashboard-instances{grid-column:1 / -1}\n  \n  /* Edit Mode Styles */\n  .grid.editing .panel{animation:jiggle .3s infinite ease-in-out;cursor:grab}\n  .grid.editing .panel:nth-child(even){animation-duration:.27s;animation-direction:reverse}\n  .grid.editing .panel:nth-child(3n){animation-duration:.32s;animation-delay:.05s}\n  .grid.editing .panel.dragging{opacity:.5;animation:none;cursor:grabbing}\n  \n  .panel-edit-overlay{position:absolute;inset:0;background:rgba(5,15,30,.82);backdrop-filter:blur(10px);border-radius:inherit;z-index:90;display:flex;flex-direction:column;align-items:center;justify-content:center;gap:12px;opacity:0;pointer-events:none;transition:opacity .25s ease}\n  .grid.editing .panel:not(.dashboard-instances) .panel-edit-overlay{opacity:1;pointer-events:auto}\n  \n  .widget-controls{display:flex;flex-direction:column;align-items:center;gap:10px;padding:16px;background:rgba(255,255,255,.05);border:1px solid rgba(255,255,255,.12);border-radius:18px;backdrop-filter:blur(8px)}\n  .widget-controls-title{font-size:11px;font-weight:900;text-transform:uppercase;letter-spacing:.05em;opacity:.7}\n  .widget-sizes{display:flex;gap:6px}\n  .widget-size-btn{border:1px solid rgba(255,255,255,.2);background:rgba(255,255,255,.05);color:#fff;border-radius:8px;padding:6px 10px;font-size:11px;font-weight:800;cursor:pointer;transition:all .2s}\n  .widget-size-btn:hover{background:rgba(255,255,255,.15);border-color:rgba(255,255,255,.3)}\n  .widget-size-btn.active{background:#007aff;border-color:#007aff;box-shadow:0 0 10px rgba(0,122,255,.4)}\n  .widget-drag-handle{font-size:22px;color:rgba(255,255,255,.6);cursor:grab;padding:4px}\n  .widget-toggle-btn{background:rgba(220,38,38,.85);color:white;border:none;border-radius:8px;padding:6px 12px;font-size:10px;font-weight:800;cursor:pointer}\n  \n  @keyframes jiggle{\n    0%{transform:rotate(-0.5deg)}\n    50%{transform:rotate(0.5deg)}\n    100%{transform:rotate(-0.5deg)}\n  }\n  @media(max-width:900px){\n    .grid{grid-template-columns:minmax(0,1fr)}\n    .panel[data-size="S"],.panel[data-size="M"],.panel[data-size="L"],.panel[data-size="XL"]{grid-column:1 / -1;grid-row:auto}\n    .grid.editing .panel{animation:none !important}\n  }\n  \n  /* Adaptivity styles for size S widgets */\n  .panel[data-size="S"] .tab-label{display:none}\n  .panel[data-size="S"] .tab-icon{font-size:24px !important}\n  .panel[data-size="S"] #p-backup-desc{display:none}\n  .panel[data-size="S"] #github-desc{display:none}\n\n  /* Collapsible Personalization with Bounce expansion */\n  .personalize-workspace{overflow:hidden;max-height:0;opacity:0;pointer-events:none;transition:max-height 0.6s cubic-bezier(0.175,0.885,0.32,1.275),opacity 0.4s ease}\n  .personalize-workspace:not(.collapsed){max-height:1000px;opacity:1;pointer-events:auto;margin-top:16px;animation:bounceExpand 0.55s cubic-bezier(0.175,0.885,0.32,1.275) forwards}\n  @keyframes bounceExpand{\n    0%{transform:scale(0.96) translateY(-8px);opacity:0}\n    70%{transform:scale(1.01) translateY(2px);opacity:0.9}\n    100%{transform:scale(1) translateY(0);opacity:1}\n  }\n  @media(max-width:750px){.hero{flex-direction:column;text-align:center}.hero-left{flex-direction:column}}\n  @media(max-width:750px){.hero .lang-pill{align-self:center;margin-inline:auto}.hero-left{width:100%;align-items:center}}\n\n  .stack{display:grid;gap:24px}\n  .panel{padding:28px;position:relative;overflow:hidden}\n  .panel-head{display:flex;justify-content:space-between;align-items:center;margin-bottom:20px}\n  .panel h2{margin:0;font-size:14px;font-weight:900;letter-spacing:.1em;text-transform:uppercase;color:var(--primary-color,#007aff);opacity:0.95}\n\n  /* Access settings stay quiet until the user needs to manage them. */\n  .access-panel { padding: 22px 24px; }\n  .access-panel .panel-head { margin-bottom: 12px; }\n  .access-summary { font-size: 12px; opacity: .72; }\n  .access-actions { display:flex; gap:10px; flex-wrap:wrap; }\n  .access-actions button { flex:0 1 auto; padding:8px 12px; font-size:11px; }\n  .access-actions button.active { background:var(--primary-color,#007aff); color:#fff; border-color:transparent; }\n  .access-workspace { display:none; grid-template-columns:minmax(0,1fr); margin-top:16px; padding-top:18px; border-top:1px solid var(--glass-border,rgba(255,255,255,.09)); }\n  .access-workspace.open { display:grid; }\n  .access-section { display:none; min-width:0; }\n  .access-section.open { display:block; }\n  .access-section h3 { font-size:12px; font-weight:900; opacity:.8; margin:0 0 10px; text-transform:uppercase; }\n  .access-panel .user-card { padding:10px 12px; border-radius:12px; }\n  .access-workspace.open {\n    animation:iosGlassIn .35s cubic-bezier(.22,1.18,.36,1) both;\n    background:linear-gradient(135deg,rgba(255,255,255,.055),rgba(255,255,255,.018));\n    border:1px solid var(--glass-border,rgba(255,255,255,.09));\n    border-radius:20px;\n    padding:18px;\n    box-shadow:inset 0 1px 0 rgba(255,255,255,.10),0 12px 30px rgba(0,0,0,.10);\n    backdrop-filter:blur(22px) saturate(145%);\n    -webkit-backdrop-filter:blur(22px) saturate(145%);\n  }\n  .github-star-action {\n    display:inline-flex;align-items:center;justify-content:center;gap:7px;\n    min-height:42px;padding:9px 16px;border-radius:14px;text-decoration:none;\n    color:var(--primary-text-color,#fff);font-size:12px;font-weight:850;\n    background:linear-gradient(135deg,rgba(255,255,255,.14),rgba(255,255,255,.055));\n    border:1px solid rgba(255,255,255,.16);\n    box-shadow:inset 0 1px 0 rgba(255,255,255,.18),0 9px 24px rgba(0,0,0,.16);\n    backdrop-filter:blur(18px) saturate(150%);\n    -webkit-backdrop-filter:blur(18px) saturate(150%);\n    transition:transform .2s ease,background .2s ease,box-shadow .2s ease;\n  }\n  .github-star-action:hover { transform:translateY(-1px);background:rgba(255,255,255,.18);box-shadow:0 12px 28px rgba(0,0,0,.20); }\n  @media(max-width:600px){ .access-panel{padding:20px}.access-actions{width:100%}.access-actions button{flex:1} }\n\n  /* Personalization inside instances */\n  .personalize-row { display: flex; gap: 14px; align-items: center; margin-top: 18px; padding: 16px; background: rgba(255,255,255,0.02); border: 1px solid rgba(255,255,255,0.06); border-radius: 18px; flex-wrap: wrap; }\n  :host([argus-dark-mode="false"]:not([data-bg-mode="default"])) .personalize-row { background: rgba(0,0,0,0.02); border-color: rgba(0,0,0,0.05); }\n  .personalize-row .setting-label { font-size: 12px; font-weight: 700; opacity: 0.7; margin-bottom: 4px; }\n\n  /* Mode Reorganization Styles — HORIZONTAL */\n  .mode-grid-layout { display: grid; grid-template-columns: 1fr 1fr; gap: 16px; align-items: start; }\n  @media(max-width:900px){ .mode-grid-layout { grid-template-columns: 1fr; } }\n  .mode-section-card { background: rgba(255,255,255,0.02); border: 1px solid rgba(255,255,255,0.06); border-radius: 20px; padding: 18px; transition: all 0.3s ease; }\n  :host([argus-dark-mode="false"]:not([data-bg-mode="default"])) .mode-section-card { background: rgba(0,0,0,0.02); border-color: rgba(0,0,0,0.05); }\n  .mode-section-card:hover { border-color: rgba(255,255,255,0.12); background: rgba(255,255,255,0.04); }\n  :host([argus-dark-mode="false"]:not([data-bg-mode="default"])) .mode-section-card:hover { border-color: rgba(0,0,0,0.10); background: rgba(0,0,0,0.04); }\n  .mode-section-title { font-size: 13px; font-weight: 800; color: var(--primary-color, #007aff); margin-bottom: 12px; text-transform: uppercase; letter-spacing: 1px; display: flex; align-items: center; gap: 8px; }\n  .mode-sensor-grid { color: var(--primary-text-color, #fff); }\n  .mode-sensor-none { color: var(--primary-text-color, rgba(255,255,255,0.5)); opacity: 0.6; font-size: 13px; }\n  .mode-section-card span, .mode-section-card label, .mode-section-card .input-label { color: var(--primary-text-color, #fff); }\n  :host([argus-dark-mode="false"]:not([data-bg-mode="default"])) .mode-section-card span, :host([argus-dark-mode="false"]:not([data-bg-mode="default"])) .mode-section-card label, :host([argus-dark-mode="false"]:not([data-bg-mode="default"])) .mode-section-card .input-label { color: var(--primary-text-color, #1d1d1f); }\n\n  .sensor-pill { background: var(--pill-bg, rgba(255,255,255,0.06)); color: var(--pill-text, #fff); border: 1px solid var(--pill-border, rgba(255,255,255,0.1)); padding: 8px 14px; border-radius: 14px; display: inline-flex; align-items: center; gap: 8px; font-size: 13px; font-weight: 700; transition: all 0.2s; max-width: 100%; box-sizing: border-box; box-shadow: 0 4px 10px rgba(0,0,0,0.1); }\n  @keyframes argus-blink-red { 0%,100%{box-shadow:0 0 0 0 rgba(255,50,50,0);background:var(--pill-bg,rgba(255,255,255,0.06))} 50%{box-shadow:0 0 0 6px rgba(255,50,50,0.25);background:rgba(255,50,50,0.15)} }\n  .sensor-pill.siren-active   { animation: argus-blink-red 1.2s ease-in-out infinite; border-color: rgba(255,82,82,0.5) !important; }\n  .sensor-pill.triggered-sensor { animation: argus-blink-red 0.9s ease-in-out infinite; border-color: rgba(255,82,82,0.6) !important; }\n  :host([argus-dark-mode="false"]:not([data-bg-mode="default"])) .sensor-pill        { color: var(--pill-text, #1d1d1f); }\n  :host([argus-dark-mode="false"]:not([data-bg-mode="default"])) .sensor-pill button { color: #1d1d1f; }\n  .icon-btn { background: none; border: none; padding: 4px; color: inherit; opacity: 0.6; cursor: pointer; transition: opacity 0.2s, transform 0.15s; display: flex; align-items: center; justify-content: center; border-radius: 8px; }\n  .icon-btn:active { transform: scale(0.9); }\n\n  #mode-status { opacity: 0; transition: opacity .35s; }\n  #mode-status.show { opacity: 1; }\n  #mode-status.ok  { color: #4caf50; }\n  #mode-status.err { color: #f44336; }\n\n  /* Light Mode Modal Overrides */\n  :host([argus-dark-mode="false"]:not([data-bg-mode="default"])) .modal {\n    background: rgba(255,255,255,0.97) !important;\n    border: 1px solid rgba(0,0,0,0.08) !important;\n    color: #1d1d1f !important;\n    box-shadow: 0 20px 60px rgba(0,0,0,0.15) !important;\n  }\n  :host([argus-dark-mode="false"]:not([data-bg-mode="default"])) .modal * {\n    color: #1d1d1f !important;\n  }\n  :host([argus-dark-mode="false"]:not([data-bg-mode="default"])) .modal input[type="search"],\n  :host([argus-dark-mode="false"]:not([data-bg-mode="default"])) .modal input[type="text"],\n  :host([argus-dark-mode="false"]:not([data-bg-mode="default"])) .modal input[type="number"],\n  :host([argus-dark-mode="false"]:not([data-bg-mode="default"])) .modal select {\n    background: rgba(0,0,0,0.03) !important;\n    border-color: rgba(0,0,0,0.10) !important;\n    color: #1d1d1f !important;\n  }\n  :host([argus-dark-mode="false"]:not([data-bg-mode="default"])) .pick-row {\n    background: rgba(0,0,0,0.02) !important;\n    border-color: rgba(0,0,0,0.05) !important;\n    color: #1d1d1f !important;\n  }\n  :host([argus-dark-mode="false"]:not([data-bg-mode="default"])) .pick-row:hover {\n    background: rgba(0,122,255,0.06) !important;\n    border-color: rgba(0,122,255,0.2) !important;\n  }\n  :host([argus-dark-mode="false"]:not([data-bg-mode="default"])) .pick-row-name,\n  :host([argus-dark-mode="false"]:not([data-bg-mode="default"])) .pick-row-meta {\n    color: #1d1d1f !important;\n  }\n  :host([argus-dark-mode="false"]:not([data-bg-mode="default"])) .pick-row-meta {\n    opacity: 0.6 !important;\n  }\n  :host([argus-dark-mode="false"]:not([data-bg-mode="default"])) .sel-right-item {\n    background: rgba(0,0,0,0.03) !important;\n    border-color: rgba(0,0,0,0.06) !important;\n    color: #1d1d1f !important;\n  }\n  :host([argus-dark-mode="false"]:not([data-bg-mode="default"])) .sel-right-item button {\n    color: #1d1d1f !important;\n  }\n  :host([argus-dark-mode="false"]:not([data-bg-mode="default"])) .modal h3,\n  :host([argus-dark-mode="false"]:not([data-bg-mode="default"])) #selector-title {\n    color: #1d1d1f !important;\n  }\n  :host([argus-dark-mode="false"]:not([data-bg-mode="default"])) #selector-count {\n    color: rgba(0,0,0,0.6) !important;\n  }\n  :host([argus-dark-mode="false"]:not([data-bg-mode="default"])) .sel-actions button {\n    color: #1d1d1f !important;\n    border-color: rgba(0,0,0,0.08) !important;\n  }\n  :host([argus-dark-mode="false"]:not([data-bg-mode="default"])) .modal-back {\n    background: rgba(0,0,0,0.3) !important;\n  }\n  .icon-btn:hover { opacity: 1; background: rgba(255,255,255,0.08); }\n  .icon-btn.active { color: #fb8c00; opacity: 1; }\n\n  .input-group { display: flex; flex-direction: column; gap: 6px; }\n  .times-grid{display:grid;grid-template-columns:repeat(2,minmax(0,1fr));gap:12px;align-items:end}\n  .time-field{min-width:0;display:flex;flex-direction:column;justify-content:flex-end;height:100%}\n  .time-field .input-label{min-height:34px;display:flex;align-items:flex-end;line-height:1.2;margin-bottom:6px;padding-bottom:2px}\n  .time-field input{width:100%;height:44px!important;padding:8px 12px!important;border-radius:12px!important;box-sizing:border-box!important;margin:0!important;font-size:14px!important}\n  .entry-sensor-list{min-height:44px;margin-top:12px!important;display:flex;flex-wrap:wrap;align-items:center;border:1px solid rgba(255,255,255,.10)!important;background:rgba(255,255,255,.03)!important;border-radius:12px!important;padding:10px;gap:8px}\n  .instance-activity-strip{display:grid;grid-template-columns:auto repeat(3,minmax(0,1fr));gap:8px;align-items:center;margin:4px 0 16px;padding:10px 12px;border:1px solid rgba(255,255,255,.1);border-radius:18px;background:rgba(5,13,25,.25);backdrop-filter:blur(18px) saturate(135%);-webkit-backdrop-filter:blur(18px) saturate(135%)}.instance-activity-title{font-size:10px;font-weight:900;letter-spacing:.1em;text-transform:uppercase;opacity:.62;padding-right:6px}.instance-activity-item{min-width:0;font-size:10px;white-space:nowrap;overflow:hidden;text-overflow:ellipsis;opacity:.86}.instance-activity-item time{opacity:.55;margin-right:4px;font-variant-numeric:tabular-nums}\n  .mode-mqtt-row{display:flex;align-items:center;gap:10px;margin-top:12px;padding:10px 14px!important;min-height:44px;border-radius:12px!important;background:rgba(255,255,255,.03)!important;border:1px solid rgba(255,255,255,.10)!important}\n  .mode-mqtt-row input{margin:0;accent-color:var(--primary-color,#007aff)}\n  :host([argus-dark-mode="false"]:not([data-bg-mode="default"])) .entry-sensor-list{border-color:rgba(0,0,0,.12)!important;background:rgba(0,0,0,.03)!important}\n  :host([argus-dark-mode="false"]:not([data-bg-mode="default"])) .mode-mqtt-row{background:rgba(0,0,0,.03)!important;border-color:rgba(0,0,0,.12)!important}\n  .input-label { font-size: 12px; font-weight: 700; opacity: 0.7; margin-left: 4px; }\n\n  /* Intelligent Entry Card */\n  .entry{position:relative;overflow:hidden;border-radius:28px;border:1px solid rgba(255,255,255,0.08);margin-bottom:16px;min-height:220px;display:flex;flex-direction:column;transition:transform 0.3s cubic-bezier(0.25, 0.8, 0.25, 1);box-shadow:0 12px 30px rgba(0,0,0,0.15)}\n  .entry:hover{transform:translateY(-2px);box-shadow:inset 0 1px 0 rgba(255,255,255,.2),0 20px 48px rgba(0,0,0,.3)}\n  .entry::after{content:\'\';position:absolute;inset:0;z-index:2;pointer-events:none;border-radius:inherit;background:linear-gradient(120deg,rgba(255,255,255,.14),transparent 22%,transparent 74%,rgba(255,255,255,.05));mix-blend-mode:soft-light}\n  .entry-status-ribbon{position:absolute;top:20px;left:20px;z-index:5;display:flex;align-items:center;gap:9px;max-width:calc(100% - 260px);padding:8px 12px;border:1px solid color-mix(in srgb,var(--entry-accent) 55%,rgba(255,255,255,.2));border-radius:14px;background:linear-gradient(135deg,color-mix(in srgb,var(--entry-accent) 28%,rgba(8,15,28,.76)),rgba(7,14,25,.56));box-shadow:inset 0 1px 0 rgba(255,255,255,.22),0 8px 24px color-mix(in srgb,var(--entry-accent) 22%,transparent);backdrop-filter:blur(18px) saturate(150%);-webkit-backdrop-filter:blur(18px) saturate(150%);color:#fff}\n  .entry-status-orb{width:10px;height:10px;flex:0 0 auto;border-radius:50%;background:var(--entry-accent);box-shadow:0 0 12px var(--entry-accent)}\n  .entry-status-copy{display:flex;flex-direction:column;min-width:0}.entry-status-kicker{font-size:8px;line-height:1;text-transform:uppercase;letter-spacing:.12em;opacity:.72;font-weight:800}.entry-status-name{font-size:13px;line-height:1.2;font-weight:900;letter-spacing:.02em;white-space:nowrap;overflow:hidden;text-overflow:ellipsis}.entry-status-event{font-size:9px;line-height:1.2;opacity:.7;white-space:nowrap;overflow:hidden;text-overflow:ellipsis;max-width:290px}\n  .entry-bg{position:absolute;inset:0;z-index:1;background-size:cover;background-position:center;transition:opacity 0.5s ease}\n  .entry-bg img{width:100%;height:100%;object-fit:cover;opacity:0.6}\n  .entry-content{position:relative;z-index:2;flex:1;padding:20px 140px 20px 20px;display:grid;grid-template-columns:140px 1fr;gap:20px;align-items:center;background:linear-gradient(90deg, rgba(0,0,0,0.2) 0%, transparent 60%)}\n  /* The live instance is the console: real controls, real sensors and one\n     clear disarm keypad. Decorative dashboard cards never sit above it. */\n  .security-console{display:flex;flex-wrap:wrap;justify-content:space-around;align-items:center;gap:32px;padding:32px 24px 24px;background:linear-gradient(90deg,rgba(3,10,20,.40),rgba(3,10,20,.08) 50%,rgba(3,10,20,.36))}\n  .security-console .entry-icon{order:2;flex:0 0 160px!important;min-height:150px!important;margin:0!important;display:flex;justify-content:center;align-items:center;animation:float-icon 5s ease-in-out infinite}.security-console .entry-icon svg{max-width:150px!important;width:100%}\n  .security-console .liquid-stack{order:1;flex:1 1 250px;max-width:320px;display:grid;grid-template-columns:repeat(2,minmax(0,1fr));gap:10px}.security-console .liquid-btn{min-height:62px;justify-content:center;text-align:center;padding:10px;font-size:12px;gap:8px;white-space:nowrap}.security-console .liquid-btn span:last-child{min-width:0;overflow:hidden;text-overflow:ellipsis}.security-console .btn-disarm,.security-console .btn-sos{grid-column:1/-1}\n  .console-sensors{order:3;flex:1 1 300px;max-width:400px;display:grid;gap:14px;align-content:center}.console-sensor{display:grid;grid-template-columns:auto minmax(0,1fr) auto;align-items:center;gap:12px;padding:13px 16px;border:1px solid rgba(255,255,255,.15);border-radius:18px;background:linear-gradient(100deg,rgba(36,188,129,.22),rgba(10,27,38,.58));backdrop-filter:blur(18px);box-shadow:inset 0 1px 0 rgba(255,255,255,.16),0 8px 22px rgba(0,0,0,.22)}.console-sensor.open{background:linear-gradient(100deg,rgba(235,74,67,.30),rgba(34,14,23,.62));border-color:rgba(255,102,92,.7)}.console-sensor-icon{font-size:20px}.console-sensor-name{font-weight:850;overflow:hidden;text-overflow:ellipsis;white-space:nowrap}.console-sensor-state{font-size:11px;font-weight:900;text-transform:uppercase;color:#75f4b0}.console-sensor.open .console-sensor-state{color:#ff968b}.console-empty{padding:24px;text-align:center;border:1px dashed rgba(255,255,255,.22);border-radius:18px;opacity:.75}\n  .console-keypad{flex:1 1 220px;max-width:280px;padding:18px;border:1px solid rgba(255,255,255,.16);border-radius:24px;background:rgba(5,15,30,0.4);backdrop-filter:blur(16px);display:grid;gap:12px}.console-keypad-title{font-size:12px;font-weight:900;letter-spacing:.08em;text-transform:uppercase;text-align:center}.console-keypad-close{position:absolute;top:8px;right:10px;width:28px;height:28px;border:0;border-radius:50%;background:rgba(255,255,255,.1);color:#fff;font-size:20px;line-height:1;cursor:pointer}.console-keypad{position:relative}.console-pin-display{width:100%;box-sizing:border-box;padding:11px;border-radius:14px;border:1px solid rgba(255,255,255,.18);background:rgba(4,14,26,.46);color:#fff;text-align:center;font-size:20px;letter-spacing:.35em}.console-pad{display:grid;grid-template-columns:repeat(3,1fr);gap:8px;place-items:center}.console-pad button{width:100%;aspect-ratio:1/1;border-radius:50%;border:1px solid rgba(255,255,255,.2);background:linear-gradient(145deg,rgba(165,220,255,.24),rgba(20,45,66,.62));color:#fff;font-size:17px;font-weight:800;box-shadow:inset 0 1px 0 rgba(255,255,255,.28),0 6px 14px rgba(0,0,0,.25);cursor:pointer;display:flex;align-items:center;justify-content:center}.console-pad .console-enter{border-radius:16px;aspect-ratio:auto;height:100%;color:#7ff8c1;border-color:rgba(74,230,157,.65)}.console-keypad small{text-align:center;opacity:.7}.console-pin-status{min-height:1.2em;margin:0;color:#ffb4ac;opacity:0;transition:opacity .18s ease}.console-pin-status.visible{opacity:1}\n  @media(max-width:950px){.grid{grid-template-columns:1fr;grid-template-areas:"instances" "activity" "modes" "access" "automations" "backup" "github"}.security-console{flex-direction:column;padding:94px 18px 24px;gap:20px}.security-console .entry-icon{order:1!important;flex:0 0 auto!important;min-height:130px!important}.security-console .liquid-stack{order:2!important;width:100%;max-width:320px}.security-console .console-sensors{order:3!important;width:100%;max-width:320px}.console-keypad{width:100%;max-width:320px}}\n\n  /* Sensor column */\n  .sensor-column{position:absolute;right:0;top:0;bottom:0;width:auto;max-width:40%;z-index:4;display:flex;flex-direction:column;gap:7px;align-items:flex-end;justify-content:center;padding:12px 12px 12px 0;pointer-events:none}\n  .sensor-chip{display:flex;align-items:center;gap:6px;padding:7px 10px;border-radius:16px;font-size:10px;font-weight:800;letter-spacing:.2px;max-width:148px;backdrop-filter:blur(20px) saturate(140%);-webkit-backdrop-filter:blur(20px) saturate(140%);border:1px solid rgba(255,255,255,.18);box-shadow:inset 0 1px 0 rgba(255,255,255,.18),0 7px 18px rgba(0,0,0,.24);transition:transform .2s,box-shadow .2s}\n  .sensor-chip-text{display:flex;flex-direction:column;min-width:0;flex:1}\n  .sensor-chip-name{overflow:hidden;text-overflow:ellipsis;white-space:nowrap}\n  .sensor-chip-state{font-size:8px;letter-spacing:.08em;text-transform:uppercase;opacity:.82;margin-top:2px}\n  .sensor-chip-dot{width:7px;height:7px;border-radius:50%;flex-shrink:0}\n  .sensor-chip-battery{grid-column:1 / -1;margin-top:5px;padding-top:5px;border-top:1px solid currentColor;font-size:9px;line-height:1;opacity:.9}\n  .sensor-chip--open{background:linear-gradient(135deg,rgba(255,149,0,.9),rgba(255,96,0,.64));color:#fff}\n  .sensor-chip--open .sensor-chip-dot{background:#fff;box-shadow:0 0 8px rgba(255,255,255,.95)}\n  .sensor-chip--triggered{background:linear-gradient(135deg,rgba(255,69,58,.96),rgba(190,30,35,.82));animation:chip-pulse .9s ease-in-out infinite}\n  .sensor-chip--closed{background:rgba(15,23,32,.62);color:#eef8f1}\n  .sensor-chip--closed .sensor-chip-dot{background:#34c759;box-shadow:0 0 8px rgba(52,199,.9)}\n  .sensor-chip-battery.low{color:#ffd166;font-weight:900}\n  .buzz-orange{position:relative;border-color:rgba(255,171,64,.92)!important;background:linear-gradient(135deg,rgba(255,149,0,.38),rgba(255,109,0,.16))!important;box-shadow:0 0 0 1px rgba(255,183,77,.45),0 0 25px rgba(255,145,0,.55),inset 0 1px 0 rgba(255,255,255,.3)!important;animation:buzz-orange 1.05s cubic-bezier(.36,.07,.19,.97) infinite}\n  .buzz-orange::after{content:\'⚠\';margin-left:auto;color:#fff3d1;font-size:14px;filter:drop-shadow(0 1px 3px rgba(0,0,0,.28))}\n  @keyframes buzz-orange{0%,100%{transform:translateX(0) rotate(0)}12%{transform:translateX(-2px) rotate(-.65deg)}25%{transform:translateX(3px) rotate(.8deg)}40%{transform:translateX(-3px) rotate(-.8deg)}55%{transform:translateX(2px) rotate(.55deg)}70%{transform:translateX(-1px) rotate(-.25deg)}}\n  @keyframes chip-pulse{0%,100%{opacity:1}50%{opacity:0.55}}\n\n  /* HUD Overlay */\n  .hud{position:absolute;top:20px;right:24px;text-align:right;z-index:3;color:var(--hud-text-color);text-shadow:var(--text-shadow);display:flex;flex-direction:column;gap:4px}\n  .hud-loc{font-size:13px;font-weight:900;text-transform:uppercase;opacity:1;letter-spacing:1.5px;background:var(--hud-bg);padding:4px 12px;border-radius:10px;backdrop-filter:blur(8px);border:1px solid rgba(255,255,255,0.08);align-self:flex-end}\n  .hud-data{font-size:20px;font-weight:800;letter-spacing:-0.02em;background:var(--hud-bg);padding:6px 14px;border-radius:12px;backdrop-filter:blur(10px);border:1px solid rgba(255,255,255,0.08);display:inline-flex;align-items:center;gap:8px;align-self:flex-end}\n  .hud-data i{font-size:14px;opacity:0.7;font-style:normal}\n  .hud-temperatures{display:flex;justify-content:flex-end;gap:5px;flex-wrap:wrap}\n  .hud-temperature{padding:4px 8px;border-radius:999px;background:var(--hud-bg);border:1px solid rgba(255,255,255,.09);font-size:10px;font-weight:800;backdrop-filter:blur(8px)}\n  .weather-eclipse{position:absolute;left:22px;bottom:18px;z-index:2;padding:7px 11px;border-radius:14px;background:rgba(18,10,28,.52);border:1px solid rgba(255,192,92,.36);backdrop-filter:blur(10px);font-size:10px;font-weight:900;letter-spacing:.08em;text-transform:uppercase;color:#fff;box-shadow:0 8px 24px rgba(0,0,0,.25);pointer-events:none}\n\n  /* Liquid Glass Buttons */\n  .liquid-stack{display:grid;gap:10px}\n  .liquid-btn{border:none;background:rgba(255,255,255,0.06);backdrop-filter:blur(20px);-webkit-backdrop-filter:blur(20px);color:#fff;padding:14px 18px;border-radius:18px;font-size:13.5px;font-weight:800;display:flex;align-items:center;gap:12px;text-align:left;cursor:pointer;transition:all 0.2s cubic-bezier(0.25, 0.8, 0.25, 1);border:1px solid rgba(255,255,255,0.08);text-shadow:0 1px 2px rgba(0,0,0,0.3);letter-spacing:0.5px}\n  .mode-btn-icon{width:26px;height:26px;padding:5px;border-radius:10px;flex:0 0 auto;background:linear-gradient(135deg,rgba(255,255,255,.24),rgba(255,255,255,.05));border:1px solid rgba(255,255,255,.18);box-shadow:inset 0 1px 0 rgba(255,255,255,.28),0 4px 10px rgba(0,0,0,.16);filter:drop-shadow(0 2px 4px rgba(0,0,0,.2))}\n  .liquid-btn.active .mode-btn-icon{background:linear-gradient(135deg,rgba(255,255,255,.36),rgba(255,255,255,.12));border-color:rgba(255,255,255,.42)}\n  .btn-sos .mode-btn-icon{width:28px;height:28px;border-radius:11px;background:rgba(255,255,255,.17)}\n  .liquid-btn:hover{background:rgba(255,255,255,0.14);transform:translateX(4px);border-color:rgba(255,255,255,0.2)}\n  .liquid-btn.active{background:var(--btn-bg, rgba(255,255,255,0.2));border-color:rgba(255,255,255,0.4);box-shadow:0 8px 24px var(--btn-shadow, rgba(255,255,255,0.12))}\n  .liquid-btn:active:not(:disabled) { transform: scale(0.96); }\n  .liquid-btn i{font-size:16px}\n\n  .btn-home.active{--btn-bg:rgba(251,140,0,0.22); --btn-shadow:rgba(251,140,0,0.3)}\n  .btn-away.active{--btn-bg:rgba(229,57,53,0.22); --btn-shadow:rgba(229,57,53,0.3)}\n  .btn-night.active{--btn-bg:rgba(30,136,229,0.22); --btn-shadow:rgba(30,136,229,0.3)}\n  .btn-vacation.active{--btn-bg:rgba(156,39,176,0.22); --btn-shadow:rgba(156,39,176,0.3)}\n  .btn-disarm{--btn-bg:rgba(67,160,71,0.15); margin-top:4px}\n  .btn-disarm.active{--btn-bg:rgba(67,160,71,0.25);--btn-shadow:rgba(67,160,71,0.4);border-color:rgba(67,160,71,0.45)!important;box-shadow:0 8px 24px rgba(67,160,71,0.35)!important}\n\n  .ios-fullscreen { position: fixed !important; z-index: 999999 !important; display: flex !important; flex-direction: column !important; background: #000 !important; }\n  @media(min-width:900px) {\n    .ios-fullscreen { inset: 3% !important; width: 94vw !important; height: 94vh !important; max-width: 1500px !important; margin: auto !important; border-radius: 36px !important; border: 1px solid rgba(255,255,255,0.12) !important; box-shadow: 0 40px 100px rgba(0,0,0,0.8) !important; overflow: hidden !important; }\n  }\n  @media(max-width:899px) {\n    .ios-fullscreen { inset: 0 !important; width: 100vw !important; height: 100vh !important; max-width: none !important; margin: 0 !important; border-radius: 0 !important; }\n  }\n  .ios-fullscreen .entry-content { grid-template-columns: 320px 1fr !important; padding: 60px !important; gap: 60px !important; height: 100% !important; align-items: center !important; background: radial-gradient(circle at 20% 50%, rgba(0,0,0,0.5) 0%, transparent 80%) !important; }\n  .ios-fullscreen .liquid-btn { padding: 16px 20px !important; font-size: 16px !important; border-radius: 20px !important; gap: 12px !important; box-shadow: 0 10px 40px rgba(0,0,0,0.4) !important; }\n  .ios-fullscreen .liquid-btn i { font-size: 24px !important; }\n  .ios-fullscreen .hud { top: 60px !important; right: 60px !important; scale: 1.4; transform-origin: top right; }\n  .ios-fullscreen .sensor-column { max-width: 45% !important; padding-right: 60px !important; }\n  .ios-fullscreen .sensor-chip { font-size: 14px !important; padding: 10px 16px !important; max-width: 260px !important; }\n\n  .entry-icon{display:flex;justify-content:center;align-items:center;perspective:1000px;min-height:160px}\n  .entry-icon svg{width:100%;height:auto;max-width:280px;filter:drop-shadow(0 0 25px rgba(255,255,255,0.12));animation:float-icon 5s ease-in-out infinite;transition:max-width 0.4s ease}\n  .ios-fullscreen .entry-icon svg{max-width:650px;filter:drop-shadow(0 0 60px rgba(255,255,255,0.3))}\n  @keyframes float-icon{0%,100%{transform:translateY(0) rotate(-1deg)}50%{transform:translateY(-12px) rotate(1deg)}}\n\n  /* Phone layout: controls must never sit below the HUD or be hidden behind\n     the artwork. Sensor status becomes a readable section beneath the modes. */\n  @media(max-width:700px){\n    .hero-context{width:100%;margin:6px 0 0;justify-content:space-between}.hero-clock{align-items:flex-start;border-right:0;padding-right:0}.hero-clock strong{font-size:1.25rem}.hero-pills{justify-content:flex-end}.hero-pill{padding:6px 8px;font-size:9px}\n    .entry{min-height:0;border-radius:24px}\n    .instance-activity-strip{grid-template-columns:1fr;gap:5px;margin-bottom:12px;padding:10px}.instance-activity-item:nth-of-type(n+3){display:none}\n    .entry-status-ribbon{top:58px;left:14px;max-width:calc(100% - 28px);padding:6px 9px}.entry-status-name{font-size:11px}.entry-status-event{display:none}\n    .entry-content{display:grid;grid-template-columns:minmax(0,1fr);padding:78px 14px 76px;gap:14px;align-items:start;background:linear-gradient(180deg,rgba(0,0,0,.32),rgba(0,0,0,.10) 45%,rgba(0,0,0,.28))}\n    .liquid-stack{grid-template-columns:repeat(2,minmax(0,1fr));gap:8px;width:100%}\n    .liquid-btn{min-height:52px;padding:10px 11px;justify-content:center;text-align:center;font-size:12px;line-height:1.1;letter-spacing:.25px;border-radius:16px}\n    .liquid-stack .btn-disarm,.liquid-stack .btn-sos{grid-column:1/-1}\n    .liquid-stack .btn-sos{min-height:58px;margin-top:2px}\n    .entry-icon{display:none}\n    .hud{top:12px;left:14px;right:14px;display:flex;flex-direction:row;align-items:flex-start;justify-content:space-between;gap:8px;text-align:left}\n    .hud-loc{align-self:auto;max-width:58%;overflow:hidden;text-overflow:ellipsis;white-space:nowrap;font-size:10px;letter-spacing:1px;padding:6px 9px}\n    .hud-data{align-self:auto;font-size:15px;padding:5px 9px;gap:5px}\n    .hud-data i{font-size:11px}\n    .hud-temperatures{justify-content:flex-start;position:absolute;top:42px;left:0}\n    .hud-temperature{font-size:9px;padding:3px 6px}\n    .weather-eclipse{left:14px;bottom:14px;padding:5px 7px;font-size:8px}\n    .sensor-column{position:static;grid-column:1/-1;display:grid;grid-template-columns:repeat(2,minmax(0,1fr));gap:7px;width:auto;padding:0;overflow:visible;pointer-events:auto;align-items:stretch}\n    .sensor-chip{max-width:none;min-width:0;padding:8px 9px;font-size:10px;border-radius:13px}\n    .entry-fs{bottom:14px!important;right:14px!important;padding:8px 11px!important;font-size:15px!important}\n  }\n\n  /* Fullscreen on phones has its own compact layouts for both orientations. */\n  .ios-fullscreen{height:100dvh!important;min-height:100dvh!important}\n  @media(max-width:700px) and (orientation:portrait){\n    .ios-fullscreen .entry-content{grid-template-columns:minmax(0,1fr)!important;padding:76px 16px 22px!important;gap:14px!important;overflow-y:auto!important;align-content:start!important}\n    .ios-fullscreen .liquid-stack{grid-template-columns:repeat(2,minmax(0,1fr))!important;gap:9px!important}\n    .ios-fullscreen .liquid-btn{min-height:50px!important;padding:10px!important;font-size:12px!important;border-radius:16px!important;gap:6px!important}\n    .ios-fullscreen .liquid-stack .btn-disarm,.ios-fullscreen .liquid-stack .btn-sos{grid-column:1/-1}\n    .ios-fullscreen .entry-icon{display:none!important}\n    .ios-fullscreen .sensor-column{position:static!important;display:grid!important;grid-template-columns:repeat(2,minmax(0,1fr))!important;width:auto!important;padding:0!important;gap:8px!important}\n    .ios-fullscreen .sensor-chip{max-width:none!important;padding:8px 9px!important;font-size:10px!important}\n    .ios-fullscreen .hud{top:12px!important;left:16px!important;right:16px!important;scale:1!important;transform:none!important}\n  }\n  @media(max-width:900px) and (orientation:landscape){\n    .ios-fullscreen .entry-content{grid-template-columns:minmax(210px,34vw) minmax(0,1fr)!important;padding:54px 22px 18px!important;gap:20px!important;align-items:center!important}\n    .ios-fullscreen .liquid-stack{grid-template-columns:repeat(2,minmax(0,1fr))!important;gap:7px!important}\n    .ios-fullscreen .liquid-btn{min-height:42px!important;padding:8px!important;font-size:11px!important;border-radius:14px!important;gap:5px!important}\n    .ios-fullscreen .liquid-stack .btn-disarm,.ios-fullscreen .liquid-stack .btn-sos{grid-column:1/-1}\n    .ios-fullscreen .liquid-stack .btn-sos{min-height:46px!important}\n    .ios-fullscreen .entry-icon svg{max-width:min(42vw,300px)!important}\n    .ios-fullscreen .hud{top:10px!important;right:18px!important;scale:1!important}\n    .ios-fullscreen .sensor-column{max-width: 40% !important;padding-right:16px!important;gap:5px!important}\n    .ios-fullscreen .sensor-chip{max-width:180px!important;padding:6px 8px!important;font-size:10px!important}\n  }\n  /* The active console owns its fullscreen layout. Legacy entry grid rules\n     must not redistribute the controls into empty corners. */\n  .ios-fullscreen .entry-content.security-console{display:flex!important;flex-wrap:wrap!important;justify-content:center!important;align-content:center!important;gap:26px!important;padding:96px 56px 42px!important;overflow:auto!important}\n  .ios-fullscreen .entry-content.security-console .entry-icon{flex:0 0 100%!important;min-height:130px!important;margin:0!important;display:flex!important}\n  .ios-fullscreen .entry-content.security-console .liquid-stack{flex:0 1 450px!important;max-width:450px!important;display:grid!important;grid-template-columns:repeat(2,minmax(0,1fr))!important}\n  .ios-fullscreen .entry-content.security-console .console-sensors{flex:0 1 450px!important;max-width:450px!important}\n  .ios-fullscreen .entry-content.security-console .console-keypad{flex:0 0 260px!important;width:260px!important;max-width:260px!important}\n  @media(max-width:700px){.ios-fullscreen .entry-content.security-console{padding:70px 16px 24px!important;gap:16px!important;align-content:start!important}.ios-fullscreen .entry-content.security-console .entry-icon{display:none!important}.ios-fullscreen .entry-content.security-console .liquid-stack,.ios-fullscreen .entry-content.security-console .console-sensors,.ios-fullscreen .entry-content.security-console .console-keypad{flex:0 0 100%!important;width:100%!important;max-width:360px!important}.ios-fullscreen .entry-content.security-console .console-keypad{padding:14px!important}}\n\n  .badge{display:inline-flex;align-items:center;gap:5px;padding:4px 12px;border-radius:999px;font-size:11px;font-weight:700;letter-spacing:.06em;text-transform:uppercase}\n  .badge.armed_away,.badge.armed_vacation{background:rgba(229,57,53,.12);color:var(--error-color,#e53935)}\n  .badge.armed_home,.badge.armed_night{background:rgba(251,140,0,.12);color:#fb8c00}\n  .badge.disarmed{background:rgba(67,160,71,.12);color:var(--success-color,#43a047)}\n  .badge.triggered{background:rgba(229,57,53,.2);color:var(--error-color,#e53935);animation:pulse 1s ease-in-out infinite}\n\n  @keyframes pulse{0%,100%{opacity:1}50%{opacity:.5}}\n  .meta{font-size:12px;opacity:.5}\n  .setting-label{font-size:13px;font-weight:700;color:var(--primary-text-color);letter-spacing:0.01em;margin-bottom:2px;display:block}\n  .setting-sublabel{font-size:12px;font-weight:400;opacity:0.55;color:var(--primary-text-color);margin-bottom:6px;display:block}\n  .temp-alert-row{display:flex;gap:10px;align-items:center;margin-top:8px;flex-wrap:wrap}\n  .temp-alert-row input[type=number]{width:72px;padding:6px 8px;border-radius:10px;border:1px solid rgba(255,255,255,0.12);background:rgba(255,255,255,0.04);color:inherit;font-size:13px;font-weight:700;text-align:center}\n  .temp-alert-status-ok{color:#43a047;font-size:12px}\n  .temp-alert-status-warn{color:#e53935;font-size:12px;font-weight:700}\n\n  /* Generic buttons */\n  button{border:0;border-radius:14px;padding:10px 18px;font:700 13px/1 \'Outfit\',Inter,system-ui,sans-serif;cursor:pointer;transition:background 0.2s,opacity .15s,transform .15s cubic-bezier(0.175, 0.885, 0.32, 1.275),box-shadow 0.2s}\n  button:active:not(:disabled){transform:scale(.94) translateY(1px)}\n  button.primary{background:var(--primary-color,#007aff);color:#fff;box-shadow:0 4px 12px rgba(0, 122, 255, 0.25)}\n  button.primary:hover{background:#0062cc}\n  button.ghost{background:rgba(255, 255, 255, 0.05);border:1px solid rgba(255, 255, 255, 0.08);color:var(--primary-text-color)}\n  button.ghost:hover{background:rgba(255, 255, 255, 0.1)}\n  :host([argus-dark-mode="false"]:not([data-bg-mode="default"])) button.ghost { background:rgba(0,0,0,0.03); border-color:rgba(0,0,0,0.08); }\n  :host([argus-dark-mode="false"]:not([data-bg-mode="default"])) button.ghost:hover { background:rgba(0,0,0,0.06); }\n\n\n  /* FS button */\n  .fs-btn{background:rgba(255,255,255,0.05);padding:8px;border-radius:10px;font-size:16px}\n\n  /* Modal Fixes */\n  .modal-back{position:fixed;inset:0;background:rgba(0,0,0,0.6);display:none;align-items:center;justify-content:center;padding:20px;z-index:999999;backdrop-filter:blur(12px)}\n  .modal-back.open{display:flex}\n  .modal{width:min(400px,100%);max-height:85vh;overflow:hidden;display:grid;grid-template-rows:auto 1fr auto;gap:14px;padding:24px;border-radius:32px;background:rgba(22, 24, 38, 0.95);border:1px solid rgba(255,255,255,0.08);box-shadow:0 30px 100px rgba(0,0,0,0.6);backdrop-filter:blur(28px)}\n  .modal-head{display:flex;align-items:center;justify-content:space-between;gap:10px;margin-bottom:10px}\n  .modal-head h3{margin:0;font-size:20px;font-weight:800}\n  .modal-body{overflow:auto;padding:5px}\n  .modal-footer{display:flex;justify-content:flex-end;gap:10px;margin-top:15px}\n  /* PIN modal */\n  .pm .modal{max-width:340px;min-height:unset;grid-template-rows:auto auto auto;background:rgba(22, 24, 38, 0.82) !important;backdrop-filter:blur(16px) saturate(140%) !important;-webkit-backdrop-filter:blur(16px) saturate(140%) !important;border:1px solid rgba(255, 255, 255, 0.12) !important;box-shadow:0 30px 80px rgba(0,0,0,0.5), inset 0 1px 0 rgba(255, 255, 255, 0.15) !important;border-radius:36px;padding:28px;display:flex;flex-direction:column;align-items:center;gap:16px}\n  :host([argus-dark-mode="false"]:not([data-bg-mode="default"])) .pm .modal{background:rgba(255, 255, 255, 0.85) !important;border:1px solid rgba(0, 0, 0, 0.08) !important;box-shadow:0 20px 50px rgba(0,0,0,0.1), inset 0 1px 0 rgba(255, 255, 255, 0.4) !important;color:#1d1d1f !important}\n  .pin-input{font-size:28px;letter-spacing:10px;text-align:center;padding:12px;border-radius:16px;border:none;background:rgba(255,255,255,0.02);color:inherit;width:100%;outline:none;box-shadow:inset 0 1px 3px rgba(0,0,0,0.2)}\n  :host([argus-dark-mode="false"]:not([data-bg-mode="default"])) .pin-input{background:rgba(0,0,0,0.03)}\n  .pin-error{color:var(--error-color,#e53935);font-size:13px;min-height:18px;text-align:center}\n  .pin-grid{display:grid;grid-template-columns:repeat(3,68px);gap:16px;justify-content:center;margin-top:10px}\n  .pin-btn-round{width:68px;height:68px;border-radius:50% !important;border:1px solid rgba(255,255,255,0.1) !important;background:rgba(255,255,255,0.04) !important;color:#fff !important;font-size:24px;font-weight:600;display:flex;align-items:center;justify-content:center;cursor:pointer;transition:background 0.2s, transform 0.15s, border-color 0.2s;box-shadow:0 4px 10px rgba(0,0,0,0.15);padding:0 !important;outline:none}\n  .pin-btn-round:hover{background:rgba(255,255,255,0.12) !important;border-color:rgba(255,255,255,0.2) !important}\n  .pin-btn-round:active{transform:scale(0.92) !important;background:rgba(255,255,255,0.2) !important}\n  :host([argus-dark-mode="false"]:not([data-bg-mode="default"])) .pin-btn-round{background:rgba(0,0,0,0.03) !important;border-color:rgba(0,0,0,0.08) !important;color:#1d1d1f !important}\n  :host([argus-dark-mode="false"]:not([data-bg-mode="default"])) .pin-btn-round:hover{background:rgba(0,0,0,0.08) !important}\n  .pin-btn-round.action-key{font-size:12px;font-weight:700;letter-spacing:0.3px;text-transform:uppercase;border-color:transparent !important;background:transparent !important;box-shadow:none}\n  .pin-btn-round.action-key:hover{background:rgba(255,255,255,0.05) !important}\n  :host([argus-dark-mode="false"]:not([data-bg-mode="default"])) .pin-btn-round.action-key:hover{background:rgba(0,0,0,0.04) !important}\n  .pin-btn-round.action-key.enter-key{color:#34c759 !important}\n  :host([argus-dark-mode="false"]:not([data-bg-mode="default"])) .pin-btn-round.action-key.enter-key{color:#28a745 !important}\n  .pin-btn-round.action-key.delete-key{color:#ff3b30 !important}\n  :host([argus-dark-mode="false"]:not([data-bg-mode="default"])) .pin-btn-round.action-key.delete-key{color:#dc3545 !important}\n  /* User card */\n  .user-card{display:flex;align-items:center;justify-content:space-between;padding:14px;border-radius:16px;border:1px solid var(--user-card-border, rgba(255,255,255,0.06));background:var(--user-card-bg, rgba(255,255,255,0.02));box-shadow:0 4px 10px rgba(0,0,0,0.08)}\n  .user-badge{display:inline-block;padding:3px 9px;border-radius:8px;font-size:10px;font-weight:800;letter-spacing:.04em;text-transform:uppercase;background:rgba(0,122,255,.12);color:var(--primary-color,#007aff)}\n  .user-badge.admin{background:rgba(251,140,0,.12);color:#fb8c00}\n  /* Notif target chip */\n  .notif-chip{display:inline-flex;align-items:center;gap:6px;padding:6px 12px;border-radius:999px;background:rgba(67,160,71,.1);border:1px solid rgba(67,160,71,.2);font-size:12px;font-weight:700;color:var(--success-color,#43a047)}\n  .notif-chip button{padding:0;border:0;background:none;cursor:pointer;opacity:.65}\n  /* Triggered box */\n  .trig-box{padding:12px 14px;border-radius:14px;background:rgba(229,57,53,.08);border:1px dashed var(--error-color,#e53935);font-size:12px;font-weight:600;color:var(--error-color,#e53935)}\n  /* inputs */\n  input[type="text"], input[type="password"], input[type="number"], input[type="search"], select, input[type="datetime-local"], .glass-control {\n    width: 100%;\n    padding: 11px 14px;\n    border-radius: 16px;\n    border: 1px solid rgba(255, 255, 255, 0.16);\n    background: linear-gradient(135deg, rgba(255, 255, 255, 0.14), rgba(255, 255, 255, 0.055));\n    color: var(--primary-text-color);\n    backdrop-filter: blur(18px) saturate(145%);\n    -webkit-backdrop-filter: blur(18px) saturate(145%);\n    box-shadow: inset 0 1px 0 rgba(255, 255, 255, 0.16), 0 8px 22px rgba(0, 0, 0, 0.12);\n    font: 700 13px/1.2 \'Outfit\', Inter, system-ui, sans-serif;\n    outline: none;\n    transition: transform 0.34s cubic-bezier(0.18, 0.89, 0.32, 1.32), border-color 0.22s, box-shadow 0.22s;\n    display: block;\n    box-sizing: border-box;\n  }\n  input[type="text"]:focus, input[type="password"]:focus, input[type="number"]:focus, input[type="search"]:focus, select:focus, input[type="datetime-local"]:focus, .glass-control:focus {\n    transform: scale(1.018);\n    border-color: rgba(112, 188, 255, 0.78);\n    box-shadow: inset 0 1px 0 rgba(255, 255, 255, 0.23), 0 0 0 4px rgba(0, 122, 255, 0.14), 0 10px 28px rgba(0, 0, 0, 0.16);\n  }\n  :host([argus-dark-mode="false"]:not([data-bg-mode="default"])) input[type="text"],\n  :host([argus-dark-mode="false"]:not([data-bg-mode="default"])) input[type="password"],\n  :host([argus-dark-mode="false"]:not([data-bg-mode="default"])) input[type="number"],\n  :host([argus-dark-mode="false"]:not([data-bg-mode="default"])) input[type="search"],\n  :host([argus-dark-mode="false"]:not([data-bg-mode="default"])) select,\n  :host([argus-dark-mode="false"]:not([data-bg-mode="default"])) input[type="datetime-local"],\n  :host([argus-dark-mode="false"]:not([data-bg-mode="default"])) .glass-control {\n    background: rgba(255, 255, 255, 0.52);\n    border-color: rgba(0, 0, 0, 0.10);\n    box-shadow: inset 0 1px 0 rgba(255, 255, 255, 0.4), 0 6px 16px rgba(0, 0, 0, 0.05);\n  }\n  /* search */\n  .search-wrap{display:flex;gap:10px;align-items:center}\n  .search-wrap input{flex:1;min-width:0}\n  /* ── Dual-panel selector modal ───────────────────────────────────────────────────── */\n  #selector-modal .modal{width:min(980px,96vw);height:min(780px,92vh);max-height:92vh;grid-template-rows:auto minmax(0,1fr) auto}\n  #selector-modal .modal-body{min-height:0;height:100%;padding:5px 0}\n  .sel-grid{display:grid;grid-template-columns:minmax(0,1fr) minmax(0,1fr);gap:14px;overflow:hidden;min-height:0;height:100%}\n  @media(max-width:600px){.sel-grid{grid-template-columns:1fr}}\n  .sel-panel{display:flex;flex-direction:column;gap:8px;overflow:hidden;min-width:0;min-height:0;padding:12px;border-radius:18px;background:rgba(255,255,255,0.025);border:1px solid rgba(255,255,255,0.07)}\n  .sel-panel-inner{overflow-y:auto;overscroll-behavior:contain;flex:1;min-height:0;display:grid;gap:6px;align-content:start;padding-right:4px}\n  .sel-actions{display:flex;gap:6px;flex-wrap:wrap;flex-shrink:0}\n  .pick-row{display:grid;grid-template-columns:20px minmax(0,1fr);align-items:start;gap:10px;padding:12px;border-radius:14px;border:1px solid rgba(255,255,255,0.07);background:rgba(255,255,255,0.025);cursor:pointer;transition:background .12s,border-color .12s}\n  .pick-row:hover{background:rgba(255,255,255,0.06);border-color:rgba(255,255,255,0.16)}\n  .pick-row:has(input:checked){border-color:rgba(0,122,255,.58);background:rgba(0,122,255,.10)}\n  .pick-row input[type=checkbox]{width:16px;height:16px;cursor:pointer;accent-color:var(--primary-color,#007aff);margin-top:2px}\n  .pick-row-name{font-weight:750;font-size:13px;display:flex;align-items:center;gap:6px;flex-wrap:wrap;line-height:1.25}\n  .pick-row-meta{font-size:11px;opacity:0.58;margin-top:3px;overflow:hidden;text-overflow:ellipsis;white-space:nowrap}\n  .device-facts{display:flex;gap:5px;flex-wrap:wrap;margin-top:7px}\n  .device-fact{display:inline-flex;align-items:center;min-height:20px;padding:2px 7px;border-radius:999px;background:rgba(255,255,255,.08);border:1px solid rgba(255,255,255,.08);font-size:10px;font-weight:750;line-height:1.1;white-space:nowrap}\n  .device-fact.status-open{color:#ff8a80;background:rgba(255,82,82,.12)}\n  .device-fact.status-closed{color:#7ee2a8;background:rgba(52,199,.12)}\n  .device-fact.power-low{color:#ffd166;background:rgba(255,183,77,.13)}\n  .sel-right-item{display:flex;align-items:center;justify-content:space-between;min-width:0;padding:10px 12px;border-radius:12px;border:1px solid rgba(255,255,255,0.09);background:rgba(255,255,255,0.055);font-size:13px;box-shadow:inset 0 1px 0 rgba(255,255,255,0.06)}\n  .sel-right-name{min-width:0;overflow:hidden;text-overflow:ellipsis;white-space:nowrap;font-weight:700}\n  .sel-right-facts{display:flex;gap:5px;flex-wrap:wrap;margin-top:5px}\n  .mode-sensor-grid .sensor-pill{width:100%;min-width:0;padding:9px 10px;gap:7px}\n  .mode-sensor-grid .sensor-pill .pill-content{display:grid;grid-template-columns:minmax(0,1fr) auto auto;align-items:center;gap:6px;min-width:0;flex:1}\n  .mode-sensor-grid .sensor-pill .pill-name{min-width:0;overflow:hidden;text-overflow:ellipsis;white-space:nowrap}\n  .mode-sensor-grid .sensor-pill .pill-status{font-size:10px;font-weight:800;opacity:.78;white-space:nowrap}\n  .mode-sensor-grid .sensor-pill .pill-power{font-size:10px;font-weight:700;opacity:.82;white-space:nowrap}\n  .sel-panel-inner::-webkit-scrollbar{width:7px}.sel-panel-inner::-webkit-scrollbar-thumb{background:rgba(255,255,255,0.18);border-radius:99px}\n  :host([argus-dark-mode="false"]:not([data-bg-mode="default"])) .sel-panel{background:rgba(0,0,0,0.025);border-color:rgba(0,0,0,0.08)}\n  :host([argus-dark-mode="false"]:not([data-bg-mode="default"])) .sel-right-item{background:rgba(255,255,255,0.58);border-color:rgba(0,0,0,0.09)}\n  /* Activity log */\n  .log-item{display:flex;align-items:flex-start;gap:12px;padding:13px;border-radius:18px;border:1px solid var(--log-item-border, rgba(255,255,255,.05));background:linear-gradient(135deg,color-mix(in srgb,var(--log-item-bg,rgba(255,255,255,.02)) 84%,#fff 16%),var(--log-item-bg,rgba(255,255,255,.02)));color:var(--primary-text-color,#fff);box-shadow:inset 0 1px 0 rgba(255,255,255,.12),0 7px 18px rgba(0,0,0,.10)}\n  .log-icon{width:34px;height:34px;display:grid;place-items:center;border-radius:13px;flex-shrink:0;background:rgba(255,255,255,.05);border:1px solid rgba(255,255,255,.1);box-shadow:inset 0 1px 0 rgba(255,255,255,.1),0 5px 12px rgba(0,0,0,.12)}\n  .glass-orb{width:14px;height:14px;border-radius:50%;box-shadow:inset 0 2px 4px rgba(255,255,255,0.5),0 2px 6px rgba(0,0,0,0.2);background:rgba(255,255,255,0.3)}\n  .log-item.log-item--armed .log-icon{background:rgba(255,149,0,.16);border-color:rgba(255,183,77,.28)}\n  .log-item.log-item--armed .glass-orb{background:linear-gradient(135deg,#ffb74d,#f57c00)}\n  .log-item.log-item--disarmed .log-icon{background:rgba(52,199,.14);border-color:rgba(105,219,139,.28)}\n  .log-item.log-item--disarmed .glass-orb{background:linear-gradient(135deg,#69db8b,#388e3c)}\n  .log-item.log-item--triggered .log-icon{background:rgba(255,69,58,.16);border-color:rgba(255,139,131,.30)}\n  .log-item.log-item--triggered .glass-orb{background:linear-gradient(135deg,#ff8b83,#d32f2f)}\n  .log-body{flex:1;min-width:0}\n  .log-title{font-weight:700;font-size:13px}\n  .log-meta{font-size:11px;opacity:.55;margin-top:2px}\n  .log-badge{display:inline-block;padding:2px 7px;border-radius:6px;font-size:10px;font-weight:800;letter-spacing:.04em;text-transform:uppercase;margin-right:4px}\n  .log-badge.arm{background:rgba(251,140,0,.12);color:#fb8c00}\n  .log-badge.disarm{background:rgba(67,160,71,.12);color:var(--success-color,#43a047)}\n  .log-badge.trigger{background:rgba(229,57,53,.15);color:var(--error-color,#e53935)}\n  button:focus-visible,input:focus-visible,select:focus-visible,a:focus-visible{outline:3px solid color-mix(in srgb,var(--primary-color,#007aff) 72%,#fff);outline-offset:3px}\n  @media(prefers-reduced-motion:reduce){*,*::before,*::after{animation-duration:.001ms!important;animation-iteration-count:1!important;transition-duration:.001ms!important;scroll-behavior:auto!important}.wx canvas{display:none!important}}\n  /* Personalization section styles */\n  .personalize-section {\n    margin-top: 18px;\n    padding: 18px;\n    background: var(--personalize-bg, rgba(255,255,255,0.02));\n    border: 1px solid var(--personalize-border, rgba(255,255,255,0.06));\n    border-radius: 22px;\n    display: grid;\n    gap: 16px;\n  }\n  .personalize-grid{display:grid;grid-template-columns:repeat(2,minmax(0,1fr));grid-template-areas:"home temp" "panel weather" "hub emergency";gap:14px 16px;align-items:start}\n  .personalize-column{display:contents}\n  .personalize-field{min-width:0;align-self:stretch}\n  .pf-home{grid-area:home}.pf-temp{grid-area:temp}.pf-weather{grid-area:weather}.pf-panel{grid-area:panel}.pf-hub{grid-area:hub}.pf-emergency{grid-area:emergency}\n  .pf-panel,.pf-hub{display:flex;flex-direction:column;gap:8px}\n  .pf-emergency{display:grid;grid-template-columns:minmax(0,1fr) minmax(0,1fr);grid-template-areas:"emergency-label emergency-label" "emergency-input emergency-help";gap:5px 16px;align-items:start;padding-top:2px}\n  .pf-emergency #lbl-emergency-number{grid-area:emergency-label}.pf-emergency #emergency-number-input{grid-area:emergency-input}.pf-emergency #emergency-number-help{grid-area:emergency-help;margin:0!important}\n  .sos-configuration {\n    padding: 18px;\n    border-radius: 24px;\n    border: 1px solid rgba(255, 59, 48, 0.25);\n    background: linear-gradient(135deg, rgba(255, 59, 48, 0.12), rgba(255, 255, 255, 0.02));\n    box-shadow: inset 0 1px 0 rgba(255, 255, 255, 0.12), 0 12px 28px rgba(255, 59, 48, 0.06), 0 8px 20px rgba(0, 0, 0, 0.12);\n    transition: transform 0.3s ease, box-shadow 0.3s ease;\n  }\n  /* SOS uses the full personalization width so outputs never create a tall,\n     narrow list with unused space beside it. */\n  .sos-configuration{display:grid;grid-template-columns:minmax(0,1fr) auto;grid-template-areas:"title action" "outputs outputs" "help help";gap:12px 16px;align-items:center}\n  .sos-configuration #lbl-sos-actions{grid-area:title;margin:0!important;white-space:nowrap}\n  .sos-configuration #sos-output-chips{grid-area:outputs;margin:0!important;display:grid;grid-template-columns:repeat(auto-fill,minmax(125px,1fr));gap:7px;align-items:stretch;max-height:148px;overflow-y:auto;overflow-x:hidden;padding:2px 5px 2px 2px;overscroll-behavior:contain}\n  .sos-configuration #sos-output-chips .sensor-pill{width:100%;min-width:0;min-height:34px;justify-content:center;padding:7px 10px;font-size:11px;border-radius:12px}\n  .sos-configuration #sos-output-chips .sensor-pill > span{display:block;min-width:0;max-width:100%;overflow:hidden;text-overflow:ellipsis;white-space:nowrap;text-align:center}\n  .sos-configuration #sos-output-chips .mode-sensor-none{grid-column:1/-1;padding:18px;min-height:54px}\n  .sos-configuration #btn-select-sos-outputs{grid-area:action;width:auto!important;max-width:230px;min-width:0;white-space:normal;overflow-wrap:anywhere;line-height:1.15}\n  .sos-configuration #sos-output-help{grid-area:help;margin:0!important;max-width:none}\n  .sos-configuration:hover {\n    transform: translateY(-2px);\n    box-shadow: inset 0 1px 0 rgba(255, 255, 255, 0.18), 0 16px 36px rgba(255, 59, 48, 0.10), 0 12px 24px rgba(0, 0, 0, 0.16);\n  }\n  :host([argus-dark-mode="false"]:not([data-bg-mode="default"])) .sos-configuration {\n    border-color: rgba(255, 59, 48, 0.3);\n    background: linear-gradient(135deg, rgba(255, 59, 48, 0.08), rgba(0, 0, 0, 0.01));\n    box-shadow: inset 0 1px 0 rgba(255, 255, 255, 0.6), 0 10px 24px rgba(255, 59, 48, 0.05);\n  }\n  #sos-output-chips .sensor-pill{background:linear-gradient(135deg,rgba(255,255,255,.16),rgba(255,255,255,.06));border-color:rgba(255,255,255,.18);box-shadow:inset 0 1px 0 rgba(255,255,255,.14),0 5px 14px rgba(0,0,0,.10)}\n  .background-custom-inputs{flex-direction:column;gap:8px;background:rgba(0,0,0,.15);padding:12px;border-radius:18px;border:1px solid rgba(255,255,255,.09);box-shadow:inset 0 1px 0 rgba(255,255,255,.08)}\n  .modal-back.open .modal,\n  .lang-modal-back.open .lang-modal-card,\n  .ios-confirm-backdrop.open .ios-confirm-card {\n    animation: liquidDropIn .48s cubic-bezier(.16,1.24,.32,1) both;\n  }\n  @keyframes liquidDropIn{0%{opacity:0;transform:translateY(18px) scale(.91);filter:blur(5px)}65%{opacity:1;transform:translateY(-3px) scale(1.018);filter:blur(0)}100%{transform:translateY(0) scale(1)}}\n  @keyframes argus-modal-in{0%{opacity:0;transform:scale(.94) translateY(8px)}100%{opacity:1;transform:scale(1) translateY(0)}}\n  @media(max-width:700px){\n    .personalize-grid{grid-template-columns:minmax(0,1fr);grid-template-areas:"home" "temp" "weather" "panel" "hub" "emergency"}\n    .pf-emergency{grid-template-columns:minmax(0,1fr);grid-template-areas:"emergency-label" "emergency-input" "emergency-help"}\n    .personalize-section{padding:14px}\n    .sos-configuration{display:flex;flex-direction:column;align-items:stretch;gap:10px;padding:14px;border-radius:24px}\n    .sos-configuration #lbl-sos-actions{white-space:normal}.sos-configuration #btn-select-sos-outputs{width:100%!important}.sos-configuration #sos-output-help{max-width:none}\n  }\n  /* ── Weather Animated Backgrounds ────────────────────────────────── */\n  .wx{position:absolute;inset:0;overflow:hidden;border-radius:inherit;z-index:1}\n  /* Cinematic, data-driven atmosphere replacing the old illustrated landscape. */\n  .wx-atmosphere{isolation:isolate;background:linear-gradient(180deg,var(--sky-top),var(--sky-mid) 58%,var(--sky-bottom));overflow:hidden}\n  .wx-webgl{position:absolute;inset:0;z-index:2;width:100%;height:100%;pointer-events:none;mix-blend-mode:screen;opacity:.92}\n  .wx-atmosphere.webgl-active .wx-precip,.wx-atmosphere.webgl-active .wx-lightning,.wx-atmosphere.webgl-active .wx-fog-real{opacity:0}\n  .wx-atmosphere::before{content:\'\';position:absolute;inset:-20%;z-index:-1;background:radial-gradient(ellipse at 65% 20%,rgba(255,255,255,.18),transparent 30%),radial-gradient(ellipse at 50% 120%,rgba(0,0,0,.48),transparent 48%),linear-gradient(115deg,rgba(255,255,255,.07),transparent 42%);filter:blur(12px)}\n  .wx-horizon{position:absolute;inset:auto -10% 0;height:38%;background:linear-gradient(180deg,transparent,rgba(4,10,18,.22) 18%,rgba(3,8,14,.72));filter:blur(1px)}\n  .wx-horizon::before{content:\'\';position:absolute;inset:26% 0 0;background:radial-gradient(ellipse at 12% 100%,rgba(0,0,0,.34) 0 18%,transparent 19%),radial-gradient(ellipse at 50% 100%,rgba(0,0,0,.29) 0 23%,transparent 24%),radial-gradient(ellipse at 89% 100%,rgba(0,0,0,.36) 0 20%,transparent 21%);filter:blur(10px)}\n  .wx-celestial{position:absolute;top:11%;right:12%;width:70px;height:70px;border-radius:50%;z-index:1}\n  .wx-sun-real{background:radial-gradient(circle at 36% 35%,#fffdf2 0 8%,#fff7b2 24%,#ffc94c 58%,rgba(255,166,30,.65) 100%);box-shadow:0 0 24px 7px rgba(255,196,58,.42),0 0 70px 22px rgba(255,190,48,.18);animation:wxSunBreathe 8s ease-in-out infinite}\n  .wx-moon-real{background:radial-gradient(circle at 34% 28%,#fffdf4 0 8%,#e9e4d5 42%,#a8a394 100%);box-shadow:0 0 20px 4px rgba(236,236,222,.28),inset -9px -7px 12px rgba(48,50,60,.22);overflow:hidden}\n  .wx-moon-real::after{content:\'\';position:absolute;inset:-5px;background:var(--moon-shadow,#0a1428);border-radius:50%;transform:translateX(var(--moon-offset,0));box-shadow:0 0 0 1px rgba(0,0,0,.06)}\n  .wx-moon-real.full::after{display:none}.wx-moon-real.new{opacity:.14}.wx-moon-real.new::after{display:block;transform:none}.wx-moon-real.waxing-crescent{--moon-offset:42px}.wx-moon-real.first-quarter{--moon-offset:31px}.wx-moon-real.waxing-gibbous{--moon-offset:17px}.wx-moon-real.waning-gibbous{--moon-offset:-17px}.wx-moon-real.last-quarter{--moon-offset:-31px}.wx-moon-real.waning-crescent{--moon-offset:-42px}\n  .wx-starfield{position:absolute;inset:0;background-image:radial-gradient(circle at 12% 16%,#fff 0 1px,transparent 1.5px),radial-gradient(circle at 33% 31%,rgba(255,255,255,.8) 0 1px,transparent 1.5px),radial-gradient(circle at 56% 11%,#fff 0 1px,transparent 1.5px),radial-gradient(circle at 73% 38%,rgba(255,255,255,.7) 0 1px,transparent 1.5px),radial-gradient(circle at 91% 20%,#fff 0 1px,transparent 1.5px);opacity:.78;animation:wxStarDrift 16s ease-in-out infinite alternate}\n  .wx-cloudfield{position:absolute;inset:-15% -20%;background:radial-gradient(ellipse at 14% 31%,var(--cloud-color) 0 9%,transparent 22%),radial-gradient(ellipse at 43% 18%,var(--cloud-color) 0 12%,transparent 28%),radial-gradient(ellipse at 74% 35%,var(--cloud-color) 0 10%,transparent 24%),radial-gradient(ellipse at 92% 13%,var(--cloud-color) 0 12%,transparent 27%);filter:blur(18px);opacity:var(--cloud-opacity,.72);animation:wxCloudDrift 45s ease-in-out infinite alternate}\n  .wx-precip{position:absolute;inset:-20% -10%;opacity:.78;pointer-events:none;overflow:hidden}.wx-precip.rain,.wx-precip.drizzle{background:none;animation:none}.wx-rain-drop{position:absolute;top:-20%;left:var(--x);width:var(--w);height:var(--h);border-radius:999px;background:linear-gradient(180deg,rgba(255,255,255,.05),rgba(211,237,255,.92));box-shadow:0 0 3px rgba(195,230,255,.38);opacity:var(--o);transform:rotate(17deg);animation:wxDropReal var(--fall) linear var(--delay) infinite}.wx-precip.drizzle .wx-rain-drop{width:1px;opacity:.42;animation-duration:1.35s}.wx-precip.snow{background-image:radial-gradient(circle,rgba(255,255,255,.92) 0 1.6px,transparent 2px);background-size:42px 42px;animation:wxSnowReal 8s linear infinite}\n  .wx-lightning{position:absolute;inset:0;background:rgba(238,247,255,0);animation:wxLightningReal 8s ease-in-out infinite;mix-blend-mode:screen}.wx-lightning::after{content:\'\';position:absolute;top:-5%;left:63%;width:13%;height:72%;background:linear-gradient(115deg,transparent 43%,rgba(255,255,235,.95) 44% 47%,transparent 48%) center/100% 100%;clip-path:polygon(43% 0,75% 0,51% 38%,82% 38%,21% 100%,43% 55%,13% 55%);opacity:0;animation:wxBoltReal 8s ease-in-out infinite;filter:drop-shadow(0 0 8px #fff6bd)}\n  .wx-fog-real{position:absolute;inset:20% -40%;background:repeating-linear-gradient(180deg,transparent 0 48px,rgba(235,244,247,.17) 52px 76px,transparent 82px 132px);filter:blur(14px);animation:wxFogReal 18s ease-in-out infinite alternate}\n  .wx-seasonal{position:absolute;inset:-20% 0;pointer-events:none;opacity:.62}.wx-seasonal.spring{background-image:radial-gradient(ellipse,rgba(255,204,220,.9) 0 2px,transparent 2.8px);background-size:54px 68px;animation:wxPetals 12s linear infinite}.wx-seasonal.autumn{background-image:radial-gradient(ellipse,rgba(229,142,57,.88) 0 2px,transparent 3px);background-size:66px 80px;animation:wxPetals 10s linear infinite}\n  .wx-atmosphere.eclipse-solar .wx-celestial{background:#090d15!important;box-shadow:0 0 0 7px #fff2ad,0 0 24px 12px #ffc75a,0 0 70px 30px rgba(255,195,80,.32)!important}.wx-atmosphere.eclipse-lunar .wx-celestial{background:radial-gradient(circle at 35% 28%,#f08c7c,#a43c3a 60%,#5e232a)!important;box-shadow:0 0 28px 8px rgba(230,86,72,.35)!important}\n  @keyframes wxSunBreathe{50%{transform:scale(1.045);filter:brightness(1.08)}}@keyframes wxStarDrift{to{transform:translateY(5px);opacity:.5}}@keyframes wxCloudDrift{to{transform:translateX(9%) translateY(3%)}}@keyframes wxDropReal{to{transform:translate(-14vw,145vh) rotate(17deg)}}@keyframes wxSnowReal{to{transform:translate(30px,90px)}}@keyframes wxLightningReal{0%,71%,74%,100%{background:transparent}72%,73%{background:rgba(238,247,255,.33)}}@keyframes wxBoltReal{0%,71%,74%,100%{opacity:0}72%,73%{opacity:1}}@keyframes wxFogReal{to{transform:translateX(12%)}}@keyframes wxPetals{to{transform:translate(12%,105%) rotate(180deg)}}\n  .wx-sunny{background:linear-gradient(175deg,#0055cc 0%,#1976d2 25%,#42a5f5 55%,#b3e5fc 100%)}\n  .wx-partly{background:linear-gradient(175deg,#0d47a1 0%,#1565c0 30%,#5b97cc 60%,#90caf9 100%)}\n  .wx-cloudy{background:linear-gradient(175deg,#546e7a 0%,#607d8b 40%,#90a4ae 70%,#b0bec5 100%)}\n  .wx-rain{background:linear-gradient(175deg,#1a2e40 0%,#263238 35%,#37474f 65%,#455a64 100%)}\n  .wx-storm{background:linear-gradient(175deg,#05080e 0%,#0b1420 40%,#111e30 75%,#1a2a40 100%)}\n  .wx-snow{background:linear-gradient(175deg,#455a64 0%,#607d8b 35%,#90a4ae 65%,#cfd8dc 100%)}\n  .wx-fog{background:linear-gradient(175deg,#6d8b96 0%,#8faab3 40%,#b0c4cc 70%,#cdd8dc 100%)}\n  .wx-night{background:linear-gradient(175deg,#020613 0%,#05103a 30%,#0a1850 60%,#152060 100%)}\n  .wx-night-cloudy{background:linear-gradient(175deg,#080810 0%,#0f1020 40%,#181828 70%,#222234 100%)}\n  /* sun */\n  .wx-sun{position:absolute;top:9%;right:13%;width:64px;height:64px}\n  .wx-sun-core{width:100%;height:100%;border-radius:50%;background:radial-gradient(circle at 38% 32%,#fff9e3 5%,#fff176 35%,#fdd835 65%,#fbc02d 85%);box-shadow:0 0 0 7px rgba(255,235,59,.22),0 0 0 16px rgba(255,235,59,.1),0 0 45px 10px rgba(255,210,0,.42);animation:wxSunPulse 4s ease-in-out infinite}\n  .wx-sun-rays{position:absolute;inset:-24px;border-radius:50%;background:repeating-conic-gradient(rgba(255,230,60,.18) 0deg 7deg,transparent 7deg 18deg);animation:wxSunRotate 18s linear infinite}\n  @keyframes wxSunPulse{0%,100%{transform:scale(1);filter:brightness(1)}50%{transform:scale(1.06);filter:brightness(1.1)}}\n  @keyframes wxSunRotate{to{transform:rotate(360deg)}}\n  /* clouds */\n  .wx-cloud{position:absolute;background:rgba(255,255,255,.85);border-radius:60px}\n  .wx-cloud::before,.wx-cloud::after{content:\'\';position:absolute;background:inherit;border-radius:50%}\n  .wx-cloud::before{width:54%;height:160%;top:-64%;left:17%}\n  .wx-cloud::after{width:40%;height:130%;top:-50%;right:14%}\n  .wx-cloud.gray{background:rgba(118,138,148,.72)}.wx-cloud.gray::before,.wx-cloud.gray::after{background:inherit}\n  .wx-cloud.dark{background:rgba(48,62,76,.84)}.wx-cloud.dark::before,.wx-cloud.dark::after{background:inherit}\n  .wx-cl1{width:130px;height:42px;top:22%;left:-160px;animation:wxDr1 22s linear infinite}\n  .wx-cl2{width:90px;height:30px;top:37%;left:-110px;animation:wxDr2 30s linear infinite 6s}\n  .wx-cl3{width:160px;height:50px;top:15%;left:-190px;animation:wxDr1 28s linear infinite 10s}\n  .wx-cl4{width:110px;height:36px;top:30%;left:-135px;animation:wxDr2 18s linear infinite 2s}\n  @keyframes wxDr1{to{transform:translateX(calc(100vw + 360px))}}\n  @keyframes wxDr2{to{transform:translateX(calc(100vw + 300px))}}\n  /* raindrops */\n  .wx-drop{position:absolute;width:1.5px;background:linear-gradient(to bottom,transparent,rgba(145,200,235,.75));border-radius:1px;animation:wxDropFall linear infinite}\n  @keyframes wxDropFall{0%{top:-5%;opacity:0}15%{opacity:1}85%{opacity:.7}100%{top:108%;opacity:0}}\n  /* lightning */\n  .wx-bolt{position:absolute;top:0;left:44%;width:8px;height:60%;background:rgba(255,255,180,0);clip-path:polygon(42% 0%,78% 0%,52% 44%,82% 44%,22% 100%,48% 52%,12% 52%);animation:wxBolt 7s ease-in-out infinite}\n  .wx-flash{position:absolute;inset:0;background:rgba(255,255,255,0);animation:wxFlash 7s ease-in-out infinite;border-radius:inherit}\n  @keyframes wxBolt{0%,81%,84%,100%{background:rgba(255,255,180,0)}82%,83%{background:linear-gradient(to bottom,#fff9c4,#ffee58,#fff176)}}\n  @keyframes wxFlash{0%,81%,84%,100%{background:rgba(255,255,255,0)}82%,83%{background:rgba(255,255,255,.07)}}\n  /* snowflakes */\n  .wx-flake{position:absolute;color:rgba(255,255,255,.82);animation:wxFlakeFall linear infinite;user-select:none;pointer-events:none}\n  @keyframes wxFlakeFall{0%{top:-8%;opacity:0;transform:translateX(0) rotate(0deg)}10%{opacity:.9}85%{opacity:.65}100%{top:108%;opacity:0;transform:translateX(var(--wx-d,20px)) rotate(540deg)}}\n  /* stars */\n  .wx-star{position:absolute;background:#fff;border-radius:50%;animation:wxStarBlink ease-in-out infinite;pointer-events:none}\n  @keyframes wxStarBlink{0%,100%{opacity:.1;transform:scale(.6)}50%{opacity:1;transform:scale(1.15)}}\n  /* moon */\n  .wx-moon{position:absolute;top:9%;right:13%;width:48px;height:48px}\n  .wx-moon-disc{width:100%;height:100%;border-radius:50%;background:radial-gradient(circle at 37% 32%,#fffde7 0%,#fff9c4 35%,#fff176 65%,#ffee58 85%);box-shadow:0 0 0 3px rgba(255,238,88,.18),0 0 22px 5px rgba(255,238,88,.22),0 0 48px 12px rgba(255,238,88,.1);animation:wxMoonPulse 6s ease-in-out infinite}\n  .wx-moon-shadow{position:absolute;top:-4%;left:18%;width:90%;height:90%;border-radius:50%;background:radial-gradient(circle,rgba(0,0,0,0) 40%,rgba(8,12,35,.55) 82%)}\n  @keyframes wxMoonPulse{0%,100%{transform:scale(1)}50%{transform:scale(1.03);filter:brightness(1.07)}}\n  /* fog */\n  .wx-fog-strip{position:absolute;width:250%;height:44px;background:linear-gradient(90deg,transparent 5%,rgba(175,200,210,.35) 25%,rgba(192,212,218,.44) 50%,rgba(175,200,210,.35) 75%,transparent 95%);animation:wxFogMove linear infinite alternate;border-radius:50px}\n  @keyframes wxFogMove{0%{transform:translateX(-40%)}100%{transform:translateX(10%)}}\n  .wx-static{background:linear-gradient(180deg,rgba(22,28,42,.92),rgba(35,44,67,.95))}\n  .wx-photo,.wx-collage{background:#10141d}\n  .wx-photo::before{content:"";position:absolute;inset:0;background:var(--bg-image) center/cover no-repeat;filter:saturate(1.05) contrast(1.05)}\n  .wx-photo::after,.wx-collage::after,.wx-static::after{content:"";position:absolute;inset:0;background:linear-gradient(180deg,rgba(5,8,12,.18),rgba(5,8,12,.5))}\n  .wx-collage-grid{position:absolute;inset:0;display:grid;grid-template-columns:1fr 1fr;grid-template-rows:1fr 1fr;gap:4px;padding:4px}\n  .wx-collage-cell{border-radius:18px;background:center/cover no-repeat;min-height:0;box-shadow:inset 0 0 0 1px rgba(255,255,255,.06)}\n  .wx-video{position:absolute;inset:0;overflow:hidden;border-radius:inherit;z-index:1;background:#10141d}\n  .wx-video::after{content:"";position:absolute;inset:0;background:linear-gradient(180deg,rgba(5,8,12,.18),rgba(5,8,12,.5));z-index:2}\n  #argus-canvas-bg{position:fixed;inset:0;z-index:0;pointer-events:none;overflow:hidden;background-size:cover;background-position:center;background-repeat:no-repeat}\n  #argus-canvas-bg::after{content:"";position:absolute;inset:0;background:linear-gradient(180deg,rgba(0,0,0,0.15) 0%,rgba(0,0,0,0.3) 100%);z-index:1;pointer-events:none}\n\n.sensor-pill {\n  display:inline-flex; align-items:center; gap:8px;\n  background:var(--argus-pill-bg, rgba(255,255,255,0.04));\n  border:1px solid var(--argus-pill-border, rgba(255,255,255,0.08));\n  border-radius:14px; padding:10px 14px;\n  font-size:13px; color:var(--argus-pill-color, rgba(255,255,255,0.95));\n  backdrop-filter:blur(10px); transition:all 0.2s cubic-bezier(0.4,0,0.2,1);\n  font-weight:700; box-shadow:0 4px 12px rgba(0,0,0,0.08);\n}\n.sensor-pill:hover { background:var(--argus-pill-bg-hover, rgba(255,255,255,0.08)); border-color:rgba(255,255,255,0.25); transform:translateY(-1px); }\n.sensor-pill .pill-dot { width:10px; height:10px; border-radius:50%; background:#34c759; flex-shrink:0; box-shadow:0 0 10px rgba(52,199,0.5); }\n.sensor-pill .pill-dot.open { background:#ff3b30; box-shadow:0 0 10px rgba(255,59,48,0.5); }\n.sensor-pill .pill-dot.unavailable { background:#999; }\n.sensor-pill button { background:none; border:none; color:var(--argus-pill-color, #fff); cursor:pointer; opacity:0.5; padding:4px; font-size:14px; transition:opacity 0.2s; }\n.sensor-pill button:hover { opacity:1; }\n\n.mode-sensor-grid { display:grid; grid-template-columns:repeat(auto-fill, minmax(160px, 1fr)); gap:12px; margin-top:12px; }\n.mode-sensor-none { grid-column:1/-1; padding:30px; text-align:center; background:var(--argus-pill-bg,rgba(255,255,255,0.03)); border:2px dashed var(--argus-pill-border,rgba(255,255,255,0.1)); border-radius:20px; color:var(--argus-pill-color-muted,rgba(255,255,255,0.4)); font-size:14px; font-weight:600; }\n.subsection-title { font-size:12px; font-weight:900; letter-spacing:0.1em; text-transform:uppercase; margin-bottom:12px; color:var(--argus-pill-color-muted,rgba(255,255,255,0.5)); display:block; }\n\n:host([argus-dark-mode="false"]:not([data-bg-mode="default"])) .list-item-card * { color: #1e1e2d; }\n\n/* ── Language Picker ───────────────────────────────────── */\n.lang-pill {\n  display:inline-flex; align-items:center; gap:6px;\n  padding:7px 14px; border-radius:999px;\n  background:rgba(255,255,255,0.10);\n  border:1px solid rgba(255,255,255,0.18);\n  backdrop-filter:blur(12px) saturate(120%);\n  -webkit-backdrop-filter:blur(12px) saturate(120%);\n  color:#fff; font-size:13px; font-weight:700;\n  cursor:pointer; transition:all 0.22s cubic-bezier(0.4,0,0.2,1);\n  box-shadow:0 4px 16px rgba(0,0,0,0.18);\n  white-space:nowrap; flex-shrink:0;\n}\n.lang-pill:hover { background:rgba(255,255,255,0.22); transform:translateY(-1px); }\n:host([argus-dark-mode="false"]:not([data-bg-mode="default"])) .lang-pill {\n  background:rgba(0,0,0,0.07); border-color:rgba(0,0,0,0.15); color:#1e1e2d;\n}\n:host([argus-dark-mode="false"]:not([data-bg-mode="default"])) .lang-pill:hover { background:rgba(0,0,0,0.12); }\n\n/* Language modal */\n.lang-modal-back { position:fixed; inset:0; background:rgba(0,0,0,0.55); display:none; align-items:center; justify-content:center; z-index:999998; backdrop-filter:blur(4px); }\n.lang-modal-back.open { display:flex; }\n.lang-modal-card {\n  width:min(400px,92vw); border-radius:28px; padding:28px 24px 20px;\n  background:rgba(20,22,35,0.92);\n  border:1px solid rgba(255,255,255,0.14);\n  box-shadow:0 32px 80px rgba(0,0,0,0.55);\n  backdrop-filter:blur(12px) saturate(120%);\n  -webkit-backdrop-filter:blur(12px) saturate(120%);\n  color:#fff;\n  animation: langBounceIn 0.38s cubic-bezier(0.175,0.885,0.32,1.275) forwards;\n}\n:host([argus-dark-mode="false"]:not([data-bg-mode="default"])) .lang-modal-card {\n  background:rgba(255,255,255,0.96); color:#1e1e2d;\n  border-color:rgba(0,0,0,0.12); box-shadow:0 20px 60px rgba(0,0,0,0.25);\n}\n@keyframes langBounceIn {\n  0%   { transform:scale(0.82) translateY(20px); opacity:0; }\n  60%  { transform:scale(1.03) translateY(-4px); opacity:1; }\n  100% { transform:scale(1)    translateY(0);    opacity:1; }\n}\n.lang-modal-title {\n  font-size:18px; font-weight:900; letter-spacing:-0.01em;\n  margin-bottom:20px; text-align:center;\n}\n.lang-grid {\n  display:grid; grid-template-columns:1fr 1fr; gap:10px;\n}\n.lang-option {\n  display:flex; align-items:center; gap:10px;\n  padding:12px 14px; border-radius:16px;\n  background:rgba(255,255,255,0.10);\n  border:1.5px solid rgba(255,255,255,0.18);\n  /* Buttons do not inherit color reliably through the HA shadow DOM. */\n  color:rgba(255,255,255,0.98) !important;\n  text-shadow:0 1px 2px rgba(0,0,0,0.38);\n  cursor:pointer; transition:all 0.18s ease;\n  font-size:14px; font-weight:750;\n}\n.lang-option span:not(.lang-flag) { color:inherit !important; }\n.lang-option:hover { background:rgba(255,255,255,0.16); border-color:rgba(255,255,255,0.28); transform:translateY(-1px); }\n.lang-option.active {\n  background:rgba(3,169,244,0.30); border-color:rgba(76,201,255,0.82);\n  box-shadow:0 0 18px rgba(3,169,244,0.25);\n}\n:host([argus-dark-mode="false"]:not([data-bg-mode="default"])) .lang-option { background:rgba(0,0,0,0.04); border-color:rgba(0,0,0,0.1); color:#18212f !important; text-shadow:none; }\n:host([argus-dark-mode="false"]:not([data-bg-mode="default"])) .lang-option span:not(.lang-flag) { color:#18212f !important; }\n:host([argus-dark-mode="false"]:not([data-bg-mode="default"])) .lang-option:hover { background:rgba(0,0,0,0.09); }\n:host([argus-dark-mode="false"]:not([data-bg-mode="default"])) .lang-option.active { background:rgba(3,169,244,0.12); border-color:rgba(3,169,244,0.4); }\n.lang-flag { font-size:22px; line-height:1; }\n.lang-close-row { display:flex; justify-content:center; margin-top:18px; }\n.lang-close-btn {\n  padding:9px 28px; border-radius:14px;\n  background:rgba(255,255,255,0.1); border:1px solid rgba(255,255,255,0.15);\n  color:#fff; font-size:13px; font-weight:700; cursor:pointer;\n  transition:background 0.18s;\n}\n:host([argus-dark-mode="false"]:not([data-bg-mode="default"])) .lang-close-btn { background:rgba(0,0,0,0.07); border-color:rgba(0,0,0,0.14); color:#1e1e2d; }\n.lang-close-btn:hover { background:rgba(255,255,255,0.2); }\n\n/* Background File Manager Styles */\n.file-card {\n  background: rgba(255, 255, 255, 0.03);\n  border: 1px solid rgba(255, 255, 255, 0.06);\n  border-radius: 12px;\n  padding: 8px;\n  display: flex;\n  flex-direction: column;\n  gap: 6px;\n  position: relative;\n  overflow: hidden;\n  transition: all 0.22s cubic-bezier(0.25, 0.8, 0.25, 1);\n}\n.file-card:hover {\n  background: rgba(255, 255, 255, 0.08) !important;\n  border-color: rgba(255, 255, 255, 0.16) !important;\n  transform: translateY(-2px);\n  box-shadow: 0 4px 12px rgba(0, 0, 0, 0.15);\n}\n:host([argus-dark-mode="false"]:not([data-bg-mode="default"])) .file-card {\n  background: rgba(0, 0, 0, 0.02);\n  border-color: rgba(0, 0, 0, 0.07);\n  color: #1c1c1e;\n}\n:host([argus-dark-mode="false"]:not([data-bg-mode="default"])) .file-card:hover {\n  background: rgba(0, 0, 0, 0.05) !important;\n  border-color: rgba(0, 0, 0, 0.12) !important;\n}\n.file-card-preview {\n  position: relative;\n  width: 100%;\n  height: 64px;\n  border-radius: 8px;\n  overflow: hidden;\n  background: rgba(0, 0, 0, 0.2);\n}\n.file-card-preview img, .file-card-preview video {\n  width: 100%;\n  height: 100%;\n  object-fit: cover;\n  display: block;\n}\n.file-card-name {\n  font-size: 10px;\n  font-weight: 700;\n  white-space: nowrap;\n  overflow: hidden;\n  text-overflow: ellipsis;\n  opacity: 0.85;\n}\n.file-card-meta {\n  font-size: 9px;\n  opacity: 0.55;\n  display: flex;\n  justify-content: space-between;\n  align-items: center;\n}\n.file-card-actions {\n  display: flex;\n  gap: 4px;\n  margin-top: auto;\n}\n.file-card-btn {\n  flex: 1;\n  padding: 4px;\n  font-size: 8px;\n  font-weight: 700;\n  text-transform: uppercase;\n  border: 1px solid rgba(255, 255, 255, 0.12);\n  border-radius: 6px;\n  background: rgba(255, 255, 255, 0.03);\n  color: inherit;\n  cursor: pointer;\n  white-space: nowrap;\n  transition: all 0.15s ease;\n}\n.file-card-btn:hover {\n  background: rgba(255, 255, 255, 0.15);\n  border-color: rgba(255, 255, 255, 0.3);\n}\n:host([argus-dark-mode="false"]:not([data-bg-mode="default"])) .file-card-btn {\n  border-color: rgba(0, 0, 0, 0.12);\n  background: rgba(0, 0, 0, 0.02);\n}\n:host([argus-dark-mode="false"]:not([data-bg-mode="default"])) .file-card-btn:hover {\n  background: rgba(0, 0, 0, 0.08);\n  border-color: rgba(0, 0, 0, 0.25);\n}\n.file-card-btn-delete {\n  padding: 3px 6px;\n  color: #ff3b30;\n  border: 1px solid rgba(255, 59, 48, 0.15);\n  background: rgba(255, 59, 48, 0.05);\n  border-radius: 6px;\n  cursor: pointer;\n  font-size: 9px;\n  transition: all 0.15s ease;\n}\n.file-card-btn-delete:hover {\n  background: rgba(255, 59, 48, 0.25);\n  border-color: rgba(255, 59, 48, 0.45);\n}\n\n.argus-bootstrap-layer {\n  position: fixed;\n  inset: 0;\n  background: rgba(0,0,0,0.4);\n  backdrop-filter: blur(20px);\n  -webkit-backdrop-filter: blur(20px);\n  z-index: 9999;\n  display: flex;\n  flex-direction: column;\n  justify-content: center;\n  align-items: center;\n  color: white;\n  animation: fadeIn 0.4s ease forwards;\n}\n.argus-bootstrap-card {\n  background: rgba(255,255,255,0.05);\n  border: 1px solid rgba(255,255,255,0.1);\n  border-radius: 24px;\n  padding: 40px;\n  max-width: 480px;\n  width: 90%;\n  box-shadow: 0 16px 40px rgba(0,0,0,0.5);\n  text-align: center;\n}\n.argus-bootstrap-card h1 {\n  margin: 0 0 16px;\n  font-weight: 300;\n  font-size: 28px;\n  letter-spacing: 0.5px;\n}\n.argus-bootstrap-card p {\n  color: rgba(255,255,255,0.7);\n  font-size: 16px;\n  line-height: 1.5;\n  margin-bottom: 32px;\n}\n@keyframes argusWelcomeCard {\n  from { opacity: 0; transform: translateY(18px) scale(.96); }\n  65% { opacity: 1; transform: translateY(-3px) scale(1.01); }\n  to { opacity: 1; transform: translateY(0) scale(1); }\n}\n@keyframes argusWelcomeLogo {\n  0%,100% { transform: translateY(0) scale(1); filter: drop-shadow(0 10px 18px rgba(32,145,255,.28)); }\n  50% { transform: translateY(-5px) scale(1.045); filter: drop-shadow(0 16px 26px rgba(32,145,255,.5)); }\n}\n@keyframes argusWelcomeCheck {\n  from { opacity: 0; transform: scale(.55) rotate(-16deg); }\n  70% { opacity: 1; transform: scale(1.1) rotate(4deg); }\n  to { opacity: 1; transform: scale(1) rotate(0); }\n}\n.argus-first-run-card { animation: argusWelcomeCard .58s cubic-bezier(.22,1.2,.36,1) both; }\n.argus-first-run-logo { height:68px; width:68px; border-radius:19px; animation:argusWelcomeLogo 2.4s ease-in-out infinite; }\n.argus-first-run-brand { display:flex; flex-direction:column; align-items:center; gap:10px; margin-bottom:20px; }\n.argus-first-run-brand h1 { margin:0; font-size:1.65rem; font-weight:850; letter-spacing:-.02em; }\n.argus-first-run-brand p { margin:0; font-size:.92rem; color:rgba(255,255,255,.7); }\n.argus-first-run-thank-icon { width:74px; height:74px; margin:0 auto 18px; display:grid; place-items:center; border-radius:50%; background:rgba(52,199,89,.18); border:1px solid rgba(52,199,89,.45); color:#58e37c; font-size:2.15rem; box-shadow:0 0 32px rgba(52,199,89,.22); animation:argusWelcomeCheck .5s cubic-bezier(.2,1.35,.35,1) both; }\n.user-selector-grid {\n  display: grid;\n  grid-template-columns: repeat(auto-fit, minmax(100px, 1fr));\n  gap: 16px;\n  margin-top: 24px;\n}\n.user-card {\n  background: rgba(255,255,255,0.1);\n  border: 1px solid rgba(255,255,255,0.15);\n  border-radius: 16px;\n  padding: 20px 10px;\n  cursor: pointer;\n  transition: all 0.2s ease;\n  display: flex;\n  flex-direction: column;\n  align-items: center;\n  gap: 12px;\n}\n.user-card:hover {\n  background: rgba(255,255,255,0.2);\n  transform: translateY(-2px);\n}\n.user-card-own {\n  border-color: rgba(0, 122, 255, 0.55);\n  box-shadow: 0 0 0 2px rgba(0, 122, 255, 0.22), 0 8px 24px rgba(0,122,255,0.1);\n}\n.user-card-own:hover {\n  border-color: rgba(0, 122, 255, 0.8);\n}\n.profile-own-badge {\n  font-size: 10px;\n  font-weight: 800;\n  text-transform: uppercase;\n  letter-spacing: 0.08em;\n  color: #007aff;\n  background: rgba(0, 122, 255, 0.12);\n  border-radius: 999px;\n  padding: 2px 8px;\n  margin-top: -4px;\n}\n.user-role-label {\n  font-size: 11px;\n  opacity: 0.55;\n  font-weight: 600;\n  letter-spacing: 0.02em;\n}\n@keyframes shake {\n  0%, 100% { transform: translateX(0); }\n  20%, 60% { transform: translateX(-6px); }\n  40%, 80% { transform: translateX(6px); }\n}\n.user-avatar {\n  width: 56px;\n  height: 56px;\n  border-radius: 50%;\n  background: linear-gradient(135deg, rgba(255,255,255,0.2), rgba(255,255,255,0.05));\n  display: flex;\n  align-items: center;\n  justify-content: center;\n  font-size: 20px;\n  font-weight: 600;\n  color: #fff;\n  border: 1px solid rgba(255,255,255,0.3);\n}\n.user-name {\n  font-size: 14px;\n  font-weight: 500;\n  color: rgba(255,255,255,0.9);\n}\n.pin-prompt {\n  display: none;\n  animation: fadeIn 0.3s ease forwards;\n  margin-top: 20px;\n}\n.pin-prompt input {\n  font-size: 24px;\n  letter-spacing: 8px;\n  text-align: center;\n  padding: 10px;\n  border-radius: 12px;\n  border: 1px solid rgba(255,255,255,0.2);\n  background: rgba(0,0,0,0.2);\n  color: white;\n  width: 200px;\n  margin-bottom: 20px;\n}\n.btn-claim {\n  background: #ff3b30;\n  color: white;\n  border: none;\n  padding: 14px 28px;\n  border-radius: 12px;\n  font-size: 16px;\n  font-weight: 600;\n  cursor: pointer;\n  transition: background 0.2s;\n}\n.btn-claim:hover { background: #ff453a; }\n.btn-start {\n  background: #34c759;\n  color: white;\n  border: none;\n  padding: 14px 28px;\n  border-radius: 12px;\n  font-size: 16px;\n  font-weight: 600;\n  cursor: pointer;\n  transition: background 0.2s;\n}\n.btn-start:hover { background: #30d158; }\n.btn-cancel {\n  background: rgba(255,255,255,0.1);\n  color: white;\n  border: none;\n  padding: 14px 28px;\n  border-radius: 12px;\n  font-size: 16px;\n  font-weight: 600;\n  cursor: pointer;\n  margin-left: 10px;\n}\n</style>\n\n<!-- Bootstrap UI -->\n<div id="bootstrap-overlay" class="argus-bootstrap-layer" style="display:none"></div>\n\n<!-- Language picker modal -->\n<div class="lang-modal-back" id="lang-modal" aria-hidden="true">\n  <div class="lang-modal-card">\n    <div class="lang-modal-title" id="lang-modal-title">🌐 Select Language</div>\n    <div class="lang-grid" id="lang-grid"></div>\n    <div class="lang-close-row">\n      <button class="lang-close-btn" id="lang-modal-close">✕ Close</button>\n    </div>\n  </div>\n</div>\n\n<!-- SOS Confirm Modal -->\n<div class="ios-confirm-backdrop" id="sos-modal">\n  <div class="ios-confirm-card liquid-glass" id="sos-card" style="position:relative;">\n    <button id="sos-close-x" style="position:absolute; top:16px; right:16px; background:rgba(255,255,255,0.1); border:none; color:white; border-radius:50%; width:32px; height:32px; font-weight:800; cursor:pointer; display:flex; align-items:center; justify-content:center; font-size:14px; opacity:0.8; padding:0; transition:background 0.2s;">✕</button>\n    <div class="ios-confirm-title" id="sos-title-txt">Confirmar pánico</div>\n    <div class="ios-confirm-text" id="sos-text-txt">Desliza para disparar la alarma inmediatamente.</div>\n    <div class="ios-slider-shell">\n      <div class="ios-slider-track">\n        <div class="ios-slider-label" id="sos-label">Desliza para activar SOS</div>\n        <div class="ios-slider-thumb" id="sos-thumb">🚨</div>\n      </div>\n    </div>\n    <div style="margin-top:20px;text-align:center">\n      <a id="sos-call-btn" href="tel:911" style="display:flex;justify-content:center;align-items:center;gap:8px;background:rgba(255,59,48,0.2);color:#ff3b30;text-decoration:none;padding:14px;border-radius:18px;font-weight:800;font-size:15px;border:1px solid rgba(255,59,48,0.3)">\n        📞 Llamar a Emergencias (911)\n      </a>\n      <p id="sos-call-help" class="small" style="margin:10px 4px 0;opacity:.72;line-height:1.35">If this device cannot place calls, Argus will send an urgent alert to the configured mobile devices.</p>\n    </div>\n    <button class="ios-confirm-cancel" id="btn-cancel-sos" style="margin-top:10px">Cancelar</button>\n  </div>\n</div>\n\n\n<div id="argus-canvas-bg"></div>\n\n\n<div class="wrap">\n  <!-- HERO -->\n  <div class="glass hero liquid-glass">\n    <div class="hero-left">\n      <img src="/api/argus_static/argus_logo.png" alt="Argus Logo" style="width: 75px; height: 75px; border-radius: 18px; object-fit: cover; box-shadow: 0 8px 24px rgba(0,0,0,0.25); flex-shrink: 0;">\n      <div>\n        <h1>Argus Home Hub</h1>\n        <p id="p-hero-desc"></p>\n      </div>\n    </div>\n    <div class="hero-context" aria-live="polite">\n      <div class="hero-clock"><strong id="hero-clock-time">--:--</strong><span id="hero-clock-date"></span></div>\n      <div class="hero-pills">\n        <span class="hero-pill" id="hero-weather-pill">☀️ --</span>\n        <span class="hero-pill" id="hero-security-pill"><i class="hero-live"></i> Argus</span>\n      </div>\n    </div>\n    <button class="lang-pill" id="btn-edit-widgets" title="Personalizar Dashboard">\n      <span id="edit-widgets-icon">⚙️</span>\n      <span id="edit-widgets-label">Personalizar</span>\n    </button>\n    <button class="lang-pill" id="btn-lang-picker" title="Language / Idioma">\n      <span id="lang-pill-flag">🌐</span>\n      <span id="lang-pill-label">Language</span>\n    </button>\n  </div>\n\n  <!-- TWO-COLUMN LAYOUT -->\n  <div class="grid">\n\n    <!-- Instances -->\n    <section class="glass panel liquid-glass dashboard-instances" id="w-instances" style="grid-column: 1 / -1;">\n        <div class="panel-head">\n          <h2 id="h-instances"></h2>\n          <div style="display:flex;align-items:center;gap:12px">\n            <div id="global-status"></div>\n          </div>\n        </div>\n        <div id="entries"></div>\n        <!-- Personalization section -->\n        <div class="personalize-section">\n          <div style="display:flex; justify-content:space-between; align-items:center; border-bottom:1px solid var(--personalize-divider, rgba(255,255,255,0.08)); padding-bottom:10px; flex-wrap:wrap; gap:10px;">\n            <div id="lbl-aesthetic-custom" style="font-weight:900; font-size:14px; letter-spacing:-0.01em; cursor:pointer; display:flex; align-items:center; gap:8px; user-select:none;">\n              <span>🎨 Personalización Estética (Avanzado)</span>\n              <span id="personalize-chevron" style="transition: transform 0.3s ease; font-size: 11px;">▼</span>\n            </div>\n            <div style="display:flex; gap:8px;">\n              <button class="ghost" id="btn-edit-home-name-standalone" style="padding:6px 10px;font-size:11px;border-radius:10px;white-space:nowrap">✏️ Editar Nombre</button>\n              <button class="primary" id="btn-save-personalization-standalone" style="padding:8px 14px;font-size:12px;border-radius:10px;white-space:nowrap">Guardar</button>\n            </div>\n          </div>\n\n          <div class="personalize-workspace collapsed" id="personalize-workspace">\n            <div class="personalize-grid">\n            <!-- Column 1: Nombre y Fondos -->\n            <div class="personalize-column">\n              <div class="personalize-field pf-home">\n                <div class="setting-label" id="lbl-home-name-hdr" style="font-size:11px; font-weight:800; text-transform:uppercase; opacity:0.6;">Nombre del Hogar</div>\n                <div id="lbl-home-name-prominent" style="font-size:18px;font-weight:900;margin-top:2px">Mi Casa</div>\n              </div>\n              <div class="personalize-field pf-panel">\n                <div class="setting-label" id="lbl-panel-bg-title" style="font-size:11px; font-weight:800; text-transform:uppercase; opacity:0.6; margin-bottom:4px;">Fondo para Panel</div>\n                <select id="bg-mode-select-standalone" class="glass-control"></select>\n                <div id="panel-custom-bg-inputs" class="background-custom-inputs" style="display:none;">\n                  <div style="display:flex; justify-content:space-between; align-items:center; flex-wrap:wrap; gap:6px;">\n                    <span id="lbl-panel-bg-upload" style="font-size:11px; opacity:0.8;">Cargar archivo:</span>\n                    <input type="file" id="panel-bg-file-input" accept="image/*,video/mp4,video/webm,video/quicktime,.heic,.heif" style="font-size:10px; max-width:180px;">\n                  </div>\n                  <div style="font-size:10px; opacity:0.5; text-align:right;" id="bg-file-help"></div>\n                  <input type="text" id="panel-bg-url-input" class="glass-control" placeholder="Background URL…">\n                  <label id="lbl-panel-bg-sound" style="display:none; align-items:center; gap:8px; font-size:11px; cursor:pointer;">\n                    <input type="checkbox" id="chk-panel-bg-sound"> <span id="s-panel-bg-sound-lbl">Sonido de video</span>\n                  </label>\n                </div>\n              </div>\n              <div class="personalize-field pf-hub">\n                <div class="setting-label" id="lbl-hub-bg-title" style="font-size:11px; font-weight:800; text-transform:uppercase; opacity:0.6; margin-bottom:4px;">Fondo Argus</div>\n                <select id="hub-bg-mode-select" class="glass-control"></select>\n                <!-- Argus Background Custom Inputs (shown dynamically) -->\n                <div id="hub-custom-bg-inputs" class="background-custom-inputs" style="display:none;">\n                  <div style="display:flex; justify-content:space-between; align-items:center; flex-wrap:wrap; gap:6px;">\n                    <span id="lbl-hub-bg-upload" style="font-size:11px; opacity:0.8;">Cargar archivo:</span>\n                    <input type="file" id="hub-bg-file-input" accept="image/*,video/mp4,video/webm,video/quicktime,.heic,.heif" style="font-size:10px; max-width:180px;">\n                  </div>\n                  <div style="font-size:10px; opacity:0.5; text-align:right;" id="hub-file-help"></div>\n                  <input type="text" id="hub-bg-url-input" class="glass-control" placeholder="Background URL…">\n                  <label id="lbl-hub-bg-sound" style="display:none; align-items:center; gap:8px; font-size:11px; cursor:pointer;">\n                    <input type="checkbox" id="chk-hub-bg-sound"> <span id="s-hub-bg-sound-lbl">Sonido de video</span>\n                  </label>\n                </div>\n              </div>\n            </div>\n\n            <!-- Column 2: Sensores, Emergencias y SOS -->\n            <div class="personalize-column">\n              <div class="personalize-field pf-temp">\n                <label class="setting-label" id="lbl-temperature-source" for="temp-source-select-standalone" style="font-size:11px; font-weight:800; text-transform:uppercase; opacity:0.6; margin-bottom:4px;">🌡️ Temperatura mostrada</label>\n                <select id="temp-source-select-standalone" class="glass-control"></select>\n              </div>\n              <div class="personalize-field pf-weather">\n                <label class="setting-label" id="lbl-weather-source" for="weather-source-select" style="font-size:11px;font-weight:800;text-transform:uppercase;opacity:.6;margin-bottom:4px;">☁️ Fuente de clima</label>\n                <select id="weather-source-select" class="glass-control"></select>\n              </div>\n              <div class="personalize-field pf-emergency">\n                <label class="setting-label" id="lbl-emergency-number" for="emergency-number-input" style="font-size:11px; font-weight:800; text-transform:uppercase; opacity:0.6; margin-bottom:4px;">🚨 Local emergency number</label>\n                <input id="emergency-number-input" class="glass-control" inputmode="tel" maxlength="16" value="911" aria-describedby="emergency-number-help">\n                <div id="emergency-number-help" class="small" style="margin-top:5px;opacity:.65;line-height:1.35">Configure it for the home location. It will be included in SOS alerts.</div>\n              </div>\n            </div>\n          </div>\n\n          <div class="sos-configuration">\n            <div class="setting-label" id="lbl-sos-actions" style="font-size:11px; font-weight:800; text-transform:uppercase; opacity:0.6; margin-bottom:6px;">🚨 SOS actions</div>\n            <div id="sos-output-chips" class="mode-sensor-grid" style="margin-bottom:8px"></div>\n            <button class="ghost" id="btn-select-sos-outputs" style="width:100%;justify-content:center;font-size:12px">Select lights, sirens, or scripts</button>\n            <div class="small" id="sos-output-help" style="margin-top:5px;opacity:.65;line-height:1.35">These devices will always activate when SOS is used, even while Argus is disarmed.</div>\n          </div>\n\n          <!-- Historial de Archivos Subidos -->\n          <div style="border-top:1px solid var(--personalize-divider, rgba(255,255,255,0.08)); padding-top:14px; margin-top:6px;">\n            <div style="display:flex; justify-content:space-between; align-items:center; margin-bottom:8px; flex-wrap:wrap; gap:6px;">\n              <div style="font-size:11px; font-weight:800; text-transform:uppercase; opacity:0.6; display:flex; align-items:center; gap:6px;">\n                📁 <span id="lbl-uploaded-files-title">Archivos Subidos en Servidor</span>\n              </div>\n              <span id="storage-files-count" style="font-size:10px; opacity:0.5;">Loading…</span>\n            </div>\n            <div id="uploaded-files-list" style="display:grid; grid-template-columns:repeat(auto-fill, minmax(130px, 1fr)); gap:10px; max-height:220px; overflow-y:auto; padding:5px 0;">\n              <!-- Los archivos se renderizan aquí dinámicamente -->\n            </div>\n          </div>\n\n          </div>\n        </div>\n      </section>\n\n      <!-- Activity log -->\n      <section class="glass panel liquid-glass activity-panel" id="w-activity">\n        <div class="panel-head">\n          <h2 id="h-activity-log"></h2>\n          <div style="display:flex;gap:6px"><button class="ghost" id="btn-refresh-history" style="font-size:10px;padding:4px 8px"></button><button class="ghost" id="btn-export-forensic" style="font-size:10px;padding:4px 8px;opacity:.7">JSON</button><button class="ghost" id="btn-clear-log" style="font-size:10px;padding:4px 8px;opacity:0.6">BORRAR</button></div>\n        </div>\n        <div id="activity-log" style="display:grid;gap:10px;height:280px;overflow-y:auto;margin-top:10px"></div>\n      </section>\n\n      <!-- Modes -->\n      <section class="glass panel liquid-glass modes-panel" id="w-modes">\n        <div class="panel-head">\n           <h2 id="h-modes"></h2>\n        </div>\n        <div class="tabs" id="mode-tabs" style="margin-bottom:15px"></div>\n        <div id="mode-view"></div>\n      </section>\n\n      <!-- Users & Master PIN Settings -->\n      <section class="glass panel liquid-glass access-panel" id="w-access">\n        <div class="panel-head">\n          <div>\n            <h2 id="h-access-title">Control de Acceso y Usuarios</h2>\n            <p class="access-summary" id="p-access-desc">PIN desactivado · Sin usuarios adicionales</p>\n          </div>\n          <div class="access-actions">\n            <button class="ghost" id="btn-access-users" aria-expanded="false">👥 Usuarios</button>\n            <button class="ghost" id="btn-access-pin" aria-expanded="false">🔐 PIN Maestro</button>\n          </div>\n        </div>\n\n        <div class="access-workspace" id="access-workspace">\n          <!-- Users -->\n          <div class="access-section" id="access-users-section">\n            <h3 id="h-users"></h3>\n            <p class="small" id="p-admin-only" style="margin-bottom:14px;color:#fb8c00;font-weight:600"></p>\n            <div id="users-list" style="display:grid;gap:12px;margin-bottom:16px"></div>\n          </div>\n\n          <!-- Master PIN -->\n          <div class="access-section" id="access-pin-section">\n            <h3 id="h-settings-pin">PIN Maestro</h3>\n            <div class="subsection">\n              <div id="current-pin-display" style="font-size:13px;font-weight:800;color:var(--primary-color);margin-bottom:15px;background:rgba(3,169,244,0.1);padding:8px 12px;border-radius:10px;display:inline-block"></div>\n              <div class="field-group collapsible collapsed" id="group-current-pin" style="margin-bottom: 12px">\n                 <div style="display:flex; justify-content:space-between; align-items:center;">\n                   <label id="l-current-pin-lbl"></label>\n                   <a href="#" id="lnk-forgot-pin" style="font-size:11px; color:var(--accent-color, #ff4081); text-decoration:none; font-weight:bold; margin-bottom:4px; display:none;"></a>\n                 </div>\n                 <input type="password" id="current-pin" inputmode="numeric" pattern="[0-9]*" class="glass-control">\n              </div>\n              <p class="small" id="p-pin-remove-hint" style="margin:0 0 10px 0; color:var(--primary-color); font-weight:700">Para quitar el PIN: Introduce el actual y deja los campos de abajo vacíos.</p>\n              <div style="display:grid;gap:10px">\n                <div class="field-group"><label id="l-new-pin"></label><input type="password" id="new-pin-1" inputmode="numeric" pattern="[0-9]*" class="glass-control"></div>\n                <div class="field-group"><label id="l-confirm-pin"></label><input type="password" id="new-pin-2" inputmode="numeric" pattern="[0-9]*" class="glass-control"></div>\n              </div>\n              <div class="save-row" style="margin-top:15px">\n                <button class="primary" id="btn-save-pin" style="width:100%"></button>\n              </div>\n              <div id="pin-status" class="status" style="margin-top:8px; text-align:center; font-size:12px; font-weight:bold; min-height:18px;"></div>\n            </div>\n          </div>\n        </div>\n      </section>\n\n      <!-- Automations -->\n      <section class="glass panel liquid-glass automations-panel" id="w-automations">\n        <h2 id="h-automations"></h2>\n        <div style="display:flex;justify-content:space-between;align-items:center;margin-bottom:16px">\n          <span class="small" id="p-linked-rules" style="opacity:0.7"></span>\n          <button class="primary" id="btn-new-auto" style="padding:6px 12px;font-size:11px"></button>\n        </div>\n        <div id="auto-view"></div>\n      </section>\n\n      <!-- Backup & Restore -->\n      <section class="glass panel liquid-glass backup-panel" id="w-backup">\n        <h2 id="h-backup-title">Respaldo y Restauración</h2>\n        <p class="small" id="p-backup-desc" style="margin-bottom:12px;opacity:0.7">Guarda una copia de seguridad de tus ajustes o restaura una anterior.</p>\n        <div style="display:flex;gap:10px;align-items:center;">\n          <button class="ghost" id="btn-export-config" style="flex:1">📤 Descargar</button>\n          <div style="position:relative; flex:1">\n            <button class="ghost" style="width:100%" id="btn-import-trigger">📥 Restaurar</button>\n            <input type="file" id="import-config-file" style="display:none" accept=".json,.argus,application/json">\n          </div>\n          <button class="ghost danger" id="btn-reset-config" style="flex:1">⚠️ Restablecer</button>\n          <button class="primary" id="btn-undo-reset" style="flex:1; display:none;">↩️ Deshacer</button>\n        </div>\n      </section>\n\n      <!-- GitHub Opt-In -->\n      <section class="glass panel liquid-glass github-panel" id="w-github" style="display:flex; justify-content:space-between; align-items:center; background:rgba(255,255,255,0.02); padding:16px;">\n        <div style="flex:1">\n          <h3 id="github-title" style="margin:0; font-size:14px; font-weight:600"></h3>\n          <p id="github-desc" style="margin:4px 0 0; font-size:12px; opacity:0.7"></p>\n        </div>\n        <a id="github-action" class="github-star-action" href="https://github.com/Chrisalvir1/Argus" target="_blank" rel="noopener noreferrer" style="margin-left:16px"></a>\n      </section>\n\n  </div> <!-- /grid -->\n</div>\n\n<!-- Selector modal (dual-panel) -->\n<div class="modal-back" id="selector-modal" aria-hidden="true">\n  <div class="modal">\n    <div class="modal-head">\n      <h3 id="selector-title">Seleccionar</h3>\n      <button class="ghost" id="selector-close"></button>\n    </div>\n    <div class="modal-body" style="overflow:hidden;display:flex;flex-direction:column;gap:10px">\n      <div class="sel-grid">\n        <!-- LEFT: lista disponible con búsqueda y acciones rápidas -->\n        <div class="sel-panel">\n          <div class="subsection-title" id="l-available">Disponibles</div>\n          <div class="search-wrap" style="margin:0"><input id="selector-search" type="search" placeholder="Buscar..."></div>\n          <div class="sel-actions">\n            <button class="ghost" id="selector-select-all" style="padding:5px 10px;font-size:12px">☑ Todos</button>\n            <button class="ghost" id="selector-deselect-all" style="padding:5px 10px;font-size:12px">☐ Ninguno</button>\n          </div>\n          <div class="sel-panel-inner" id="selector-list"></div>\n        </div>\n        <!-- RIGHT: panel de seleccionados -->\n        <div class="sel-panel">\n          <div class="subsection-title" id="l-selected-lbl">Seleccionados</div>\n          <div class="small" id="selector-count" style="margin-bottom:4px">0 seleccionados</div>\n          <div class="sel-panel-inner" id="selector-selected"></div>\n        </div>\n      </div>\n    </div>\n    <div class="modal-footer">\n      <div style="display:flex;gap:10px;width:100%;justify-content:flex-end">\n        <button class="ghost" id="selector-clear"></button>\n        <button class="primary" id="selector-accept"></button>\n      </div>\n    </div>\n  </div>\n</div>\n\n<!-- Home name edit modal -->\n<div class="modal-back" id="home-name-modal" aria-hidden="true">\n  <div class="modal" style="width:min(400px,96vw)">\n    <div class="modal-head">\n      <h3 id="home-name-modal-h3">🏡 Nombre del Hogar</h3>\n      <button class="ghost" id="home-name-modal-close">✕</button>\n    </div>\n    <div style="display:grid;gap:14px;padding:4px 0">\n      <p class="small" id="home-name-modal-desc" style="margin:0;opacity:.7">This name appears in the instances panel and in full screen.</p>\n      <div class="field-group">\n        <label id="l-home-name-modal-label">Home name</label>\n        <input type="text" id="home-name-input" placeholder="Mi Casa" maxlength="60" autocomplete="off" class="glass-control">\n      </div>\n      <span class="status" id="home-name-status" style="text-align:center"></span>\n    </div>\n    <div class="modal-footer">\n      <button class="ghost" id="home-name-cancel">Cancelar</button>\n      <button class="primary" id="home-name-save">Guardar</button>\n    </div>\n  </div>\n</div>\n\n<!-- PIN modal -->\n<div class="modal-back pm" id="pin-modal" aria-hidden="true">\n  <div class="modal">\n    <div class="modal-head">\n      <h3 id="l-introduce-pin">🔒</h3>\n      <button class="ghost" id="pin-close" style="background:transparent; border:none; color:inherit; font-size:20px; cursor:pointer; padding:4px 8px;">✕</button>\n    </div>\n    <div style="display:grid;gap:10px;width:100%">\n      <p id="l-pin-modal-desc" class="small" style="text-align:center;margin:0;opacity:0.75"></p>\n      <input id="pin-input" class="pin-input" type="password" inputmode="numeric" pattern="[0-9]*" placeholder="••••" autocomplete="off" maxlength="8" readonly>\n      <div class="pin-grid" id="pin-pad">\n        <button class="pin-btn-round" type="button" data-pin-digit="1">1</button>\n        <button class="pin-btn-round" type="button" data-pin-digit="2">2</button>\n        <button class="pin-btn-round" type="button" data-pin-digit="3">3</button>\n        <button class="pin-btn-round" type="button" data-pin-digit="4">4</button>\n        <button class="pin-btn-round" type="button" data-pin-digit="5">5</button>\n        <button class="pin-btn-round" type="button" data-pin-digit="6">6</button>\n        <button class="pin-btn-round" type="button" data-pin-digit="7">7</button>\n        <button class="pin-btn-round" type="button" data-pin-digit="8">8</button>\n        <button class="pin-btn-round" type="button" data-pin-digit="9">9</button>\n        <button class="pin-btn-round action-key delete-key" type="button" id="pin-backspace">Borrar</button>\n        <button class="pin-btn-round" type="button" data-pin-digit="0">0</button>\n        <button class="pin-btn-round action-key enter-key" type="button" id="pin-confirm">Enter</button>\n      </div>\n      <div id="pin-error" class="pin-error"></div>\n      <div style="text-align:center; margin-top: 5px;">\n        <a href="#" id="pin-forgot-link" style="font-size:12px; color:var(--accent-color, #ff4081); text-decoration:none; font-weight:700; display:none;"></a>\n      </div>\n    </div>\n    <button id="pin-cancel" style="display:none"></button>\n  </div>\n</div>\n`;\n\n/* ── Web Component ────────────────────────────────────────────────────── */\nclass ArgusPanel extends HTMLElement {\n  constructor() {\n    super();\n    this._showSosConfirm = false;\n    this._sosEntryIdx = null;\n    this._sosBusy = false;\n    this._sosSliding = false;\n    this._sosStartX = 0;\n    this._sosOffsetX = 0;\n    this._sosConfirmed = false;\n\n    this.attachShadow({ mode: \'open\' }).appendChild(_tmpl.content.cloneNode(true));\n    this._wsId = 1; this._socket = null; this._dashboard = null;\n    this._ui = null; this._available = []; this._mode = \'home\'; this._modeEntryId = null;\n    this._selected = []; this._selectorTarget = null;\n    this._hass = null; this._prevStates = {};\n    this._notifTargets = []; // list of notify service_ids selected\n    this._users = [];        // [{name, pin, role, ha_user_id}]\n    this._haUsersList = [];  // fetched HA users\n    this._isAdmin = true;    // determined from hass user\n    this._pinCallback = null;\n    this._homeName = \'\';     // custom home name, editable with PIN\n    this._backgroundMode = \'weather\';\n    this._backgroundImages = [];\n    this._temperatureSource = \'auto\';\n    this._weatherSource = \'auto\';\n    this._pending = {};\n    this._lastClockUpdate = 0;\n    this._manualLang = null;\n    this._fullscreenIdx = -1;\n    this._cachedBgUrl = null;\n    this._cachedBgBrightness = undefined;\n    this._hubBgMode = \'default\';\n    this._hubBgFile = \'\';\n    this._hubBgSound = false;\n    this._clockFormat = \'auto\';\n    this._profileSelectedThisMount = false;\n    this._welcomeShownThisMount = false;\n    this._panicOutputs = undefined;\n    this._initPromise = null;\n    this._staticBound = false;\n    this._postLoadBound = false;\n  }\n\n  _getTimeZone() {\n    return this._hass?.config?.time_zone || undefined;\n  }\n\n  _getClockFormat() {\n    const fmt = this._clockFormat || this._ui?.clock_format || this._dashboard?.clock_format || \'auto\';\n    return [\'auto\', \'12h\', \'24h\'].includes(fmt) ? fmt : \'auto\';\n  }\n\n  _formatTime(dateInput) {\n    if (!dateInput) return \'\';\n    const date = dateInput instanceof Date ? dateInput : new Date(dateInput);\n    if (isNaN(date.getTime())) return \'\';\n\n    const formatSetting = this._getClockFormat();\n    const locale = this._getLocale();\n    const timeZone = this._getTimeZone();\n\n    const options = { hour: \'2-digit\', minute: \'2-digit\' };\n    if (timeZone) options.timeZone = timeZone;\n\n    if (formatSetting === \'12h\') {\n      options.hour12 = true;\n    } else if (formatSetting === \'24h\') {\n      options.hour12 = false;\n    } else {\n      const haFmt = this._hass?.locale?.time_format;\n      if (haFmt === \'12\' || haFmt === \'12h\') options.hour12 = true;\n      else if (haFmt === \'24\' || haFmt === \'24h\') options.hour12 = false;\n    }\n\n    try {\n      return new Intl.DateTimeFormat(locale, options).format(date);\n    } catch (e) {\n      return date.toLocaleTimeString(locale, { hour: \'2-digit\', minute: \'2-digit\' });\n    }\n  }\n\n  _formatDateTime(dateInput) {\n    if (!dateInput) return \'\';\n    const date = dateInput instanceof Date ? dateInput : new Date(dateInput);\n    if (isNaN(date.getTime())) return \'\';\n\n    const formatSetting = this._getClockFormat();\n    const locale = this._getLocale();\n    const timeZone = this._getTimeZone();\n\n    const options = {\n      month: \'short\',\n      day: \'numeric\',\n      hour: \'2-digit\',\n      minute: \'2-digit\'\n    };\n    if (timeZone) options.timeZone = timeZone;\n\n    if (formatSetting === \'12h\') {\n      options.hour12 = true;\n    } else if (formatSetting === \'24h\') {\n      options.hour12 = false;\n    } else {\n      const haFmt = this._hass?.locale?.time_format;\n      if (haFmt === \'12\' || haFmt === \'12h\') options.hour12 = true;\n      else if (haFmt === \'24\' || haFmt === \'24h\') options.hour12 = false;\n    }\n\n    try {\n      return new Intl.DateTimeFormat(locale, options).format(date);\n    } catch (e) {\n      return date.toLocaleString(locale, options);\n    }\n  }\n\n  _updateProfileBadge() {\n    const pill = this.shadowRoot.getElementById(\'active-profile-pill\');\n    const avatar = this.shadowRoot.getElementById(\'profile-avatar\');\n    const nameEl = this.shadowRoot.getElementById(\'profile-name\');\n    const roleEl = this.shadowRoot.getElementById(\'profile-role\');\n    if (!pill || !avatar || !nameEl || !roleEl) return;\n\n    const prof = this._currentProfile;\n    if (!prof) {\n      pill.style.display = \'none\';\n      return;\n    }\n\n    pill.style.display = \'flex\';\n    const name = prof.name || \'User\';\n    const initials = name.slice(0, 2).toUpperCase();\n    avatar.textContent = initials;\n    nameEl.textContent = name;\n\n    const roleKey = prof.role === \'admin\' ? \'role_argus_admin\' : \'role_argus_user\';\n    roleEl.textContent = this._t(roleKey);\n  }\n\n  _getBrightness(src) {\n    return new Promise((resolve) => {\n      if (!src) {\n        resolve(128);\n        return;\n      }\n      const img = new Image();\n      img.crossOrigin = "Anonymous";\n      img.onload = () => {\n        try {\n          const canvas = document.createElement("canvas");\n          canvas.width = 10;\n          canvas.height = 10;\n          const ctx = canvas.getContext("2d");\n          if (!ctx) {\n            resolve(128);\n            return;\n          }\n          ctx.drawImage(img, 0, 0, 10, 10);\n          const imgData = ctx.getImageData(0, 0, 10, 10).data;\n          let r = 0, g = 0, b = 0, count = 0;\n          for (let i = 0; i < imgData.length; i += 4) {\n            r += imgData[i];\n            g += imgData[i + 1];\n            b += imgData[i + 2];\n            count++;\n          }\n          const brightness = (0.299 * r + 0.587 * g + 0.114 * b) / count;\n          resolve(brightness);\n        } catch (e) {\n          resolve(128);\n        }\n      };\n      img.onerror = () => {\n        resolve(128);\n      };\n      img.src = src;\n    });\n  }\n\n  async _updateTheme() {\n    if (!this._hass) return;\n\n    let isDark = false;\n    const hubBgMode = this._hubBgMode || \'default\';\n\n    if (hubBgMode === \'default\') {\n      // The bundled Argus artwork is intentionally dark. Keeping its dark\n      // Liquid Glass palette preserves contrast and the original depth even\n      // when the surrounding HA shell is in light mode.\n      isDark = true;\n    } else if (hubBgMode === \'image\') {\n      const src = this._hubBgFile || \'\';\n      if (src) {\n        if (this._cachedBgUrl === src && this._cachedBgBrightness !== undefined) {\n          isDark = this._cachedBgBrightness < 135;\n        } else {\n          const brightness = await this._getBrightness(src);\n          this._cachedBgUrl = src;\n          this._cachedBgBrightness = brightness;\n          isDark = brightness < 135;\n        }\n      } else {\n        // Fallback to Home Assistant theme if no image URL is populated yet\n        isDark = this._hass.themes ? this._hass.themes.darkMode === true : false;\n      }\n    } else {\n      // hubBgMode is \'none\', so use panel background mode or Lovelace theme\n      const mode = this._backgroundMode || \'weather\';\n      if (mode === \'none\') {\n        isDark = this._hass.themes ? this._hass.themes.darkMode === true : false;\n      } else if (mode === \'weather\') {\n        const isNight = this._hass.states?.[\'sun.sun\']?.state === \'below_horizon\';\n        if (isNight) {\n          isDark = true;\n        } else {\n          const weatherEnt = this._getWeatherEntity();\n          const weatherState = weatherEnt.state || \'sunny\';\n          const lightConditions = [\'sunny\', \'fog\', \'snow\', \'windy\'];\n          isDark = !lightConditions.includes(weatherState);\n        }\n      } else if (mode === \'photo\' || mode === \'collage\') {\n        let src = \'\';\n        if (this._backgroundImages && this._backgroundImages[0]) {\n          src = this._backgroundImages[0];\n        } else if (this._panelBgFile) {\n          src = this._panelBgFile;\n        }\n        if (src) {\n          if (this._cachedBgUrl === src && this._cachedBgBrightness !== undefined) {\n            isDark = this._cachedBgBrightness < 135;\n          } else {\n            const brightness = await this._getBrightness(src);\n            this._cachedBgUrl = src;\n            this._cachedBgBrightness = brightness;\n            isDark = brightness < 135;\n          }\n        } else {\n          isDark = this._hass.themes ? this._hass.themes.darkMode === true : false;\n        }\n      }\n    }\n\n    this.setAttribute(\'argus-dark-mode\', isDark ? \'true\' : \'false\');\n  }\n\n  set hass(hass) {\n    const oldHass = this._hass;\n    this._hass = hass;\n    this._updateTheme();\n    if (!this._dashboard?.entries?.length) {\n      this._ensureInitialized();\n      return;\n    }\n\n    // Trigger render if any of these change:\n    // 1. Alarm states\n    // 2. Temperature sensor state\n    // 3. Clock (roughly every minute)\n    // 4. Weather state\n\n    const now = Date.now();\n    // Clock is now handled by a dedicated interval for better accuracy\n    const clockChanged = false;\n\n    const languageChanged = oldHass?.language !== hass.language;\n    if (languageChanged && !this._manualLang) this._refreshLocalizedUi();\n\n    const alarmChanged = this._dashboard.entries.some(\n      e => e.entity_id && oldHass?.states[e.entity_id]?.state !== hass.states[e.entity_id]?.state\n    );\n\n    const tempEntity = this._temperatureSource === \'auto\' ? null : this._temperatureSource;\n    const tempChanged = tempEntity && oldHass?.states[tempEntity]?.state !== hass.states[tempEntity]?.state;\n\n    const weatherEnt = (this._weatherSource !== \'auto\' ? this._weatherSource : Object.values(hass.states).find(s => s.entity_id.startsWith(\'weather.\'))?.entity_id);\n    const weatherChanged = weatherEnt && (\n      oldHass?.states[weatherEnt]?.state !== hass.states[weatherEnt]?.state ||\n      oldHass?.states[weatherEnt]?.attributes?.temperature !== hass.states[weatherEnt]?.attributes?.temperature ||\n      oldHass?.states[weatherEnt]?.attributes?.temperature_unit !== hass.states[weatherEnt]?.attributes?.temperature_unit\n    );\n\n    // Instance cards display live contact state and battery level.  Restrict\n    // updates to configured sensors so unrelated HA state changes do not\n    // redraw the dashboard.\n    const configuredSensors = new Set();\n    const collectConfiguredSensors = value => {\n      if (!value || typeof value !== \'object\') return;\n      if (Array.isArray(value.sensors)) value.sensors.forEach(id => configuredSensors.add(id));\n      Object.values(value).forEach(child => {\n        if (child && typeof child === \'object\') collectConfiguredSensors(child);\n      });\n    };\n    collectConfiguredSensors(this._ui?.modes);\n    const sensorChanged = Boolean(oldHass) && [...configuredSensors].some(id => {\n      const previous = oldHass.states[id];\n      const current = hass.states[id];\n      return previous?.state !== current?.state\n        || previous?.attributes?.battery_level !== current?.attributes?.battery_level\n        || previous?.attributes?.battery_percentage !== current?.attributes?.battery_percentage;\n    });\n    const batteryChanged = Boolean(oldHass) && Object.values(hass.states).some(current => {\n      const id = current.entity_id || \'\';\n      const isBattery = current.attributes?.device_class === \'battery\' || /_battery$/i.test(id);\n      const previous = oldHass.states[id];\n      return isBattery && previous?.state !== current.state;\n    });\n\n    if (alarmChanged || sensorChanged || batteryChanged || tempChanged || clockChanged || weatherChanged || !oldHass) {\n      this._renderEntries();\n      this._renderActivityLog();\n      // Only re-render setup views if they are visible or if it\'s the first load\n      if (!oldHass) {\n        this._renderModeTabs();\n        this._renderModeView();\n        this._renderAutomations();\n        this._renderNotifications();\n        this._renderUsers();\n      }\n    }\n  }\n  get hass() { return this._hass; }\n\n  /* ── Translation ─────────────────────────────────────────────────── */\n  _t(key) {\n    const lang = this._getCurrentLangCode();\n    return TEXTS[lang]?.[key] || TEXTS.en[key] || key;\n  }\n\n  _format(key, values = {}) {\n    return this._t(key).replace(/\\{(\\w+)\\}/g, (_, name) => String(values[name] ?? `{${name}}`));\n  }\n\n  _escapeHtml(value) {\n    return String(value ?? \'\').replace(/[&<>"\']/g, char => ({\n      \'&\': \'&amp;\', \'<\': \'&lt;\', \'>\': \'&gt;\', \'"\': \'&quot;\', "\'": \'&#39;\'\n    })[char]);\n  }\n\n  _getCurrentLangCode() {\n    const candidate = this._manualLang || (this._hass?.language || \'en\').split(\'-\')[0];\n    return TEXTS[candidate] ? candidate : \'en\';\n  }\n\n  _getLocale() {\n    return {\n      es: \'es-ES\', en: \'en-US\', fr: \'fr-FR\', pt: \'pt-BR\',\n      it: \'it-IT\', zh: \'zh-CN\', ru: \'ru-RU\',\n    }[this._getCurrentLangCode()] || \'en-US\';\n  }\n\n  _weatherPresentation(condition, isNight) {\n    const key = String(condition || \'sunny\').toLowerCase().replace(/[\\s-]+/g, \'_\');\n    const labels = {\n      es: { sunny:\'Soleado\', clear_night:\'Noche despejada\', partlycloudy:\'Parcialmente nublado\', cloudy:\'Nublado\', rainy:\'Lluvioso\', pouring:\'Lluvia intensa\', lightning:\'Tormenta eléctrica\', lightning_rainy:\'Tormenta con lluvia\', snowy:\'Nevando\', fog:\'Niebla\', windy:\'Ventoso\', exceptional:\'Condiciones excepcionales\' },\n      en: { sunny:\'Sunny\', clear_night:\'Clear night\', partlycloudy:\'Partly cloudy\', cloudy:\'Cloudy\', rainy:\'Rainy\', pouring:\'Heavy rain\', lightning:\'Thunderstorm\', lightning_rainy:\'Thunderstorm with rain\', snowy:\'Snowing\', fog:\'Foggy\', windy:\'Windy\', exceptional:\'Exceptional conditions\' },\n      fr: { sunny:\'Ensoleillé\', clear_night:\'Nuit claire\', partlycloudy:\'Partiellement nuageux\', cloudy:\'Nuageux\', rainy:\'Pluvieux\', pouring:\'Forte pluie\', lightning:\'Orage\', lightning_rainy:\'Orage avec pluie\', snowy:\'Neige\', fog:\'Brouillard\', windy:\'Venteux\', exceptional:\'Conditions exceptionnelles\' },\n      pt: { sunny:\'Ensolarado\', clear_night:\'Noite limpa\', partlycloudy:\'Parcialmente nublado\', cloudy:\'Nublado\', rainy:\'Chuvoso\', pouring:\'Chuva forte\', lightning:\'Trovoada\', lightning_rainy:\'Trovoada com chuva\', snowy:\'Nevando\', fog:\'Neblina\', windy:\'Ventoso\', exceptional:\'Condições excepcionais\' },\n      it: { sunny:\'Soleggiato\', clear_night:\'Notte serena\', partlycloudy:\'Parzialmente nuvoloso\', cloudy:\'Nuvoloso\', rainy:\'Piovoso\', pouring:\'Pioggia intensa\', lightning:\'Temporale\', lightning_rainy:\'Temporale con pioggia\', snowy:\'Nevica\', fog:\'Nebbia\', windy:\'Ventoso\', exceptional:\'Condizioni eccezionali\' },\n      zh: { sunny:\'晴朗\', clear_night:\'晴夜\', partlycloudy:\'局部多云\', cloudy:\'多云\', rainy:\'有雨\', pouring:\'大雨\', lightning:\'雷暴\', lightning_rainy:\'雷雨\', snowy:\'下雪\', fog:\'有雾\', windy:\'有风\', exceptional:\'异常天气\' },\n      ru: { sunny:\'Солнечно\', clear_night:\'Ясная ночь\', partlycloudy:\'Переменная облачность\', cloudy:\'Облачно\', rainy:\'Дождливо\', pouring:\'Сильный дождь\', lightning:\'Гроза\', lightning_rainy:\'Гроза с дождём\', snowy:\'Снег\', fog:\'Туман\', windy:\'Ветрено\', exceptional:\'Исключительные условия\' },\n    };\n    const icon = key.includes(\'lightning\') ? \'⛈️\'\n      : key === \'pouring\' || key.includes(\'rain\') ? \'🌧️\'\n      : key.includes(\'snow\') || key === \'hail\' || key === \'sleet\' ? \'❄️\'\n      : key === \'fog\' ? \'🌫️\'\n      : key.includes(\'cloud\') ? \'☁️\'\n      : isNight ? \'🌙\' : \'☀️\';\n    const language = this._getCurrentLangCode();\n    return { icon, label: labels[language]?.[key] || labels.en[key] || key.replace(/_/g, \' \') };\n  }\n\n  _openLangModal() {\n    const modal = this.shadowRoot.getElementById(\'lang-modal\');\n    if (!modal) return;\n    const grid = this.shadowRoot.getElementById(\'lang-grid\');\n    const cur = this._manualLang || \'auto\';\n    if (grid) {\n      grid.innerHTML = LANG_LIST.map(l => `\n        <button class="lang-option${l.code === cur ? \' active\' : \'\'}" data-lang="${l.code}">\n          <span class="lang-flag">${l.flag}</span>\n          <span>${l.code === \'auto\' ? this._t(\'use_ha_language\') : l.label}</span>\n        </button>`).join(\'\');\n      grid.querySelectorAll(\'.lang-option\').forEach(btn => {\n        btn.addEventListener(\'click\', () => {\n          this._setLanguage(btn.dataset.lang);\n          this._closeLangModal();\n        });\n      });\n    }\n    const title = this.shadowRoot.getElementById(\'lang-modal-title\');\n    if (title) title.textContent = `\\ud83c\\udf10 ${this._t(\'lang_select_title\')}`;\n    const card = modal.querySelector(\'.lang-modal-card\');\n    if (card) { card.style.animation=\'none\'; void card.offsetWidth; card.style.animation=\'\'; }\n    modal.classList.add(\'open\');\n  }\n\n  _closeLangModal() {\n    this.shadowRoot.getElementById(\'lang-modal\')?.classList.remove(\'open\');\n  }\n\n  _setLanguage(code) {\n    if (code === \'auto\') {\n      this._manualLang = null;\n      try { localStorage.removeItem(\'argus_lang\'); } catch(e) {}\n    } else {\n      if (!TEXTS[code]) return;\n      this._manualLang = code;\n      try { localStorage.setItem(\'argus_lang\', code); } catch(e) {}\n    }\n    this._refreshLocalizedUi();\n  }\n\n  _refreshLocalizedUi() {\n    this._applyTranslations();\n    this._renderEntries();\n    this._renderModeTabs();\n    this._renderModeView();\n    this._renderActivityLog();\n    this._renderAutomations();\n    this._renderNotifications();\n    this._renderUsers();\n    this._renderSosOutputs();\n    this._configureEmergencyCall();\n    this._updateHomeNameDisplay();\n    this._renderUploadedFiles();\n  }\n\n  _applyTranslations() {\n    const t = k => this._t(k);\n    const s = id => this.shadowRoot.getElementById(id);\n    const set = (id, txt) => { const e = s(id); if (e) e.textContent = txt; };\n\n    // Update lang pill\n    const cur = this._manualLang || \'auto\';\n    const langDef = LANG_LIST.find(l => l.code === cur) || LANG_LIST[1];\n    const flagEl = s(\'lang-pill-flag\'); const labelEl = s(\'lang-pill-label\');\n    if (flagEl) flagEl.textContent = langDef.flag;\n    if (labelEl) labelEl.textContent = cur === \'auto\' ? this._t(\'use_ha_language\') : langDef.label;\n\n\n    set(\'p-hero-desc\',    t(\'hero_desc\'));\n    set(\'h-instances\',    t(\'instances\'));\n    set(\'h-modes\',        t(\'modes\'));\n    set(\'h-automations\',  t(\'automations\'));\n    set(\'p-linked-rules\', t(\'linked_rules\'));\n    set(\'h-settings\',     t(\'settings\'));\n    set(\'h-activity-log\', t(\'activity_log\'));\n    set(\'btn-refresh-history\', t(\'history_refresh\'));\n    set(\'t-change-pin\',   t(\'change_pin\'));\n    set(\'l-current-pin-lbl\', t(\'current_pin\'));\n    set(\'lnk-forgot-pin\', t(\'forgot_pin\'));\n    set(\'pin-forgot-link\', t(\'forgot_pin\'));\n    set(\'btn-save-pin\',   t(\'update_pin\'));\n    set(\'l-new-pin\',      t(\'new_pin\'));\n    set(\'l-confirm-pin\',  t(\'confirm_pin\'));\n    set(\'h-notifications\',t(\'notifications_title\'));\n    set(\'p-notif-desc\',   t(\'notif_desc\'));\n    set(\'h-users\',        t(\'users_title\'));\n    set(\'p-admin-only\',   t(\'admin_only\'));\n    set(\'t-add-user\',     t(\'add_user\'));\n    set(\'l-username\',     t(\'username\'));\n    set(\'l-user-pin\',     t(\'user_pin\'));\n    set(\'s-is-admin\',     t(\'is_admin\'));\n    set(\'l-user-exp-type\', t(\'user_exp_type\'));\n    set(\'l-user-exp-date\', t(\'user_exp_date\'));\n    const optInd = s(\'opt-exp-indefinite\'); if (optInd) optInd.textContent = t(\'exp_indefinite\');\n    const optTemp = s(\'opt-exp-temporary\'); if (optTemp) optTemp.textContent = t(\'exp_temporary\');\n    set(\'selector-select-all\',   t(\'select_all\'));\n    set(\'selector-deselect-all\', t(\'deselect_all\'));\n    set(\'l-available\',    t(\'available\'));\n    set(\'l-selected-lbl\', t(\'selected_lbl\'));\n    set(\'l-introduce-pin\',`🔒 ${t(\'introduce_pin\')}`);\n    set(\'l-pin-modal-desc\', t(\'pin_modal_desc\'));\n\n    const sp = id => { const e = s(id); if (e) e.placeholder = t(\'search_placeholder\'); };\n    sp(\'selector-search\');\n\n    const btn = (id, k) => { const e = s(id); if (e) e.textContent = t(k); };\n    btn(\'btn-new-auto\',   \'create_ha\');\n    btn(\'btn-save-pin\',   \'update_pin\');\n    btn(\'btn-save-notif\', \'save_notif\');\n    btn(\'btn-save-user\',  \'save_user\');\n    btn(\'selector-close\', \'close\');\n    btn(\'selector-clear\', \'clear\');\n    btn(\'selector-accept\',\'accept\');\n    btn(\'pin-cancel\',     \'cancel\');\n    btn(\'pin-confirm\',    \'confirm\');\n    btn(\'btn-cancel-sos\', \'cancel\');\n    btn(\'sos-call-btn\',   \'sos_call\');\n    btn(\'home-name-cancel\', \'cancel\');\n    btn(\'home-name-save\',   \'save_btn\');\n    const langClose = s(\'lang-modal-close\');\n    if (langClose) langClose.textContent = `✕ ${t(\'close\')}`;\n\n    // Static template labels (new in v1.0.1)\n    set(\'lbl-home-name-hdr\',    t(\'home_name_lbl\'));\n    set(\'lbl-panel-bg-title\',   t(\'bg_panel_title\'));\n    set(\'lbl-hub-bg-title\',     t(\'bg_hub_title\'));\n    set(\'s-panel-bg-sound-lbl\', t(\'bg_sound_opt\'));\n    set(\'s-hub-bg-sound-lbl\',   t(\'bg_sound_opt\'));\n    set(\'lbl-aesthetic-custom\', \'🎨 \' + t(\'lbl_aesthetic_custom\') + \' (Avanzado)\');\n    set(\'edit-widgets-label\', this._widgetEditing ? t(\'done\') : t(\'customize\'));\n    set(\'lbl-temperature-source\', t(\'temp_displayed\'));\n    set(\'lbl-weather-source\', t(\'weather_source\'));\n    set(\'lbl-panel-bg-upload\',  t(\'lbl_load_file\'));\n    set(\'lbl-hub-bg-upload\',    t(\'lbl_load_file\'));\n    set(\'lbl-uploaded-files-title\', t(\'lbl_uploaded_files\'));\n    set(\'btn-edit-home-name-standalone\', t(\'edit_btn\'));\n    set(\'btn-save-personalization-standalone\', t(\'save_btn\'));\n    set(\'btn-clear-log\',        t(\'clear_log_btn\'));\n    set(\'h-access-title\',       t(\'access_title\'));\n    set(\'p-access-desc\',        t(\'access_desc\'));\n    set(\'btn-access-users\',     `👥 ${t(\'users_title\').replace(/^👥\\s*/, \'\').replace(/\\s(?:y|&|e)\\s.*$/i, \'\')}`);\n    set(\'btn-access-pin\',       `🔐 ${t(\'pin_master_title\')}`);\n    set(\'h-settings-pin\',       t(\'pin_master_title\'));\n    set(\'p-pin-remove-hint\',    t(\'pin_remove_hint\'));\n    set(\'h-backup-title\',       t(\'backup_title\'));\n    set(\'p-backup-desc\',        t(\'backup_desc\'));\n    set(\'btn-export-config\',    t(\'export_btn\'));\n    set(\'btn-reset-config\',     t(\'reset_btn\'));\n    set(\'btn-undo-reset\',       t(\'undo_reset_btn\'));\n    set(\'btn-import-trigger\',   t(\'import_btn\'));\n    set(\'github-title\',         t(\'github_title\'));\n    set(\'github-desc\',          t(\'github_desc\'));\n    set(\'github-action\',        `⭐ ${t(\'github_action\')}`);\n    set(\'sos-title-txt\',        t(\'sos_confirm_title\'));\n    set(\'sos-text-txt\',         t(\'sos_confirm_text\'));\n    set(\'sos-label\',            t(\'sos_slide\'));\n    set(\'home-name-modal-h3\',   t(\'home_name_modal_title\'));\n    set(\'p-home-name-modal-desc\', t(\'home_name_modal_desc\'));\n    set(\'l-home-name-modal-label\', t(\'home_name_label\'));\n    set(\'lang-modal-title\',     `🌐 ${t(\'lang_select_title\')}`);\n    set(\'sos-call-help\', t(\'sos_call_help\'));\n    set(\'lbl-emergency-number\', t(\'emergency_number_label\'));\n    set(\'emergency-number-help\', t(\'emergency_help\'));\n    set(\'lbl-sos-actions\', t(\'sos_actions\'));\n    set(\'btn-select-sos-outputs\', t(\'sos_select_outputs\'));\n    set(\'sos-output-help\', t(\'sos_outputs_help\'));\n    set(\'home-name-modal-desc\', t(\'home_name_modal_desc\'));\n    set(\'pin-backspace\', t(\'delete\'));\n\n    const bgMode = s(\'bg-mode-select-standalone\');\n    if (bgMode) {\n      const v = bgMode.value;\n      bgMode.innerHTML = `\n        <option value="weather">${t(\'bg_weather\')}</option>\n        <option value="none">${t(\'bg_panel_none\')}</option>\n        <option value="photo">${t(\'bg_photo\')}</option>\n        <option value="collage">${t(\'bg_collage\')}</option>\n      `;\n      if (v) bgMode.value = v;\n    }\n\n    const hubBgSelect = s(\'hub-bg-mode-select\');\n    if (hubBgSelect) {\n      const v = hubBgSelect.value;\n      hubBgSelect.innerHTML = `\n        <option value="default">${t(\'bg_hub_default\')}</option>\n        <option value="image">${t(\'bg_image_opt\')}</option>\n      `;\n      if (v) hubBgSelect.value = v;\n    }\n\n    this._populateTemperatureSources();\n    this._populateWeatherSources();\n\n    // PIN display\n    const pinDisp2 = s(\'current-pin-display\');\n    if (pinDisp2) {\n      const hasPIN = this._dashboard?.entries?.[0]?.pin_configured;\n      if (hasPIN !== undefined && hasPIN !== null) {\n        pinDisp2.textContent = hasPIN ? t(\'pin_active_yes\') : t(\'pin_active_no\');\n      } else {\n        const text = pinDisp2.textContent || \'\';\n        const hasPINText = text.includes(\'Sí\') || text.includes(\'Yes\')\n          || text.includes(\'Sim\') || text.includes(\'Sì\')\n          || text.includes(\'是\') || text.includes(\'Да\')\n          || text.includes(\'Ja\') || text.includes(\'Oui\')\n          || text.includes(\'Activo\') || text.includes(\'Active\');\n        pinDisp2.textContent = hasPINText ? t(\'pin_active_yes\') : t(\'pin_active_no\');\n      }\n    }\n    // Home name input placeholder\n    const hnInput = s(\'home-name-input\');\n    if (hnInput) hnInput.placeholder = t(\'home_name_placeholder\');\n    const panelUrl = s(\'panel-bg-url-input\');\n    if (panelUrl) panelUrl.placeholder = t(\'url_placeholder\');\n    const hubUrl = s(\'hub-bg-url-input\');\n    if (hubUrl) hubUrl.placeholder = t(\'url_placeholder\');\n    this._syncAccessSummary();\n  }\n\n  _syncAccessSummary() {\n    const summary = this.shadowRoot?.getElementById(\'p-access-desc\');\n    if (!summary) return;\n\n    // Translation runs before the dashboard bootstrap has necessarily\n    // completed. Keep the generic description until real access data exists.\n    if (!this._dashboard) {\n      summary.textContent = this._t(\'access_desc\');\n      return;\n    }\n\n    const hasMasterPin = this._dashboard.entries?.[0]?.pin_configured === true;\n    const pinStatus = this._t(hasMasterPin ? \'pin_active_yes\' : \'pin_active_no\');\n    const userCount = Array.isArray(this._users)\n      ? this._users.filter(user => user?.enabled !== false).length\n      : 0;\n    const usersStatus = userCount > 0\n      ? `${this._t(\'users_title\')}: ${userCount}`\n      : this._t(\'no_users\');\n\n    summary.textContent = `${pinStatus} · ${usersStatus}`;\n  }\n\n  _toggleAccessSection(section) {\n    if (![\'users\', \'pin\'].includes(section)) return;\n    const workspace = this.shadowRoot?.getElementById(\'access-workspace\');\n    const usersSection = this.shadowRoot?.getElementById(\'access-users-section\');\n    const pinSection = this.shadowRoot?.getElementById(\'access-pin-section\');\n    const usersButton = this.shadowRoot?.getElementById(\'btn-access-users\');\n    const pinButton = this.shadowRoot?.getElementById(\'btn-access-pin\');\n    if (!workspace || !usersSection || !pinSection) return;\n\n    const target = section === \'users\' ? usersSection : pinSection;\n    const shouldOpen = !target.classList.contains(\'open\');\n    workspace.classList.toggle(\'open\', shouldOpen);\n    usersSection.classList.toggle(\'open\', shouldOpen && section === \'users\');\n    pinSection.classList.toggle(\'open\', shouldOpen && section === \'pin\');\n\n    for (const [button, active] of [\n      [usersButton, shouldOpen && section === \'users\'],\n      [pinButton, shouldOpen && section === \'pin\'],\n    ]) {\n      if (!button) continue;\n      button.classList.toggle(\'active\', active);\n      button.setAttribute(\'aria-expanded\', String(active));\n    }\n\n    if (shouldOpen && section === \'users\') this._renderUsers();\n    if (shouldOpen && section === \'pin\') this._syncAccessSummary();\n  }\n\n  /* ── Init ────────────────────────────────────────────────────────── */\n  connectedCallback() {\n    // Restore persisted language\n    try { this._manualLang = localStorage.getItem(\'argus_lang\') || null; } catch(e) {}\n    this._ensureInitialized();\n    this._startClock();\n\n    // Listen to fullscreen changes to handle native escape key / exit\n    this._onFsChange = () => {\n      const fsEl = document.fullscreenElement || document.webkitFullscreenElement;\n      if (!fsEl && !this._kioskLocked) {\n        this.classList.remove(\'fullscreen-active\');\n        const activeFS = this.shadowRoot.querySelector(\'.entry.ios-fullscreen\');\n        if (activeFS) {\n          activeFS.classList.remove(\'ios-fullscreen\');\n        }\n        this._fullscreenIdx = -1;\n        document.body.style.overflow = \'\';\n        this._renderEntries();\n      }\n    };\n    document.addEventListener(\'fullscreenchange\', this._onFsChange);\n    document.addEventListener(\'webkitfullscreenchange\', this._onFsChange);\n    this._onEscape = event => {\n      if (event.key !== \'Escape\' || !this.classList.contains(\'fullscreen-active\')) return;\n      // Native fullscreen emits fullscreenchange. This also covers the CSS\n      // fallback used by Safari, where Esc does not emit that event.\n      if (!(document.fullscreenElement || document.webkitFullscreenElement)) {\n        this._exitFullscreenView();\n      }\n    };\n    document.addEventListener(\'keydown\', this._onEscape);\n  }\n  disconnectedCallback() {\n    if (this._clockInterval) clearInterval(this._clockInterval);\n    if (this._initRetryTimer) clearTimeout(this._initRetryTimer);\n    if (this._socket) {\n      this._socket.close();\n      this._socket = null;\n    }\n    // Home Assistant may reuse this panel element after navigating away.\n    // Authentication is per opening, so do not retain a dashboard/profile.\n    this._dashboard = null;\n    this._currentProfile = null;\n    this._profileSelectedThisMount = false;\n    this._welcomeShownThisMount = false;\n    this._loadState = null;\n    this._initPromise = null;\n    if (this._onFsChange) {\n      document.removeEventListener(\'fullscreenchange\', this._onFsChange);\n      document.removeEventListener(\'webkitfullscreenchange\', this._onFsChange);\n    }\n    if (this._onEscape) document.removeEventListener(\'keydown\', this._onEscape);\n  }\n\n  _startClock() {\n    if (this._clockInterval) clearInterval(this._clockInterval);\n    this._clockInterval = setInterval(() => {\n      const now = new Date();\n      if (this._dashboard && (now.getSeconds() === 0 || !this._lastClockUpdate)) {\n         this._lastClockUpdate = Date.now();\n         this._renderEntries();\n      }\n    }, 1000);\n  }\n\n  _ensureInitialized() {\n    // Lovelace can attach the element before assigning hass.  Waiting for the\n    // authenticated hass object avoids a permanent blank panel after a reload.\n    if (!this.isConnected || !this._hass || this._dashboard || this._initPromise) return;\n    this._initPromise = this._init()\n      .catch(err => {\n        console.error(\'Argus initialization failed:\', err);\n        if (this.isConnected) {\n          this._renderInitializationError(err);\n        }\n      })\n      .finally(() => { this._initPromise = null; });\n  }\n\n  _bindSOS() {\n    if (this._sosBound) return;\n    const thumb = this.shadowRoot.getElementById(\'sos-thumb\');\n    const track = thumb && thumb.closest(\'.ios-slider-track\');\n    if (!thumb || !track || thumb._sosBound) return;\n    thumb._sosBound = true;\n\n    let sliding = false, startX = 0, offsetX = 0;\n    const maxSlide = () => Math.max(1, track.offsetWidth - thumb.offsetWidth - 12);\n\n    const onPointerDown = (e) => {\n      sliding = true;\n      startX = e.clientX - offsetX;\n      thumb.setPointerCapture(e.pointerId);\n      thumb.style.transition = \'none\';\n      thumb.style.cursor = \'grabbing\';\n      e.preventDefault();\n    };\n\n    const onPointerMove = (e) => {\n      if (!sliding) return;\n      offsetX = Math.max(0, Math.min(e.clientX - startX, maxSlide()));\n      thumb.style.left = (6 + offsetX) + \'px\';\n      const pct = offsetX / maxSlide();\n      track.style.background = \'rgba(217,4,41,\' + (0.15 + pct * 0.55) + \')\';\n      if (pct >= 0.98) finalize(true);\n    };\n\n    const onPointerUp = (e) => {\n      if (!sliding) return;\n      finalize(false);\n    };\n\n    const finalize = (confirmed) => {\n      sliding = false;\n      thumb.style.transition = \'all 0.4s cubic-bezier(0.18, 0.89, 0.32, 1.28)\';\n      thumb.style.cursor = \'grab\';\n      if (confirmed) {\n        this._triggerSOS();\n        offsetX = 0;\n        setTimeout(() => {\n          thumb.style.left = \'6px\';\n          track.style.background = \'rgba(217,4,41,0.15)\';\n        }, 600);\n      } else {\n        offsetX = 0;\n        thumb.style.left = \'6px\';\n        track.style.background = \'rgba(217,4,41,0.15)\';\n      }\n    };\n\n    thumb.addEventListener(\'pointerdown\', onPointerDown);\n    thumb.addEventListener(\'pointermove\', onPointerMove);\n    thumb.addEventListener(\'pointerup\', onPointerUp);\n    thumb.addEventListener(\'pointercancel\', onPointerUp);\n    this._sosBound = true;\n  }\n\n  async _init() {\n    this._mode = \'disarmed\';\n    if (!this._staticBound) {\n      this._bindStatic();\n      this._staticBound = true;\n    }\n    await this._connect();\n    this._applyTranslations();\n    await this._load();\n    // Onboarding and login are valid initialized states, not failures that\n    // should spawn a new WebSocket/retry loop.\n    if (!this._dashboard) return;\n    this._initWidgetGrid();\n    if (this._postLoadBound) return;\n    this._postLoadBound = true;\n    this.shadowRoot.getElementById(\'btn-clear-log\')?.addEventListener(\'click\', () => this._clearHistory());\n    this.shadowRoot.getElementById(\'btn-refresh-history\')?.addEventListener(\'click\', async () => {\n      await this._loadActivityTimeline(this._dashboard?.entry_id);\n      this._renderActivityLog();\n    });\n    this.shadowRoot.getElementById(\'btn-export-forensic\')?.addEventListener(\'click\', () => this._exportForensicTimeline());\n    this.shadowRoot.getElementById(\'btn-export-config\')?.addEventListener(\'click\', () => this._exportConfig());\n    this.shadowRoot.getElementById(\'btn-import-trigger\')?.addEventListener(\'click\', () => this.shadowRoot.getElementById(\'import-config-file\').click());\n    this.shadowRoot.getElementById(\'import-config-file\')?.addEventListener(\'change\', (ev) => this._importConfig(ev));\n    this.shadowRoot.getElementById(\'btn-reset-config\')?.addEventListener(\'click\', () => this._resetConfig());\n    this.shadowRoot.getElementById(\'btn-undo-reset\')?.addEventListener(\'click\', () => this._undoResetConfig());\n\n    this.shadowRoot.getElementById(\'btn-save-personalization-standalone\')?.addEventListener(\'click\', () => this._savePersonalization());\n    const toggleHeader = this.shadowRoot.getElementById(\'lbl-aesthetic-custom\');\n    const personalizeWorkspace = this.shadowRoot.getElementById(\'personalize-workspace\');\n    toggleHeader?.addEventListener(\'click\', () => {\n      const isCollapsed = personalizeWorkspace.classList.toggle(\'collapsed\');\n      const chevron = this.shadowRoot.getElementById(\'personalize-chevron\');\n      if (chevron) {\n        chevron.style.transform = isCollapsed ? \'rotate(0deg)\' : \'rotate(-180deg)\';\n      }\n    });\n    this.shadowRoot.getElementById(\'btn-select-sos-outputs\')?.addEventListener(\'click\', () => this._openModal(\'panic\'));\n\n    this._configureEmergencyCall();\n  }\n\n  async _clearHistory() {\n    if (!confirm(this._t(\'clear_history_confirm\'))) return;\n    try {\n      const entryId = this._dashboard?.entry_id;\n      await this._send(\'argus/clear_audit_log\', entryId ? { entry_id: entryId } : {});\n      await this._loadActivityTimeline(entryId);\n      this._renderActivityLog();\n    } catch (err) { alert(this._format(\'generic_error\', { error: err.message })); }\n  }\n\n  async _loadActivityTimeline(entryId = null) {\n    if (!this._ui) return;\n    try {\n      const payload = { limit: 100 };\n      if (entryId) payload.entry_id = entryId;\n      const response = await this._send(\'argus/get_forensic_timeline\', payload);\n      const timeline = Array.isArray(response?.timeline)\n        ? response.timeline.filter(entry => entry && typeof entry === \'object\' && !Array.isArray(entry))\n        : [];\n      this._forensicTimeline = timeline;\n      this._activityTimelineError = null;\n      this._ui.audit_log = timeline;\n      this._renderActivityLog();\n    } catch (err) {\n      // A profile without view_history may continue using the dashboard.\n      // Preserve any audit data already present instead of erasing it.\n      console.warn(\'Argus activity timeline unavailable:\', err);\n      this._activityTimelineError = err?.message || String(err);\n      this._forensicTimeline = null;\n      if (!Array.isArray(this._ui.audit_log)) this._ui.audit_log = [];\n      this._renderActivityLog();\n    }\n  }\n\n  _exportForensicTimeline() {\n    const events = Array.isArray(this._forensicTimeline) ? this._forensicTimeline : (this._ui?.audit_log || []);\n    const blob = new Blob([JSON.stringify({format:\'argus-forensic-timeline\',generated_at:new Date().toISOString(),events}, null, 2)], {type:\'application/json\'});\n    const url = URL.createObjectURL(blob); const anchor = document.createElement(\'a\');\n    anchor.href = url; anchor.download = `argus_forensic_${new Date().toISOString().replace(/[:.]/g,\'-\')}.json`; anchor.click();\n    setTimeout(() => URL.revokeObjectURL(url), 5000);\n  }\n\n  _backupText(key) {\n    const language = this._getCurrentLangCode();\n    const messages = {\n      es:{password:\'Contraseña de cifrado (mínimo 8 caracteres)\',weak:\'La contraseña debe tener al menos 8 caracteres.\',decrypt:\'Contraseña de la copia cifrada\',bad:\'No se pudo descifrar la copia. Verifica la contraseña.\'},\n      en:{password:\'Encryption password (minimum 8 characters)\',weak:\'The password must be at least 8 characters.\',decrypt:\'Encrypted backup password\',bad:\'The backup could not be decrypted. Check the password.\'},\n      fr:{password:\'Mot de passe de chiffrement (8 caractères minimum)\',weak:\'Le mot de passe doit comporter au moins 8 caractères.\',decrypt:\'Mot de passe de la sauvegarde chiffrée\',bad:\'Impossible de déchiffrer la sauvegarde. Vérifiez le mot de passe.\'},\n      pt:{password:\'Senha de criptografia (mínimo de 8 caracteres)\',weak:\'A senha deve ter pelo menos 8 caracteres.\',decrypt:\'Senha do backup criptografado\',bad:\'Não foi possível descriptografar o backup. Verifique a senha.\'},\n      it:{password:\'Password di cifratura (minimo 8 caratteri)\',weak:\'La password deve contenere almeno 8 caratteri.\',decrypt:\'Password del backup cifrato\',bad:\'Impossibile decifrare il backup. Verifica la password.\'},\n      zh:{password:\'加密密码（至少 8 个字符）\',weak:\'密码必须至少包含 8 个字符。\',decrypt:\'加密备份密码\',bad:\'无法解密备份，请检查密码。\'},\n      ru:{password:\'Пароль шифрования (минимум 8 символов)\',weak:\'Пароль должен содержать не менее 8 символов.\',decrypt:\'Пароль зашифрованной копии\',bad:\'Не удалось расшифровать копию. Проверьте пароль.\'},\n    };\n    return (messages[language] || messages.en)[key];\n  }\n\n  _bytesToBase64(bytes) {\n    let binary = \'\';\n    bytes.forEach(byte => { binary += String.fromCharCode(byte); });\n    return btoa(binary);\n  }\n\n  _base64ToBytes(value) {\n    return Uint8Array.from(atob(value), char => char.charCodeAt(0));\n  }\n\n  async _backupKey(password, salt, usages) {\n    const material = await crypto.subtle.importKey(\'raw\', new TextEncoder().encode(password), \'PBKDF2\', false, [\'deriveKey\']);\n    return crypto.subtle.deriveKey(\n      {name:\'PBKDF2\',salt,iterations:250000,hash:\'SHA-256\'}, material,\n      {name:\'AES-GCM\',length:256}, false, usages\n    );\n  }\n\n  _requestBackupPassword(kind) {\n    return new Promise(resolve => {\n      const layer = document.createElement(\'div\');\n      layer.className = \'modal-back open\';\n      layer.setAttribute(\'role\', \'dialog\');\n      layer.setAttribute(\'aria-modal\', \'true\');\n      const title = kind === \'decrypt\' ? this._backupText(\'decrypt\') : this._backupText(\'password\');\n      layer.innerHTML = `<div class="modal" style="max-width:430px"><div class="modal-head"><h3>${this._escapeHtml(title)}</h3></div><input type="password" class="glass-control" autocomplete="new-password" style="font-size:17px"><div style="display:flex;gap:9px;justify-content:flex-end;margin-top:14px"><button class="ghost" data-secret-cancel>✕</button><button class="primary" data-secret-ok>✓</button></div></div>`;\n      this.shadowRoot.appendChild(layer);\n      const input = layer.querySelector(\'input\');\n      const finish = value => { layer.remove(); resolve(value); };\n      layer.querySelector(\'[data-secret-cancel]\').addEventListener(\'click\', () => finish(null));\n      layer.querySelector(\'[data-secret-ok]\').addEventListener(\'click\', () => finish(input.value));\n      input.addEventListener(\'keydown\', event => { if (event.key === \'Enter\') finish(input.value); if (event.key === \'Escape\') finish(null); });\n      requestAnimationFrame(() => input.focus());\n    });\n  }\n\n  async _exportConfig() {\n    try {\n      const password = await this._requestBackupPassword(\'encrypt\');\n      if (password === null) return;\n      if (password.length < 8) { alert(this._backupText(\'weak\')); return; }\n      const exported = await this._send(\'argus/export_config\');\n      const config = exported?.config;\n      if (typeof config !== \'object\' || config === null) throw new Error(this._t(\'invalid_config\'));\n      // Runtime alarm state belongs to the current installation and must not\n      // be imported as a command on another system.\n      delete config.runtime;\n      const salt = crypto.getRandomValues(new Uint8Array(16));\n      const iv = crypto.getRandomValues(new Uint8Array(12));\n      const key = await this._backupKey(password, salt, [\'encrypt\']);\n      const cipher = await crypto.subtle.encrypt({name:\'AES-GCM\',iv}, key, new TextEncoder().encode(JSON.stringify(config)));\n      const envelope = {\n        format:\'argus-encrypted-backup\',version:1,kdf:\'PBKDF2-SHA256\',iterations:250000,cipher:\'AES-256-GCM\',\n        salt:this._bytesToBase64(salt),iv:this._bytesToBase64(iv),data:this._bytesToBase64(new Uint8Array(cipher))\n      };\n      const blob = new Blob([JSON.stringify(envelope)], { type: \'application/json\' });\n      const url  = URL.createObjectURL(blob);\n      const a    = document.createElement(\'a\');\n      a.href     = url;\n      a.download = `argus_backup_${new Date().toISOString().split(\'T\')[0]}.argus`;\n      a.click();\n      setTimeout(() => URL.revokeObjectURL(url), 5000);\n    } catch (err) {\n      alert(this._format(\'export_error\', { error: err.message }));\n    }\n  }\n\n  _importConfig(event) {\n    const file = event.target.files[0];\n    if (!file) return;\n    event.target.value = \'\'; // Fix #3 - permite reimportar el mismo archivo\n    const reader = new FileReader();\n    reader.onload = async (e) => {\n      try {\n        let config = JSON.parse(e.target.result);\n        if (config?.format === \'argus-encrypted-backup\') {\n          const password = await this._requestBackupPassword(\'decrypt\');\n          if (password === null) return;\n          try {\n            const salt = this._base64ToBytes(config.salt);\n            const iv = this._base64ToBytes(config.iv);\n            const key = await this._backupKey(password, salt, [\'decrypt\']);\n            const plain = await crypto.subtle.decrypt({name:\'AES-GCM\',iv}, key, this._base64ToBytes(config.data));\n            config = JSON.parse(new TextDecoder().decode(plain));\n          } catch (_) {\n            throw new Error(this._backupText(\'bad\'));\n          }\n        }\n        if (typeof config !== \'object\' || config === null)\n          throw new Error(this._t(\'invalid_config\'));\n        await this._send(\'argus/restore_config\', { config });\n        alert(this._t(\'import_success\'));\n        window.location.reload();\n      } catch (err) {\n        alert(this._format(\'import_error\', { error: err.message }));\n      }\n    };\n    reader.onerror = () => alert(this._t(\'file_read_error\'));\n    reader.readAsText(file);\n  }\n\n  async _resetConfig() {\n    if (!confirm(this._t(\'reset_confirm\'))) return;\n    try {\n      this._undoState = JSON.parse(JSON.stringify(this._ui)); // Store for undo\n\n      const defaultConfig = {};\n      await this._send(\'argus/restore_config\', { config: defaultConfig });\n\n      this.shadowRoot.getElementById(\'btn-reset-config\').style.display = \'none\';\n      this.shadowRoot.getElementById(\'btn-undo-reset\').style.display = \'block\';\n\n      alert(this._t(\'reset_success\'));\n\n      // Auto reload after 10s if not undone\n      this._resetTimer = setTimeout(() => {\n        window.location.reload();\n      }, 10000);\n\n    } catch (err) {\n      alert(this._t(\'reset_error_auth\'));\n    }\n  }\n\n  async _undoResetConfig() {\n    if (!this._undoState) return;\n    try {\n      clearTimeout(this._resetTimer);\n      await this._send(\'argus/restore_config\', { config: this._undoState });\n\n      this.shadowRoot.getElementById(\'btn-reset-config\').style.display = \'block\';\n      this.shadowRoot.getElementById(\'btn-undo-reset\').style.display = \'none\';\n\n      alert(this._t(\'undo_success\'));\n      window.location.reload();\n    } catch (err) {\n      alert(this._format(\'undo_error\', { error: err.message }));\n    }\n  }\n\n  _bindStatic() {\n    const s = id => this.shadowRoot.getElementById(id);\n    s(\'selector-close\').addEventListener(\'click\', () => this._closeModal());\n    s(\'selector-accept\').addEventListener(\'click\', () => this._acceptSelection());\n    s(\'selector-clear\').addEventListener(\'click\', () => { this._selected = []; this._renderSelector(); });\n    s(\'selector-search\').addEventListener(\'input\', () => this._renderSelector());\n    s(\'selector-modal\').addEventListener(\'click\', e => { if (e.target.id === \'selector-modal\') this._closeModal(); });\n    s(\'selector-select-all\').addEventListener(\'click\', () => this._selectAll());\n    s(\'selector-deselect-all\').addEventListener(\'click\', () => { this._selected = []; this._renderSelector(); });\n\n    s(\'btn-new-auto\').addEventListener(\'click\', () => {\n      history.pushState(null, \'\', \'/config/automation/edit/new\');\n      window.dispatchEvent(new CustomEvent(\'location-changed\'));\n    });\n    s(\'btn-access-users\')?.addEventListener(\'click\', () => this._toggleAccessSection(\'users\'));\n    s(\'btn-access-pin\')?.addEventListener(\'click\', () => this._toggleAccessSection(\'pin\'));\n    s(\'btn-save-pin\').addEventListener(\'click\', () => this._savePin());\n    s(\'lnk-forgot-pin\')?.addEventListener(\'click\', e => { e.preventDefault(); this._handleForgotPin(); });\n    s(\'pin-forgot-link\')?.addEventListener(\'click\', e => { e.preventDefault(); this._handleForgotPin(); });\n\n    s(\'pin-close\').addEventListener(\'click\', () => this._closePinModal());\n    s(\'pin-cancel\').addEventListener(\'click\', () => this._closePinModal());\n    s(\'pin-modal\').addEventListener(\'click\', e => { if (e.target.id === \'pin-modal\') this._closePinModal(); });\n    s(\'pin-confirm\').addEventListener(\'click\', () => this._submitPin());\n    s(\'pin-input\').addEventListener(\'keydown\', e => { if (e.key === \'Enter\') this._submitPin(); });\n    this.shadowRoot.querySelectorAll(\'[data-pin-digit]\').forEach(btn =>\n      btn.addEventListener(\'click\', () => this._appendPinDigit(btn.dataset.pinDigit))\n    );\n    s(\'pin-backspace\').addEventListener(\'click\', () => this._backspacePin());\n\n    s(\'btn-add-notif\')?.addEventListener(\'click\', () => this._addNotifTarget());\n    s(\'btn-save-notif\')?.addEventListener(\'click\', () => this._saveNotifications());\n\n    // Home name edit (requires PIN)\n    s(\'btn-edit-home-name-standalone\')?.addEventListener(\'click\', () => this._editHomeName());\n    s(\'home-name-modal-close\').addEventListener(\'click\', () => this._closeHomeNameModal());\n    s(\'home-name-cancel\').addEventListener(\'click\', () => this._closeHomeNameModal());\n    s(\'home-name-modal\').addEventListener(\'click\', e => { if (e.target.id === \'home-name-modal\') this._closeHomeNameModal(); });\n    s(\'home-name-save\').addEventListener(\'click\', () => this._saveHomeName());\n    s(\'home-name-input\').addEventListener(\'keydown\', e => { if (e.key === \'Enter\') this._saveHomeName(); });\n\n    // Language picker\n    s(\'btn-lang-picker\')?.addEventListener(\'click\', () => this._openLangModal());\n    s(\'lang-modal-close\')?.addEventListener(\'click\', () => this._closeLangModal());\n    s(\'lang-modal\')?.addEventListener(\'click\', e => { if (e.target.id === \'lang-modal\') this._closeLangModal(); });\n\n    // SOS Modal\n    const closeSOS = () => {\n      s(\'sos-modal\')?.classList.remove(\'open\');\n      this._sosEntryIdx = null;\n      if (s(\'sos-thumb\')) {\n         s(\'sos-thumb\').style.left = \'6px\';\n         s(\'sos-thumb\').closest(\'.ios-slider-track\').style.background = \'rgba(217,4,41,0.15)\';\n      }\n    };\n    s(\'btn-cancel-sos\')?.addEventListener(\'click\', closeSOS);\n    s(\'sos-close-x\')?.addEventListener(\'click\', closeSOS);\n    s(\'sos-modal\')?.addEventListener(\'click\', e => { if (e.target.id === \'sos-modal\') closeSOS(); });\n\n    s(\'bg-mode-select-standalone\')?.addEventListener(\'change\', () => this._updateBgFieldsVisibility());\n    s(\'hub-bg-mode-select\')?.addEventListener(\'change\', () => this._updateBgFieldsVisibility());\n    s(\'panel-bg-file-input\')?.addEventListener(\'change\', e => this._handlePanelBgFile(e));\n    s(\'hub-bg-file-input\')?.addEventListener(\'change\', e => this._handleHubBgFile(e));\n  }\n\n  /* ── WebSocket ───────────────────────────────────────────────────── */\n  async _connect() {\n    // A custom panel already receives Home Assistant\'s authenticated\n    // connection. Opening a second socket and reading hass.auth.data used an\n    // internal token that modern HA versions no longer expose reliably.\n    if (typeof this._hass?.callWS !== \'function\') {\n      throw new Error(\'Home Assistant authenticated WebSocket is unavailable\');\n    }\n  }\n\n  _send(type, data = {}) {\n    if (typeof this._hass?.callWS !== \'function\') {\n      return Promise.reject(new Error(\'Home Assistant authenticated WebSocket is unavailable\'));\n    }\n    return this._hass.callWS({ type, ...data });\n  }\n\n  /* ── Load dashboard ──────────────────────────────────────────────── */\n  async _load() {\n    let bootstrap;\n    try { bootstrap = await this._send(\'argus/login_bootstrap\'); }\n    catch (e) { console.error(\'Argus bootstrap load failed:\', e); return; }\n\n    this._bootstrap = bootstrap;\n    this._backgroundMode = bootstrap.background_mode || \'none\';\n    this._backgroundImages = bootstrap.background_images || [];\n    this._updateCanvasBackground();\n\n    if (bootstrap.configuration_missing) {\n      this._loadState = \'configuration_missing\';\n      this._renderMissingConfigurationScreen();\n      return;\n    }\n\n    if (bootstrap.first_run) {\n      this._loadState = \'first_run\';\n      this._renderFirstRunScreen();\n      return;\n    }\n\n    if (bootstrap.legacy_claim_needed) {\n      this._loadState = \'legacy_claim\';\n      this._renderLegacyClaimScreen();\n      return;\n    }\n\n    if (!bootstrap.has_active_session || !this._profileSelectedThisMount) {\n      this._loadState = \'profile_selection\';\n      this._renderLoginScreen(bootstrap);\n      return;\n    }\n\n    // Now we have a session, load dashboard\n    let dashboard;\n    try { dashboard = await this._send(\'argus/dashboard\'); }\n    catch (e) {\n      if (e.message.includes(\'permission\') || e.message.includes(\'session\') || e.message.includes(\'unauthorized\')) {\n        this._renderLoginScreen(bootstrap);\n        return;\n      }\n      console.error(\'Argus dashboard load failed:\', e);\n      return;\n    }\n\n    this._dashboard = dashboard;\n    this._loadState = \'dashboard\';\n    const bootstrapOverlay = this.shadowRoot.getElementById(\'bootstrap-overlay\');\n    if (bootstrapOverlay) bootstrapOverlay.style.display = \'none\';\n    this._currentProfile = dashboard.current_profile || null;\n    this._available = dashboard.available_entities || [];\n    this._ui = dashboard.ui || { modes: {}, dashboard: {} };\n    await this._loadActivityTimeline(dashboard.entry_id);\n    this._notifTargets = dashboard.ui?.notif_targets || [];\n    this._users = Array.isArray(dashboard.ui?.users)\n      ? dashboard.ui.users.filter(user => user && typeof user === \'object\' && !Array.isArray(user))\n      : [];\n    this._homeName = dashboard.ui?.home_name || \'\';\n    this._emergencyNumber = dashboard.ui?.emergency_number || \'911\';\n    this._panicOutputs = dashboard.ui?.panic_outputs || [];\n    this._backgroundMode = dashboard.ui?.background_mode || \'weather\';\n    this._backgroundImages = dashboard.ui?.background_images || [];\n    this._temperatureSource = dashboard.ui?.temperature_source || \'auto\';\n    this._weatherSource = dashboard.ui?.weather_source || \'auto\';\n    this._panelBgFile = dashboard.ui?.panel_bg_file || \'\';\n    this._panelBgSound = Boolean(dashboard.ui?.panel_bg_sound);\n    const rawHubBgMode = dashboard.ui?.hub_bg_mode || \'none\';\n    this._hubBgMode = (rawHubBgMode === \'none\' || rawHubBgMode === \'default\') ? \'default\' : rawHubBgMode;\n    this._hubBgFile = dashboard.ui?.hub_bg_file || \'\';\n    this._hubBgSound = Boolean(dashboard.ui?.hub_bg_sound);\n    this._updateTheme();\n    this._updateHomeNameDisplay();\n    this._updateProfileBadge();\n    this._showProfileWelcome();\n\n    this._populateTemperatureSources();\n    const tempSel = this.shadowRoot.getElementById(\'temp-source-select-standalone\');\n    if (tempSel) tempSel.value = this._temperatureSource || \'auto\';\n    this._populateWeatherSources();\n    const weatherSel = this.shadowRoot.getElementById(\'weather-source-select\');\n    if (weatherSel) weatherSel.value = this._weatherSource || \'auto\';\n    const emergencyInput = this.shadowRoot.getElementById(\'emergency-number-input\');\n    if (emergencyInput) emergencyInput.value = this._emergencyNumber;\n    this._renderSosOutputs();\n    this._configureEmergencyCall();\n\n    const bgMode = this.shadowRoot.getElementById(\'bg-mode-select-standalone\');\n    if (bgMode) {\n      bgMode.innerHTML = `\n        <option value="weather">${this._t(\'bg_weather\')}</option>\n        <option value="none">${this._t(\'bg_panel_none\')}</option>\n        <option value="photo">${this._t(\'bg_photo\')}</option>\n        <option value="collage">${this._t(\'bg_collage\')}</option>\n      `;\n      bgMode.value = this._backgroundMode || \'weather\';\n    }\n\n    const hubBgSelect = this.shadowRoot.getElementById(\'hub-bg-mode-select\');\n    if (hubBgSelect) {\n      hubBgSelect.innerHTML = `\n        <option value="default">${this._t(\'bg_hub_default\')}</option>\n        <option value="image">${this._t(\'bg_image_opt\')}</option>\n      `;\n      hubBgSelect.value = this._hubBgMode || \'default\';\n    }\n\n    const panelUrlInput = this.shadowRoot.getElementById(\'panel-bg-url-input\');\n    if (panelUrlInput) panelUrlInput.value = (this._panelBgFile && !this._panelBgFile.startsWith(\'data:\')) ? this._panelBgFile : \'\';\n\n    const chkPanelSound = this.shadowRoot.getElementById(\'chk-panel-bg-sound\');\n    if (chkPanelSound) chkPanelSound.checked = this._panelBgSound;\n\n    const hubUrlInput = this.shadowRoot.getElementById(\'hub-bg-url-input\');\n    if (hubUrlInput) hubUrlInput.value = (this._hubBgFile && !this._hubBgFile.startsWith(\'data:\')) ? this._hubBgFile : \'\';\n\n    const chkHubSound = this.shadowRoot.getElementById(\'chk-hub-bg-sound\');\n    if (chkHubSound) chkHubSound.checked = this._hubBgSound;\n\n    this._updateBgFieldsVisibility();\n    this._updateCanvasBackground();\n\n    this._isAdmin = dashboard.current_profile?.role === \'admin\';\n    this._permissions = dashboard.current_profile?.permissions || {};\n    const resolvedEntityId = dashboard.entries?.[0]?.entity_id;\n    if (resolvedEntityId) {\n      if (!this._modeEntryId || this._modeEntryId === \'default\') {\n        this._modeEntryId = resolvedEntityId;\n      }\n      if (this._loadRetryTimeout) {\n        clearTimeout(this._loadRetryTimeout);\n        this._loadRetryTimeout = null;\n      }\n    } else {\n      if (!this._modeEntryId || this._modeEntryId === \'default\') {\n        this._modeEntryId = null;\n      }\n    }\n\n    if (this._isAdmin) {\n      try {\n        const haUsersResp = await this._send(\'argus/get_ha_users\');\n        this._haUsersList = haUsersResp?.ha_users || [];\n      } catch (e) {\n        console.warn(\'Could not fetch HA users:\', e);\n      }\n    }\n\n    // Show current PIN toggle & validation required\n    const pinConfigured = dashboard.entries?.[0]?.pin_configured === true;\n    const pinDisp = this.shadowRoot.getElementById(\'current-pin-display\');\n    const groupCurrentPin = this.shadowRoot.getElementById(\'group-current-pin\');\n\n    if (pinDisp) pinDisp.textContent = pinConfigured ? this._t(\'pin_active_yes\') : this._t(\'pin_active_no\');\n    if (groupCurrentPin) {\n      if (pinConfigured) groupCurrentPin.classList.remove(\'collapsed\');\n      else groupCurrentPin.classList.add(\'collapsed\');\n    }\n    const lnkForgot = this.shadowRoot.getElementById(\'lnk-forgot-pin\');\n    if (lnkForgot) lnkForgot.style.display = pinConfigured ? \'inline\' : \'none\';\n    const pinForgot = this.shadowRoot.getElementById(\'pin-forgot-link\');\n    if (pinForgot) pinForgot.style.display = pinConfigured ? \'inline\' : \'none\';\n\n    // Each section is independent. A bad legacy value in one must not leave\n    // the rest of the dashboard as an empty template skeleton.\n    [\n      [\'instances\', () => this._renderEntries()],\n      [\'activity log\', () => this._renderActivityLog()],\n      [\'mode tabs\', () => this._renderModeTabs()],\n      [\'mode view\', () => this._renderModeView()],\n      [\'automations\', () => this._renderAutomations()],\n      [\'notifications\', () => this._renderNotifications()],\n      [\'users\', () => this._renderUsers()],\n    ].forEach(([name, render]) => {\n      try { render(); }\n      catch (err) { console.error(`Argus ${name} render failed:`, err); }\n    });\n    this._loadUploadedFiles();\n\n    // Retry loading if integration is reloading and has no active entity_id yet\n    const hasEntries = dashboard.entries && dashboard.entries.length > 0;\n    const hasEntityId = hasEntries && dashboard.entries[0].entity_id;\n    if (hasEntries && !hasEntityId) {\n      if (!this._loadRetryTimeout) {\n        this._loadRetryTimeout = setTimeout(() => {\n          this._loadRetryTimeout = null;\n          this._load();\n        }, 1500);\n      }\n    } else {\n      if (this._loadRetryTimeout) {\n        clearTimeout(this._loadRetryTimeout);\n        this._loadRetryTimeout = null;\n      }\n    }\n  }\n\n  /* ── Entries (alarm instances) ───────────────────────────────────── */\n\n  _getSensorBattery(sensorId, sensorState) {\n    return this._getDevicePower(sensorId, sensorState).battery;\n  }\n\n  // Read only values that Home Assistant exposes.  In particular, do not use a\n  // lightning icon or assume 100% just because an entity has no battery sensor.\n  _getDevicePower(sensorId, sensorState) {\n    const attributes = sensorState?.attributes || {};\n    const direct = [attributes.battery_level, attributes.battery, attributes.battery_percentage]\n      .find(value => Number.isFinite(Number(value)));\n    let battery = direct === undefined ? null : Math.max(0, Math.min(100, Math.round(Number(direct))));\n\n    const source = String(attributes.power_source || attributes.power_supply || attributes.power_type || \'\').toLowerCase();\n    const mains = attributes.mains_powered === true || attributes.is_mains_powered === true || attributes.wired === true ||\n      /(?:mains|ac|wired|line|external|toma|corriente)/.test(source);\n\n    if (battery === null) {\n      // Prefer exact entity-id matches.  The prior loose first-match lookup\n      // could display another device\'s battery when several names overlapped.\n      const objectId = sensorId.split(\'.\').slice(1).join(\'.\').toLowerCase();\n      const base = objectId.replace(/_(contact|door|window|motion|occupancy|opening|sensor)$/i, \'\');\n      const companion = Object.values(this._hass?.states || {})\n        .map(state => {\n          const id = String(state.entity_id || \'\').toLowerCase();\n          const isBattery = state.attributes?.device_class === \'battery\' || /_battery(?:_level|_percent(?:age)?)?$/i.test(id);\n          if (!isBattery) return { state, score: 0 };\n          const object = id.split(\'.\').slice(1).join(\'.\');\n          const score = object === `${objectId}_battery` ? 100\n            : object === `${base}_battery` ? 90\n            : object.startsWith(`${objectId}_battery`) ? 80\n            : object.startsWith(`${base}_battery`) ? 70\n            : 0;\n          return { state, score };\n        })\n        .filter(candidate => candidate.score > 0)\n        .sort((a, b) => b.score - a.score)[0]?.state;\n      const level = Number(companion?.state);\n      if (Number.isFinite(level)) battery = Math.max(0, Math.min(100, Math.round(level)));\n    }\n    return { battery, mains };\n  }\n\n  _deviceFacts(entityId, stateObj, includeStatus = true) {\n    const raw = stateObj?.state || \'unknown\';\n    const isOpen = [\'on\', \'unlocked\', \'open\', \'recording\', \'active\', \'motion\'].includes(raw);\n    const labels = { on:this._t(\'status_open\'), off:this._t(\'status_closed\'), locked:this._t(\'status_closed\'), unlocked:this._t(\'status_open\'), idle:this._t(\'status_idle\'), recording:this._t(\'status_recording\'), home:this._t(\'status_home\'), not_home:this._t(\'status_away\') };\n    const domain = entityId.split(\'.\')[0];\n    const isActuator = [\'siren\', \'switch\', \'light\', \'fan\', \'input_boolean\', \'script\'].includes(domain);\n    const power = this._getDevicePower(entityId, stateObj);\n    const facts = [];\n    if (includeStatus) facts.push({ text: isActuator ? raw.toUpperCase() : (labels[raw] || raw), className: isActuator ? \'\' : (isOpen ? \'status-open\' : \'status-closed\') });\n    if (power.mains) facts.push({ text: \'🔌 AC\', className: \'power-mains\' });\n    if (power.battery !== null) facts.push({ text: `🔋 ${power.battery}%`, className: power.battery <= 20 ? \'power-low\' : \'\' });\n    return facts;\n  }\n\n  _renderBatteryAlerts() {\n    if (!this._hass?.states) return \'\';\n    const states = this._hass.states;\n    const lowBatteries = Object.values(states).filter((st) => {\n      const isBattery = st.entity_id?.endsWith(\'_battery\') || st.attributes?.device_class === \'battery\';\n      const isMains = /dimmer|switch|light|plug|outlet/i.test(st.entity_id) || /dimmer|switch|light|plug|outlet/i.test(st.attributes?.friendly_name || \'\');\n      if (!isBattery || isMains || st.state === \'unknown\' || st.state === \'unavailable\') return false;\n      const level = Number(st.state);\n      return !Number.isNaN(level) && level <= 20;\n    });\n    if (!lowBatteries.length) return \'\';\n    const t = k => this._t(k);\n    const rows = lowBatteries.map(b => `<div class="battery-alert-pill" style="display:inline-flex; align-items:center; gap:6px; background:rgba(239,68,68,0.25); border:1px solid rgba(239,68,68,0.5); color:#fee2e2; padding:4px 12px; border-radius:999px; font-size:11px; font-weight:600; backdrop-filter:blur(12px); box-shadow:0 4px 12px rgba(0,0,0,0.3)">⚠️ ${t(\'battery_low\')}: ${this._escapeHtml(b.attributes.friendly_name || b.entity_id)} (${b.state}%)</div>`).join(\'\');\n    return `<div class="battery-alerts-container" style="position:absolute; top:18px; left:18px; z-index:15; display:flex; flex-direction:column; gap:6px; max-width:75%; pointer-events:none;">${rows}</div>`;\n  }\n\n  _modeButtonIcon(mode) {\n    const paths = {\n      home: \'<path d="M3 10.5 12 3l9 7.5v9a1.5 1.5 0 0 1-1.5 1.5h-15A1.5 1.5 0 0 1 3 19.5z"/><path d="M9 21v-6h6v6"/>\',\n      away: \'<path d="M12 3 20 6.5v5.2c0 5-3.4 8-8 9.8-4.6-1.8-8-4.8-8-9.8V6.5z"/><path d="M8.5 12h7M12 8.5v7"/>\',\n      night: \'<path d="M20 15.5A8.5 8.5 0 0 1 8.5 4 8.5 8.5 0 1 0 20 15.5z"/><path d="m17.5 4 .5 1.2L19.2 6l-1.2.5-.5 1.2-.5-1.2-1.2-.5 1.2-.8z"/>\',\n      vacation: \'<path d="M3 13.5 21 5l-6.8 15-2.3-6.2z"/><path d="m11.9 13.8 3.4 3.4M11.9 13.8 7.2 12"/>\',\n      disarm: \'<path d="M12 3 20 6.5v5.2c0 5-3.4 8-8 9.8-4.6-1.8-8-4.8-8-9.8V6.5z"/><path d="m8.5 12 2.2 2.2 4.8-5"/>\',\n      sos: \'<path d="M12 3 21 20H3z"/><path d="M12 9v4.5M12 17h.01"/>\'\n    };\n    return `<svg class="mode-btn-icon" viewBox="0 0 24 24" fill="none" stroke="currentColor" stroke-width="1.9" stroke-linecap="round" stroke-linejoin="round" aria-hidden="true">${paths[mode] || paths.disarm}</svg>`;\n  }\n\n  _renderPremiumStatusIcon(state, triggered) {\n    const mode = triggered ? \'triggered\' : ({ armed_home:\'home\', armed_away:\'away\', armed_night:\'night\', armed_vacation:\'vacation\', disarmed:\'disarm\' }[state] || \'disarm\');\n    const accent = { home:\'#ffad42\', away:\'#ff6464\', night:\'#7fb9ff\', vacation:\'#d69cff\', disarm:\'#6be295\', triggered:\'#ff424f\' }[mode];\n    const symbol = {\n      home:\'<path d="M66 98 100 69l34 29v35H66z"/><path d="M89 133v-22h22v22"/>\',\n      away:\'<path d="M100 70c18 0 32 14 32 32s-14 32-32 32-32-14-32-32 14-32 32-32z"/><path d="M100 79v46M77 102h46"/>\',\n      night:\'<path d="M120 70a34 34 0 1 0 13 63 38 38 0 1 1-13-63z"/><circle cx="134" cy="73" r="3"/>\',\n      vacation:\'<path d="m67 113 66-34-28 66-9-25z"/><path d="m96 120 15 15M96 120l-20-6"/>\',\n      disarm:\'<path d="m76 104 16 16 34-39"/>\',\n      triggered:\'<path d="M100 65 139 137H61z"/><path d="M100 90v23M100 124h.01"/>\'\n    }[mode];\n    return `<svg viewBox="0 0 200 200" width="100%" height="100%" style="filter:drop-shadow(0 18px 28px rgba(0,0,0,.34));max-width:180px;margin:auto;display:block" aria-label="${this._escapeHtml(mode)}"><defs><linearGradient id="premium-${mode}" x1="20%" y1="10%" x2="85%" y2="100%"><stop stop-color="#fff" stop-opacity=".38"/><stop offset=".25" stop-color="${accent}" stop-opacity=".78"/><stop offset="1" stop-color="${accent}" stop-opacity=".18"/></linearGradient><filter id="premium-glow-${mode}"><feGaussianBlur stdDeviation="4" result="blur"/><feMerge><feMergeNode in="blur"/><feMergeNode in="SourceGraphic"/></feMerge></filter></defs><path d="M100 22 157 46v42c0 42-23 69-57 87-34-18-57-45-57-87V46z" fill="url(#premium-${mode})" stroke="${accent}" stroke-width="3" filter="url(#premium-glow-${mode})"/><path d="M100 31 148 51" stroke="#fff" stroke-opacity=".45" stroke-width="3" stroke-linecap="round"/><circle cx="100" cy="105" r="43" fill="rgba(5,12,23,.3)" stroke="rgba(255,255,255,.22)" stroke-width="2"/><g fill="none" stroke="#fff" stroke-width="5" stroke-linecap="round" stroke-linejoin="round" filter="url(#premium-glow-${mode})">${symbol}</g><circle cx="100" cy="105" r="55" fill="none" stroke="${accent}" stroke-opacity=".42" stroke-width="2"><animate attributeName="r" values="51;60;51" dur="3.5s" repeatCount="indefinite"/><animate attributeName="opacity" values=".6;.08;.6" dur="3.5s" repeatCount="indefinite"/></circle></svg>`;\n  }\n\n  _getIntelligentSVG(state, w, isNight, triggered) {\n    return this._renderPremiumStatusIcon(state, triggered);\n  }\n\n  _renderEntries() {\n    this._sosBound = false;\n    const el = this.shadowRoot.getElementById(\'entries\');\n    const globalStatusEl = this.shadowRoot.getElementById(\'global-status\');\n    const entries = this._dashboard?.entries || [];\n    const t = k => this._t(k);\n\n    if (!entries.length) {\n      el.innerHTML = `<div class="small" style="padding:10px">${t(\'no_instances\')}</div>`;\n      return;\n    }\n\n    // Determine global status\n    const allStates = entries.map(e => this._hass?.states[e.entity_id]?.state || \'unavailable\');\n    const isArmed = allStates.some(s => s.startsWith(\'armed\') || s === \'triggered\' || s === \'pending\');\n    globalStatusEl.innerHTML = `<span class="badge ${isArmed ? \'armed_away\' : \'disarmed\'}">${isArmed ? t(\'system_armed\') : t(\'system_disarmed\')}</span>`;\n\n    // Weather\n    const weatherEnt = this._getWeatherEntity();\n    const weatherState = weatherEnt.state || \'sunny\';\n    const isNight = this._hass?.states?.[\'sun.sun\']?.state === \'below_horizon\';\n    const weather = this._weatherPresentation(weatherState, isNight);\n    const modeLabel = key => {\n      const str = String(t(key) || \'\').trim();\n      const firstSpace = str.indexOf(\' \');\n      if (firstSpace > 0 && firstSpace <= 3) return str.substring(firstSpace + 1).trim();\n      return str;\n    };\n\n    // Time\n    const timeStr = new Date().toLocaleTimeString(this._getLocale(), { hour: \'2-digit\', minute: \'2-digit\' });\n    const now = new Date();\n    const heroClock = this.shadowRoot.getElementById(\'hero-clock-time\');\n    const heroDate = this.shadowRoot.getElementById(\'hero-clock-date\');\n    const heroWeather = this.shadowRoot.getElementById(\'hero-weather-pill\');\n    const heroSecurity = this.shadowRoot.getElementById(\'hero-security-pill\');\n    if (heroClock) heroClock.textContent = timeStr;\n    if (heroDate) heroDate.textContent = now.toLocaleDateString(this._getLocale(), { weekday: \'short\', month: \'short\', day: \'numeric\' });\n    if (heroWeather) heroWeather.textContent = `${weather.icon} ${weather.label}`;\n    if (heroSecurity) heroSecurity.innerHTML = `<i class="hero-live" style="background:${isArmed ? \'#ffb54d\' : \'#55df91\'};box-shadow:0 0 9px ${isArmed ? \'#ffb54d\' : \'#55df91\'}"></i>${this._escapeHtml(isArmed ? t(\'system_armed\') : t(\'system_disarmed\'))}`;\n\n    // Surgical Update: Maintain article nodes to persist fullscreen state\n    const existing = Array.from(el.querySelectorAll(\'article.entry\'));\n    if (existing.length !== entries.length) {\n      el.innerHTML = entries.map((_, i) => `<article class="entry" data-idx="${i}"></article>`).join(\'\');\n    }\n\n    const currentArticles = el.querySelectorAll(\'article.entry\');\n    entries.forEach((e, idx) => {\n      const art = currentArticles[idx];\n      const live  = this._hass?.states[e.entity_id]?.state;\n      const state = live || e.state || \'unavailable\';\n      const triggered = state === \'triggered\';\n      const panicActive = Boolean(this._hass?.states?.[e.entity_id]?.attributes?.argus_panic_active);\n      const requiresDisarmPin = e.pin_configured === true || e.user_pin_configured === true;\n      const fullHudLoc = this._hass?.config?.location_name || this._homeName || t(\'home_fallback\');\n      const displayedTemperature = this._getDisplayedTemperature();\n      const temperatures = this._getTemperatureReadings();\n      const stateMeta = {\n        disarmed: { label: t(\'disarmed\'), accent: \'#55df91\' },\n        armed_home: { label: t(\'mode_home\'), accent: \'#ffb54d\' },\n        armed_away: { label: t(\'mode_away\'), accent: \'#ff724f\' },\n        armed_night: { label: t(\'mode_night\'), accent: \'#8ab9ff\' },\n        armed_vacation: { label: t(\'mode_vacation\'), accent: \'#d59bff\' },\n        triggered: { label: t(\'log_triggered\'), accent: \'#ff4d5d\' },\n        pending: { label: t(\'system_armed\'), accent: \'#ffb54d\' },\n      }[state] || { label: state.replace(/_/g, \' \'), accent: \'#9eb5cc\' };\n      const weatherLabel = weather.label;\n      const recent = Array.isArray(this._ui?.audit_log) ? this._ui.audit_log[0] : null;\n      const recentEvent = recent ? this._localizeActivityDetail(String(recent.action || \'\'), String(recent.detail || \'\')) : \'\';\n\n      const mKey = state.replace(\'armed_\', \'\');\n      let eCfg = (this._ui?.modes?.__by_entity__?.[e.entity_id]?.[mKey])\n                || (this._ui?.modes?.[mKey]) || {};\n      if (triggered && !(eCfg.sensors || []).length) {\n        const modes = this._ui?.modes?.__by_entity__?.[e.entity_id] || this._ui?.modes || {};\n        eCfg = [\'away\', \'home\', \'night\', \'vacation\']\n          .map(mode => modes[mode])\n          .find(config => (config?.sensors || []).some(id => [\'on\', \'open\', \'unlocked\', \'recording\', \'active\', \'motion\'].includes(this._hass?.states?.[id]?.state)))\n          || {};\n      }\n      let sList = eCfg.sensors || [];\n      if (state === \'disarmed\' || !sList.length) {\n        const modes = this._ui?.modes?.__by_entity__?.[e.entity_id] || this._ui?.modes || {};\n        const allSensors = new Set();\n        [\'away\', \'home\', \'night\', \'vacation\'].forEach(m => {\n          if (modes[m]?.sensors) {\n            modes[m].sensors.forEach(s => allSensors.add(s));\n          }\n        });\n        sList = Array.from(allSensors);\n      }\n      const sByps = eCfg.bypassed_sensors || [];\n      const activeSensors = sList.filter(s => !sByps.includes(s));\n      const OPEN = [\'on\', \'open\', \'unlocked\', \'recording\', \'active\', \'motion\'];\n      const hasOpenSensor = activeSensors.some(sid => OPEN.includes(this._hass?.states?.[sid]?.state));\n      const sensorAlert = hasOpenSensor && (state.startsWith(\'armed\') || state === \'pending\') && !triggered;\n\n      const isFS = this._fullscreenIdx === idx || (this._kioskLocked && (this._kioskEntryId === e.entry_id || entries.length === 1));\n      art.className = `entry cinematic-entry ${isFS ? \'ios-fullscreen\' : \'\'}`;\n      art.style.cssText = triggered ? \'border:3px solid #ff5252;box-shadow:0 0 30px rgba(255,82,82,.4)\' : \'\';\n      art.querySelectorAll(\'.wx-webgl\').forEach(canvas => canvas._argusWebglStop?.());\n      const sensorRows = activeSensors.map(sid => {\n        const sensor = this._hass?.states[sid];\n        if (!sensor) return \'\';\n        const isOpen = OPEN.includes(sensor.state);\n        const name = sensor.attributes?.friendly_name || sid.split(\'.\')[1] || sid;\n        const deviceClass = sensor.attributes?.device_class || (sid.startsWith(\'lock.\') ? \'lock\' : \'door\');\n        \n        let iconHtml = \'\';\n        if (deviceClass === \'lock\') {\n          iconHtml = isOpen ? `<svg viewBox="0 0 24 24" width="20" height="20" fill="none" stroke="currentColor" stroke-width="2"><rect x="3" y="11" width="18" height="11" rx="2" ry="2"></rect><path d="M7 11V7a5 5 0 0 1 9.9-1"></path></svg>`\n                            : `<svg viewBox="0 0 24 24" width="20" height="20" fill="none" stroke="currentColor" stroke-width="2"><rect x="3" y="11" width="18" height="11" rx="2" ry="2"></rect><path d="M7 11V7a5 5 0 0 1 10 0v4"></path></svg>`;\n        } else if (deviceClass === \'window\') {\n          iconHtml = isOpen ? `<svg viewBox="0 0 24 24" width="20" height="20" fill="none" stroke="currentColor" stroke-width="2"><path d="M4 14l16 0"></path><path d="M4 10l16 0"></path><rect x="4" y="4" width="16" height="16" rx="2"></rect></svg>`\n                            : `<svg viewBox="0 0 24 24" width="20" height="20" fill="none" stroke="currentColor" stroke-width="2"><rect x="4" y="4" width="16" height="16" rx="2"></rect><path d="M4 12h16M12 4v16"></path></svg>`;\n        } else if (deviceClass === \'motion\') {\n          iconHtml = isOpen ? `<svg viewBox="0 0 24 24" width="20" height="20" fill="none" stroke="currentColor" stroke-width="2"><circle cx="12" cy="12" r="3"></circle><path d="M4.93 4.93a10 10 0 0 1 14.14 0M4.93 19.07a10 10 0 0 0 14.14 0"></path></svg>`\n                            : `<svg viewBox="0 0 24 24" width="20" height="20" fill="none" stroke="currentColor" stroke-width="2"><circle cx="12" cy="12" r="3"></circle></svg>`;\n        } else {\n          // Default to door\n          iconHtml = isOpen ? `<svg viewBox="0 0 24 24" width="20" height="20" fill="none" stroke="currentColor" stroke-width="2"><path d="M4 22V2h12v20H4z"></path><path d="M16 4h4v18h-4"></path><circle cx="12" cy="12" r="1"></circle></svg>`\n                            : `<svg viewBox="0 0 24 24" width="20" height="20" fill="none" stroke="currentColor" stroke-width="2"><path d="M6 22V2h12v20H6z"></path><circle cx="14" cy="12" r="1"></circle></svg>`;\n        }\n\n        return `<div class="console-sensor ${isOpen ? \'open\' : \'\'}"><span class="console-sensor-icon" style="display:flex;align-items:center;justify-content:center;color:${isOpen?\'#ff968b\':\'#75f4b0\'};${isOpen?\'animation:pulse 2s infinite;\':\'\'}">${iconHtml}</span><span class="console-sensor-name">${this._escapeHtml(name)}</span><span class="console-sensor-state" style="color:${isOpen?\'#ff968b\':\'#75f4b0\'}">${this._escapeHtml(isOpen ? t(\'status_open\') : t(\'status_closed\'))}</span></div>`;\n      }).join(\'\');\n\n      art.innerHTML = `\n          ${this._renderEntryBackground(weatherState, isNight)}\n          ${this._kioskLocked ? `<button class="btn-unlock-kiosk" data-action="unlock-kiosk" style="position:absolute;top:16px;right:16px;z-index:99;padding:8px 14px;background:rgba(220,38,38,0.85);color:white;border:none;border-radius:10px;font-weight:600;font-size:13px;cursor:pointer;backdrop-filter:blur(8px);box-shadow:0 4px 12px rgba(0,0,0,0.4)">🔓 ${this._escapeHtml(t(\'unlock_kiosk\') || \'Desbloquear kiosco\')}</button>` : \'\'}\n          ${isFS ? `<div style="position:absolute;top:20px;left:50%;transform:translateX(-50%);z-index:100;padding:6px 12px;background:rgba(36,188,129,.2);border:1px solid rgba(36,188,129,.4);border-radius:20px;color:#75f4b0;font-size:12px;font-weight:700;backdrop-filter:blur(10px);box-shadow:0 4px 12px rgba(0,0,0,0.2);display:flex;align-items:center;gap:6px;"><div style="width:8px;height:8px;border-radius:50%;background:#75f4b0;box-shadow:0 0 8px #75f4b0;"></div>CONECTADO</div>` : \'\'}\n          ${isFS ? `<button class="ghost entry-exit-fs" data-exit-fullscreen title="${this._escapeHtml(t(\'fullscreen_title\'))}" aria-label="${this._escapeHtml(t(\'fullscreen_title\'))}" style="position:absolute;top:16px;left:16px;z-index:100;padding:9px 13px;font-size:18px;background:rgba(0,0,0,.55);backdrop-filter:blur(12px);border-radius:14px;color:white;border:1px solid rgba(255,255,255,.25);box-shadow:0 8px 20px rgba(0,0,0,.3)">×</button>` : \'\'}\n          ${!isFS ? `<button class="ghost fs-btn entry-fs" data-fullscreen="${idx}" title="${this._escapeHtml(t(\'fullscreen_title\'))}" style="position:absolute;bottom:24px;right:24px;z-index:10;padding:10px 15px;font-size:18px;background:rgba(0,0,0,0.4);backdrop-filter:blur(12px);border-radius:14px;opacity:0.8;color:white;border:1px solid rgba(255,255,255,0.2);box-shadow:0 8px 20px rgba(0,0,0,0.3)">⛶</button>` : \'\'}\n          ${this._renderBatteryAlerts()}\n          <!-- Ribbon removed to restore central SVG -->\n          <div class="hud">\n            <div class="hud-loc">${this._escapeHtml(fullHudLoc)} · ${this._escapeHtml(weatherLabel)}</div>\n            <div class="hud-data"><span>${this._escapeHtml(timeStr)}</span>${displayedTemperature ? `<i>🌡️ ${this._escapeHtml(displayedTemperature)}</i>` : \'\'}</div>\n            ${temperatures.length ? `<div class="hud-temperatures">${temperatures.map(item => `<span class="hud-temperature">${this._escapeHtml(item.label)} ${this._escapeHtml(item.value)}</span>`).join(\'\')}</div>` : \'\'}\n          </div>\n          <div class="entry-content security-console">\n            <div class="entry-icon" style="display:flex;justify-content:center;animation:float-icon 5s ease-in-out infinite;">\n              ${this._getIntelligentSVG(state, null, isNight, triggered)}\n            </div>\n            <div class="liquid-stack">\n              <button class="liquid-btn btn-home ${state===\'armed_home\'?\'active\':\'\'} ${sensorAlert && state===\'armed_home\'?\'buzz-orange\':\'\'}" data-idx="${idx}" data-action="home">${this._modeButtonIcon(\'home\')}<span>${this._escapeHtml(modeLabel(\'btn_home\'))}</span></button>\n              <button class="liquid-btn btn-away ${state===\'armed_away\'?\'active\':\'\'} ${sensorAlert && state===\'armed_away\'?\'buzz-orange\':\'\'}" data-idx="${idx}" data-action="away">${this._modeButtonIcon(\'away\')}<span>${this._escapeHtml(modeLabel(\'btn_away\'))}</span></button>\n              <button class="liquid-btn btn-night ${state===\'armed_night\'?\'active\':\'\'} ${sensorAlert && state===\'armed_night\'?\'buzz-orange\':\'\'}" data-idx="${idx}" data-action="night">${this._modeButtonIcon(\'night\')}<span>${this._escapeHtml(modeLabel(\'btn_night\'))}</span></button>\n              <button class="liquid-btn btn-vacation ${state===\'armed_vacation\'?\'active\':\'\'} ${sensorAlert && state===\'armed_vacation\'?\'buzz-orange\':\'\'}" data-idx="${idx}" data-action="vacation">${this._modeButtonIcon(\'vacation\')}<span>${this._escapeHtml(modeLabel(\'btn_vacation\'))}</span></button>\n              <button class="liquid-btn btn-disarm ${state===\'disarmed\'?\'active\':\'\'}" data-idx="${idx}" data-action="disarm">${this._modeButtonIcon(\'disarm\')}<span>${this._escapeHtml(modeLabel(\'btn_disarmed\'))}</span></button>\n              ${this._permissions?.sos !== false ? `<button class="btn-sos" data-action="${panicActive ? \'stop-sos\' : \'sos\'}" data-idx="${idx}">${this._modeButtonIcon(\'sos\')}<span>${panicActive ? t(\'sos_stop\') : t(\'btn_sos\')}</span></button>` : \'\'}\n            </div>\n            <div class="console-sensors">${sensorRows || `<div class="console-empty">${this._escapeHtml(sList.length === 0 ? \'Sin sensores de intrusión configurados.\' : \'Todos los sensores configurados están omitidos.\')}</div>`}</div>\n\n          </div>\n      `;\n    });\n\n    el.querySelectorAll(\'button[data-action]:not([data-action="sos"]):not([data-action="stop-sos"]):not([data-action="unlock-kiosk"])\').forEach(btn =>\n      btn.addEventListener(\'click\', ev => this._handleAction(ev.currentTarget.dataset.idx, ev.currentTarget.dataset.action))\n    );\n\n    el.querySelectorAll(\'button[data-action="unlock-kiosk"]\').forEach(btn =>\n      btn.addEventListener(\'click\', () => this._requestKioskUnlock())\n    );\n\n    el.querySelectorAll(\'button[data-action="sos"]\').forEach(btn =>\n      btn.addEventListener(\'click\', () => {\n        this._sosEntryIdx = Number(btn.dataset.idx);\n        const sosModal = this.shadowRoot.getElementById(\'sos-modal\');\n        if (sosModal) sosModal.classList.add(\'open\');\n      })\n    );\n    el.querySelectorAll(\'button[data-action="stop-sos"]\').forEach(btn =>\n      btn.addEventListener(\'click\', () => this._stopSOS(Number(btn.dataset.idx)))\n    );\n    el.querySelectorAll(\'button[data-fullscreen]\').forEach(btn => {\n      btn.addEventListener(\'click\', ev => this._toggleFullscreen(ev.currentTarget.closest(\'.entry\')));\n    });\n    el.querySelectorAll(\'button[data-exit-fullscreen]\').forEach(btn => {\n      btn.addEventListener(\'click\', () => this._exitFullscreenView());\n    });\n    el.querySelectorAll(\'.wx-webgl\').forEach(canvas => this._initWeatherWebGL(canvas));\n    this._bindSOS();\n  }\n\n  async _exitFullscreenView() {\n    const validIdx = this._fullscreenIdx >= 0 ? this._fullscreenIdx : 0;\n    const fsEntry = (this._dashboard?.entries || [])[validIdx];\n    const requiresPin = fsEntry && (fsEntry.pin_configured === true || fsEntry.user_pin_configured === true);\n\n    const doExit = async () => {\n      if (document.fullscreenElement || document.webkitFullscreenElement) {\n        try {\n          if (document.exitFullscreen) await document.exitFullscreen();\n          else if (document.webkitExitFullscreen) document.webkitExitFullscreen();\n        } catch (_) {}\n      }\n      const target = this._kioskTarget || this.shadowRoot.querySelector(\'.entry.ios-fullscreen\');\n      target?.classList.remove(\'ios-fullscreen\');\n      this.shadowRoot.querySelectorAll(\'.entry.ios-fullscreen\').forEach(el => el.classList.remove(\'ios-fullscreen\'));\n      this.classList.remove(\'fullscreen-active\');\n      this._fullscreenIdx = -1;\n      this._kioskLocked = false;\n      this._kioskEntryId = null;\n      this._kioskTarget = null;\n      document.body.style.overflow = \'\';\n      this._renderEntries();\n    };\n\n    if (!requiresPin) {\n      await doExit();\n      return;\n    }\n\n    this._showPinModal(async (pin) => {\n      try {\n        await this._send(\'argus/verify_master_pin_for_screen_unlock\', {\n          entry_id: fsEntry.entry_id,\n          pin: pin || ""\n        });\n        this._closePinModal();\n        await doExit();\n      } catch (err) {\n        const pinErr = this.shadowRoot.getElementById(\'pin-error\');\n        if (pinErr) {\n          pinErr.textContent = \'❌ PIN incorrecto o error de acceso\';\n          pinErr.style.color = \'#ff4a4a\';\n        }\n      }\n    });\n  }\n\n  _requestKioskUnlock() {\n    if (!this._kioskLocked) return;\n\n    const kioskEntry = (this._dashboard?.entries || []).find(e => e && e.entry_id === this._kioskEntryId);\n    const errEl = this.shadowRoot.getElementById(\'pin-error\');\n\n    // Fail closed if instance / entry_id cannot be resolved\n    if (!kioskEntry || !kioskEntry.entry_id) {\n      if (errEl) {\n        errEl.textContent = \'Cannot resolve Argus instance\';\n        errEl.style.color = \'#ff4a4a\';\n      }\n      return;\n    }\n\n    const target = this._kioskTarget || this.shadowRoot.querySelector(\'.entry.ios-fullscreen\') || this.shadowRoot.querySelector(\'.entry\');\n\n    const doExit = () => {\n      if (document.exitFullscreen) {\n        document.exitFullscreen().catch(() => {});\n      } else if (document.webkitExitFullscreen) {\n        document.webkitExitFullscreen();\n      }\n      if (target) target.classList.remove(\'ios-fullscreen\');\n      this.shadowRoot.querySelectorAll(\'.entry.ios-fullscreen\').forEach(el => el.classList.remove(\'ios-fullscreen\'));\n      this.classList.remove(\'fullscreen-active\');\n      this._fullscreenIdx = -1;\n      this._kioskLocked = false;\n      this._kioskEntryId = null;\n      this._kioskTarget = null;\n      document.body.style.overflow = \'\';\n      this._renderEntries();\n    };\n\n    if (kioskEntry.pin_configured !== true) {\n      doExit();\n      return;\n    }\n\n    if (errEl) errEl.textContent = \'\';\n    this._showPinModal(async (pin) => {\n      try {\n        await this._send(\'argus/verify_master_pin_for_screen_unlock\', {\n          entry_id: kioskEntry.entry_id,\n          pin: pin || ""\n        });\n        this._closePinModal();\n        doExit();\n      } catch (err) {\n        if (errEl) {\n          errEl.textContent = err.message || this._t(\'pin_disarm_error\');\n          errEl.style.color = \'#ff4a4a\';\n        }\n      }\n    });\n  }\n\n  _toggleFullscreen(targetEl) {\n    if (this._kioskLocked) {\n      this._requestKioskUnlock();\n      return;\n    }\n\n    const target = targetEl || this.shadowRoot.querySelector(\'.entry\');\n    const fsBtn = target?.querySelector(\'.entry-fs\');\n    const idx = parseInt(fsBtn?.dataset?.fullscreen ?? 0);\n    const validIdx = (isNaN(idx) || idx < 0) ? 0 : idx;\n    const entry = this._dashboard?.entries?.[validIdx] || this._dashboard?.entries?.[0];\n\n    this._kioskEntryId = entry?.entry_id || null;\n    this._kioskTarget = target;\n    // Fullscreen is a presentation action, not kiosk lock.  A kiosk lock\n    // must be enabled explicitly; otherwise Esc must always leave fullscreen.\n    this._kioskLocked = false;\n    this._fullscreenIdx = validIdx;\n    this.classList.add(\'fullscreen-active\');\n\n    const requestFS = target?.requestFullscreen || target?.webkitRequestFullscreen;\n    if (requestFS) {\n      requestFS.call(target).then(() => {\n        document.body.style.overflow = \'hidden\';\n        this._renderEntries();\n      }).catch(() => {\n        if (target) target.classList.add(\'ios-fullscreen\');\n        document.body.style.overflow = \'hidden\';\n        this._renderEntries();\n      });\n    } else {\n      if (target) target.classList.add(\'ios-fullscreen\');\n      document.body.style.overflow = \'hidden\';\n      this._renderEntries();\n    }\n  }\n\n  _initWeatherWebGL(canvas) {\n    if (!canvas || window.matchMedia?.(\'(prefers-reduced-motion: reduce)\').matches) return;\n    const gl = canvas.getContext(\'webgl\', { alpha: true, antialias: false, powerPreference: \'low-power\' });\n    if (!gl) return;\n    const vertex = \'attribute vec2 p;varying vec2 uv;void main(){uv=(p+1.0)*.5;gl_Position=vec4(p,0.0,1.0);}\';\n    const fragment = `precision mediump float;varying vec2 uv;uniform float time,rain,snow,fog,storm;\n      float h(vec2 p){return fract(sin(dot(p,vec2(127.1,311.7)))*43758.5453123);}\n      float rainLayer(vec2 u,float t,float n){vec2 s=vec2(20.0+8.0*n,7.0+3.0*n);vec2 g=u*s;vec2 id=floor(g);vec2 q=fract(g);float sp=2.4+n*1.35+h(id)*1.2;q.y=fract(q.y+t*sp+h(id));float x=abs(q.x-(.54-q.y*.16));return (1.0-smoothstep(.003,.035-n*.006,x))*(1.0-smoothstep(.18,.98,q.y));}\n      float snowLayer(vec2 u,float t){vec2 g=u*vec2(17.0,10.0);vec2 id=floor(g);vec2 q=fract(g);q.y=fract(q.y+t*(.23+h(id)*.34)+h(id));q.x+=sin(t+h(id)*6.28)*.14;return 1.0-smoothstep(.012,.075,length(q-vec2(.5)));}\n      void main(){float t=time*.001;float r=rainLayer(uv,t,0.0)+rainLayer(uv,t,1.0)*.62+rainLayer(uv,t,2.0)*.34;float s=snowLayer(uv,t)+snowLayer(uv*1.6,t*.82)*.42;float mist=(sin(uv.y*33.0+t*.8)+sin(uv.y*18.0-t*.45))*0.025+0.045;float flash=step(.985,fract(t*.115))*storm*.42;vec3 col=vec3(.72,.88,1.0)*r*rain+vec3(1.0)*s*snow+vec3(.78,.88,.92)*mist*fog+vec3(1.0)*flash;float a=min(1.0,r*rain*.78+s*snow*.82+mist*fog+flash);gl_FragColor=vec4(col,a);}`;\n    const compile = (type, source) => { const shader = gl.createShader(type); gl.shaderSource(shader, source); gl.compileShader(shader); return gl.getShaderParameter(shader, gl.COMPILE_STATUS) ? shader : null; };\n    const vs = compile(gl.VERTEX_SHADER, vertex), fs = compile(gl.FRAGMENT_SHADER, fragment);\n    if (!vs || !fs) return;\n    const program = gl.createProgram(); gl.attachShader(program, vs); gl.attachShader(program, fs); gl.linkProgram(program);\n    if (!gl.getProgramParameter(program, gl.LINK_STATUS)) return;\n    const buffer = gl.createBuffer(); gl.bindBuffer(gl.ARRAY_BUFFER, buffer); gl.bufferData(gl.ARRAY_BUFFER, new Float32Array([-1,-1,1,-1,-1,1,1,1]), gl.STATIC_DRAW);\n    const position = gl.getAttribLocation(program, \'p\'); const uniform = key => gl.getUniformLocation(program, key);\n    const values = { rain:Number(canvas.dataset.rain), snow:Number(canvas.dataset.snow), fog:Number(canvas.dataset.fog), storm:Number(canvas.dataset.storm) };\n    let frame = 0, active = true;\n    const draw = now => {\n      if (!active || !canvas.isConnected) return;\n      const ratio = Math.min(window.devicePixelRatio || 1, 1.5), width = Math.max(1, Math.round(canvas.clientWidth * ratio)), height = Math.max(1, Math.round(canvas.clientHeight * ratio));\n      if (canvas.width !== width || canvas.height !== height) { canvas.width = width; canvas.height = height; gl.viewport(0, 0, width, height); }\n      gl.useProgram(program); gl.enable(gl.BLEND); gl.blendFunc(gl.SRC_ALPHA, gl.ONE_MINUS_SRC_ALPHA); gl.bindBuffer(gl.ARRAY_BUFFER, buffer); gl.enableVertexAttribArray(position); gl.vertexAttribPointer(position, 2, gl.FLOAT, false, 0, 0);\n      gl.uniform1f(uniform(\'time\'), now); gl.uniform1f(uniform(\'rain\'), values.rain); gl.uniform1f(uniform(\'snow\'), values.snow); gl.uniform1f(uniform(\'fog\'), values.fog); gl.uniform1f(uniform(\'storm\'), values.storm); gl.drawArrays(gl.TRIANGLE_STRIP, 0, 4);\n      frame = requestAnimationFrame(draw);\n    };\n    canvas._argusWebglStop = () => { active = false; cancelAnimationFrame(frame); gl.getExtension(\'WEBGL_lose_context\')?.loseContext(); };\n    canvas.closest(\'.wx-atmosphere\')?.classList.add(\'webgl-active\');\n    frame = requestAnimationFrame(draw);\n  }\n\n  /* ── Inline CSS Weather Backgrounds ─────────────────────────── */\n  _renderAtmosphere(ws, isNight) {\n    const value = String(ws || \'\').toLowerCase();\n    const has = term => value.includes(term);\n    const storm = has(\'thunder\') || has(\'lightning\') || has(\'storm\');\n    const snow = has(\'snow\') || has(\'hail\') || has(\'sleet\') || has(\'blizzard\');\n    const drizzle = has(\'drizzle\') || has(\'shower\');\n    const rain = !drizzle && (has(\'rain\') || has(\'pouring\'));\n    const fog = has(\'fog\') || has(\'mist\') || has(\'hazy\');\n    const clouds = has(\'cloud\') || has(\'overcast\') || has(\'partly\') || rain || drizzle || storm || snow;\n    const eclipse = this._eclipseEvent();\n    const season = this._season();\n    let sky = isNight ? [\'#050a16\', \'#0b1930\', \'#14233a\'] : [\'#2e6e9e\', \'#79a9c7\', \'#c9d0ca\'];\n    if (storm) sky = isNight ? [\'#05070e\', \'#101827\', \'#202b36\'] : [\'#293946\', \'#506573\', \'#83929a\'];\n    else if (rain || drizzle) sky = isNight ? [\'#07111f\', \'#17283a\', \'#344556\'] : [\'#526878\', \'#879aa6\', \'#b8c1c2\'];\n    else if (snow) sky = isNight ? [\'#101827\', \'#26384d\', \'#506271\'] : [\'#8ea0ad\', \'#c5d0d4\', \'#e5ebea\'];\n    else if (fog) sky = isNight ? [\'#19212a\', \'#3b4750\', \'#627078\'] : [\'#aab7bd\', \'#d1dadd\', \'#e3e5e0\'];\n    else if (has(\'sunny\')) sky = isNight ? sky : [\'#0b4675\', \'#4c94bd\', \'#d4c99e\'];\n    const precip = snow ? \'snow\' : (drizzle ? \'drizzle\' : ((rain || storm) ? \'rain\' : \'\'));\n    const rainDrops = (precip === \'rain\' || precip === \'drizzle\') ? Array.from({ length: storm ? 56 : (precip === \'rain\' ? 38 : 22) }, (_, index) => {\n      const x = (index * 37) % 112 - 6;\n      const height = 15 + (index % 5) * 8;\n      const width = index % 7 === 0 ? 2 : 1;\n      const opacity = 0.28 + (index % 6) * 0.1;\n      const fall = 0.48 + (index % 5) * 0.11;\n      const delay = -((index * 0.17) % 1.8);\n      return `<span class="wx-rain-drop" style="--x:${x}%;--h:${height}px;--w:${width}px;--o:${opacity};--fall:${fall}s;--delay:${delay}s"></span>`;\n    }).join(\'\') : \'\';\n    const celestial = isNight ? `<div class="wx-celestial wx-moon-real ${this._moonPhase()}" style="--moon-shadow:${sky[0]}"></div>` : (!clouds || has(\'partly\') ? \'<div class="wx-celestial wx-sun-real"></div>\' : \'\');\n    return `<div class="wx wx-atmosphere ${isNight ? \'night\' : \'day\'} ${eclipse ? `eclipse-${eclipse}` : \'\'}" style="--sky-top:${sky[0]};--sky-mid:${sky[1]};--sky-bottom:${sky[2]};--cloud-color:${storm ? \'rgba(17,25,35,.84)\' : (isNight ? \'rgba(38,52,68,.76)\' : \'rgba(235,241,242,.68)\')};--cloud-opacity:${clouds ? \'.8\' : \'0\'}">\n      <canvas class="wx-webgl" aria-hidden="true" data-rain="${rain || storm ? 1 : 0}" data-drizzle="${drizzle ? 1 : 0}" data-snow="${snow ? 1 : 0}" data-fog="${fog ? 1 : 0}" data-storm="${storm ? 1 : 0}"></canvas>${isNight ? \'<div class="wx-starfield"></div>\' : \'\'}${celestial}${clouds ? \'<div class="wx-cloudfield"></div>\' : \'\'}${precip ? `<div class="wx-precip ${precip}">${rainDrops}</div>` : \'\'}${storm ? \'<div class="wx-lightning"></div>\' : \'\'}${fog ? \'<div class="wx-fog-real"></div>\' : \'\'}${!rain && !drizzle && !storm && !snow && (season === \'spring\' || season === \'autumn\') ? `<div class="wx-seasonal ${season}"></div>` : \'\'}<div class="wx-horizon"></div>${this._renderEclipseOverlay(eclipse)}</div>`;\n  }\n\n  _getWeatherBg(ws, isNight) {\n    return this._renderAtmosphere(ws, isNight);\n  }\n\n\n  /* ── Activity Log ────────────────────────────────────────────────── */\n  _healthText() {\n    const copy = {\n      es:{title:\'Centro de salud\',healthy:\'Sistema saludable\',warning:\'Requiere atención\',critical:\'Dispositivos sin conexión\',devices:\'dispositivos configurados\',offline:\'sin conexión\',low:\'baterías bajas\',battery:\'Batería\',none:\'No hay dispositivos seleccionados en los modos.\',local:\'Local-first activo\',confirm:\'Confirmación inteligente\',help:\'Requiere señales independientes dentro de una ventana. Humo, gas, CO y seguridad siempre disparan de inmediato.\',save:\'Guardar\',saved:\'Guardado\'},\n      en:{title:\'Health center\',healthy:\'System healthy\',warning:\'Attention required\',critical:\'Devices offline\',devices:\'configured devices\',offline:\'offline\',low:\'low batteries\',battery:\'Battery\',none:\'No devices are selected in the modes.\',local:\'Local-first active\',confirm:\'Intelligent confirmation\',help:\'Requires independent signals within a window. Smoke, gas, CO and safety always trigger immediately.\',save:\'Save\',saved:\'Saved\'},\n      fr:{title:\'Centre de santé\',healthy:\'Système sain\',warning:\'Attention requise\',critical:\'Appareils hors ligne\',devices:\'appareils configurés\',offline:\'hors ligne\',low:\'batteries faibles\',battery:\'Batterie\',none:\'Aucun appareil n\\u2019est sélectionné dans les modes.\',local:\'Local-first actif\',confirm:\'Confirmation intelligente\',help:\'Exige des signaux indépendants. Fumée, gaz, CO et sécurité déclenchent toujours immédiatement.\',save:\'Enregistrer\',saved:\'Enregistré\'},\n      pt:{title:\'Centro de saúde\',healthy:\'Sistema saudável\',warning:\'Requer atenção\',critical:\'Dispositivos offline\',devices:\'dispositivos configurados\',offline:\'offline\',low:\'baterias fracas\',battery:\'Bateria\',none:\'Nenhum dispositivo foi selecionado nos modos.\',local:\'Local-first ativo\',confirm:\'Confirmação inteligente\',help:\'Exige sinais independentes. Fumaça, gás, CO e segurança sempre disparam imediatamente.\',save:\'Salvar\',saved:\'Salvo\'},\n      it:{title:\'Centro salute\',healthy:\'Sistema integro\',warning:\'Richiede attenzione\',critical:\'Dispositivi offline\',devices:\'dispositivi configurati\',offline:\'offline\',low:\'batterie scariche\',battery:\'Batteria\',none:\'Nessun dispositivo è selezionato nelle modalità.\',local:\'Local-first attivo\',confirm:\'Conferma intelligente\',help:\'Richiede segnali indipendenti. Fumo, gas, CO e sicurezza scattano sempre subito.\',save:\'Salva\',saved:\'Salvato\'},\n      zh:{title:\'健康中心\',healthy:\'系统健康\',warning:\'需要注意\',critical:\'设备离线\',devices:\'已配置设备\',offline:\'离线\',low:\'低电量\',battery:\'电池\',none:\'模式中未选择设备。\',local:\'本地优先已启用\',confirm:\'智能确认\',help:\'需要在时间窗口内收到独立信号。烟雾、燃气、一氧化碳和安全传感器始终立即触发。\',save:\'保存\',saved:\'已保存\'},\n      ru:{title:\'Центр здоровья\',healthy:\'Система исправна\',warning:\'Требуется внимание\',critical:\'Устройства не в сети\',devices:\'настроенных устройств\',offline:\'не в сети\',low:\'низкий заряд\',battery:\'Батарея\',none:\'В режимах не выбраны устройства.\',local:\'Local-first активен\',confirm:\'Умное подтверждение\',help:\'Требует независимых сигналов. Дым, газ, CO и безопасность всегда срабатывают сразу.\',save:\'Сохранить\',saved:\'Сохранено\'},\n    };\n    return copy[this._getCurrentLangCode()] || copy.en;\n  }\n\n  _renderHealthCenter() {\n    const text = this._healthText();\n    const title = this.shadowRoot.getElementById(\'h-health-title\');\n    const badge = this.shadowRoot.getElementById(\'health-local-badge\');\n    const el = this.shadowRoot.getElementById(\'health-center\');\n    if (title) title.textContent = text.title;\n    if (badge) badge.textContent = text.local;\n    const policy = this._ui?.intelligent_confirmation || {enabled:false,window_seconds:15,required_signals:2};\n    const enabled = this.shadowRoot.getElementById(\'confirm-enabled\');\n    const signals = this.shadowRoot.getElementById(\'confirm-signals\');\n    const windowSelect = this.shadowRoot.getElementById(\'confirm-window\');\n    if (enabled) enabled.checked = Boolean(policy.enabled);\n    if (signals) signals.value = String(policy.required_signals || 2);\n    if (windowSelect) windowSelect.value = String(policy.window_seconds || 15);\n    const label = this.shadowRoot.getElementById(\'confirm-label\'); if (label) label.textContent = text.confirm;\n    const help = this.shadowRoot.getElementById(\'confirm-help\'); if (help) help.textContent = text.help;\n    const save = this.shadowRoot.getElementById(\'btn-save-confirmation\'); if (save && save.dataset.saved !== \'1\') save.textContent = text.save;\n    this._renderStateSchedule();\n    if (!el) return;\n    const health = this._systemHealth;\n    if (!health) { el.innerHTML = `<div class="small" style="opacity:.6">${this._escapeHtml(text.none)}</div>`; return; }\n    const batteries = Array.isArray(health.batteries) ? health.batteries : [];\n    const low = batteries.filter(item => item.low);\n    const offline = Array.isArray(health.unavailable) ? health.unavailable : [];\n    const devices = Array.isArray(health.configured_devices) ? health.configured_devices : [];\n    const statusText = health.status === \'critical\' ? text.critical : health.status === \'warning\' ? text.warning : text.healthy;\n    const batteriesByEntity = new Map(batteries.map(item => [item.entity_id, item]));\n    const details = devices.map(item => {\n      const battery = batteriesByEntity.get(item.entity_id);\n      const isOffline = item.state === \'unknown\' || item.state === \'unavailable\';\n      const facts = [isOffline ? text.offline : item.state];\n      if (battery?.value !== null && battery?.value !== undefined) facts.push(`${battery.value}${battery.unit || \'%\'}`);\n      return {name:item.name, value:facts.join(\' · \'), alert:isOffline || Boolean(battery?.low)};\n    });\n    el.innerHTML = `<div class="health-summary">\n      <div class="health-score" style="--score:${Number(health.score)||0}" aria-label="${Number(health.score)||0}%">${Number(health.score)||0}</div>\n      <div><div style="font-weight:850">${this._escapeHtml(statusText)}</div><div class="small" style="opacity:.6;margin-top:3px">${devices.length} ${this._escapeHtml(text.devices)}</div></div>\n    </div><div class="health-metrics">\n      <div class="health-metric"><strong>${offline.length}</strong><span>${this._escapeHtml(text.offline)}</span></div>\n      <div class="health-metric"><strong>${low.length}</strong><span>${this._escapeHtml(text.low)}</span></div>\n      <div class="health-metric"><strong>${batteries.length}</strong><span>${this._escapeHtml(text.battery)}</span></div>\n    </div><div class="health-list" style="margin-top:13px">${details.length ? details.map(item => `<div class="health-row"><span>${this._escapeHtml(item.name)}</span><strong style="color:${item.alert?\'#ff8a80\':\'inherit\'}">${this._escapeHtml(item.value)}</strong></div>`).join(\'\') : `<div class="small" style="opacity:.55">${this._escapeHtml(text.none)}</div>`}</div>`;\n  }\n\n  async _saveIntelligentConfirmation() {\n    const config = {\n      enabled:Boolean(this.shadowRoot.getElementById(\'confirm-enabled\')?.checked),\n      required_signals:Number(this.shadowRoot.getElementById(\'confirm-signals\')?.value || 2),\n      window_seconds:Number(this.shadowRoot.getElementById(\'confirm-window\')?.value || 15),\n    };\n    try {\n      await this._send(\'argus/save_ui\', {intelligent_confirmation:config});\n      this._ui.intelligent_confirmation = config;\n      const button = this.shadowRoot.getElementById(\'btn-save-confirmation\');\n      if (button) { button.textContent = `✓ ${this._healthText().saved}`; button.dataset.saved = \'1\'; setTimeout(() => { button.dataset.saved=\'0\'; button.textContent=this._healthText().save; }, 1600); }\n    } catch (err) { alert(this._format(\'generic_error\', {error:err.message})); }\n  }\n\n  _scheduleText() {\n    const copy = {\n      es:{title:\'Horarios locales de estado\',all:\'Todos los días\',weekdays:\'Lunes a viernes\',weekend:\'Fin de semana\',empty:\'Sin horarios. Argus conservará el último estado confirmado.\',disarmed:\'Desarmado\',home:\'En casa\',away:\'Ausente\',night:\'Noche\',vacation:\'Vacaciones\'},\n      en:{title:\'Local state schedules\',all:\'Every day\',weekdays:\'Monday to Friday\',weekend:\'Weekend\',empty:\'No schedules. Argus will preserve the last confirmed state.\',disarmed:\'Disarmed\',home:\'Home\',away:\'Away\',night:\'Night\',vacation:\'Vacation\'},\n      fr:{title:\'Horaires d\\u2019état locaux\',all:\'Tous les jours\',weekdays:\'Lundi à vendredi\',weekend:\'Week-end\',empty:\'Aucun horaire. Argus conservera le dernier état confirmé.\',disarmed:\'Désarmé\',home:\'Maison\',away:\'Absent\',night:\'Nuit\',vacation:\'Vacances\'},\n      pt:{title:\'Horários locais de estado\',all:\'Todos os dias\',weekdays:\'Segunda a sexta\',weekend:\'Fim de semana\',empty:\'Sem horários. Argus preservará o último estado confirmado.\',disarmed:\'Desarmado\',home:\'Em casa\',away:\'Ausente\',night:\'Noite\',vacation:\'Férias\'},\n      it:{title:\'Programmi locali di stato\',all:\'Ogni giorno\',weekdays:\'Da lunedì a venerdì\',weekend:\'Fine settimana\',empty:\'Nessun programma. Argus manterrà l\\u2019ultimo stato confermato.\',disarmed:\'Disarmato\',home:\'Casa\',away:\'Assente\',night:\'Notte\',vacation:\'Vacanza\'},\n      zh:{title:\'本地状态计划\',all:\'每天\',weekdays:\'周一至周五\',weekend:\'周末\',empty:\'没有计划。Argus 将保留最后确认的状态。\',disarmed:\'撤防\',home:\'在家\',away:\'外出\',night:\'夜间\',vacation:\'度假\'},\n      ru:{title:\'Локальное расписание состояния\',all:\'Каждый день\',weekdays:\'Понедельник–пятница\',weekend:\'Выходные\',empty:\'Расписания нет. Argus сохранит последнее подтверждённое состояние.\',disarmed:\'Снято\',home:\'Дома\',away:\'Нет дома\',night:\'Ночь\',vacation:\'Отпуск\'},\n    };\n    return copy[this._getCurrentLangCode()] || copy.en;\n  }\n\n  _renderStateSchedule() {\n    const text = this._scheduleText();\n    const title = this.shadowRoot.getElementById(\'schedule-title\'); if (title) title.textContent = text.title;\n    const stateSelect = this.shadowRoot.getElementById(\'schedule-state\');\n    const daysSelect = this.shadowRoot.getElementById(\'schedule-days\');\n    if (stateSelect) {\n      const current = stateSelect.value;\n      stateSelect.innerHTML = `<option value="disarmed">${text.disarmed}</option><option value="armed_home">${text.home}</option><option value="armed_away">${text.away}</option><option value="armed_night">${text.night}</option><option value="armed_vacation">${text.vacation}</option>`;\n      stateSelect.value = current || \'armed_night\';\n    }\n    if (daysSelect) {\n      const current = daysSelect.value;\n      daysSelect.innerHTML = `<option value="all">${text.all}</option><option value="weekdays">${text.weekdays}</option><option value="weekend">${text.weekend}</option>`;\n      daysSelect.value = current || \'all\';\n    }\n    const list = this.shadowRoot.getElementById(\'schedule-list\'); if (!list) return;\n    const schedules = Array.isArray(this._ui?.state_schedule) ? this._ui.state_schedule : [];\n    const deleteLabel = {es:\'Eliminar horario\',en:\'Delete schedule\',fr:\'Supprimer l\\u2019horaire\',pt:\'Excluir horário\',it:\'Elimina programma\',zh:\'删除计划\',ru:\'Удалить расписание\'}[this._getCurrentLangCode()] || \'Delete schedule\';\n    const labelForState = state => ({disarmed:text.disarmed,armed_home:text.home,armed_away:text.away,armed_night:text.night,armed_vacation:text.vacation}[state] || state);\n    const labelForDays = days => days?.length === 2 ? text.weekend : days?.length === 5 ? text.weekdays : text.all;\n    list.innerHTML = schedules.length ? schedules.map(item => `<div class="schedule-row"><span><strong>${this._escapeHtml(item.time || \'\')}</strong> · ${this._escapeHtml(labelForState(item.state))} · ${this._escapeHtml(labelForDays(item.days))}</span><button class="ghost" data-schedule-delete="${this._escapeHtml(item.id)}" aria-label="${this._escapeHtml(deleteLabel)}">×</button></div>`).join(\'\') : `<div class="small" style="opacity:.55">${this._escapeHtml(text.empty)}</div>`;\n    list.querySelectorAll(\'[data-schedule-delete]\').forEach(button => button.addEventListener(\'click\', () => this._deleteStateSchedule(button.dataset.scheduleDelete)));\n  }\n\n  async _addStateSchedule() {\n    const state = this.shadowRoot.getElementById(\'schedule-state\')?.value;\n    const time = this.shadowRoot.getElementById(\'schedule-time\')?.value;\n    const dayPreset = this.shadowRoot.getElementById(\'schedule-days\')?.value || \'all\';\n    if (!state || !/^([01]\\d|2[0-3]):[0-5]\\d$/.test(time || \'\')) return;\n    const days = dayPreset === \'weekdays\' ? [0,1,2,3,4] : dayPreset === \'weekend\' ? [5,6] : [0,1,2,3,4,5,6];\n    const schedules = Array.isArray(this._ui?.state_schedule) ? [...this._ui.state_schedule] : [];\n    schedules.push({id:`schedule_${Date.now()}`,state,time,days,enabled:true});\n    await this._saveStateSchedule(schedules);\n  }\n\n  async _deleteStateSchedule(id) {\n    const schedules = (this._ui?.state_schedule || []).filter(item => item.id !== id);\n    await this._saveStateSchedule(schedules);\n  }\n\n  async _saveStateSchedule(schedules) {\n    try {\n      await this._send(\'argus/save_ui\', {state_schedule:schedules});\n      this._ui.state_schedule = schedules;\n      this._renderStateSchedule();\n    } catch (err) { alert(this._format(\'generic_error\', {error:err.message})); }\n  }\n\n  _localizeActivityDetail(action, rawDetail) {\n    const raw = String(rawDetail || \'\').trim();\n    const normalized = raw.toLocaleLowerCase();\n    const modes = {\n      home: [\'en casa\', \'home\', \'casa\', \'maison\', \'em casa\', \'дом\', \'在家\'],\n      away: [\'ausente\', \'away\', \'absent\', \'fora\', \'fuori\', \'ушёл\', \'外出\'],\n      night: [\'noche\', \'night\', \'nuit\', \'noite\', \'notte\', \'ночь\', \'夜间\'],\n      vacation: [\'vacaciones\', \'vacation\', \'vacances\', \'férias\', \'vacanza\', \'отпуск\', \'度假\'],\n    };\n    const findMode = () => {\n      return Object.entries(modes).find(([, terms]) => terms.some(term => normalized.includes(term)))?.[0];\n    };\n    const mode = findMode();\n\n    if (action === \'pin_reset\') return this._t(\'log_detail_pin_reset\');\n    if (action === \'pin_reset_failed\') return this._t(\'log_detail_pin_reset_failed\');\n    if (action === \'state_restored\') {\n      const stateMap = {\n        disarmed: this._t(\'disarmed\'), armed_home: this._t(\'mode_home\'), armed_away: this._t(\'mode_away\'),\n        armed_night: this._t(\'mode_night\'), armed_vacation: this._t(\'mode_vacation\'), triggered: this._t(\'log_triggered\'),\n      };\n      const translated = raw.replace(/\\b(disarmed|armed_home|armed_away|armed_night|armed_vacation|triggered)\\b/gi,\n        m => stateMap[m.toLowerCase()] || m);\n      return translated || this._t(\'log_action_state_restored\');\n    }\n    if (action === \'confirmation_pending\') return raw;\n    if (action === \'disarmed\' || action === \'disarm\') return this._t(\'log_detail_disarm\');\n    if (action === \'armed\' || action === \'arm\') {\n      return mode ? `${this._t(\'manual_arm\')} (${this._t(`mode_${mode}`)})` : this._t(\'manual_arm\');\n    }\n    if (action === \'triggered\') {\n      const modeMatch = raw.match(/\\((?:modo|mode|modalità|режим|模式)\\s*:?\\s*([^)]+)\\)/i);\n      let displayMode = \'\';\n      if (modeMatch && modeMatch[1]) {\n        const mStr = modeMatch[1].toLowerCase();\n        const modeKey = Object.entries(modes).find(([, terms]) => terms.some(t => mStr.includes(t)))?.[0];\n        displayMode = modeKey ? this._t(`mode_${modeKey}`) : modeMatch[1];\n      }\n      const sensor = raw.match(/(?:sensor|capteur|sensore|датчик|传感器)\\s*:\\s*(.+)$/i)?.[1]\n        ?.replace(/\\s*\\((?:modo|mode|modalità|режим|模式)\\s*:?[^)]*\\)\\s*$/i, \'\')?.trim();\n\n      let msg = sensor ? `${this._t(\'log_sensor\')}: ${sensor}` : this._t(\'log_detail_triggered\');\n      if (displayMode) msg += ` (${this._t(\'log_mode\')}: ${displayMode})`;\n      return msg;\n    }\n    if (action === \'user_added\') return this._t(\'log_action_user_added\');\n    if (action === \'user_deleted\') return this._t(\'log_action_user_deleted\');\n    if (action === \'sos\') return this._t(\'log_action_sos\');\n    if (action === \'sos_stopped\' || action === \'panic_stopped\') return this._t(\'log_action_sos_stopped\');\n    if (action.startsWith(\'auto_\') || action === \'automation_executed\') return this._t(\'log_action_automation\');\n    if (action.startsWith(\'ai_\')) return this._t(\'log_action_analysis\');\n    if (action.includes(\'rejected\')) return this._t(\'log_action_rejected\');\n    if (action === \'ui_configuration_updated\') return this._t(\'settings\');\n    if (action === \'user_logged_in\') return this._t(\'log_action_user_logged_in\');\n    if (action === \'profile_selected\') return this._t(\'log_action_profile_selected\');\n    if (action === \'schedule_applied\') return this._t(\'log_action_schedule_applied\');\n    if (action === \'mode_changed\') return this._t(\'log_action_mode_changed\');\n    if (action === \'audit_log_cleared\') return this._t(\'history_refresh\');\n    if (action.includes(\'pin_updated\') || action.includes(\'access_pin_updated\')) return this._t(\'update_pin\');\n    const lowerAction = String(action).toLowerCase();\n    const tKey = `log_action_${lowerAction}`;\n    const tVal = this._t(tKey);\n    if (tVal !== tKey) return tVal;\n    return raw;\n  }\n\n  _renderActivityLog() {\n    const titleEl = this.shadowRoot.getElementById(\'h-activity-log\');\n    const el = this.shadowRoot.getElementById(\'activity-log\');\n    if (!el) return;\n    if (titleEl) titleEl.textContent = this._t(\'activity_log\');\n\n    try {\n      const log = Array.isArray(this._ui?.audit_log)\n        ? this._ui.audit_log.filter(entry => entry && typeof entry === \'object\' && !Array.isArray(entry))\n        : [];\n      if (!log.length) {\n        const message = this._activityTimelineError\n          ? this._t(\'history_unavailable\')\n          : this._t(\'log_no_events\');\n        el.innerHTML = `<div class="small" style="padding:8px 0;opacity:.72">${this._escapeHtml(message)}</div>`;\n        return;\n      }\n\n      const panel = el.closest(\'.panel\');\n      const isSmall = panel && panel.getAttribute(\'data-size\') === \'S\';\n      el.innerHTML = log.slice(0, isSmall ? 1 : 30).map(ev => {\n        const action = String(ev.action || \'\');\n        const rawDetail = String(ev.detail || \'\');\n        const user   = String(ev.user || ev.actor || \'\');\n        const date = ev.ts ? new Date(ev.ts) : null;\n        let ts = \'\';\n        if (date && !Number.isNaN(date.getTime())) {\n          try {\n            ts = date.toLocaleString(this._getLocale());\n          } catch (e) {\n            ts = date.toISOString();\n          }\n        }\n\n        const detail = this._localizeActivityDetail(action, rawDetail);\n\n        let icon = \'<div class="glass-orb"></div>\', badgeCls = \'\', badgeTxt = action, itemCls = \'\';\n        if (action.endsWith(\'_rejected\')) {\n          itemCls = \'log-item--triggered\'; badgeCls = \'trigger\'; badgeTxt = this._t(\'log_action_rejected\');\n        } else if (action.includes(\'arm\') && !action.includes(\'disarm\')) {\n          itemCls = \'log-item--armed\'; badgeCls = \'arm\'; badgeTxt = this._t(\'log_armed\');\n        } else if (action.includes(\'disarm\')) {\n          itemCls = \'log-item--disarmed\'; badgeCls = \'disarm\'; badgeTxt = this._t(\'log_disarmed\');\n        } else if (action.includes(\'trigger\') || action.includes(\'alarm\')) {\n          itemCls = \'log-item--triggered\'; badgeCls = \'trigger\'; badgeTxt = this._t(\'log_triggered\');\n        } else if (action === \'pin_reset\') {\n          itemCls = \'log-item--disarmed\'; badgeCls = \'disarm\'; badgeTxt = this._t(\'badge_pin_reset\');\n        } else if (action === \'pin_reset_failed\') {\n          itemCls = \'log-item--triggered\'; badgeCls = \'trigger\'; badgeTxt = this._t(\'badge_pin_reset_failed\');\n        } else if (action === \'sos\' || action === \'sos_stopped\' || action === \'panic_stopped\') {\n          itemCls = \'log-item--triggered\'; badgeCls = \'trigger\'; badgeTxt = this._t(\'log_action_sos\');\n        } else {\n          const tKey = `log_action_${action}`;\n          const tVal = this._t(tKey);\n          badgeTxt = tVal !== tKey ? tVal : (this._t(action) !== action ? this._t(action) : action);\n        }\n\n        let source = \'\';\n        if (user && user !== \'Argus\' && user !== \'system\') {\n          source = `👤 ${user}`;\n        } else if (action.toLowerCase().includes(\'homekit\') || detail.toLowerCase().includes(\'homekit\')) {\n          source = `🍎 HomeKit`;\n        } else {\n          source = `🤖 Argus`;\n        }\n\n        return `<div class="log-item ${itemCls}">\n          <div class="log-icon">${icon}</div>\n          <div class="log-body">\n            <div class="log-title">\n              <span class="log-badge ${badgeCls}">${this._escapeHtml(badgeTxt)}</span>\n              <span style="font-weight:500">${this._escapeHtml(detail)}</span>\n            </div>\n            <div class="log-meta">${this._escapeHtml(ts)} &nbsp;·&nbsp; ${this._escapeHtml(source)}</div>\n          </div>\n        </div>`;\n      }).join(\'\');\n    } catch (err) {\n      console.error(\'Argus activity log render failed:\', err);\n      el.innerHTML = `<div class="small" style="padding:8px 0;opacity:.55">${this._t(\'log_no_events\')}</div>`;\n    }\n  }\n\n  /* ── Modes ───────────────────────────────────────────────────────── */\n  _renderModeTabs() {\n    const tabs = this.shadowRoot.getElementById(\'mode-tabs\');\n    if (!tabs) return;\n    const modes = [\'disarmed\', \'home\', \'away\', \'night\', \'vacation\'];\n    const icons = { disarmed:\'🔓\', home:\'🏠\', away:\'🔴\', night:\'🌙\', vacation:\'✈️\' };\n    const lbls  = {\n      disarmed: this._t(\'disarmed\'),\n      home:     this._t(\'mode_home\'),\n      away:     this._t(\'mode_away\'),\n      night:    this._t(\'mode_night\'),\n      vacation: this._t(\'mode_vacation\'),\n    };\n\n    let bubble = tabs.querySelector(\'.tab-bubble\');\n    // A frontend resource update can leave an existing custom element with a\n    // stale, partial tab DOM (only the visual bubble). Rebuild it whenever\n    // its five mode controls are not all present.\n    if (!bubble || tabs.querySelectorAll(\'[data-mode]\').length !== modes.length) {\n      tabs.className = \'tabs\';\n      tabs.innerHTML = `\n        <div class="tab-bubble"></div>\n        ${modes.map(m => `\n          <button type="button" class="tab" data-mode="${m}">\n            <span class="tab-icon" style="font-size: 20px;">${icons[m]}</span>\n            <span class="tab-label">${lbls[m]}</span>\n          </button>\n        `).join(\'\')}\n      `;\n      bubble = tabs.querySelector(\'.tab-bubble\');\n\n      tabs.querySelectorAll(\'[data-mode]\').forEach(t => t.addEventListener(\'click\', () => {\n        this._mode = t.dataset.mode;\n        this._renderModeTabs();\n        this._renderModeView();\n      }));\n    } else {\n      modes.forEach(m => {\n        const btn = tabs.querySelector(`[data-mode="${m}"]`);\n        if (btn) {\n          const iconSpan = btn.querySelector(\'.tab-icon\');\n          const labelSpan = btn.querySelector(\'.tab-label\');\n          if (iconSpan) iconSpan.textContent = icons[m];\n          if (labelSpan) labelSpan.textContent = lbls[m];\n        }\n      });\n    }\n\n    const buttons = tabs.querySelectorAll(\'.tab\');\n    let activeBtn = null;\n    buttons.forEach(btn => {\n      if (btn.dataset.mode === this._mode) {\n        btn.classList.add(\'active\');\n        activeBtn = btn;\n      } else {\n        btn.classList.remove(\'active\');\n      }\n    });\n\n    if (bubble && activeBtn) {\n      bubble.className = `tab-bubble bubble-${this._mode}`;\n      requestAnimationFrame(() => {\n        const left = activeBtn.offsetLeft;\n        const width = activeBtn.offsetWidth;\n        bubble.style.transform = `translate3d(${left}px, 0, 0) scaleX(${width / 100})`;\n        bubble.style.width = \'100px\';\n        bubble.style.left = \'0\';\n      });\n    }\n  }\n\n  _currentModeConfig() {\n    const emptyCfg = {\n      sensors: [], bypassed_sensors: [], sirens: [],\n      require_closed: false, arming_time: null, entry_delay: null,\n      mqtt_enabled: null, entry_sensors: []\n    };\n    if (!this._ui || typeof this._ui !== \'object\' || Array.isArray(this._ui)) {\n      this._ui = { modes: {}, dashboard: {} };\n    }\n\n    if (!this._ui.modes || typeof this._ui.modes !== \'object\' || Array.isArray(this._ui.modes)) {\n      this._ui.modes = {};\n    }\n    if (!this._ui.modes.__by_entity__ || typeof this._ui.modes.__by_entity__ !== \'object\' || Array.isArray(this._ui.modes.__by_entity__)) {\n      this._ui.modes.__by_entity__ = {};\n    }\n\n    let entityId = this._modeEntryId;\n    if (!entityId || entityId === \'default\') {\n      entityId = this._dashboard?.entries?.[0]?.entity_id || \'default\';\n    }\n    this._modeEntryId = entityId;\n    this._mode = this._mode || \'disarmed\';\n\n    if (!this._ui.modes.__by_entity__[entityId] || typeof this._ui.modes.__by_entity__[entityId] !== \'object\' || Array.isArray(this._ui.modes.__by_entity__[entityId])) {\n      this._ui.modes.__by_entity__[entityId] = {};\n    }\n\n    // Migration/Ensure valid\n    if (!this._ui.modes.__by_entity__[entityId][this._mode] || typeof this._ui.modes.__by_entity__[entityId][this._mode] !== \'object\' || Array.isArray(this._ui.modes.__by_entity__[entityId][this._mode])) {\n        let legacy = {};\n        if (this._ui.modes[this._mode] && typeof this._ui.modes[this._mode] === \'object\' && !Array.isArray(this._ui.modes[this._mode])) {\n          legacy = this._ui.modes[this._mode];\n        }\n        this._ui.modes.__by_entity__[entityId][this._mode] = { ...emptyCfg, ...legacy };\n    }\n\n    const savedCfg = this._ui.modes.__by_entity__[entityId][this._mode];\n    const cfg = savedCfg && typeof savedCfg === \'object\' && !Array.isArray(savedCfg) ? savedCfg : emptyCfg;\n    // Older stored UI data may contain a missing or malformed collection.\n    // Never allow that to abort rendering the entire Modes section.\n    return {\n      ...emptyCfg,\n      ...cfg,\n      sensors: Array.isArray(cfg?.sensors) ? cfg.sensors : [],\n      bypassed_sensors: Array.isArray(cfg?.bypassed_sensors) ? cfg.bypassed_sensors : [],\n      sirens: Array.isArray(cfg?.sirens) ? cfg.sirens : [],\n      entry_sensors: Array.isArray(cfg?.entry_sensors) ? cfg.entry_sensors : [],\n      require_closed: typeof cfg?.require_closed === \'boolean\' ? cfg.require_closed : false,\n      arming_time: (cfg?.arming_time !== undefined && cfg?.arming_time !== null) ? cfg.arming_time : null,\n      entry_delay: (cfg?.entry_delay !== undefined && cfg?.entry_delay !== null) ? cfg.entry_delay : null,\n      mqtt_enabled: (cfg?.mqtt_enabled !== undefined && cfg?.mqtt_enabled !== null) ? cfg.mqtt_enabled : null,\n    };\n  }\n\n  _toggleEntrySensor(entityId) {\n    if (!this._isAdmin) return;\n    const cfg = this._currentModeConfig();\n    const list = Array.isArray(cfg.entry_sensors) ? [...cfg.entry_sensors] : [];\n    if (list.includes(entityId)) {\n      cfg.entry_sensors = list.filter(v => v !== entityId);\n    } else {\n      cfg.entry_sensors = [...list, entityId];\n    }\n    this._renderModeView();\n  }\n\n  _renderModeView() {\n    const cfg = this._currentModeConfig();\n    const sensors = cfg.sensors || [];\n    const bypass  = cfg.bypassed_sensors || [];\n    const sirens  = cfg.sirens  || [];\n    const el = this.shadowRoot.getElementById(\'mode-view\');\n    if (el) {\n      el.classList.remove(\'bounce-in\');\n      void el.offsetWidth; // force reflow\n      el.classList.add(\'bounce-in\');\n    }\n    const readonly = !this._isAdmin;\n    const entries = this._dashboard?.entries || [];\n    const activeEntityId = this._modeEntryId || entries[0]?.entity_id || \'\';\n\n    const instanceBlock = entries.length > 1 ? `\n        <div class="mode-section-card">\n          <div class="mode-section-title">${this._t(\'alarm_instance\')}</div>\n          <select id="mode-instance-select" style="width:100%; padding:10px; border-radius:10px; background:rgba(255,255,255,0.05); color:inherit; border:1px solid rgba(255,255,255,0.1)">${entries.map(e => `<option value="${this._escapeHtml(e.entity_id)}" ${e.entity_id===activeEntityId ? \'selected\' : \'\'}>${this._escapeHtml(e.title || e.entity_id)}</option>`).join(\'\')}</select>\n        </div>` : \'\';\n\n    el.innerHTML = `\n      <div class="mode-grid-layout">\n        ${instanceBlock}\n\n        <div class="mode-section-card">\n          <div class="mode-section-title">🛡️ ${this._t(\'sensor_section\')}</div>\n          <div class="mode-sensor-grid" id="sensor-chips">\n            ${sensors.map(x => this._chip(x, \'sensor\')).join(\'\') || `<div class="mode-sensor-none">${this._t(\'none_selected\')}</div>`}\n          </div>\n          ${readonly ? \'\' : `\n            <button class="ghost" data-open-selector="sensor" style="margin-top:12px; width:100%; justify-content:center; font-size:12px">${this._t(\'select_btn\')}</button>\n            <label class="checkbox-label" style="display:flex;align-items:center;gap:8px;margin-top:10px;padding:8px;background:rgba(255,255,255,0.03);border-radius:10px;border:1px solid rgba(255,255,255,0.05);font-size:12px">\n              <input type="checkbox" id="mode-require-closed" ${cfg.require_closed ? \'checked\' : \'\'}>\n              <span style="font-size:12px;font-weight:600">${this._t(\'lock_if_open\')}</span>\n            </label>\n          `}\n        </div>\n\n        <div class="mode-section-card">\n          <div class="mode-section-title">${this._t(\'bypass_lbl\')}</div>\n          <div class="mode-sensor-grid" id="bypass-chips">\n            ${bypass.map(x => this._chip(x, \'bypass\')).join(\'\') || `<div class="mode-sensor-none">${this._t(\'none_selected\')}</div>`}\n          </div>\n          ${readonly ? \'\' : `<button class="ghost" data-open-selector="bypass" style="margin-top:12px; width:100%; justify-content:center; font-size:12px">${this._t(\'add_btn\')}</button>`}\n        </div>\n\n        <div class="mode-section-card">\n          <div class="mode-section-title">📢 ${this._t(\'siren_section\')}</div>\n          <div class="mode-sensor-grid" id="siren-chips">\n            ${sirens.map(x => this._chip(x, \'siren\')).join(\'\') || `<div class="mode-sensor-none">${this._t(\'none_selected\')}</div>`}\n          </div>\n          ${readonly ? \'\' : `<button class="ghost" data-open-selector="siren" style="margin-top:12px; width:100%; justify-content:center; font-size:12px">${this._t(\'select_btn\')}</button>`}\n        </div>\n\n        <div class="mode-section-card">\n          <div class="mode-section-title">${this._t(\'times_section\')}</div>\n          <div class="times-grid">\n            <div class="input-group time-field">\n              <span class="input-label">${this._t(\'arm_time\')}</span>\n              <input type="number" id="mode-arming-time" value="${cfg.arming_time ?? \'\'}" placeholder="0" style="padding:8px; border-radius:8px; border:1px solid rgba(255,255,255,0.1); background:rgba(255,255,255,0.03); color:inherit; font-size:13px">\n            </div>\n            <div class="input-group time-field">\n              <span class="input-label">${this._t(\'disarm_time\')}</span>\n              <input type="number" id="mode-entry-delay" value="${cfg.entry_delay ?? \'\'}" placeholder="0" style="padding:8px; border-radius:8px; border:1px solid rgba(255,255,255,0.1); background:rgba(255,255,255,0.03); color:inherit; font-size:13px">\n            </div>\n          </div>\n          <div class="mode-sensor-grid entry-sensor-list">\n            ${(cfg.entry_sensors || []).map(x => this._chip(x, \'entry\')).join(\'\') || `<div class="mode-sensor-none">${this._t(\'none_selected\')}</div>`}\n          </div>\n          ${readonly ? \'\' : `<button class="ghost" data-open-selector="entry" style="margin-top:10px;width:100%;justify-content:center;font-size:12px">${this._t(\'select_entry_sensors\')}</button>`}\n          <label class="checkbox-label mode-mqtt-row">\n            <input type="checkbox" id="mode-mqtt-enabled" ${cfg.mqtt_enabled === true ? \'checked\' : \'\'}>\n            <span style="font-size:12px;font-weight:600">${this._t(\'mqtt_label\')}</span>\n          </label>\n        </div>\n      </div>\n      ${readonly ? \'\' : `<div style="margin-top:16px;display:flex;flex-direction:column;gap:8px;"><button class="primary" id="save-mode" style="width:100%;height:48px;font-size:14px;box-shadow:0 8px 20px rgba(0,0,0,0.2)">${this._t(\'save_config\')}</button><span id="mode-status" style="display:block;text-align:center;font-size:13px;font-weight:700;min-height:20px;transition:opacity .4s;opacity:1;color:var(--primary-color,#03a9f4)"></span></div>`}\n    `;\n\n    el.querySelector(\'#mode-instance-select\')?.addEventListener(\'change\', ev => {\n      this._modeEntryId = ev.target.value;\n      this._renderModeView();\n    });\n    if (!readonly) {\n      el.querySelectorAll(\'[data-open-selector]\').forEach(btn =>\n        btn.addEventListener(\'click\', () => this._openModal(btn.dataset.openSelector))\n      );\n      el.querySelectorAll(\'[data-remove]\').forEach(btn =>\n        btn.addEventListener(\'click\', () => this._removeChip(btn.dataset.remove))\n      );\n      el.querySelectorAll(\'[data-toggle-delay]\').forEach(btn =>\n        btn.addEventListener(\'click\', () => this._toggleEntrySensor(btn.dataset.toggleDelay))\n      );\n      el.querySelector(\'#save-mode\')?.addEventListener(\'click\', () => this._saveMode());\n    }\n  }\n\n  _chip(entityId, type) {\n    const raw = this._hass?.states?.[entityId]?.state;\n    const isTr = [\'on\', \'unlocked\', \'open\', \'recording\', \'active\', \'motion\'].includes(raw);\n    const name = this._hass?.states?.[entityId]?.attributes?.friendly_name || entityId;\n    const readonly = !this._isAdmin;\n\n    const dot = type === \'sensor\' || type === \'bypass\'\n    ? `<span class="pill-dot ${isTr ? \'open\' : \'\'}" title="${raw}"></span>`\n    : \'\';\n\n    let stateLabel = \'\';\n    let powerHtml = \'\';\n    if (type === \'sensor\' || type === \'bypass\' || type === \'entry\') {\n      const stateObj = this._hass?.states?.[entityId];\n      const power = this._getDevicePower(entityId, stateObj);\n      stateLabel = `<span class="pill-status">${isTr ? this._t(\'status_open\') : this._t(\'status_closed\')}</span>`;\n      powerHtml = `${power.mains ? \'<span class="pill-power">🔌 AC</span>\' : \'\'}${power.battery !== null ? `<span class="pill-power">🔋 ${power.battery}%</span>` : \'\'}`;\n    }\n\n    const alarmTriggered = this._dashboard?.entries?.some(en =>\n    this._hass?.states?.[en.entity_id]?.state === \'triggered\'\n    );\n    let pillExtra = \'\';\n    if (type === \'siren\' && alarmTriggered) pillExtra = \' siren-active\';\n    if ((type === \'sensor\' || type === \'bypass\' || type === \'entry\') && alarmTriggered && isTr) pillExtra = \' triggered-sensor\';\n\n    return `\n      <span class="sensor-pill${pillExtra}">\n        ${dot}\n        <span class="pill-content">\n          <span class="pill-name">${this._escapeHtml(name)}</span>\n          ${stateLabel}\n          ${powerHtml}\n        </span>\n        ${readonly ? \'\' : `<button data-remove="${type}:${entityId}" style="background:none; border:none; color:inherit; opacity:0.5; padding:0 4px; cursor:pointer; flex-shrink:0;">✕</button>`}\n      </span>\n    `;\n  }\n\n  _removeChip(value) {\n    if (!this._isAdmin) return;\n    const [type, entityId] = value.split(\':\');\n    const cfg = this._currentModeConfig();\n    const key = type === \'sensor\' ? \'sensors\' : (type === \'bypass\' ? \'bypassed_sensors\' : (type === \'entry\' ? \'entry_sensors\' : \'sirens\'));\n    let eId = this._modeEntryId;\n    if (!eId || eId === \'default\') {\n      eId = this._dashboard?.entries?.[0]?.entity_id || \'default\';\n    }\n    this._modeEntryId = eId;\n    this._ui.modes.__by_entity__ = this._ui.modes.__by_entity__ || {};\n    this._ui.modes.__by_entity__[eId] = this._ui.modes.__by_entity__[eId] || {};\n    this._ui.modes.__by_entity__[eId][this._mode] = { ...cfg, [key]: (cfg[key] || []).filter(v => v !== entityId) };\n    this._renderModeView();\n  }\n\n  async _saveMode() {\n    const cfg = this._currentModeConfig();\n    const chk      = this.shadowRoot.getElementById(\'mode-require-closed\');\n    const armTime  = this.shadowRoot.getElementById(\'mode-arming-time\');\n    const entDelay = this.shadowRoot.getElementById(\'mode-entry-delay\');\n    const mqttChk  = this.shadowRoot.getElementById(\'mode-mqtt-enabled\');\n\n    if (chk)      cfg.require_closed = chk.checked;\n    if (armTime)  cfg.arming_time  = armTime.value  ? parseInt(armTime.value)  : 0;\n    if (entDelay) cfg.entry_delay  = entDelay.value ? parseInt(entDelay.value) : 0;\n    if (mqttChk)  cfg.mqtt_enabled = mqttChk.checked;\n\n    this._runWithPin(async () => {\n      const _eid = this._modeEntryId || this._dashboard?.entries?.[0]?.entity_id || \'default\';\n      this._ui.modes = this._ui.modes || {};\n      this._ui.modes.__by_entity__ = this._ui.modes.__by_entity__ || {};\n      this._ui.modes.__by_entity__[_eid] = this._ui.modes.__by_entity__[_eid] || {};\n      this._ui.modes.__by_entity__[_eid][this._mode] = { ...cfg };\n\n      const status = this.shadowRoot.getElementById(\'mode-status\');\n      if (status) { status.textContent = \'…\'; status.className = \'status\'; }\n      try {\n        await this._send(\'argus/save_mode_config\', {\n          entity_id: _eid,\n          mode: this._mode,\n          config: cfg,\n        });\n        if (status) { status.textContent = this._t(\'saved\'); status.className = \'status ok show\'; }\n        setTimeout(() => { if (status) { status.textContent = \'\'; status.className = \'status\'; } }, 3000);\n      } catch (err) {\n        if (status) { status.textContent = \'✗ \' + (err.message || this._t(\'generic_error\').replace(\': {error}\', \'\')); status.className = \'status err show\'; }\n      }\n    });\n  }\n\n  /* ── Automations ─────────────────────────────────────────────────── */\n  _renderAutomations() {\n    const el = this.shadowRoot.getElementById(\'auto-view\');\n    if (!el) return;\n    if (!this._dashboard?.entries?.length || !this._hass) {\n      el.innerHTML = `<div class="small" style="padding:10px 0;opacity:.55">${this._t(\'searching_auto\')}</div>`;\n      return;\n    }\n\n    try {\n      if (!this._relatedAutomationsQueried) {\n          this._relatedAutomationsQueried = true;\n          this._cachedRelatedAutomations = new Set();\n          (async () => {\n              try {\n                  let relatedSets = [];\n                  for (const e of this._dashboard.entries) {\n                      const res = await this._hass.callWS({ type: \'search/related\', item_type: \'entity\', item_id: e.entity_id });\n                      if (res) {\n                          if (res.automation) relatedSets.push(...res.automation);\n                          if (res.device && res.device.length) {\n                              for (const d of res.device) {\n                                  const resDev = await this._hass.callWS({ type: \'search/related\', item_type: \'device\', item_id: d });\n                                  if (resDev && resDev.automation) relatedSets.push(...resDev.automation);\n                              }\n                          }\n                      }\n                  }\n                  this._cachedRelatedAutomations = new Set(relatedSets);\n              } catch (err) {\n                  this._cachedRelatedAutomations = new Set();\n              } finally {\n                  this._relatedAutomationsFetched = true;\n                  this._renderAutomations(); // Re-render when data is ready\n              }\n          })();\n          el.innerHTML = `<div class="small" style="padding:10px 0;opacity:.55">${this._t(\'searching_auto\')}</div>`;\n          return;\n      }\n\n      if (!this._relatedAutomationsFetched) return;\n\n      const states = this._hass.states || {};\n      const items = Object.values(states).filter(s => {\n        if (!s || !s.entity_id || !s.entity_id.startsWith(\'automation.\')) return false;\n        const name = (s.attributes?.friendly_name || \'\').toLowerCase();\n        return this._cachedRelatedAutomations.has(s.entity_id) || name.includes(\'argus\') || s.entity_id.toLowerCase().includes(\'argus\');\n      });\n\n      if (!items.length) {\n        el.innerHTML = `<div class="small" style="padding:8px 0;opacity:.55">${this._t(\'no_auto_linked\')}</div>`;\n        return;\n      }\n\n      const panel = el.closest(\'.panel\');\n      const isSmall = panel && panel.getAttribute(\'data-size\') === \'S\';\n      const visibleItems = items.slice(0, isSmall ? 1 : 15);\n      el.innerHTML = `<div style="display:flex;flex-direction:column;gap:12px;max-height:300px;overflow-y:auto;padding-right:8px">${visibleItems.map(a => {\n        const editId = a.attributes?.id || a.entity_id.replace(\'automation.\', \'\');\n        const lastTriggered = a.attributes?.last_triggered ? new Date(a.attributes.last_triggered).toLocaleString(this._getLocale()) : this._t(\'never_triggered\');\n        const subtext = isSmall ? \'\' : `<div class="small" style="opacity:0.7;margin-top:4px">${this._escapeHtml(lastTriggered)}</div>`;\n        return `\n        <div class="list-item-card">\n          <div>\n            <div style="font-weight:700">${this._escapeHtml(a.attributes?.friendly_name || a.entity_id)}</div>\n            ${subtext}\n          </div>\n          <button class="ghost" style="padding:6px 12px;background:rgba(255,255,255,0.08);border-radius:8px" data-edit-auto="${this._escapeHtml(editId)}">✏️</button>\n        </div>`;\n      }).join(\'\')}</div>`;\n\n      el.querySelectorAll(\'[data-edit-auto]\').forEach(btn => btn.addEventListener(\'click\', () => {\n        history.pushState(null, \'\', `/config/automation/edit/${btn.dataset.editAuto}`);\n        window.dispatchEvent(new CustomEvent(\'location-changed\'));\n      }));\n    } catch (err) {\n      console.error(\'Argus automations render failed:\', err);\n      el.innerHTML = `<div class="small" style="padding:8px 0;opacity:.55">${this._t(\'no_auto_linked\')}</div>`;\n    }\n  }\n\n  /* ── Notifications ───────────────────────────────────────────────── */\n  _populateNotifSelect() {\n    const sel = this.shadowRoot.getElementById(\'notif-select\');\n    if (!sel) return;\n    const services = this._hass?.services?.notify || {};\n\n    let opts = Object.keys(services).filter(k => k !== \'notify\' && !k.includes(\'persistent_notification\') && !this._notifTargets.includes(k));\n\n    sel.innerHTML = opts.length\n      ? opts.map(k => {\n          let label = k;\n          if (k.startsWith(\'mobile_app\')) label = "📱 " + k.replace(\'mobile_app_\', \'\').replace(/_/g, \' \');\n          else label = "🔔 " + label.replace(/_/g, \' \');\n          return `<option value="${this._escapeHtml(k)}">${this._escapeHtml(label)}</option>`;\n        }).join(\'\')\n      : `<option value="">— ${this._escapeHtml(this._t(\'notif_no_services\'))} —</option>`;\n  }\n\n  _addNotifTarget() {\n    const sel = this.shadowRoot.getElementById(\'notif-select\');\n    const val = sel?.value;\n    if (!val || this._notifTargets.includes(val)) return;\n    this._notifTargets.push(val);\n    this._renderNotifChips();\n    this._populateNotifSelect();\n  }\n\n  _renderNotifChips() {\n    const el = this.shadowRoot.getElementById(\'notif-targets\');\n    if (!el) return;\n    el.innerHTML = this._notifTargets.map(t => `\n      <span class="notif-chip">📱 ${this._escapeHtml(t.replace(/_/g,\' \'))}\n        <button data-notif-remove="${this._escapeHtml(t)}">✕</button>\n      </span>`).join(\'\') || `<span class="small" style="opacity:.5">—</span>`;\n    el.querySelectorAll(\'[data-notif-remove]\').forEach(btn =>\n      btn.addEventListener(\'click\', () => {\n        this._notifTargets = this._notifTargets.filter(x => x !== btn.dataset.notifRemove);\n        this._renderNotifChips();\n        this._populateNotifSelect();\n      })\n    );\n  }\n\n  _renderNotifications() {\n    return;\n  }\n\n  async _saveNotifications() {\n    const status = this.shadowRoot.getElementById(\'notif-status\');\n    this._runWithPin(async () => {\n      try {\n        await this._send(\'argus/save_ui\', {\n          notif_targets: this._notifTargets,\n        });\n        if (status) { status.textContent = \'✓\'; status.className = \'status ok\'; }\n      } catch (e) {\n        if (status) { status.textContent = e.message; status.className = \'status err\'; }\n        else { alert(this._format(\'generic_error\', { error: e.message })); }\n      }\n    });\n  }\n\n  /* ── Users ───────────────────────────────────────────────────────── */\n  _renderUsers() {\n    const el = this.shadowRoot.getElementById(\'users-list\');\n    if (!el) return;\n\n    const adminOnlyText = this.shadowRoot.getElementById(\'p-admin-only\');\n    if (adminOnlyText) {\n      adminOnlyText.style.display = this._isAdmin ? \'none\' : \'block\';\n    }\n\n    try {\n      const users = Array.isArray(this._users) ? this._users.filter(u => u && typeof u === \'object\' && !Array.isArray(u)) : [];\n      const panel = el.closest(\'.panel\');\n      const isSmall = panel && panel.getAttribute(\'data-size\') === \'S\';\n      const visibleUsers = isSmall ? users.slice(0, 2) : users;\n      if (!users.length) {\n        el.innerHTML = `<div class="small">${this._t(\'no_users\')}</div>`;\n      } else {\n        el.innerHTML = visibleUsers.map((u, i) => {\n          if (isSmall) {\n            return `\n            <div class="user-card" style="display:flex;justify-content:space-between;align-items:center;width:100%;padding:6px 10px;flex-direction:row">\n              <div style="font-weight:700">${this._escapeHtml(u.name || \'\')}</div>\n              <div style="display:flex;gap:4px">\n                ${u.role === \'admin\' ? \'<span class="user-badge admin">⭐ Adm</span>\' : \'<span class="user-badge">👤 Std</span>\'}\n                ${u.access_pin_configured ? \'<span class="user-badge" style="background:rgba(0,122,255,0.12);color:#007aff">🔒 PIN</span>\' : \'\'}\n              </div>\n            </div>`;\n          }\n          const isExpired = u.expiration_date && new Date(u.expiration_date) < new Date();\n          let formattedDate = \'\';\n          if (u.expiration_date) {\n            const dateObj = new Date(u.expiration_date);\n            if (!isNaN(dateObj.getTime())) {\n              try {\n                formattedDate = this._formatDateTime(dateObj);\n              } catch (e) {\n                formattedDate = dateObj.toISOString();\n              }\n            }\n          }\n          const expBadge = u.expiration_date\n            ? (isExpired\n              ? `<span class="user-badge admin" style="background:rgba(229,57,53,0.12);color:#e53935;margin-left:5px">❌ ${this._escapeHtml(this._t(\'expired\'))} (${this._escapeHtml(formattedDate)})</span>`\n              : `<span class="user-badge" style="background:rgba(67,160,71,0.12);color:#43a047;margin-left:5px">⏳ ${this._escapeHtml(this._t(\'active_until\'))}: ${this._escapeHtml(formattedDate)}</span>`)\n            : `<span class="user-badge" style="background:rgba(67,160,71,0.12);color:#43a047;margin-left:5px">♾️ ${this._t(\'exp_indefinite\')}</span>`;\n\n          const haAccountText = u.ha_user_id\n            ? (() => {\n                const haUser = (this._haUsersList || []).find(ha => ha.id === u.ha_user_id);\n                return haUser\n                  ? this._format(\'ha_account_linked\', { name: haUser.name })\n                  : this._t(\'ha_account_unavailable\');\n              })()\n            : this._t(\'ha_account_unavailable\');\n\n          const roleText = u.role === \'admin\'\n            ? \'⭐ \' + this._escapeHtml(this._t(\'role_argus_admin\'))\n            : \'👤 \' + this._escapeHtml(this._t(\'role_argus_standard\'));\n\n          const pinBadge = u.access_pin_configured\n            ? `<span class="user-badge" style="background:rgba(0,122,255,0.12);color:#007aff">🔒 PIN</span>`\n            : `<span class="user-badge" style="opacity:0.55">🔓 ${this._escapeHtml(this._t(\'user_no_pin\'))}</span>`;\n\n          return `\n          <div class="user-card" style="display:flex;flex-direction:column;align-items:stretch;gap:8px">\n            <div style="display:flex;justify-content:space-between;align-items:center;width:100%">\n              <div style="flex:1">\n                <div style="font-weight:700">${this._escapeHtml(u.name || \'\')}</div>\n                <div style="display:flex;gap:4px;flex-wrap:wrap;margin-top:4px">\n                  <span class="user-badge ${u.role === \'admin\' ? \'admin\' : \'\'}">${roleText}</span>\n                  <span class="user-badge" style="background:#4a148c;color:white;margin-left:5px">${this._escapeHtml(haAccountText)}</span>\n                  ${pinBadge}\n                  ${expBadge}\n                </div>\n              </div>\n              <div style="display:flex;gap:6px;align-items:center;flex-wrap:wrap;justify-content:flex-end">\n                ${this._isAdmin ? `\n                  <button class="secondary" style="padding:6px 10px;font-size:12px;border-radius:10px;cursor:pointer" data-user-edit="${i}" title="${this._escapeHtml(this._t(\'modal_edit_name\'))}">✏️ ${this._escapeHtml(this._t(\'modal_edit_name\'))}</button>\n                  <button class="secondary" style="padding:6px 10px;font-size:12px;border-radius:10px;cursor:pointer" data-user-pin="${i}" title="${this._escapeHtml(this._t(\'modal_pin_title\'))}">🔑 ${this._escapeHtml(this._t(\'user_pin_action\'))}</button>\n                  <button class="secondary" style="padding:6px 10px;font-size:12px;border-radius:10px;cursor:pointer" data-user-role-toggle="${i}" title="${this._escapeHtml(this._t(\'user_role_label\'))}">⭐ ${this._escapeHtml(this._t(\'user_role_action\'))}</button>\n                  <button class="btn-danger danger" style="padding:6px 10px;font-size:12px;background:#e53935;color:white;border:none;border-radius:10px;cursor:pointer" title="${this._escapeHtml(this._t(\'delete_user_tooltip\'))}" aria-label="${this._escapeHtml(this._t(\'delete_user_tooltip\'))}" data-user-del="${i}">🗑️ ${this._escapeHtml(this._t(\'clear\') || \'Borrar\')}</button>\n                ` : \'\'}\n              </div>\n            </div>\n          </div>`;\n        }).join(\'\');\n\n        if (this._isAdmin) {\n          el.insertAdjacentHTML(\'beforeend\', `\n            <div style="margin-top:10px">\n              <button class="secondary" style="width:100%;padding:10px;font-size:13px;border-radius:12px;cursor:pointer;border:1px dashed rgba(255,255,255,0.18);background:rgba(255,255,255,0.03)" id="btn-add-manual-user">➕ ${this._escapeHtml(this._t(\'modal_add_user\'))}</button>\n            </div>`);\n        }\n\n        if (this._isAdmin) {\n          el.querySelectorAll(\'[data-user-edit]\').forEach(btn => {\n            btn.addEventListener(\'click\', async () => {\n              const idx = Number(btn.dataset.userEdit);\n              const targetUser = this._users[idx];\n              if (!targetUser) return;\n              const newName = await this._showArgusInputModal({\n                title: this._t(\'modal_edit_name\'),\n                label: this._t(\'modal_name_label\'),\n                placeholder: targetUser.name,\n                initialValue: targetUser.name,\n                type: \'text\',\n              });\n              if (newName === null || newName.trim() === \'\') return;\n              this._runWithPin(async () => {\n                try {\n                  const nextUsers = this._users.map((u, k) => k === idx ? { ...u, name: newName.trim() } : u);\n                  const resp = await this._send(\'argus/save_ui\', { users: nextUsers });\n                  if (resp && resp.ui) { this._ui = resp.ui; this._users = resp.ui.users || nextUsers; }\n                  else { this._users = nextUsers; }\n                  this._renderUsers();\n                } catch (e) {\n                  this._showArgusConfirmModal(e.message || this._format(\'generic_error\', { error: e }), { confirmLabel: \'OK\' });\n                }\n              });\n            });\n          });\n\n          el.querySelectorAll(\'[data-user-pin]\').forEach(btn => {\n            btn.addEventListener(\'click\', async () => {\n              const idx = Number(btn.dataset.userPin);\n              const targetUser = this._users[idx];\n              if (!targetUser) return;\n              const newPin = await this._showArgusInputModal({\n                title: `${this._t(\'modal_pin_title\')} — ${targetUser.name}`,\n                label: this._t(\'modal_pin_help\'),\n                placeholder: \'••••\',\n                type: \'password\',\n                numeric: true,\n              });\n              if (newPin === null) return;\n              this._runWithPin(async () => {\n                try {\n                  await this._send(\'argus/save_user_access_pin\', { argus_user_id: targetUser.id, pin: newPin.trim() });\n                  const dash = await this._send(\'argus/dashboard\');\n                  if (dash && dash.users) { this._users = dash.users; }\n                  this._renderUsers();\n                } catch (e) {\n                  this._showArgusConfirmModal(e.message || this._format(\'generic_error\', { error: e }), { confirmLabel: \'OK\' });\n                }\n              });\n            });\n          });\n\n          el.querySelector(\'#btn-add-manual-user\')?.addEventListener(\'click\', async () => {\n            const newName = await this._showArgusInputModal({\n              title: this._t(\'modal_add_user\'),\n              label: this._t(\'modal_name_label\'),\n              placeholder: this._t(\'user_default\') || \'Usuario\',\n              type: \'text\',\n            });\n            if (!newName || !newName.trim()) return;\n            this._runWithPin(async () => {\n              try {\n                const newUser = {\n                  id: `argus_manual_${Date.now()}`,\n                  name: newName.trim(),\n                  role: \'standard\',\n                  enabled: true,\n                  permissions: { view_status: true, arm: false, disarm: false, view_history: false },\n                };\n                const nextUsers = [...(this._users || []), newUser];\n                const resp = await this._send(\'argus/save_ui\', { users: nextUsers });\n                if (resp && resp.ui) { this._ui = resp.ui; this._users = resp.ui.users || nextUsers; }\n                else { this._users = nextUsers; }\n                this._renderUsers();\n              } catch (e) {\n                this._showArgusConfirmModal(e.message || this._format(\'generic_error\', { error: e }), { confirmLabel: \'OK\' });\n              }\n            });\n          });\n\n          // Change Role via Select Modal\n          el.querySelectorAll(\'[data-user-role-toggle]\').forEach(btn => {\n            btn.addEventListener(\'click\', async () => {\n              const idx = Number(btn.dataset.userRoleToggle);\n              const targetUser = this._users[idx];\n              if (!targetUser) return;\n              const newRole = await this._showArgusInputModal({\n                title: this._t(\'user_role_action\') || \'Cambiar Rol\',\n                label: this._t(\'user_role_label\') || \'Selecciona el rol\',\n                initialValue: targetUser.role === \'admin\' ? \'admin\' : \'standard\',\n                type: \'select\',\n                options: [\n                  { value: \'admin\', label: this._t(\'role_argus_admin\') || \'Administrador de Argus\' },\n                  { value: \'standard\', label: this._t(\'role_argus_standard\') || \'Usuario estándar\' }\n                ]\n              });\n              if (!newRole || newRole === targetUser.role) return;\n\n              this._runWithPin(async () => {\n                const nextUsers = this._users.map((u, k) => k === idx ? { ...u, role: newRole } : u);\n                try {\n                  const resp = await this._send(\'argus/save_ui\', { users: nextUsers });\n                  if (resp && resp.ui) {\n                    this._ui = resp.ui;\n                    this._users = resp.ui.users || nextUsers;\n                  } else {\n                    this._users = nextUsers;\n                  }\n                  this._renderUsers();\n                } catch (e) {\n                  this._showArgusConfirmModal(e.message || this._format(\'generic_error\', { error: e }), { confirmLabel: \'OK\' });\n                }\n              });\n            });\n          });\n\n          el.querySelectorAll(\'[data-user-del]\').forEach(btn =>\n            btn.addEventListener(\'click\', async () => {\n              const idx = Number(btn.dataset.userDel);\n              const targetUser = this._users[idx];\n              if (!targetUser) return;\n\n              const confirmMsg = this._format(\'delete_user_confirm\', { name: targetUser.name || \'User\' });\n              const confirmed = await this._showArgusConfirmModal(\n                this._t(\'modal_delete_confirm\') || confirmMsg,\n                { confirmLabel: this._t(\'clear\') || \'Delete\', confirmStyle: \'background:#e53935;color:white;border:none\' }\n              );\n              if (!confirmed) return;\n\n              this._runWithPin(async () => {\n                const nextUsers = [...this._users];\n                nextUsers.splice(idx, 1);\n                try {\n                  const resp = await this._send(\'argus/save_ui\', { users: nextUsers });\n                  if (resp && resp.ui) {\n                    this._ui = resp.ui;\n                    this._users = resp.ui.users || nextUsers;\n                  } else {\n                    this._users = nextUsers;\n                  }\n                  this._renderUsers();\n                } catch (e) {\n                  this._showArgusConfirmModal(e.message || this._format(\'generic_error\', { error: e }), { confirmLabel: \'OK\' });\n                }\n              });\n            })\n          );\n        }\n      }\n    } catch (err) {\n      console.error(\'Argus users list render failed:\', err);\n      el.innerHTML = `<div class="small">${this._t(\'no_users\')}</div>`;\n    }\n\n    this._syncAccessSummary();\n  }\n\n  _populateTemperatureSources() {\n    const sel = this.shadowRoot.getElementById(\'temp-source-select-standalone\');\n    if (!sel || !this._hass) return;\n    const extra = [{ entity_id: \'auto\', name: this._t(\'temp_auto\') }];\n    for (const s of Object.values(this._hass.states || {})) {\n      const id = s.entity_id || \'\'; const a = s.attributes || {};\n      if (id.startsWith(\'climate.\') && typeof a.current_temperature === \'number\') { extra.push({ entity_id:id, name:`🌡️ ${a.friendly_name || id} ${this._t(\'temp_thermostat\')}` }); continue; }\n      if (!id.startsWith(\'sensor.\')) continue;\n      const dc = String(a.device_class || \'\').toLowerCase(); const u = String(a.unit_of_measurement || a.native_unit_of_measurement || \'\').toLowerCase(); const v = Number(s.state);\n      if (Number.isFinite(v) && (dc === \'temperature\' || [\'°c\',\'°f\',\'c\',\'f\'].includes(u))) extra.push({ entity_id:id, name:`🌡️ ${a.friendly_name || id}` });\n    }\n    const seen = new Set();\n    sel.innerHTML = extra.filter(x => {\n      if (seen.has(x.entity_id)) return false;\n      seen.add(x.entity_id);\n      return true;\n    }).map(x => `<option value="${this._escapeHtml(x.entity_id)}">${this._escapeHtml(x.name)}</option>`).join(\'\');\n  }\n\n  _populateWeatherSources() {\n    const select = this.shadowRoot.getElementById(\'weather-source-select\');\n    if (!select || !this._hass?.states) return;\n    const previous = select.value || this._weatherSource || \'auto\';\n    const weather = Object.values(this._hass.states).filter(state => state.entity_id?.startsWith(\'weather.\'));\n    select.innerHTML = [{ entity_id: \'auto\', name: this._t(\'weather_auto\') }, ...weather.map(state => ({ entity_id: state.entity_id, name: state.attributes?.friendly_name || state.entity_id }))]\n      .map(item => `<option value="${this._escapeHtml(item.entity_id)}">${this._escapeHtml(item.name)}</option>`).join(\'\');\n    select.value = [...select.options].some(option => option.value === previous) ? previous : \'auto\';\n  }\n\n  _getWeatherEntity() {\n    const selected = this._weatherSource || \'auto\';\n    const configured = selected !== \'auto\' ? this._hass?.states?.[selected] : null;\n    return configured || Object.values(this._hass?.states || {}).find(state => state.entity_id?.startsWith(\'weather.\')) || { state: \'sunny\', attributes: {} };\n  }\n\n  _getDisplayedTemperature() {\n    if (!this._hass) return null;\n    const source = this._temperatureSource || \'auto\';\n    if (source !== \'auto\') {\n      const state = this._hass.states?.[source];\n      if (!state) return null;\n      const value = source.startsWith(\'climate.\') ? state.attributes?.current_temperature : Number(state.state);\n      const unit = source.startsWith(\'climate.\')\n        ? state.attributes?.temperature_unit\n        : (state.attributes?.unit_of_measurement || state.attributes?.native_unit_of_measurement);\n      return Number.isFinite(Number(value)) ? `${Number(value).toFixed(1).replace(/\\.0$/, \'\')}°${String(unit || \'\').replace(\'°\', \'\')}` : null;\n    }\n    const weather = this._getWeatherEntity();\n    const value = weather?.attributes?.temperature;\n    const unit = weather?.attributes?.temperature_unit;\n    return Number.isFinite(Number(value)) ? `${Number(value).toFixed(1).replace(/\\.0$/, \'\')}°${String(unit || \'\').replace(\'°\', \'\')}` : null;\n  }\n\n  _getTemperatureReadings() {\n    if (!this._hass?.states) return [];\n    const readings = [];\n    const weather = this._getWeatherEntity();\n    const outside = weather?.attributes?.temperature;\n    const outsideUnit = weather?.attributes?.temperature_unit;\n    if (Number.isFinite(Number(outside))) readings.push({ label: \'EXT.\', value: `${Number(outside).toFixed(1).replace(/\\.0$/, \'\')}°${String(outsideUnit || \'\').replace(\'°\', \'\')}` });\n\n    const source = this._temperatureSource || \'auto\';\n    let indoor = source !== \'auto\' ? this._hass.states[source] : Object.values(this._hass.states).find(state => state.entity_id?.startsWith(\'climate.\') && Number.isFinite(Number(state.attributes?.current_temperature)));\n    if (indoor?.entity_id?.startsWith(\'weather.\')) indoor = null;\n    if (indoor) {\n      const value = indoor.entity_id.startsWith(\'climate.\') ? indoor.attributes?.current_temperature : Number(indoor.state);\n      const unit = indoor.entity_id.startsWith(\'climate.\') ? indoor.attributes?.temperature_unit : (indoor.attributes?.unit_of_measurement || indoor.attributes?.native_unit_of_measurement);\n      if (Number.isFinite(Number(value))) readings.push({ label: \'INT.\', value: `${Number(value).toFixed(1).replace(/\\.0$/, \'\')}°${String(unit || \'\').replace(\'°\', \'\')}` });\n    }\n    return readings;\n  }\n\n  _moonPhase() {\n    const raw = (this._hass?.states?.[\'sensor.moon_phase\']?.state || this._hass?.states?.[\'sensor.moon\']?.state || \'\').toLowerCase().replace(/[\\s-]+/g, \'_\');\n    if (raw.includes(\'new\')) return \'new\';\n    if (raw.includes(\'waxing_crescent\')) return \'waxing-crescent\';\n    if (raw.includes(\'first_quarter\')) return \'first-quarter\';\n    if (raw.includes(\'waxing_gibbous\')) return \'waxing-gibbous\';\n    if (raw.includes(\'waning_gibbous\')) return \'waning-gibbous\';\n    if (raw.includes(\'last_quarter\') || raw.includes(\'third_quarter\')) return \'last-quarter\';\n    if (raw.includes(\'waning_crescent\')) return \'waning-crescent\';\n    return raw.includes(\'full\') ? \'full\' : \'full\';\n  }\n\n  _eclipseEvent() {\n    const states = Object.values(this._hass?.states || {});\n    const entity = states.find(state => {\n      const text = `${state.entity_id || \'\'} ${state.attributes?.friendly_name || \'\'} ${state.attributes?.device_class || \'\'}`.toLowerCase();\n      const value = `${state.state || \'\'} ${state.attributes?.event || \'\'} ${state.attributes?.type || \'\'}`.toLowerCase();\n      return /eclips/.test(text) && !/^(off|none|unknown|unavailable|false|0)$/i.test(String(state.state || \'\')) && /eclips|solar|lunar|moon|luna/.test(value);\n    });\n    if (!entity) return null;\n    const value = `${entity.state || \'\'} ${entity.attributes?.event || \'\'} ${entity.attributes?.type || \'\'} ${entity.attributes?.friendly_name || \'\'}`.toLowerCase();\n    return /solar|sun|sol/.test(value) ? \'solar\' : (/lunar|moon|luna/.test(value) ? \'lunar\' : null);\n  }\n\n  _renderEclipseOverlay(eclipse) {\n    if (!eclipse) return \'\';\n    const label = eclipse === \'solar\' ? \'☀️ Eclipse solar\' : \'🌕 Eclipse lunar\';\n    return `<div class="weather-eclipse" aria-label="${label}">${label}</div>`;\n  }\n\n  _season() {\n    const month = new Date().getMonth();\n    const southern = Number(this._hass?.config?.latitude) < 0;\n    const seasonalMonth = southern ? (month + 6) % 12 : month;\n    if ([11, 0, 1].includes(seasonalMonth)) return \'winter\';\n    if ([2, 3, 4].includes(seasonalMonth)) return \'spring\';\n    if ([5, 6, 7].includes(seasonalMonth)) return \'summer\';\n    return \'autumn\';\n  }\n\n  async _handleBackgroundFiles(ev) {\n    const files = Array.from(ev?.target?.files || []).slice(0, 4); if (!files.length) return;\n    const read = f => new Promise((ok, bad) => { const r = new FileReader(); r.onload = () => ok(String(r.result || \'\')); r.onerror = bad; r.readAsDataURL(f); });\n    this._backgroundImages = (await Promise.all(files.map(read))).filter(Boolean);\n    const help = this.shadowRoot.getElementById(\'bg-file-help\'); if (help) help.textContent = `${this._backgroundImages.length} imagen(es) cargadas para el panel.`;\n  }\n\n  _isVideoFile(file) {\n    const videoExts = [\'.mov\', \'.mp4\', \'.webm\', \'.ogg\', \'.avi\', \'.m4v\'];\n    const name = (file.name || \'\').toLowerCase();\n    return videoExts.some(e => name.endsWith(e)) || file.type.startsWith(\'video/\');\n  }\n\n  async _showLivePhotoDialog(file, onImage, onVideo) {\n    // Show a simple confirm dialog asking what to do with .mov files\n    const choice = confirm(this._format(\'file_choice\', { file: file.name }));\n    if (choice) {\n      await onImage();\n    } else {\n      await onVideo();\n    }\n  }\n\n  async _uploadFile(file, help) {\n    const token = this._hass?.auth?.accessToken;\n    const headers = {};\n    if (token) headers[\'Authorization\'] = `Bearer ${token}`;\n    const formData = new FormData();\n    formData.append(\'file\', file);\n    const response = await fetch(\'/api/argus/upload\', {\n      method: \'POST\',\n      body: formData,\n      headers: headers\n    });\n    if (!response.ok) throw new Error(`HTTP error! status: ${response.status}`);\n    return await response.json();\n  }\n\n  async _handlePanelBgFile(ev) {\n    const file = ev?.target?.files?.[0]; if (!file) return;\n    const help = this.shadowRoot.getElementById(\'bg-file-help\');\n    if (help) help.textContent = \'Subiendo al servidor...\';\n    ev.target.value = \'\';\n    try {\n      const isVideo = this._isVideoFile(file);\n      if (isVideo) {\n        await this._showLivePhotoDialog(\n          file,\n          async () => {\n            // As static image — still upload the file\n            const res = await this._uploadFile(file, help);\n            if (res?.success) {\n              this._panelBgFile = res.url;\n              const inp = this.shadowRoot.getElementById(\'panel-bg-url-input\');\n              if (inp) inp.value = res.url;\n              if (help) help.textContent = `Subido como imagen: ${file.name}`;\n              this._loadUploadedFiles();\n            } else {\n      if (help) help.textContent = this._format(\'generic_error\', { error: res?.error || this._t(\'upload_error\') });\n            }\n          },\n          async () => {\n            // As animated video\n            const res = await this._uploadFile(file, help);\n            if (res?.success) {\n              this._panelBgFile = res.url;\n              const inp = this.shadowRoot.getElementById(\'panel-bg-url-input\');\n              if (inp) inp.value = res.url;\n              if (help) help.textContent = `Subido como video: ${file.name}`;\n              this._loadUploadedFiles();\n            } else {\n              if (help) help.textContent = this._format(\'generic_error\', { error: res?.error || this._t(\'upload_error\') });\n            }\n          }\n        );\n      } else {\n        const res = await this._uploadFile(file, help);\n        if (res?.success) {\n          this._panelBgFile = res.url;\n          const inp = this.shadowRoot.getElementById(\'panel-bg-url-input\');\n          if (inp) inp.value = res.url;\n          if (help) help.textContent = `Subido: ${file.name}`;\n          this._loadUploadedFiles();\n        } else {\n          if (help) help.textContent = this._format(\'generic_error\', { error: res?.error || this._t(\'upload_error\') });\n        }\n      }\n    } catch (err) {\n      console.error(\'Upload failed:\', err);\n      if (help) help.textContent = this._format(\'generic_error\', { error: err.message || err });\n    }\n  }\n\n  async _handleHubBgFile(ev) {\n    const file = ev?.target?.files?.[0]; if (!file) return;\n    const help = this.shadowRoot.getElementById(\'hub-file-help\');\n    if (help) help.textContent = \'Subiendo al servidor...\';\n    ev.target.value = \'\';\n    try {\n      const isVideo = this._isVideoFile(file);\n      if (isVideo) {\n        await this._showLivePhotoDialog(\n          file,\n          async () => {\n            // As static image\n            const res = await this._uploadFile(file, help);\n            if (res?.success) {\n              this._hubBgFile = res.url;\n              const inp = this.shadowRoot.getElementById(\'hub-bg-url-input\');\n              if (inp) inp.value = res.url;\n              if (help) help.textContent = `Subido como imagen: ${file.name}`;\n              this._loadUploadedFiles();\n            } else {\n              if (help) help.textContent = this._format(\'generic_error\', { error: res?.error || this._t(\'upload_error\') });\n            }\n          },\n          async () => {\n            // As animated video — set hub bg mode to \'image\' and use video URL directly\n            const res = await this._uploadFile(file, help);\n            if (res?.success) {\n              this._hubBgFile = res.url;\n              const inp = this.shadowRoot.getElementById(\'hub-bg-url-input\');\n              if (inp) inp.value = res.url;\n              if (help) help.textContent = `Subido como video: ${file.name}`;\n              this._loadUploadedFiles();\n            } else {\n              if (help) help.textContent = this._format(\'generic_error\', { error: res?.error || this._t(\'upload_error\') });\n            }\n          }\n        );\n      } else {\n        const res = await this._uploadFile(file, help);\n        if (res?.success) {\n          this._hubBgFile = res.url;\n          const inp = this.shadowRoot.getElementById(\'hub-bg-url-input\');\n          if (inp) inp.value = res.url;\n          if (help) help.textContent = `Subido: ${file.name}`;\n          this._loadUploadedFiles();\n        } else {\n          if (help) help.textContent = this._format(\'generic_error\', { error: res?.error || this._t(\'upload_error\') });\n        }\n      }\n    } catch (err) {\n      console.error(\'Upload failed:\', err);\n      if (help) help.textContent = this._format(\'generic_error\', { error: err.message || err });\n    }\n  }\n\n  async _loadUploadedFiles() {\n    try {\n      const files = await this._send(\'argus/list_uploaded_files\');\n      this._uploadedFiles = files || [];\n      this._renderUploadedFiles();\n    } catch (err) {\n      console.error(\'Failed to load uploaded files:\', err);\n      const listContainer = this.shadowRoot.getElementById(\'uploaded-files-list\');\n      if (listContainer) {\n        listContainer.innerHTML = `\n          <div style="grid-column:1/-1; text-align:center; padding:20px; font-size:11px; color:#ff4d4d; opacity:0.8;">\n            ${this._t(\'error_loading_uploaded_files\')}\n          </div>\n        `;\n      }\n    }\n  }\n\n  _renderUploadedFiles() {\n    const listContainer = this.shadowRoot.getElementById(\'uploaded-files-list\');\n    const countLabel = this.shadowRoot.getElementById(\'storage-files-count\');\n    if (!listContainer) return;\n\n    const files = this._uploadedFiles || [];\n    if (!files.length) {\n      listContainer.innerHTML = `\n        <div style="grid-column:1/-1; text-align:center; padding:20px; font-size:11px; opacity:0.5;">\n          ${this._t(\'no_files_uploaded\')}\n        </div>\n      `;\n      if (countLabel) countLabel.textContent = this._t(\'files_count\').replace(\'{count}\', \'0\');\n      return;\n    }\n\n    let totalBytes = 0;\n    files.forEach(f => totalBytes += (f.size_bytes || 0));\n    let totalStr = \'\';\n    if (totalBytes >= 1024 * 1024) {\n      totalStr = `${(totalBytes / (1024 * 1024)).toFixed(2)} MB`;\n    } else {\n      totalStr = `${(totalBytes / 1024).toFixed(2)} KB`;\n    }\n\n    if (countLabel) {\n      countLabel.textContent = this._t(\'files_count_short\').replace(\'{count}\', files.length) + ` (${totalStr})`;\n    }\n\n    listContainer.innerHTML = files\n      .filter(file => !file.is_video)\n      .map(file => `\n      <div class="file-card" data-filename="${this._escapeHtml(file.name)}">\n        <div class="file-card-preview">\n          <img src="${this._escapeHtml(file.url)}" loading="lazy">\n        </div>\n        <div class="file-card-name" title="${this._escapeHtml(file.name)}">${this._escapeHtml(file.name)}</div>\n        <div class="file-card-meta">\n          <span>${this._escapeHtml(file.size_str)}</span>\n          <button class="file-card-btn-delete" data-filename="${this._escapeHtml(file.name)}" title="${this._escapeHtml(this._t(\'delete_btn_title\'))}">🗑️</button>\n        </div>\n        <div class="file-card-actions">\n          <button class="file-card-btn use-for-panel" data-url="${this._escapeHtml(file.url)}">${this._escapeHtml(this._t(\'use_for_panel\'))}</button>\n          <button class="file-card-btn use-for-hub" data-url="${this._escapeHtml(file.url)}">${this._escapeHtml(this._t(\'use_for_hub\'))}</button>\n        </div>\n      </div>\n    `).join(\'\');\n\n    listContainer.querySelectorAll(\'.file-card-btn-delete\').forEach(btn => {\n      btn.addEventListener(\'click\', () => {\n        const fname = btn.dataset.filename;\n        if (confirm(this._t(\'file_delete_confirm\').replace(\'{filename}\', fname))) {\n          this._deleteUploadedFile(fname);\n        }\n      });\n    });\n\n    listContainer.querySelectorAll(\'.use-for-panel\').forEach(btn => {\n      btn.addEventListener(\'click\', () => {\n        const url = btn.dataset.url;\n        this._panelBgFile = url;\n        const inp = this.shadowRoot.getElementById(\'panel-bg-url-input\');\n        if (inp) inp.value = url;\n        const bgMode = this.shadowRoot.getElementById(\'bg-mode-select-standalone\');\n        // This selector has no "video" value. Selecting it left the control\n        // blank and prevented the image from rendering until a reload.\n        if (bgMode) bgMode.value = \'photo\';\n        this._backgroundMode = \'photo\';\n        this._updateBgFieldsVisibility();\n        this._renderEntries();\n        this._savePersonalization();\n        const help = this.shadowRoot.getElementById(\'bg-file-help\');\n        if (help) help.textContent = this._t(\'bg_panel_selected_from_history\');\n      });\n    });\n\n    listContainer.querySelectorAll(\'.use-for-hub\').forEach(btn => {\n      btn.addEventListener(\'click\', () => {\n        const url = btn.dataset.url;\n        this._hubBgFile = url;\n        const inp = this.shadowRoot.getElementById(\'hub-bg-url-input\');\n        if (inp) inp.value = url;\n        const hubMode = this.shadowRoot.getElementById(\'hub-bg-mode-select\');\n        // The hub selector uses "image" (not "photo"). The old value made\n        // uploaded images impossible to select as the Argus-wide background.\n        if (hubMode) hubMode.value = \'image\';\n        this._hubBgMode = \'image\';\n        this._updateBgFieldsVisibility();\n        this._updateCanvasBackground();\n        this._savePersonalization();\n        const help = this.shadowRoot.getElementById(\'hub-file-help\');\n        if (help) help.textContent = this._t(\'bg_hub_selected_from_history\');\n      });\n    });\n  }\n\n  async _deleteUploadedFile(filename) {\n    try {\n      await this._send(\'argus/delete_uploaded_file\', { filename });\n      if (this._uploadedFiles) {\n        this._uploadedFiles = this._uploadedFiles.filter(f => f.name !== filename);\n        this._renderUploadedFiles();\n      }\n      // Clear a selected file only after the server confirms deletion.\n      const panelInp = this.shadowRoot.getElementById(\'panel-bg-url-input\');\n      if (panelInp && panelInp.value === `/local/argus/${filename}`) {\n        panelInp.value = \'\';\n        this._panelBgFile = \'\';\n      }\n      const hubInp = this.shadowRoot.getElementById(\'hub-bg-url-input\');\n      if (hubInp && hubInp.value === `/local/argus/${filename}`) {\n        hubInp.value = \'\';\n        this._hubBgFile = \'\';\n      }\n    } catch (err) {\n      console.warn(\'Server delete failed:\', err);\n      alert(this._format(\'delete_file_error\', { error: err.message || err }));\n    }\n  }\n\n  _updateBgFieldsVisibility() {\n    const bgMode = this.shadowRoot.getElementById(\'bg-mode-select-standalone\')?.value || \'weather\';\n    const hubBgMode = this.shadowRoot.getElementById(\'hub-bg-mode-select\')?.value || \'default\';\n\n    const panelInputs = this.shadowRoot.getElementById(\'panel-custom-bg-inputs\');\n    if (panelInputs) {\n      if (bgMode === \'photo\' || bgMode === \'collage\') {\n        panelInputs.style.display = \'flex\';\n        const soundLabel = this.shadowRoot.getElementById(\'lbl-panel-bg-sound\');\n        if (soundLabel) soundLabel.style.display = \'none\';\n\n        const fileInput = this.shadowRoot.getElementById(\'panel-bg-file-input\');\n        if (fileInput) fileInput.accept = \'image/*,.mov,.heic,.heif\';\n\n        const urlInput = this.shadowRoot.getElementById(\'panel-bg-url-input\');\n        if (urlInput) urlInput.placeholder = \'Pegar URL de la imagen\';\n      } else {\n        panelInputs.style.display = \'none\';\n      }\n    }\n\n    const hubInputs = this.shadowRoot.getElementById(\'hub-custom-bg-inputs\');\n    if (hubInputs) {\n      if (hubBgMode === \'image\') {\n        hubInputs.style.display = \'flex\';\n        const soundLabel = this.shadowRoot.getElementById(\'lbl-hub-bg-sound\');\n        if (soundLabel) soundLabel.style.display = \'none\';\n\n        const fileInput = this.shadowRoot.getElementById(\'hub-bg-file-input\');\n        if (fileInput) fileInput.accept = \'image/*,.mov,.heic,.heif\';\n\n        const urlInput = this.shadowRoot.getElementById(\'hub-bg-url-input\');\n        if (urlInput) urlInput.placeholder = \'Pegar URL de la imagen/GIF\';\n      } else {\n        hubInputs.style.display = \'none\';\n      }\n    }\n  }\n\n  _updateCanvasBackground() {\n    const bgContainer = this.shadowRoot.getElementById(\'argus-canvas-bg\');\n    const mode = this._hubBgMode || \'default\';\n    const file = this._hubBgFile || \'\';\n\n    this.setAttribute(\'data-bg-mode\', mode);\n\n    // Reset inline host background styling\n    this.style.backgroundImage = \'\';\n    this.style.backgroundSize = \'\';\n    this.style.backgroundPosition = \'\';\n    this.style.backgroundRepeat = \'\';\n    this.style.backgroundAttachment = \'\';\n    this.style.background = \'\'; // restore CSS stylesheet default\n\n    if (bgContainer) {\n      bgContainer.innerHTML = \'\';\n      bgContainer.style.backgroundImage = \'\';\n    }\n\n    if (mode === \'none\') {\n      return;\n    }\n\n    const imgSrc = (mode === \'default\')\n      ? \'/api/argus_static/argus-default-bg.jpg\'\n      : (mode === \'image\' && file ? file : \'\');\n\n    if (imgSrc) {\n      // Apply background directly to :host to prevent browser/Safari z-index Shadow DOM rendering issues\n      this.style.backgroundImage = `url(\'${imgSrc.replace(/\'/g, "%27")}\')`;\n      this.style.backgroundSize = \'cover\';\n      this.style.backgroundPosition = \'center\';\n      this.style.backgroundRepeat = \'no-repeat\';\n      this.style.backgroundAttachment = \'fixed\';\n    }\n  }\n\n  _renderEntryBackground(ws, isNight) {\n    const mode = this._backgroundMode || \'weather\', imgs = this._backgroundImages || [];\n    if (mode === \'none\') return `<div class="wx wx-static"></div>`;\n    if (mode === \'photo\' && (this._panelBgFile || imgs[0])) {\n      const bgImg = this._panelBgFile || imgs[0];\n      return `<div class="wx wx-photo" style="--bg-image:url(\'${bgImg.replace(/\'/g, "%27")}\')"></div>`;\n    }\n    if (mode === \'collage\' && imgs.length) return `<div class="wx wx-collage"><div class="wx-collage-grid">${imgs.slice(0,4).map(src => `<div class="wx-collage-cell" style="background-image:url(\'${src.replace(/\'/g, "%27")}\')"></div>`).join(\'\')}</div></div>`;\n    if (mode === \'video\' && this._panelBgFile) {\n      const sound = this._panelBgSound;\n      return `<div class="wx wx-video">\n        <video autoplay loop playsinline ${sound ? \'\' : \'muted\'} style="width:100%; height:100%; object-fit:cover; pointer-events:none; position:absolute; inset:0; z-index:1;">\n          <source src="${this._panelBgFile}">\n        </video>\n      </div>`;\n    }\n    return this._getWeatherBg(ws, isNight);\n  }\n\n  _updateHomeNameDisplay() {\n    const prominent = this.shadowRoot.getElementById(\'lbl-home-name-prominent\');\n    if (prominent) prominent.textContent = this._homeName || this._t(\'home_default\');\n  }\n\n  _sendTempNotification(message) {\n    const targets = this._notifTargets || [];\n    if (!targets.length || !this._hass) return;\n    targets.forEach(target => {\n      try {\n        this._hass.callService(\'notify\', target, {\n          message,\n          title: this._t(\'temp_notification_title\'),\n             data: { push: { sound: \'default\', badge: 1 } }\n        });\n      } catch (_) {}\n    });\n  }\n\n  _normaliseEmergencyNumber(value) {\n    const number = String(value || \'\').replace(/[^0-9+]/g, \'\');\n    return /^[+]?[0-9]{2,15}$/.test(number) ? number : \'911\';\n  }\n\n  _renderSosOutputs() {\n    const container = this.shadowRoot?.getElementById(\'sos-output-chips\');\n    if (!container) return;\n    const outputs = this._panicOutputs || [];\n    container.innerHTML = outputs.length\n      ? outputs.map(id => {\n          const name = this._hass?.states?.[id]?.attributes?.friendly_name || id;\n          return `<span class="sensor-pill" title="${this._escapeHtml(name)}"><span>${this._escapeHtml(name)}</span></span>`;\n        }).join(\'\')\n      : `<div class="mode-sensor-none">${this._t(\'sos_no_outputs\')}</div>`;\n  }\n\n  _configureEmergencyCall() {\n    const callBtn = this.shadowRoot?.getElementById(\'sos-call-btn\');\n    if (!callBtn) return;\n    const number = this._normaliseEmergencyNumber(this._emergencyNumber);\n    callBtn.href = `tel:${number}`;\n    callBtn.textContent = `${this._t(\'sos_call\')} (${number})`;\n  }\n\n  async _triggerSOS() {\n    if (this._sosBusy) return;\n    this._sosBusy = true;\n    const modal = this.shadowRoot && this.shadowRoot.getElementById(\'sos-modal\');\n    if (modal) modal.classList.remove(\'open\');\n    const emergencyNumber = this._normaliseEmergencyNumber(this._emergencyNumber);\n    const idx = this._sosEntryIdx;\n    const entry = this._dashboard?.entries?.[idx];\n    const eid = entry?.entity_id;\n    try {\n      if (!this._hass || !eid) throw new Error(this._t(\'no_alarm_instance\'));\n      await this._send(\'argus/perform_alarm_action\', { action: \'sos\', entry_id: entry.entry_id });\n      if (window.confirm(`${this._t(\'sos_activated\')}. ${this._format(\'sos_call_confirm\', { number: emergencyNumber })}`)) {\n        window.location.href = `tel:${emergencyNumber}`;\n      }\n    } catch (err) {\n      alert(this._format(\'sos_error\', { error: err?.message || err }));\n    } finally {\n      this._sosEntryIdx = null;\n      this._sosBusy = false;\n    }\n  }\n\n  async _stopSOS(idx) {\n    const entry = this._dashboard?.entries?.[idx];\n    const live = entry && this._hass?.states?.[entry.entity_id];\n    const previous = live?.attributes?.panic_previous_state;\n    const restoreService = {\n      armed_home: \'alarm_arm_home\', armed_away: \'alarm_arm_away\',\n      armed_night: \'alarm_arm_night\', armed_vacation: \'alarm_arm_vacation\',\n      disarmed: \'alarm_disarm\',\n    }[previous];\n    if (!entry?.entity_id || !restoreService) {\n      alert(this._t(\'panic_state_unknown\'));\n      return;\n    }\n    const restore = async (pin) => {\n      try {\n        await this._send(\'argus/perform_alarm_action\', {\n          action: restoreService.replace(\'alarm_\', \'\'),\n          entry_id: entry.entry_id,\n          ...(pin ? { code: pin } : {})\n        });\n        await this._load();\n        return true;\n      } catch (err) {\n        const pinError = this.shadowRoot.getElementById(\'pin-error\');\n        if (pinError) pinError.textContent = `❌ ${this._format(\'panic_stop_error\', { error: \'\' }).replace(/:\\s*$/, \'\')}`;\n        else alert(this._format(\'panic_stop_error\', { error: err?.message || err }));\n        return false;\n      }\n    };\n\n    const pinConfigured = entry.pin_configured === true || (this._users || []).length > 0;\n    if (pinConfigured) this._showPinModal(restore);\n    else await restore(null);\n  }\n\n  _savePersonalization() {\n    this._runWithPin(() => this._persistPersonalization());\n  }\n\n  async _persistPersonalization() {\n    const background_mode = this.shadowRoot.getElementById(\'bg-mode-select-standalone\')?.value || \'weather\';\n    const temperature_source = this.shadowRoot.getElementById(\'temp-source-select-standalone\')?.value || \'auto\';\n    const weather_source = this.shadowRoot.getElementById(\'weather-source-select\')?.value || \'auto\';\n    const emergency_number = this._normaliseEmergencyNumber(this.shadowRoot.getElementById(\'emergency-number-input\')?.value);\n\n    let panel_bg_file = \'\';\n    const panel_bg_url = this.shadowRoot.getElementById(\'panel-bg-url-input\')?.value || \'\';\n    if (panel_bg_url) {\n      panel_bg_file = panel_bg_url;\n    } else if (this._panelBgFile) {\n      panel_bg_file = this._panelBgFile;\n    }\n    const panel_bg_sound = Boolean(this.shadowRoot.getElementById(\'chk-panel-bg-sound\')?.checked);\n\n    const selected_hub_bg_mode = this.shadowRoot.getElementById(\'hub-bg-mode-select\')?.value || \'default\';\n    const hub_bg_mode = selected_hub_bg_mode === \'default\' ? \'none\' : selected_hub_bg_mode;\n    let hub_bg_file = \'\';\n    const hub_bg_url = this.shadowRoot.getElementById(\'hub-bg-url-input\')?.value || \'\';\n    if (hub_bg_url) {\n      hub_bg_file = hub_bg_url;\n    } else if (this._hubBgFile) {\n      hub_bg_file = this._hubBgFile;\n    }\n    const hub_bg_sound = Boolean(this.shadowRoot.getElementById(\'chk-hub-bg-sound\')?.checked);\n\n    const payload = {\n      home_name: this._homeName,\n      background_mode,\n      background_images: this._backgroundImages || [],\n      temperature_source,\n      weather_source,\n      emergency_number,\n      panel_bg_file,\n      panel_bg_sound,\n      hub_bg_mode,\n      hub_bg_file,\n      hub_bg_sound\n    };\n    if (this._panicOutputs !== undefined) {\n      payload.panic_outputs = this._panicOutputs;\n    }\n\n    try {\n      await this._send(\'argus/save_ui\', payload);\n      this._backgroundMode = background_mode;\n      this._temperatureSource = temperature_source;\n      this._weatherSource = weather_source;\n      this._emergencyNumber = emergency_number;\n      this._panelBgFile = panel_bg_file;\n      this._panelBgSound = panel_bg_sound;\n      this._hubBgMode = selected_hub_bg_mode;\n      this._hubBgFile = hub_bg_file;\n      this._hubBgSound = hub_bg_sound;\n      this._updateTheme();\n\n      this._ui = this._ui || {};\n      this._ui.background_mode = background_mode;\n      this._ui.background_images = this._backgroundImages || [];\n      this._ui.temperature_source = temperature_source;\n      this._ui.weather_source = weather_source;\n      this._ui.emergency_number = emergency_number;\n      this._ui.panic_outputs = this._panicOutputs;\n      this._configureEmergencyCall();\n      this._ui.panel_bg_file = panel_bg_file;\n      this._ui.panel_bg_sound = panel_bg_sound;\n      this._ui.hub_bg_mode = hub_bg_mode;\n      this._ui.hub_bg_file = hub_bg_file;\n      this._ui.hub_bg_sound = hub_bg_sound;\n\n      this._renderEntries();\n      this._updateCanvasBackground();\n\n      const btn = this.shadowRoot.getElementById(\'btn-save-personalization-standalone\');\n      if (btn) {\n        const oldText = btn.textContent;\n        btn.textContent = this._t(\'saved\');\n        btn.style.background = \'#43a047\';\n        setTimeout(() => { btn.textContent = oldText; btn.style.background = \'\'; }, 3000);\n      }\n    } catch (e) { alert(this._format(\'generic_error\', { error: e.message })); }\n  }\n\n  /* ── Home Name management ────────────────────────────────────────── */\n  _editHomeName() {\n    const doOpen = () => {\n      const m = this.shadowRoot.getElementById(\'home-name-modal\');\n      const inp = this.shadowRoot.getElementById(\'home-name-input\');\n      const st  = this.shadowRoot.getElementById(\'home-name-status\');\n      inp.value = this._homeName || this.shadowRoot.getElementById(\'home-name-setting\')?.value || \'\';\n      if (st) st.textContent = \'\';\n      m.classList.add(\'open\'); m.setAttribute(\'aria-hidden\', \'false\');\n      setTimeout(() => inp.focus(), 60);\n    };\n    this._runWithPin(doOpen);\n  }\n\n  _closeHomeNameModal() {\n    const m = this.shadowRoot.getElementById(\'home-name-modal\');\n    m.classList.remove(\'open\'); m.setAttribute(\'aria-hidden\', \'true\');\n  }\n\n  async _saveHomeName() {\n    const inp = this.shadowRoot.getElementById(\'home-name-input\');\n    const name = (inp?.value || \'\').trim();\n    try {\n      await this._send(\'argus/save_ui\', { home_name: name });\n      this._homeName = name;\n      if (!this._ui) this._ui = {};\n      this._ui.home_name = name;\n      this._updateHomeNameDisplay();\n      this._renderEntries();\n      setTimeout(() => this._closeHomeNameModal(), 800);\n    } catch (e) { alert(this._format(\'generic_error\', { error: e.message })); }\n  }\n\n  /* ── PIN management ──────────────────────────────────────────────── */\n  async _savePin() {\n    const status = this.shadowRoot.getElementById(\'pin-status\');\n    const pinConfigured = this._dashboard?.entries?.[0]?.pin_configured === true;\n\n    const pinCurrent = this.shadowRoot.getElementById(\'current-pin\').value;\n    if (pinConfigured && !pinCurrent) {\n      if (status) {\n        status.textContent = this._t(\'pin_incorrect\');\n        status.className = \'status err\';\n      }\n      return;\n    }\n\n    const p1 = this.shadowRoot.getElementById(\'new-pin-1\').value;\n    const p2 = this.shadowRoot.getElementById(\'new-pin-2\').value;\n\n    if (p1 !== p2) {\n      if (status) {\n        status.textContent = this._t(\'pin_mismatch\');\n        status.className = \'status err\';\n      } else {\n        alert(this._t(\'pin_mismatch\'));\n      }\n      return;\n    }\n\n    try {\n      await this._send(\'argus/update_master_pin\', { pin: p1, current_pin: pinCurrent });\n      if (status) {\n        status.textContent = p1 ? this._t(\'pin_updated\') : this._t(\'pin_deleted\');\n        status.className = \'status ok\';\n      }\n      if (this.shadowRoot.getElementById(\'current-pin-display\')) {\n        this.shadowRoot.getElementById(\'current-pin-display\').textContent = p1 ? this._t(\'pin_active_yes\') : this._t(\'pin_active_no\');\n      }\n      if (this._dashboard?.entries?.[0]) this._dashboard.entries[0].pin_configured = Boolean(p1);\n      this._syncAccessSummary();\n      if (this.shadowRoot.getElementById(\'current-pin\')) this.shadowRoot.getElementById(\'current-pin\').value = \'\';\n      this.shadowRoot.getElementById(\'new-pin-1\').value = \'\';\n      this.shadowRoot.getElementById(\'new-pin-2\').value = \'\';\n      setTimeout(() => this._load(), 1200);\n    } catch (e) {\n      if (status) {\n        status.textContent = e.message;\n        status.className = \'status err\';\n      } else {\n        alert(e.message);\n      }\n    }\n  }\n\n  async _handleForgotPin() {\n    const status = this.shadowRoot.getElementById(\'pin-status\');\n    const pinErr = this.shadowRoot.getElementById(\'pin-error\');\n\n    const isAdmin = this._hass?.user?.is_admin === true;\n\n    if (!isAdmin) {\n      const errMsg = this._t(\'pin_reset_admin_only\');\n      if (status) {\n        status.textContent = errMsg;\n        status.className = \'status err\';\n      }\n      if (pinErr) {\n        pinErr.textContent = errMsg;\n      }\n      return;\n    }\n\n    if (confirm(this._t(\'pin_reset_confirm\'))) {\n      try {\n        await this._send(\'argus/update_master_pin\', { pin: \'\', force_reset: true });\n        const successMsg = \'✓ PIN Maestro restablecido\';\n        if (status) {\n          status.textContent = successMsg;\n          status.className = \'status ok\';\n        }\n        if (pinErr) {\n          pinErr.textContent = successMsg;\n          pinErr.style.color = \'#43a047\';\n        }\n\n        if (this.shadowRoot.getElementById(\'current-pin\')) this.shadowRoot.getElementById(\'current-pin\').value = \'\';\n        this.shadowRoot.getElementById(\'new-pin-1\').value = \'\';\n        this.shadowRoot.getElementById(\'new-pin-2\').value = \'\';\n\n        setTimeout(() => {\n          this._closePinModal();\n          this._load();\n        }, 1200);\n      } catch (e) {\n        const errMsg = this._format(\'generic_error\', { error: e.message });\n        if (status) {\n          status.textContent = errMsg;\n          status.className = \'status err\';\n        }\n        if (pinErr) {\n          pinErr.textContent = errMsg;\n        }\n      }\n    }\n  }\n\n  /* ── Liquid-glass input modal (replaces window.prompt) ───────────── */\n  _showArgusInputModal({ title = \'\', label = \'\', placeholder = \'\', initialValue = \'\', type = \'text\', numeric = false, options = null } = {}) {\n    return new Promise(resolve => {\n      const id = `_aim_${Date.now()}`;\n      const overlay = document.createElement(\'div\');\n      overlay.id = id;\n      overlay.setAttribute(\'role\', \'dialog\');\n      overlay.setAttribute(\'aria-modal\', \'true\');\n      overlay.style.cssText = [\n        \'position:fixed;inset:0;z-index:9999999;display:flex;align-items:center;justify-content:center\',\n        \'background:rgba(0,0,0,0.45);backdrop-filter:blur(8px);-webkit-backdrop-filter:blur(8px)\',\n        \'animation:argus-modal-in .18s ease\',\n      ].join(\';\');\n\n      const safeLabel = label.replace(/\'/g, \'&#39;\');\n      const safeTitle = title.replace(/\'/g, \'&#39;\');\n      const safePlaceholder = placeholder.replace(/\'/g, \'&#39;\');\n      const cancelLabel = this._t(\'modal_cancel\') || \'Cancelar\';\n      const saveLabel   = this._t(\'modal_save\')   || \'Guardar\';\n\n      overlay.innerHTML = `\n        <div style="background:rgba(30,30,45,0.82);border:1px solid rgba(255,255,255,0.14);border-radius:20px;\n          padding:28px 24px 22px;width:min(360px,90vw);box-shadow:0 24px 64px rgba(0,0,0,0.55);\n          display:flex;flex-direction:column;gap:14px;backdrop-filter:blur(20px);-webkit-backdrop-filter:blur(20px)">\n          <div style="font-size:16px;font-weight:700;color:#fff;letter-spacing:.01em">${safeTitle}</div>\n          ${safeLabel ? `<div style="font-size:13px;color:rgba(255,255,255,0.55);margin-top:-6px">${safeLabel}</div>` : \'\'}\n          ${type === \'select\' && options\n            ? `<select id="aim-inp" style="background:rgba(255,255,255,0.07);border:1px solid rgba(255,255,255,0.15);border-radius:12px;padding:12px 14px;font-size:15px;color:#fff;outline:none;width:100%;box-sizing:border-box;transition:border-color .2s;font-family:inherit">\n                 ${options.map(o => `<option value="${this._escapeHtml(o.value)}" ${o.value === initialValue ? \'selected\' : \'\'}>${this._escapeHtml(o.label)}</option>`).join(\'\')}\n               </select>`\n            : `<input id="aim-inp" type="${type === \'password\' ? \'password\' : \'text\'}"\n            ${numeric ? \'inputmode="numeric" pattern="[0-9]*"\' : \'\'}\n            placeholder="${safePlaceholder}"\n            value="${initialValue.replace(/"/g, \'&quot;\')}"\n            style="background:rgba(255,255,255,0.07);border:1px solid rgba(255,255,255,0.15);border-radius:12px;\n              padding:12px 14px;font-size:15px;color:#fff;outline:none;width:100%;box-sizing:border-box;\n              transition:border-color .2s;font-family:inherit"/>`\n          }\n          <div style="display:flex;gap:10px;margin-top:4px">\n            <button id="aim-cancel" style="flex:1;padding:11px;border-radius:12px;border:1px solid rgba(255,255,255,0.12);\n              background:rgba(255,255,255,0.06);color:#fff;font-size:14px;cursor:pointer;font-family:inherit">${cancelLabel}</button>\n            <button id="aim-ok" style="flex:1;padding:11px;border-radius:12px;border:none;\n              background:linear-gradient(135deg,#4a90d9,#7b5ea7);color:#fff;font-size:14px;font-weight:600;\n              cursor:pointer;font-family:inherit;box-shadow:0 4px 14px rgba(74,144,217,0.35)">${saveLabel}</button>\n          </div>\n        </div>`;\n\n      const root = this.shadowRoot || document.body;\n      root.appendChild(overlay);\n\n      const inp = overlay.querySelector(\'#aim-inp\');\n      const okBtn = overlay.querySelector(\'#aim-ok\');\n      const cancelBtn = overlay.querySelector(\'#aim-cancel\');\n\n      setTimeout(() => inp?.focus(), 60);\n      inp?.addEventListener(\'focus\', () => inp.style.borderColor = \'rgba(74,144,217,0.8)\');\n      inp?.addEventListener(\'blur\',  () => inp.style.borderColor = \'rgba(255,255,255,0.15)\');\n\n      const cleanup = val => { overlay.remove(); resolve(val); };\n\n      okBtn.addEventListener(\'click\', () => cleanup(inp.value));\n      cancelBtn.addEventListener(\'click\', () => cleanup(null));\n      inp.addEventListener(\'keydown\', e => {\n        if (e.key === \'Enter\') { e.preventDefault(); cleanup(inp.value); }\n        if (e.key === \'Escape\') { e.preventDefault(); cleanup(null); }\n      });\n      overlay.addEventListener(\'click\', e => { if (e.target === overlay) cleanup(null); });\n    });\n  }\n\n  /* ── Liquid-glass confirm modal (replaces window.confirm) ─────────── */\n  _showArgusConfirmModal(message = \'\', { confirmLabel = \'\', confirmStyle = \'\', cancelLabel = \'\' } = {}) {\n    return new Promise(resolve => {\n      const overlay = document.createElement(\'div\');\n      overlay.setAttribute(\'role\', \'alertdialog\');\n      overlay.setAttribute(\'aria-modal\', \'true\');\n      overlay.style.cssText = [\n        \'position:fixed;inset:0;z-index:9999999;display:flex;align-items:center;justify-content:center\',\n        \'background:rgba(0,0,0,0.45);backdrop-filter:blur(8px);-webkit-backdrop-filter:blur(8px)\',\n        \'animation:argus-modal-in .18s ease\',\n      ].join(\';\');\n\n      const cl = confirmLabel || this._t(\'modal_confirm\') || \'Confirmar\';\n      const ccl = cancelLabel  || this._t(\'modal_cancel\')  || \'Cancelar\';\n      const cStyle = confirmStyle || \'background:linear-gradient(135deg,#4a90d9,#7b5ea7);border:none;box-shadow:0 4px 14px rgba(74,144,217,0.35)\';\n\n      overlay.innerHTML = `\n        <div style="background:rgba(30,30,45,0.82);border:1px solid rgba(255,255,255,0.14);border-radius:20px;\n          padding:28px 24px 22px;width:min(340px,90vw);box-shadow:0 24px 64px rgba(0,0,0,0.55);\n          display:flex;flex-direction:column;gap:18px;backdrop-filter:blur(20px);-webkit-backdrop-filter:blur(20px)">\n          <div style="font-size:15px;color:rgba(255,255,255,0.88);line-height:1.5;text-align:center">${message}</div>\n          <div style="display:flex;gap:10px">\n            <button id="acm-cancel" style="flex:1;padding:11px;border-radius:12px;border:1px solid rgba(255,255,255,0.12);\n              background:rgba(255,255,255,0.06);color:#fff;font-size:14px;cursor:pointer;font-family:inherit">${ccl}</button>\n            <button id="acm-ok" style="flex:1;padding:11px;border-radius:12px;color:#fff;font-size:14px;font-weight:600;\n              cursor:pointer;font-family:inherit;${cStyle}">${cl}</button>\n          </div>\n        </div>`;\n\n      const root = this.shadowRoot || document.body;\n      root.appendChild(overlay);\n\n      const cleanup = val => { overlay.remove(); resolve(val); };\n      overlay.querySelector(\'#acm-ok\').addEventListener(\'click\', () => cleanup(true));\n      overlay.querySelector(\'#acm-cancel\').addEventListener(\'click\', () => cleanup(false));\n      overlay.addEventListener(\'click\', e => { if (e.target === overlay) cleanup(false); });\n      overlay.addEventListener(\'keydown\', e => {\n        if (e.key === \'Enter\') cleanup(true);\n        if (e.key === \'Escape\') cleanup(false);\n      });\n      setTimeout(() => overlay.querySelector(\'#acm-ok\')?.focus(), 60);\n    });\n  }\n\n  _runWithPin(action) {\n    action();\n  }\n\n  _showPinModal(onConfirm) {\n    const m = this.shadowRoot.getElementById(\'pin-modal\');\n    const inp = this.shadowRoot.getElementById(\'pin-input\');\n    const err = this.shadowRoot.getElementById(\'pin-error\');\n    const wrap = this.shadowRoot.querySelector(\'.wrap\');\n    inp.value = \'\';\n    if (err) {\n      err.textContent = \'\';\n      err.style.color = \'\';\n    }\n    this._pinCallback = onConfirm;\n\n    const isFS = this.classList.contains(\'fullscreen-active\');\n    let fsEl = null;\n    if (isFS) {\n      fsEl = this.shadowRoot.querySelector(\'.entry.ios-fullscreen\') ||\n             this.shadowRoot.querySelector(\'.entry\') ||\n             this.shadowRoot.querySelector(\'article\');\n    }\n\n    if (isFS && fsEl) {\n      m.style.position = \'absolute\';\n      m.style.zIndex = \'99999999\';\n      m.style.background = \'rgba(0, 0, 0, 0.55)\';\n      m.style.backdropFilter = \'none\';\n      m.style.webkitBackdropFilter = \'none\';\n      const modalBox = m.querySelector(\'.modal\');\n      if (modalBox) {\n        modalBox.classList.remove(\'dial-elastic\');\n        void modalBox.offsetWidth; // force reflow\n        modalBox.classList.add(\'dial-elastic\');\n      }\n      fsEl.appendChild(m);\n    } else {\n      m.style.position = \'fixed\';\n      m.style.zIndex = \'999999\';\n      m.style.background = \'rgba(0, 0, 0, 0.3)\';\n      m.style.backdropFilter = \'none\';\n      m.style.webkitBackdropFilter = \'none\';\n      if (wrap) {\n        wrap.classList.add(\'wrap-blurred\');\n      }\n    }\n\n    m.classList.add(\'open\'); m.setAttribute(\'aria-hidden\', \'false\');\n    setTimeout(() => inp.focus(), 60);\n  }\n\n  _closePinModal() {\n    const m = this.shadowRoot.getElementById(\'pin-modal\');\n    m.classList.remove(\'open\');\n    m.setAttribute(\'aria-hidden\', \'true\');\n    const wrap = this.shadowRoot.querySelector(\'.wrap\');\n    if (wrap) {\n      wrap.classList.remove(\'wrap-blurred\');\n    }\n    m.style.position = \'fixed\';\n    m.style.zIndex = \'999999\';\n    this.shadowRoot.appendChild(m);\n    this._pinCallback = null;\n  }\n\n  _appendPinDigit(digit) {\n    const inp = this.shadowRoot.getElementById(\'pin-input\');\n    const err = this.shadowRoot.getElementById(\'pin-error\');\n    if (!inp) return;\n    inp.value = `${inp.value || \'\'}${digit}`.slice(0, 8);\n    if (err) err.textContent = \'\';\n  }\n\n  _backspacePin() {\n    const inp = this.shadowRoot.getElementById(\'pin-input\');\n    const err = this.shadowRoot.getElementById(\'pin-error\');\n    if (!inp) return;\n    inp.value = (inp.value || \'\').slice(0, -1);\n    if (err) err.textContent = \'\';\n  }\n\n  async _submitPin() {\n    const pin = this.shadowRoot.getElementById(\'pin-input\').value.trim();\n    if (!pin) {\n      const errEl = this.shadowRoot.getElementById(\'pin-error\');\n      if (errEl) errEl.textContent = \'⚠️ Introduce el PIN\';\n      return;\n    }\n    const cb = this._pinCallback;\n    if (cb) {\n      try {\n        const success = await cb(pin);\n        if (success !== false) {\n          this._closePinModal();\n        }\n      } catch (err) {\n        const errEl = this.shadowRoot.getElementById(\'pin-error\');\n        if (errEl) errEl.textContent = err.message || \'❌ PIN incorrecto\';\n      }\n    } else {\n      this._closePinModal();\n    }\n  }\n\n  /* ── Selector modal ──────────────────────────────────────────────── */\n  _selectAll() {\n    const q = (this.shadowRoot.getElementById(\'selector-search\').value || \'\').toLowerCase().trim();\n    const INTRUSION_DC = [\'door\',\'window\',\'motion\',\'vibration\',\'glass\',\'opening\',\'smoke\',\'gas\',\'tamper\'];\n    const items = this._available.filter(x => {\n      if (this._selectorTarget === \'siren\' || this._selectorTarget === \'panic\') return [\'siren\',\'switch\',\'light\',\'fan\',\'input_boolean\',\'script\'].includes(x.domain);\n      if (x.domain === \'lock\') return true;\n      if (x.domain === \'binary_sensor\') {\n        const dc = this._hass?.states?.[x.entity_id]?.attributes?.device_class || \'\';\n        return INTRUSION_DC.includes(dc);\n      }\n      return false;\n    }).filter(x => !q || [x.entity_id, x.name, x.area].filter(Boolean).join(\' \').toLowerCase().includes(q));\n    items.forEach(x => { if (!this._selected.includes(x.entity_id)) this._selected.push(x.entity_id); });\n    this._renderSelector();\n  }\n\n  _openModal(type) {\n    this._selectorTarget = type;\n    const cfg = this._currentModeConfig();\n    const _srcKey = type === \'sensor\' ? \'sensors\' : (type === \'bypass\' ? \'bypassed_sensors\' : (type === \'entry\' ? \'entry_sensors\' : \'sirens\'));\n    this._selected = type === \'panic\'\n      ? [...(this._panicOutputs || [])]\n      : (Array.isArray(cfg[_srcKey]) ? [...cfg[_srcKey]] : []);\n    const title = this.shadowRoot.getElementById(\'selector-title\');\n    if (type === \'sensor\') title.textContent = this._t(\'sensor_section\');\n    else if (type === \'bypass\') title.textContent = this._t(\'sensors_to_bypass\');\n    else if (type === \'entry\') title.textContent = this._t(\'entry_sensors\');\n    else if (type === \'panic\') title.textContent = this._t(\'selector_panic\');\n    else title.textContent = this._t(\'siren_section\');\n    this.shadowRoot.getElementById(\'selector-search\').value = \'\';\n    this._renderSelector();\n    const m = this.shadowRoot.getElementById(\'selector-modal\');\n    m.classList.add(\'open\'); m.setAttribute(\'aria-hidden\', \'false\');\n  }\n\n  _closeModal() {\n    const m = this.shadowRoot.getElementById(\'selector-modal\');\n    m.classList.remove(\'open\'); m.setAttribute(\'aria-hidden\', \'true\');\n  }\n\n  _renderSelector() {\n    const q = (this.shadowRoot.getElementById(\'selector-search\').value || \'\').toLowerCase().trim();\n    const list   = this.shadowRoot.getElementById(\'selector-list\');\n    const selBox = this.shadowRoot.getElementById(\'selector-selected\');\n\n    const INTRUSION_DC = [\'door\',\'window\',\'motion\',\'vibration\',\'glass\',\'opening\',\'smoke\',\'gas\',\'tamper\'];\n    const items = this._available.filter(x => {\n      if (this._selectorTarget === \'siren\' || this._selectorTarget === \'panic\') return [\'siren\',\'switch\',\'light\',\'fan\',\'input_boolean\',\'script\'].includes(x.domain);\n      if (x.domain === \'lock\') return true;\n      if (x.domain === \'binary_sensor\') {\n        const dc = this._hass?.states?.[x.entity_id]?.attributes?.device_class || \'\';\n        return INTRUSION_DC.includes(dc);\n      }\n      return false;\n    }).filter(x => !q || [x.entity_id, x.name, x.area, x.entity_id.split(\'.\')[1]].filter(Boolean).join(\' \').toLowerCase().includes(q));\n\n    list.innerHTML = items.map(x => {\n      const raw   = this._hass?.states?.[x.entity_id]?.state || \'unknown\';\n      const stateObj = this._hass?.states?.[x.entity_id];\n      const facts = this._deviceFacts(x.entity_id, stateObj, true);\n      return `<label class="pick-row">\n        <input type="checkbox" data-entity="${this._escapeHtml(x.entity_id)}" ${this._selected.includes(x.entity_id) ? \'checked\' : \'\'}>\n        <div>\n          <div class="pick-row-name">${this._escapeHtml(x.name || x.entity_id)}</div>\n          <div class="pick-row-meta">${this._escapeHtml(x.entity_id)}${x.area ? \' · \'+this._escapeHtml(x.area) : \'\'}</div>\n          <div class="device-facts">${facts.map(f => `<span class="device-fact ${f.className}">${this._escapeHtml(f.text)}</span>`).join(\'\')}</div>\n        </div>\n      </label>`;\n    }).join(\'\') || `<div class="small" style="padding:10px">${this._t(\'no_results\')}</div>`;\n\n    list.addEventListener(\'change\', e => {\n      const cb = e.target.closest(\'input[type=checkbox]\');\n      if (!cb || !cb.dataset.entity) return;\n      const id = cb.dataset.entity;\n      if (cb.checked) { if (!this._selected.includes(id)) this._selected.push(id); }\n      else this._selected = this._selected.filter(v => v !== id);\n      this._renderSelector();\n    }, { once: true });\n\n    selBox.innerHTML = this._selected.map(id => {\n      const stateObj = this._hass?.states?.[id];\n      const facts = this._deviceFacts(id, stateObj, true);\n      return `<div class="sel-right-item">\n        <div style="min-width:0">\n          <div class="sel-right-name">${this._escapeHtml(stateObj?.attributes?.friendly_name || id)}</div>\n          <div class="sel-right-facts">${facts.map(f => `<span class="device-fact ${f.className}">${this._escapeHtml(f.text)}</span>`).join(\'\')}</div>\n        </div>\n        <button class="ghost" style="padding:3px 8px;font-size:11px;flex-shrink:0;margin-left:6px" data-rm="${this._escapeHtml(id)}">✕</button>\n      </div>`;\n    }).join(\'\') || `<div class="small" style="padding:10px;opacity:.5">${this._t(\'none_selected\')}</div>`;\n\n    selBox.querySelectorAll(\'[data-rm]\').forEach(b =>\n      b.addEventListener(\'click\', () => {\n        this._selected = this._selected.filter(v => v !== b.dataset.rm);\n        this._renderSelector();\n      })\n    );\n    this.shadowRoot.getElementById(\'selector-count\').textContent =\n      `${this._selected.length} ${this._t(\'selected_lbl\').toLowerCase()}`;\n  }\n\n  _acceptSelection() {\n    // FIX A DEFINITIVO: leer cfg fresco, mutar, y escribir de vuelta\n    // EXACTAMENTE en modes.__by_entity__[eid][mode] — la misma ruta que _currentModeConfig lee\n    if (!this._ui) return;\n    if (this._selectorTarget === \'panic\') {\n      this._panicOutputs = [...this._selected];\n      this._renderSosOutputs();\n      this._closeModal();\n      return;\n    }\n    if (!this._ui.modes) this._ui.modes = {};\n    if (!this._ui.modes.__by_entity__) this._ui.modes.__by_entity__ = {};\n    let _eid = this._modeEntryId;\n    if (!_eid || _eid === \'default\') {\n      _eid = this._dashboard?.entries?.[0]?.entity_id || \'default\';\n    }\n    this._modeEntryId = _eid;\n    if (!this._ui.modes.__by_entity__[_eid]) this._ui.modes.__by_entity__[_eid] = {};\n    const EMPTY = { sensors:[], bypassed_sensors:[], sirens:[], require_closed:false,\n                    arming_time:null, entry_delay:null, mqtt_enabled:null, entry_sensors:[] };\n    // Partir de la config existente para no perder otros campos\n    const existing = this._ui.modes.__by_entity__[_eid][this._mode] || {};\n    const cfg = { ...EMPTY, ...existing };\n    if (this._selectorTarget === \'sensor\') cfg.sensors          = [...this._selected];\n    if (this._selectorTarget === \'siren\')  cfg.sirens           = [...this._selected];\n    if (this._selectorTarget === \'bypass\') cfg.bypassed_sensors = [...this._selected];\n    if (this._selectorTarget === \'entry\')  cfg.entry_sensors    = [...this._selected];\n    // Escribir de vuelta en la ruta canónica\n    this._ui.modes.__by_entity__[_eid][this._mode] = cfg;\n    this._closeModal();\n    this._renderModeView();\n  }\n\n  /* ── Alarm actions ───────────────────────────────────────────────── */\n  async _handleAction(idx, action) {\n    const e = this._dashboard.entries[Number(idx)];\n    if (!e?.entity_id || !this._hass) return;\n    const live = this._hass.states[e.entity_id];\n    if (!live || live.state === \'unavailable\') return;\n\n    const serviceMap = {\n      home: \'alarm_arm_home\', away: \'alarm_arm_away\',\n      night: \'alarm_arm_night\', vacation: \'alarm_arm_vacation\',\n      disarm: \'alarm_disarm\',\n    };\n    const modeLabels = {\n      home: this._t(\'mode_home\'), away: this._t(\'mode_away\'),\n      night: this._t(\'mode_night\'), vacation: this._t(\'mode_vacation\'),\n    };\n    const service = serviceMap[action];\n    if (!service) return;\n    const currentUser = this._hass?.user?.name || this._t(\'user_default\');\n\n    if (action === \'disarm\') {\n      // FIX-4: sólo mostrar modal de PIN si hay código configurado\n      const masterPin = e.pin_configured === true;\n      const hasUsers = e.user_pin_configured === true;\n      const doDisarm = async (pin) => {\n        try {\n          await this._send(\'argus/perform_alarm_action\', {\n            action: \'disarm\',\n            entry_id: e.entry_id,\n            ...(pin ? { code: pin } : {})\n          });\n\n          this._sendHaNotif(`🔓 ${this._t(\'log_disarmed\')}`, this._format(\'notification_disarmed\', { user: currentUser }));\n          // FIX v0.9.32 — Bug 1: al desarmar, forzar re-render inmediato para\n          // quitar la clase siren-active/triggered-sensor de todas las píldoras.\n          setTimeout(() => { this._renderModeView(); this._load(); }, 300);\n          return true;\n        } catch (err) {\n          const pinErr = this.shadowRoot.getElementById(\'pin-error\');\n          if (pinErr) pinErr.textContent = \'❌ PIN incorrecto o error al desarmar\';\n          return false;\n        }\n      };\n      if (masterPin || hasUsers) {\n        // Keep the compact panel intact. The touch/mouse keypad is rendered\n        // only after the user explicitly asks to disarm.\n        this._showPinModal(async pin => { return await doDisarm(pin); });\n      } else {\n        await doDisarm(null);\n      }\n      return;\n    }\n\n    // FIX-3: leer modeCfg desde la ruta canónica __by_entity__\n    const _armEid = this._modeEntryId || this._dashboard?.entries?.[0]?.entity_id;\n    const modeCfg = (this._ui?.modes?.__by_entity__?.[_armEid]?.[action])\n                 || (this._ui?.modes?.[action])\n                 || {};\n\n    // FIX-5: bloqueo require_closed con detalle de sensores abiertos\n    if (modeCfg.require_closed) {\n      const modeSensors = modeCfg.sensors || [];\n      // Match the integration behaviour: bypassed sensors never block arming\n      // and never trigger the alarm in this specific mode.\n      const bypassedSensors = new Set(\n        modeCfg.bypassed_sensors || modeCfg.bypassedSensors || []\n      );\n      const openNames = [];\n      for (const sId of modeSensors) {\n        if (bypassedSensors.has(sId)) continue;\n        const estado = this._hass.states[sId]?.state;\n        if ([\'on\', \'open\', \'unlocked\', \'active\', \'motion\', \'recording\'].includes(estado)) {\n          openNames.push(this._hass.states[sId]?.attributes?.friendly_name || sId);\n        }\n      }\n      if (openNames.length > 0) {\n        this._showArmBlockedAlert(openNames);\n\n        return;\n      }\n    }\n\n    try {\n      await this._send(\'argus/perform_alarm_action\', {\n        action: service.replace(\'alarm_\', \'\'),\n        entry_id: e.entry_id\n      });\n      const modeTxt = modeLabels[action] || action;\n\n      this._sendHaNotif(`🔒 ${this._t(\'log_armed\')} — ${modeTxt}`, this._format(\'notification_armed\', { user: currentUser, mode: modeTxt }));\n      setTimeout(() => this._load(), 800);\n    } catch (err) {\n      // FIX-5: mostrar error real del backend al usuario\n      const msg = err?.message || (typeof err === \'string\' ? err : JSON.stringify(err));\n      this._showArmBlockedAlert([], msg);\n      console.error(\'Argus action failed\', err);\n    }\n  }\n\n  _showArmBlockedAlert(openSensors = [], customMsg = \'\') {\n    // FIX-5: alerta rica con motivo real\n    if (customMsg) {\n      alert(`🚨 ${this._t(\'action_failed\')}\\n\\n${customMsg}`);\n      return;\n    }\n    const lines = openSensors.map(n => `  • ${n}`).join(\'\\n\');\n    alert(\n      `🚨 ${this._t(\'cannot_arm\')}\\n\\n` +\n      this._format(\'open_sensors_explain\', { names: lines })\n    );\n  }\n\n  /* ── Bootstrap Render Methods ─────────────────────────────────────── */\n  _renderInitializationError(error) {\n    const overlay = this.shadowRoot.getElementById(\'bootstrap-overlay\');\n    overlay.style.display = \'flex\';\n    overlay.innerHTML = `\n      <div class="argus-bootstrap-card liquid-glass">\n        <img src="/api/argus_static/argus_logo.png" alt="Argus"\n             style="height:72px;border-radius:18px;margin-bottom:16px">\n        <h1>${this._escapeHtml(this._t(\'initialization_error_title\'))}</h1>\n        <p>${this._escapeHtml(this._t(\'initialization_error_desc\'))}</p>\n        <div style="font-size:11px;opacity:.55;margin-bottom:16px;word-break:break-word">\n          ${this._escapeHtml(error?.message || \'unknown error\')}\n        </div>\n        <button id="btn-retry-argus" class="btn-start" style="width:100%">\n          ${this._escapeHtml(this._t(\'retry_action\'))}\n        </button>\n      </div>\n    `;\n    this.shadowRoot.getElementById(\'btn-retry-argus\')?.addEventListener(\'click\', () => {\n      overlay.style.display = \'none\';\n      this._dashboard = null;\n      this._ensureInitialized();\n    });\n  }\n\n  _renderMissingConfigurationScreen() {\n    const overlay = this.shadowRoot.getElementById(\'bootstrap-overlay\');\n    overlay.style.display = \'flex\';\n    overlay.innerHTML = `\n      <div class="argus-bootstrap-card liquid-glass">\n        <img src="/api/argus_static/argus_logo.png" alt="Argus"\n             style="height:72px;border-radius:18px;margin-bottom:16px">\n        <h1>${this._escapeHtml(this._t(\'setup_required_title\'))}</h1>\n        <p>${this._escapeHtml(this._t(\'setup_required_desc\'))}</p>\n        <button id="btn-open-argus-integration" class="btn-start" style="width:100%">\n          ${this._escapeHtml(this._t(\'setup_required_action\'))}\n        </button>\n      </div>\n    `;\n    this.shadowRoot.getElementById(\'btn-open-argus-integration\')?.addEventListener(\'click\', () => {\n      history.pushState(null, \'\', \'/config/integrations/integration/argus\');\n      window.dispatchEvent(new CustomEvent(\'location-changed\'));\n    });\n  }\n\n  _showProfileWelcome() {\n    if (this._welcomeShownThisMount || !this._currentProfile?.name) return;\n    this._welcomeShownThisMount = true;\n    const overlay = this.shadowRoot.getElementById(\'bootstrap-overlay\');\n    const message = this._format(\'welcome_profile\', {\n      name: this._currentProfile.name,\n    });\n    overlay.style.display = \'flex\';\n    overlay.innerHTML = `\n      <div class="argus-bootstrap-card liquid-glass" style="animation:cardSlideFadeIn .45s ease">\n        <img src="/api/argus_static/argus_logo.png" alt="Argus"\n             style="height:72px;border-radius:18px;margin-bottom:16px">\n        <h1>${this._escapeHtml(message)}</h1>\n        <p style="margin-bottom:0">Argus Home Hub</p>\n      </div>\n    `;\n    clearTimeout(this._welcomeTimer);\n    this._welcomeTimer = setTimeout(() => {\n      overlay.style.opacity = \'0\';\n      setTimeout(() => {\n        overlay.style.display = \'none\';\n        overlay.style.opacity = \'\';\n      }, 300);\n    }, 1200);\n  }\n\n  _renderFirstRunScreen() {\n    const overlay = this.shadowRoot.getElementById(\'bootstrap-overlay\');\n    overlay.style.display = \'flex\';\n\n    if (this._hass?.user && this._hass.user.is_admin === false) {\n      overlay.innerHTML = `\n        <div class="argus-bootstrap-card liquid-glass">\n          <h1>${this._t(\'first_run_blocked_title\') || \'Acceso denegado\'}</h1>\n          <p>${this._t(\'first_run_blocked_desc\') || \'Se requiere un administrador de Home Assistant para configurar Argus por primera vez.\'}</p>\n        </div>\n      `;\n      return;\n    }\n\n    const defaultName = this._hass?.user?.name || "Admin";\n    const language = this._getCurrentLangCode();\n    const welcomeCopy = {\n      es: [\'Bienvenido a Argus Home Hub\', \'Protección inteligente para lo que más importa.\'],\n      en: [\'Welcome to Argus Home Hub\', \'Smart protection for what matters most.\'],\n      fr: [\'Bienvenue dans Argus Home Hub\', \'Une protection intelligente pour ce qui compte le plus.\'],\n      pt: [\'Bem-vindo ao Argus Home Hub\', \'Proteção inteligente para o que mais importa.\'],\n      it: [\'Benvenuto in Argus Home Hub\', \'Protezione intelligente per ciò che conta di più.\'],\n      zh: [\'欢迎使用 Argus Home Hub\', \'为重要事物提供智能保护。\'],\n      ru: [\'Добро пожаловать в Argus Home Hub\', \'Умная защита самого важного.\'],\n    }[language] || [\'Welcome to Argus Home Hub\', \'Smart protection for what matters most.\'];\n    const finishFirstRun = () => {\n      overlay.innerHTML = `\n        <div class="argus-bootstrap-card liquid-glass argus-first-run-card" style="max-width:420px">\n          <div class="argus-first-run-thank-icon">✓</div>\n          <h1 style="margin-bottom:10px;font-weight:850">Gracias por usar Argus Home Hub</h1>\n          <p style="margin:0">Tu sistema está listo y protegido.</p>\n        </div>\n      `;\n      setTimeout(() => {\n        overlay.style.display = \'none\';\n        this._profileSelectedThisMount = true;\n        this._load();\n      }, 1500);\n    };\n    overlay.innerHTML = `\n      <div class="argus-bootstrap-card liquid-glass argus-first-run-card" style="max-width:540px;width:92vw">\n        <div class="argus-first-run-brand">\n          <img class="argus-first-run-logo" src="/api/argus_static/argus_logo.png" alt="Logotipo oficial de Argus">\n          <div>\n            <h1>${this._escapeHtml(welcomeCopy[0])}</h1>\n            <p>${this._escapeHtml(welcomeCopy[1])}</p>\n          </div>\n        </div>\n\n        <!-- Mode selector tabs -->\n        <div style="display:flex;gap:10px;margin-bottom:16px;background:rgba(255,255,255,0.05);padding:4px;border-radius:12px;border:1px solid rgba(255,255,255,0.08)">\n          <button id="tab-setup-fresh" style="flex:1;padding:10px;border-radius:10px;border:none;background:rgba(255,255,255,0.15);color:#fff;font-weight:700;font-size:13px;cursor:pointer">🚀 Configurar desde cero</button>\n          <button id="tab-setup-restore" style="flex:1;padding:10px;border-radius:10px;border:none;background:transparent;color:rgba(255,255,255,0.6);font-weight:600;font-size:13px;cursor:pointer">📁 Restaurar Backup</button>\n        </div>\n\n        <!-- Fresh Setup View -->\n        <div id="view-setup-fresh" class="pin-prompt" style="display:block;border:none;background:transparent;box-shadow:none;padding:0">\n          <label style="display:block;text-align:left;font-size:12px;opacity:0.8;margin-bottom:4px">${this._escapeHtml(this._t(\'setup_admin_name\') || \'Nombre del Administrador\')}</label>\n          <input type="text" id="setup-admin-name" placeholder="Name" value="${this._escapeHtml(defaultName)}" style="margin-bottom:15px;width:100%" />\n\n          <p style="font-size:12px;opacity:0.8;margin-bottom:10px;line-height:1.4">\n            ${this._escapeHtml(this._t(\'first_run_pin_expl\') || \'El PIN de acceso abre Argus. El PIN maestro controla el armado y desarmado.\')}\n          </p>\n\n          <label style="display:block;text-align:left;font-size:12px;opacity:0.8;margin-bottom:4px">${this._escapeHtml(this._t(\'setup_access_pin\') || \'PIN de acceso al panel Argus (Opcional)\')}</label>\n          <div style="display:flex;gap:10px;margin-bottom:15px">\n            <input type="password" id="setup-access-pin" placeholder="PIN (4-12)" style="flex:1" />\n            <button id="skip-access-pin" class="btn-cancel" style="width:auto;padding:0 12px;font-size:11px">${this._escapeHtml(this._t(\'first_run_skip\') || \'Omitir\')}</button>\n          </div>\n\n          <label style="display:block;text-align:left;font-size:12px;opacity:0.8;margin-bottom:4px">${this._escapeHtml(this._t(\'setup_master_pin\') || \'PIN maestro para armar/desarmar (Opcional)\')}</label>\n          <div style="display:flex;gap:10px;margin-bottom:20px">\n            <input type="password" id="setup-master-pin" placeholder="PIN (4-12)" style="flex:1" />\n            <button id="skip-master-pin" class="btn-cancel" style="width:auto;padding:0 12px;font-size:11px">${this._escapeHtml(this._t(\'first_run_skip\') || \'Omitir\')}</button>\n          </div>\n\n          <button id="btn-complete-setup" class="btn-start" style="width:100%">${this._escapeHtml(this._t(\'first_run_start\') || \'Comenzar con Argus\')}</button>\n        </div>\n\n        <!-- Restore Backup View -->\n        <div id="view-setup-restore" style="display:none;padding:10px 0;text-align:center">\n          <p style="font-size:13px;opacity:0.8;margin-bottom:16px;line-height:1.4">\n            Suba un archivo de copia de seguridad de Argus (<code>.json</code>) para restaurar automáticamente todos sus perfiles, configuraciones, PINs y temas almacenados.\n          </p>\n          <input type="file" id="setup-restore-file" accept=".json,.argus,application/json" style="display:none" />\n          <button id="btn-trigger-restore" class="btn-start" style="width:100%;padding:14px;font-size:14px;display:flex;align-items:center;justify-content:center;gap:8px">\n            📁 Seleccionar copia de seguridad Argus (.json o .argus)\n          </button>\n          <div id="restore-status" style="margin-top:12px;font-size:12px;min-height:20px"></div>\n        </div>\n      </div>\n    `;\n\n    const tabFresh = this.shadowRoot.getElementById(\'tab-setup-fresh\');\n    const tabRestore = this.shadowRoot.getElementById(\'tab-setup-restore\');\n    const viewFresh = this.shadowRoot.getElementById(\'view-setup-fresh\');\n    const viewRestore = this.shadowRoot.getElementById(\'view-setup-restore\');\n\n    tabFresh?.addEventListener(\'click\', () => {\n      tabFresh.style.background = \'rgba(255,255,255,0.15)\';\n      tabFresh.style.color = \'#fff\';\n      tabRestore.style.background = \'transparent\';\n      tabRestore.style.color = \'rgba(255,255,255,0.6)\';\n      viewFresh.style.display = \'block\';\n      viewRestore.style.display = \'none\';\n    });\n\n    tabRestore?.addEventListener(\'click\', () => {\n      tabRestore.style.background = \'rgba(255,255,255,0.15)\';\n      tabRestore.style.color = \'#fff\';\n      tabFresh.style.background = \'transparent\';\n      tabFresh.style.color = \'rgba(255,255,255,0.6)\';\n      viewRestore.style.display = \'block\';\n      viewFresh.style.display = \'none\';\n    });\n\n    this.shadowRoot.getElementById(\'skip-access-pin\')?.addEventListener(\'click\', () => {\n      this.shadowRoot.getElementById(\'setup-access-pin\').value = \'\';\n    });\n\n    this.shadowRoot.getElementById(\'skip-master-pin\')?.addEventListener(\'click\', () => {\n      this.shadowRoot.getElementById(\'setup-master-pin\').value = \'\';\n    });\n\n    this.shadowRoot.getElementById(\'btn-complete-setup\')?.addEventListener(\'click\', async () => {\n      const admin_name = this.shadowRoot.getElementById(\'setup-admin-name\').value || defaultName;\n      const master_pin = this.shadowRoot.getElementById(\'setup-master-pin\').value || undefined;\n      const access_pin = this.shadowRoot.getElementById(\'setup-access-pin\').value || undefined;\n      try {\n        await this._send(\'argus/complete_first_run\', { admin_name, master_pin, access_pin });\n        finishFirstRun();\n      } catch (err) {\n        alert("Setup failed: " + err.message);\n      }\n    });\n\n    // Handle Restore Backup File Upload\n    const restoreInput = this.shadowRoot.getElementById(\'setup-restore-file\');\n    const restoreStatus = this.shadowRoot.getElementById(\'restore-status\');\n\n    this.shadowRoot.getElementById(\'btn-trigger-restore\')?.addEventListener(\'click\', () => {\n      restoreInput?.click();\n    });\n\n    restoreInput?.addEventListener(\'change\', (event) => {\n      const file = event.target.files?.[0];\n      if (!file) return;\n      if (restoreStatus) restoreStatus.textContent = \'Procesando copia de seguridad...\';\n      const reader = new FileReader();\n      reader.onload = async (e) => {\n        try {\n          let config = JSON.parse(e.target.result);\n          if (config?.format === \'argus-encrypted-backup\') {\n            const password = await this._showArgusInputModal({\n              title: \'Copia de seguridad cifrada\',\n              label: \'Introduce la contraseña del backup:\',\n              type: \'password\'\n            });\n            if (!password) {\n              if (restoreStatus) restoreStatus.textContent = \'Restauración cancelada.\';\n              return;\n            }\n            try {\n              const salt = this._base64ToBytes(config.salt);\n              const iv = this._base64ToBytes(config.iv);\n              const key = await this._backupKey(password, salt, [\'decrypt\']);\n              const plain = await crypto.subtle.decrypt({name:\'AES-GCM\',iv}, key, this._base64ToBytes(config.data));\n              config = JSON.parse(new TextDecoder().decode(plain));\n            } catch (_) {\n              throw new Error(\'Contraseña de copia de seguridad incorrecta.\');\n            }\n          }\n\n          if (typeof config !== \'object\' || config === null) {\n            throw new Error(this._t(\'invalid_config\'));\n          }\n\n          await this._send(\'argus/restore_config\', { config });\n\n          if (restoreStatus) restoreStatus.textContent = \'✅ Copia de seguridad restaurada con éxito.\';\n          finishFirstRun();\n        } catch (err) {\n          if (restoreStatus) restoreStatus.textContent = \'❌ Error al restaurar: \' + (err.message || err);\n        }\n      };\n      reader.onerror = () => {\n        if (restoreStatus) restoreStatus.textContent = \'❌ Error al leer el archivo.\';\n      };\n      reader.readAsText(file);\n    });\n  }\n\n  _renderLegacyClaimScreen() {\n    const overlay = this.shadowRoot.getElementById(\'bootstrap-overlay\');\n    overlay.style.display = \'flex\';\n    overlay.innerHTML = `\n      <div class="argus-bootstrap-card liquid-glass">\n        <h1>${this._t(\'claim_title\') || \'Argus Security Update\'}</h1>\n        <p>${this._t(\'claim_desc\') || \'Your installation needs an administrator to claim access.\'}</p>\n        <button id="btn-claim-admin" class="btn-claim">${this._t(\'claim_btn\') || \'Claim Administration\'}</button>\n      </div>\n    `;\n    this.shadowRoot.getElementById(\'btn-claim-admin\').addEventListener(\'click\', async () => {\n      try {\n        await this._send(\'argus/claim_legacy_administration\');\n        overlay.style.display = \'none\';\n        this._profileSelectedThisMount = true;\n        this._load();\n      } catch (err) {\n        alert("Claim failed: " + err.message);\n      }\n    });\n  }\n\n  _renderLoginScreen(bootstrap) {\n    const overlay = this.shadowRoot.getElementById(\'bootstrap-overlay\');\n    overlay.style.display = \'flex\';\n\n    const users = bootstrap.users || [];\n    const haUserId = bootstrap.ha_user_id || null;\n\n    // Build user cards — highlight own profile, render picture, and online status\n    const usersHtml = users.map(u => {\n      const isOwn = u.is_own_profile === true;\n      const ownBadge = isOwn\n        ? `<div class="profile-own-badge">${this._escapeHtml(this._t(\'profile_is_yours\'))}</div>`\n        : \'\';\n      const lockIcon = u.access_pin_configured ? \' 🔒\' : \'\';\n      const roleLabel = u.role === \'admin\'\n        ? this._escapeHtml(this._t(\'role_argus_admin\'))\n        : this._escapeHtml(this._t(\'role_argus_standard\'));\n\n      const avatarHtml = u.picture\n        ? `<img src="${this._escapeHtml(u.picture)}" alt="${this._escapeHtml(u.name)}" style="width:52px;height:52px;border-radius:50%;object-fit:cover;border:2px solid rgba(255,255,255,0.2);box-shadow:0 4px 12px rgba(0,0,0,0.3)"/>`\n        : `<div class="user-avatar">${this._escapeHtml(u.name.substring(0, 2).toUpperCase())}</div>`;\n\n      const statusDot = u.online !== false\n        ? `<span title="Online / Conectado" style="display:inline-block;width:9px;height:9px;border-radius:50%;background:#34c759;box-shadow:0 0 8px #34c759;margin-right:5px"></span>`\n        : `<span title="Offline / Ausente" style="display:inline-block;width:9px;height:9px;border-radius:50%;background:#ff9500;box-shadow:0 0 8px #ff9500;margin-right:5px"></span>`;\n\n      const ariaStatus = isOwn\n        ? this._t(\'profile_is_yours\')\n        : (u.access_pin_configured ? this._t(\'profile_needs_pin\') : this._t(\'profile_no_pin_access\'));\n      const ariaLabelText = `${u.name}, ${roleLabel}, ${ariaStatus}`;\n\n      return `\n        <div class="user-card${isOwn ? \' user-card-own\' : \'\'}"\n             data-user-id="${this._escapeHtml(u.id)}"\n             data-is-own="${isOwn ? \'true\' : \'false\'}"\n             data-pin-required="${u.access_pin_configured ? \'true\' : \'false\'}"\n             tabindex="0"\n             role="button"\n             aria-label="${this._escapeHtml(ariaLabelText)}">\n          ${avatarHtml}\n          <div class="user-name" style="margin-top:6px;display:flex;align-items:center;justify-content:center">${statusDot}${this._escapeHtml(u.name)}${lockIcon}</div>\n          <div class="user-role-label">${roleLabel}</div>\n          ${ownBadge}\n          <a href="/config/person" target="_top" class="ha-person-link" style="font-size:10px;color:rgba(255,255,255,0.55);text-decoration:underline;margin-top:4px;display:inline-block" onclick="event.stopPropagation()">📷 Cambiar foto en HA ↗</a>\n        </div>\n      `;\n    }).join(\'\');\n\n    overlay.innerHTML = `\n      <div class="argus-bootstrap-card liquid-glass" style="max-width:520px;width:92vw">\n        <div style="display:flex;align-items:center;gap:14px;margin-bottom:4px">\n          <img src="/api/argus_static/argus_logo.png" alt="Argus" style="height:36px;border-radius:8px;flex-shrink:0">\n          <div>\n            <h1 style="margin:0;font-size:1.35rem;font-weight:900">${this._escapeHtml(this._t(\'select_profile_title\'))}</h1>\n            <p style="margin:4px 0 0;font-size:0.82rem;opacity:0.65">${this._escapeHtml(this._t(\'select_profile_subtitle\'))}</p>\n          </div>\n        </div>\n        <div class="user-selector-grid" style="margin-top:18px">\n          ${usersHtml}\n        </div>\n        <button id="btn-exit-to-ha" class="btn-cancel"\n                style="margin:18px 0 0;width:100%">\n          ← ${this._escapeHtml(this._t(\'exit_to_ha\'))}\n        </button>\n        <div id="pin-prompt" class="pin-prompt" style="display:none;margin-top:16px;animation:fadeIn .25s ease">\n          <div id="pin-prompt-label" style="font-size:13px;opacity:0.85;margin-bottom:8px;text-align:center;font-weight:600"></div>\n          <input type="password" id="login-pin-input" placeholder="${this._escapeHtml(this._t(\'pin_placeholder\'))}" inputmode="numeric" pattern="[0-9]*" readonly\n                 style="width:100%;box-sizing:border-box;text-align:center;font-size:1.4rem;letter-spacing:0.3em;padding:10px;border-radius:12px;border:1px solid rgba(255,255,255,0.2);background:rgba(255,255,255,0.07);color:inherit;outline:none;margin-bottom:12px"/>\n\n          <div class="pin-grid" id="login-pin-pad" style="display:grid;grid-template-columns:repeat(3,1fr);gap:10px;margin-bottom:12px">\n            <button class="pin-btn-round" type="button" data-login-digit="1" style="padding:14px;font-size:1.2rem;border-radius:12px;border:1px solid rgba(255,255,255,0.15);background:rgba(255,255,255,0.08);color:#fff;cursor:pointer">1</button>\n            <button class="pin-btn-round" type="button" data-login-digit="2" style="padding:14px;font-size:1.2rem;border-radius:12px;border:1px solid rgba(255,255,255,0.15);background:rgba(255,255,255,0.08);color:#fff;cursor:pointer">2</button>\n            <button class="pin-btn-round" type="button" data-login-digit="3" style="padding:14px;font-size:1.2rem;border-radius:12px;border:1px solid rgba(255,255,255,0.15);background:rgba(255,255,255,0.08);color:#fff;cursor:pointer">3</button>\n            <button class="pin-btn-round" type="button" data-login-digit="4" style="padding:14px;font-size:1.2rem;border-radius:12px;border:1px solid rgba(255,255,255,0.15);background:rgba(255,255,255,0.08);color:#fff;cursor:pointer">4</button>\n            <button class="pin-btn-round" type="button" data-login-digit="5" style="padding:14px;font-size:1.2rem;border-radius:12px;border:1px solid rgba(255,255,255,0.15);background:rgba(255,255,255,0.08);color:#fff;cursor:pointer">5</button>\n            <button class="pin-btn-round" type="button" data-login-digit="6" style="padding:14px;font-size:1.2rem;border-radius:12px;border:1px solid rgba(255,255,255,0.15);background:rgba(255,255,255,0.08);color:#fff;cursor:pointer">6</button>\n            <button class="pin-btn-round" type="button" data-login-digit="7" style="padding:14px;font-size:1.2rem;border-radius:12px;border:1px solid rgba(255,255,255,0.15);background:rgba(255,255,255,0.08);color:#fff;cursor:pointer">7</button>\n            <button class="pin-btn-round" type="button" data-login-digit="8" style="padding:14px;font-size:1.2rem;border-radius:12px;border:1px solid rgba(255,255,255,0.15);background:rgba(255,255,255,0.08);color:#fff;cursor:pointer">8</button>\n            <button class="pin-btn-round" type="button" data-login-digit="9" style="padding:14px;font-size:1.2rem;border-radius:12px;border:1px solid rgba(255,255,255,0.15);background:rgba(255,255,255,0.08);color:#fff;cursor:pointer">9</button>\n            <button class="pin-btn-round" type="button" id="btn-login-pin-backspace" style="padding:14px;font-size:1rem;border-radius:12px;border:1px solid rgba(255,255,255,0.12);background:rgba(255,59,48,0.2);color:#ff453a;cursor:pointer">⌫</button>\n            <button class="pin-btn-round" type="button" data-login-digit="0" style="padding:14px;font-size:1.2rem;border-radius:12px;border:1px solid rgba(255,255,255,0.15);background:rgba(255,255,255,0.08);color:#fff;cursor:pointer">0</button>\n            <button class="pin-btn-round" type="button" id="btn-submit-login-pin" style="padding:14px;font-size:1rem;border-radius:12px;border:1px solid rgba(52,199,89,0.3);background:rgba(52,199,89,0.25);color:#34c759;font-weight:700;cursor:pointer">✓</button>\n          </div>\n\n          <div style="display:flex;gap:8px;justify-content:center">\n            <button id="btn-cancel-login" class="btn-cancel" style="width:100%">${this._escapeHtml(this._t(\'cancel_btn\'))}</button>\n          </div>\n          <div id="login-pin-error" style="color:#ff453a;font-size:12px;min-height:18px;text-align:center;margin-top:6px"></div>\n        </div>\n      </div>\n    `;\n\n    const pinPrompt = this.shadowRoot.getElementById(\'pin-prompt\');\n    const pinInput = this.shadowRoot.getElementById(\'login-pin-input\');\n    const pinLabel = this.shadowRoot.getElementById(\'pin-prompt-label\');\n    const pinError = this.shadowRoot.getElementById(\'login-pin-error\');\n    const grid = this.shadowRoot.querySelector(\'.user-selector-grid\');\n    let selectedUserId = null;\n\n    this.shadowRoot.getElementById(\'btn-exit-to-ha\')?.addEventListener(\'click\', () => {\n      window.location.assign(\'/\');\n    });\n\n    // Wire numeric keypad dial buttons\n    this.shadowRoot.querySelectorAll(\'[data-login-digit]\').forEach(btn => {\n      btn.addEventListener(\'click\', () => {\n        if (pinInput && pinInput.value.length < 8) {\n          pinInput.value += btn.getAttribute(\'data-login-digit\');\n        }\n      });\n    });\n\n    this.shadowRoot.getElementById(\'btn-login-pin-backspace\')?.addEventListener(\'click\', () => {\n      if (pinInput) pinInput.value = pinInput.value.slice(0, -1);\n    });\n\n    const _showGrid = () => {\n      selectedUserId = null;\n      if (pinInput) pinInput.value = \'\';\n      if (pinError) pinError.textContent = \'\';\n      if (pinPrompt) pinPrompt.style.display = \'none\';\n      if (grid) grid.style.display = \'grid\';\n    };\n\n    const _showPinPrompt = (label) => {\n      if (pinLabel) pinLabel.textContent = label;\n      if (pinError) pinError.textContent = \'\';\n      if (pinPrompt) pinPrompt.style.display = \'block\';\n      if (grid) grid.style.display = \'none\';\n      if (pinInput) { pinInput.value = \'\'; }\n    };\n\n    this.shadowRoot.querySelectorAll(\'.user-card\').forEach(el => {\n      el.addEventListener(\'click\', async () => {\n        const userId = el.getAttribute(\'data-user-id\');\n        const isOwn = el.getAttribute(\'data-is-own\') === \'true\';\n        const pinRequired = el.getAttribute(\'data-pin-required\') === \'true\';\n\n        if (isOwn) {\n          // Own profile — direct select (no PIN needed unless configured)\n          if (pinRequired) {\n            selectedUserId = userId;\n            _showPinPrompt(this._t(\'profile_needs_pin\'));\n          } else {\n            try {\n              await this._send(\'argus/select_profile\', { argus_user_id: userId });\n              overlay.style.display = \'none\';\n              this._profileSelectedThisMount = true;\n              this._load();\n            } catch (err) {\n              if (pinError) pinError.textContent = err.message || \'❌\';\n            }\n          }\n        } else {\n          // Foreign profile\n          if (!pinRequired) {\n            // No PIN → reject client-side immediately (backend also rejects)\n            if (pinError) { pinError.textContent = this._t(\'profile_no_pin_access\'); pinError.style.display = \'block\'; }\n            el.style.animation = \'none\';\n            el.offsetWidth; // reflow\n            el.style.animation = \'shake .3s ease\';\n            return;\n          }\n          // Has PIN → prompt\n          selectedUserId = userId;\n          _showPinPrompt(this._t(\'profile_needs_pin\'));\n        }\n      });\n\n      el.addEventListener(\'keydown\', e => { if (e.key === \'Enter\' || e.key === \' \' || e.code === \'Space\') el.click(); });\n    });\n\n    this.shadowRoot.getElementById(\'btn-cancel-login\').addEventListener(\'click\', _showGrid);\n\n    this.shadowRoot.getElementById(\'btn-submit-login-pin\').addEventListener(\'click\', async () => {\n      if (!selectedUserId || !pinInput.value) return;\n      if (pinError) pinError.textContent = \'\';\n      try {\n        await this._send(\'argus/verify_access_pin\', { argus_user_id: selectedUserId, pin: pinInput.value });\n        overlay.style.display = \'none\';\n        this._profileSelectedThisMount = true;\n        this._load();\n      } catch (err) {\n        if (pinError) pinError.textContent = \'❌ \' + (err.message || \'Error\');\n        if (pinInput) { pinInput.value = \'\'; pinInput.focus(); }\n      }\n    });\n\n    // Allow Enter key in PIN input\n    if (pinInput) {\n      pinInput.addEventListener(\'keydown\', e => {\n        if (e.key === \'Enter\') this.shadowRoot.getElementById(\'btn-submit-login-pin\').click();\n      });\n    }\n  }\n\n\n  /* ── HA Notifications helper ─────────────────────────────────────── */\n  _sendHaNotif(title, message) {\n    if (!this._notifTargets.length) return;\n    for (const target of this._notifTargets) {\n      this._hass.callService(\'notify\', target, { title, message }).catch(() => {});\n    }\n  }\n\n  _initWidgetGrid() {\n    try {\n      this._widgetConfig = JSON.parse(localStorage.getItem(\'argus-widgets-v1\')) || [\n        { id: \'activity\', size: \'M\', hidden: false },\n        { id: \'modes\', size: \'M\', hidden: false },\n        { id: \'automations\', size: \'M\', hidden: false },\n        { id: \'access\', size: \'M\', hidden: false },\n        { id: \'backup\', size: \'S\', hidden: false },\n        { id: \'github\', size: \'S\', hidden: false }\n      ];\n    } catch(e) {\n      this._widgetConfig = [\n        { id: \'activity\', size: \'M\', hidden: false },\n        { id: \'modes\', size: \'M\', hidden: false },\n        { id: \'automations\', size: \'M\', hidden: false },\n        { id: \'access\', size: \'M\', hidden: false },\n        { id: \'backup\', size: \'S\', hidden: false },\n        { id: \'github\', size: \'S\', hidden: false }\n      ];\n    }\n\n    const grid = this.shadowRoot.getElementById(\'widget-grid\');\n    if (!grid) return;\n\n    const panels = grid.querySelectorAll(\'.panel:not(.dashboard-instances)\');\n    panels.forEach(panel => {\n      const wId = panel.id.replace(\'w-\', \'\');\n      if (!panel.querySelector(\'.panel-edit-overlay\')) {\n        const overlay = document.createElement(\'div\');\n        overlay.className = \'panel-edit-overlay\';\n        \n        const controls = document.createElement(\'div\');\n        controls.className = \'widget-controls\';\n        \n        const dragHandle = document.createElement(\'div\');\n        dragHandle.className = \'widget-drag-handle\';\n        dragHandle.innerHTML = \'⋮⋮\';\n        dragHandle.title = \'Arrastrar\';\n        \n        const sizesDiv = document.createElement(\'div\');\n        sizesDiv.className = \'widget-sizes\';\n        \n        [\'S\', \'M\', \'L\', \'XL\'].forEach(sz => {\n          const btn = document.createElement(\'button\');\n          btn.className = \'widget-size-btn\';\n          btn.textContent = sz;\n          btn.dataset.size = sz;\n          btn.addEventListener(\'click\', (e) => {\n            e.stopPropagation();\n            this._changeWidgetSize(wId, sz);\n          });\n          sizesDiv.appendChild(btn);\n        });\n\n        const toggleBtn = document.createElement(\'button\');\n        toggleBtn.className = \'widget-toggle-btn\';\n        toggleBtn.textContent = \'Ocultar\';\n        toggleBtn.addEventListener(\'click\', (e) => {\n          e.stopPropagation();\n          this._toggleWidgetVisibility(wId);\n        });\n        \n        controls.appendChild(dragHandle);\n        controls.appendChild(sizesDiv);\n        controls.appendChild(toggleBtn);\n        overlay.appendChild(controls);\n        panel.appendChild(overlay);\n      }\n    });\n\n    this._renderWidgetLayout();\n    this._bindWidgetDragEvents();\n\n    const btnEdit = this.shadowRoot.getElementById(\'btn-edit-widgets\');\n    if (btnEdit && !btnEdit._bound) {\n      btnEdit._bound = true;\n      btnEdit.addEventListener(\'click\', () => this._toggleWidgetEditing());\n    }\n  }\n\n  _renderWidgetLayout() {\n    const grid = this.shadowRoot.getElementById(\'widget-grid\');\n    if (!grid) return;\n\n    const configMap = new Map(this._widgetConfig.map((w, idx) => [w.id, { ...w, idx }]));\n    const children = Array.from(grid.querySelectorAll(\'.panel:not(.dashboard-instances)\'));\n    \n    children.sort((a, b) => {\n      const aId = a.id.replace(\'w-\', \'\');\n      const bId = b.id.replace(\'w-\', \'\');\n      const aCfg = configMap.get(aId) || { idx: 99 };\n      const bCfg = configMap.get(bId) || { idx: 99 };\n      return aCfg.idx - bCfg.idx;\n    });\n\n    children.forEach(child => {\n      grid.appendChild(child);\n      const wId = child.id.replace(\'w-\', \'\');\n      const cfg = configMap.get(wId);\n      if (cfg) {\n        child.setAttribute(\'data-size\', cfg.size);\n        child.style.display = cfg.hidden ? \'none\' : \'\';\n        \n        const overlay = child.querySelector(\'.panel-edit-overlay\');\n        if (overlay) {\n          const btns = overlay.querySelectorAll(\'.widget-size-btn\');\n          btns.forEach(btn => {\n            btn.classList.toggle(\'active\', btn.dataset.size === cfg.size);\n          });\n          const toggleBtn = overlay.querySelector(\'.widget-toggle-btn\');\n          if (toggleBtn) {\n            toggleBtn.textContent = cfg.hidden ? \'Mostrar\' : \'Ocultar\';\n            toggleBtn.style.background = cfg.hidden ? \'rgba(52,199,89,.85)\' : \'rgba(220,38,38,.85)\';\n          }\n        }\n      }\n    });\n\n    grid.classList.toggle(\'editing\', !!this._widgetEditing);\n  }\n\n  _bindWidgetDragEvents() {\n    const grid = this.shadowRoot.getElementById(\'widget-grid\');\n    if (!grid) return;\n\n    const panels = grid.querySelectorAll(\'.panel:not(.dashboard-instances)\');\n    panels.forEach(panel => {\n      panel.setAttribute(\'draggable\', this._widgetEditing ? \'true\' : \'false\');\n      \n      // Clean up previous event listeners just in case by cloning\n      const newPanel = panel.cloneNode(true);\n      panel.parentNode.replaceChild(newPanel, panel);\n      \n      newPanel.addEventListener(\'dragstart\', (e) => {\n        if (!this._widgetEditing) {\n          e.preventDefault();\n          return;\n        }\n        newPanel.classList.add(\'dragging\');\n        e.dataTransfer.setData(\'text/plain\', newPanel.id);\n        e.dataTransfer.effectAllowed = \'move\';\n      });\n\n      newPanel.addEventListener(\'dragend\', () => {\n        newPanel.classList.remove(\'dragging\');\n        this._saveWidgetLayout();\n      });\n\n      newPanel.addEventListener(\'dragover\', (e) => {\n        if (!this._widgetEditing) return;\n        e.preventDefault();\n        \n        const draggingPanel = grid.querySelector(\'.dragging\');\n        if (!draggingPanel || draggingPanel === newPanel) return;\n\n        const rect = newPanel.getBoundingClientRect();\n        const next = (e.clientY - rect.top) > (rect.height / 2);\n        \n        if (next) {\n          newPanel.after(draggingPanel);\n        } else {\n          newPanel.before(draggingPanel);\n        }\n      });\n      \n      newPanel.addEventListener(\'pointerdown\', (e) => {\n        if (!this._widgetEditing) return;\n        if (e.target.closest(\'button\')) return;\n        \n        newPanel.style.touchAction = \'none\';\n        newPanel.setPointerCapture(e.pointerId);\n        \n        const onPointerMove = (moveEvent) => {\n          newPanel.classList.add(\'dragging\');\n          const elementUnder = this.shadowRoot.elementFromPoint(moveEvent.clientX, moveEvent.clientY);\n          const targetPanel = elementUnder?.closest(\'.panel:not(.dashboard-instances)\');\n          if (targetPanel && targetPanel !== newPanel) {\n            const rect = targetPanel.getBoundingClientRect();\n            const next = (moveEvent.clientY - rect.top) > (rect.height / 2);\n            if (next) {\n              targetPanel.after(newPanel);\n            } else {\n              targetPanel.before(newPanel);\n            }\n          }\n        };\n\n        const onPointerUp = (upEvent) => {\n          newPanel.classList.remove(\'dragging\');\n          newPanel.releasePointerCapture(upEvent.pointerId);\n          newPanel.removeEventListener(\'pointermove\', onPointerMove);\n          newPanel.removeEventListener(\'pointerup\', onPointerUp);\n          this._saveWidgetLayout();\n        };\n\n        newPanel.addEventListener(\'pointermove\', onPointerMove);\n        newPanel.addEventListener(\'pointerup\', onPointerUp);\n      });\n      \n      // Re-bind overlay event listeners on cloned node\n      const wId = newPanel.id.replace(\'w-\', \'\');\n      const overlay = newPanel.querySelector(\'.panel-edit-overlay\');\n      if (overlay) {\n        const btns = overlay.querySelectorAll(\'.widget-size-btn\');\n        btns.forEach(btn => {\n          const sz = btn.dataset.size;\n          btn.addEventListener(\'click\', (e) => {\n            e.stopPropagation();\n            this._changeWidgetSize(wId, sz);\n          });\n        });\n        const toggleBtn = overlay.querySelector(\'.widget-toggle-btn\');\n        if (toggleBtn) {\n          toggleBtn.addEventListener(\'click\', (e) => {\n            e.stopPropagation();\n            this._toggleWidgetVisibility(wId);\n          });\n        }\n      }\n    });\n  }\n\n  _saveWidgetLayout() {\n    const grid = this.shadowRoot.getElementById(\'widget-grid\');\n    if (!grid) return;\n\n    const children = Array.from(grid.querySelectorAll(\'.panel:not(.dashboard-instances)\'));\n    const newConfig = children.map(child => {\n      const wId = child.id.replace(\'w-\', \'\');\n      const size = child.getAttribute(\'data-size\') || \'M\';\n      const hidden = child.style.display === \'none\';\n      return { id: wId, size, hidden };\n    });\n\n    this._widgetConfig = newConfig;\n    try {\n      localStorage.setItem(\'argus-widgets-v1\', JSON.stringify(newConfig));\n    } catch(e) {}\n  }\n\n  _toggleWidgetEditing() {\n    this._widgetEditing = !this._widgetEditing;\n    this._applyTranslations();\n    this._renderWidgetLayout();\n    this._bindWidgetDragEvents();\n  }\n\n  _changeWidgetSize(id, size) {\n    const cfg = this._widgetConfig.find(w => w.id === id);\n    if (cfg) {\n      cfg.size = size;\n      this._saveWidgetLayout();\n      this._renderWidgetLayout();\n    }\n  }\n\n  _toggleWidgetVisibility(id) {\n    const cfg = this._widgetConfig.find(w => w.id === id);\n    if (cfg) {\n      cfg.hidden = !cfg.hidden;\n      this._saveWidgetLayout();\n      this._renderWidgetLayout();\n    }\n  }\n\n}\n\ncustomElements.define(\'argus-panel-v207\', ArgusPanel);\n'

----------------------------------------------------------------------
Ran 124 tests in 1.350s

FAILED (failures=1)
