test_aqara_binary_sensor_on_and_off (test_arming_state_machine_behavior.TestArmingStateMachineBehavior.test_aqara_binary_sensor_on_and_off) ... ok
test_final_close_completes_without_waiting_for_stale_timer (test_arming_state_machine_behavior.TestArmingStateMachineBehavior.test_final_close_completes_without_waiting_for_stale_timer) ... ok
test_normal_exit_delay_is_preserved_without_initial_blockers (test_arming_state_machine_behavior.TestArmingStateMachineBehavior.test_normal_exit_delay_is_preserved_without_initial_blockers) ... ok
test_partial_close_reports_closed_and_remaining (test_arming_state_machine_behavior.TestArmingStateMachineBehavior.test_partial_close_reports_closed_and_remaining) ... ok
test_runtime_repairs_generation_and_orphaned_arming (test_arming_state_machine_behavior.TestArmingStateMachineBehavior.test_runtime_repairs_generation_and_orphaned_arming) ... ok
test_translated_closed_values_do_not_block (test_arming_state_machine_behavior.TestArmingStateMachineBehavior.test_translated_closed_values_do_not_block) ... ok
test_homekit_wait_keeps_requested_mode_and_off_is_reliable (test_arming_voice_homekit_contract.TestArmingVoiceHomeKitContract.test_homekit_wait_keeps_requested_mode_and_off_is_reliable) ... ok
test_voice_uses_device_title_identity_and_event (test_arming_voice_homekit_contract.TestArmingVoiceHomeKitContract.test_voice_uses_device_title_identity_and_event) ... ok
test_duress_pin_silent_panic_behavior (test_functional_ha_integration.TestFunctionalHAIntegration.test_duress_pin_silent_panic_behavior)
Verify Duress PIN causes visual disarm while triggering silent SOS panic. ... ok
test_ha_event_bus_contract_names (test_functional_ha_integration.TestFunctionalHAIntegration.test_ha_event_bus_contract_names)
Verify native Home Assistant bus event names emitted by Argus. ... ok
test_master_alarm_attribute_compatibility (test_functional_ha_integration.TestFunctionalHAIntegration.test_master_alarm_attribute_compatibility)
Verify Master Alarm summary does NOT break HA valid alarm control panel state values. ... ok
test_multi_instance_storage_key_isolation (test_functional_ha_integration.TestFunctionalHAIntegration.test_multi_instance_storage_key_isolation)
Verify storage keys are isolated per entry_id. ... ok
test_dashboard_redacts_reusable_credentials (test_hardening_contract.TestHardeningContract.test_dashboard_redacts_reusable_credentials) ... ok
test_modular_frontend_matches_hardened_contract (test_hardening_contract.TestHardeningContract.test_modular_frontend_matches_hardened_contract) ... skipped 'Legacy architecture replaced by TypeScript'
test_release_archive_path_is_verified (test_hardening_contract.TestHardeningContract.test_release_archive_path_is_verified) ... ok
test_storage_restore_is_atomic_and_preserves_runtime (test_hardening_contract.TestHardeningContract.test_storage_restore_is_atomic_and_preserves_runtime) ... ok
test_websocket_uses_validated_storage_and_actor (test_hardening_contract.TestHardeningContract.test_websocket_uses_validated_storage_and_actor) ... ok
test_patch_preserves_each_argus_target_only (test_homekit_transition_runtime.TestHomeKitTransitionRuntime.test_patch_preserves_each_argus_target_only) ... ok
test_resolver_requires_argus_marker_and_arming_state (test_homekit_transition_runtime.TestHomeKitTransitionRuntime.test_resolver_requires_argus_marker_and_arming_state) ... ok
test_breakpoints_and_canonical_sizes (test_react_dashboard_layout_contract.TestReactDashboardLayoutContract.test_breakpoints_and_canonical_sizes) ... ok
test_collision_safe_non_compacting_grid (test_react_dashboard_layout_contract.TestReactDashboardLayoutContract.test_collision_safe_non_compacting_grid) ... FAIL
test_editing_visibility_reset_and_accessibility (test_react_dashboard_layout_contract.TestReactDashboardLayoutContract.test_editing_visibility_reset_and_accessibility) ... ok
test_persistence_is_scoped_and_versioned (test_react_dashboard_layout_contract.TestReactDashboardLayoutContract.test_persistence_is_scoped_and_versioned) ... ok
test_real_react_grid_layout_dependencies (test_react_dashboard_layout_contract.TestReactDashboardLayoutContract.test_real_react_grid_layout_dependencies) ... ok
test_shadow_dom_styles_and_compiled_adapter_are_wired (test_react_dashboard_layout_contract.TestReactDashboardLayoutContract.test_shadow_dom_styles_and_compiled_adapter_are_wired) ... skipped 'Legacy architecture replaced by TypeScript'
test_clock_never_rebuilds_entries (test_stable_instances_render.TestStableInstancesRender.test_clock_never_rebuilds_entries) ... skipped 'Legacy architecture replaced by TypeScript'
test_signature_gate_and_scoped_hass (test_stable_instances_render.TestStableInstancesRender.test_signature_gate_and_scoped_hass) ... skipped 'Legacy architecture replaced by TypeScript'
test_stable_module_loaded_after_motion (test_stable_instances_render.TestStableInstancesRender.test_stable_module_loaded_after_motion) ... skipped 'Legacy architecture replaced by TypeScript'
test_audit_and_forensics (test_stage1_architecture.TestStage1Architecture.test_audit_and_forensics) ... ok
test_mqtt_parser (test_stage1_architecture.TestStage1Architecture.test_mqtt_parser) ... ok
test_panic_localization (test_stage1_architecture.TestStage1Architecture.test_panic_localization) ... ok
test_state_machine (test_stage1_architecture.TestStage1Architecture.test_state_machine) ... ok
test_users_sanitization_and_lookup (test_stage1_architecture.TestStage1Architecture.test_users_sanitization_and_lookup) ... ok
test_disabled_user_rejection (test_stage2_security_multiinstance.TestStage2SecurityMultiInstance.test_disabled_user_rejection) ... ok
test_duress_pin_verification (test_stage2_security_multiinstance.TestStage2SecurityMultiInstance.test_duress_pin_verification) ... ok
test_multi_instance_limiter_isolation (test_stage2_security_multiinstance.TestStage2SecurityMultiInstance.test_multi_instance_limiter_isolation) ... ok
test_user_list_redaction (test_stage2_security_multiinstance.TestStage2SecurityMultiInstance.test_user_list_redaction) ... ok
test_master_alarm_triggered_override (test_stage3_spatial.TestStage3SpatialModel.test_master_alarm_triggered_override) ... ok
test_required_composite_example (test_stage3_spatial.TestStage3SpatialModel.test_required_composite_example)
Test exact required prompt example: ... ok
test_spatial_hierarchy_creation (test_stage3_spatial.TestStage3SpatialModel.test_spatial_hierarchy_creation) ... ok
test_incident_actions (test_stage4_incidents.TestStage4Incidents.test_incident_actions) ... ok
test_life_safety_critical_priority (test_stage4_incidents.TestStage4Incidents.test_life_safety_critical_priority) ... ok
test_multi_sensor_correlation_sequence (test_stage4_incidents.TestStage4Incidents.test_multi_sensor_correlation_sequence) ... ok
test_cryptographic_forensic_chain_tamper_detection (test_stage5_health_privacy_forensics.TestStage5HealthPrivacyForensics.test_cryptographic_forensic_chain_tamper_detection) ... ok
test_health_evaluation_degraded (test_stage5_health_privacy_forensics.TestStage5HealthPrivacyForensics.test_health_evaluation_degraded) ... ok
test_health_evaluation_optimal (test_stage5_health_privacy_forensics.TestStage5HealthPrivacyForensics.test_health_evaluation_optimal) ... ok
test_floorplan_schema_validation (test_stage6_floorplan_visual.TestStage6FloorplanVisual.test_floorplan_schema_validation) ... ok
test_alarmo_config_generation (test_stage7_resilience_migration.TestStage7ResilienceMigration.test_alarmo_config_generation) ... ok
test_alarmo_safe_import_preview (test_stage7_resilience_migration.TestStage7ResilienceMigration.test_alarmo_safe_import_preview) ... ok
test_forensic_timeline_authorization (test_v190_functional.TestV190Functional.test_forensic_timeline_authorization)
1. Corregir autorización de timeline forense. ... ok
test_get_ha_users_persons_auth (test_v190_functional.TestV190Functional.test_get_ha_users_persons_auth)
Test get_ha_users and get_ha_persons require HA and Argus admin. ... ok
test_onboarding_pins (test_v190_functional.TestV190Functional.test_onboarding_pins)
2. Corregir PINs del onboarding. ... ok
test_perform_alarm_action (test_v190_functional.TestV190Functional.test_perform_alarm_action) ... ok
test_presence_manager_updates (test_v190_functional.TestV190Functional.test_presence_manager_updates)
3. Corregir actualización de PresenceManager. ... ok
test_cancel_event_exists (test_v2039_tts_contract.TestV2039TtsContract.test_cancel_event_exists) ... ok
test_selectors_and_service_contract (test_v2039_tts_contract.TestV2039TtsContract.test_selectors_and_service_contract) ... ok
test_homekit_off_cancels_any_pending_state (test_v2041_safety_contract.TestSafetyContract.test_homekit_off_cancels_any_pending_state) ... ok
test_panel_repairs_and_react_editor_load (test_v2041_safety_contract.TestSafetyContract.test_panel_repairs_and_react_editor_load) ... skipped 'Legacy architecture replaced by TypeScript'
test_sensor_safety_defaults_to_pending (test_v2041_safety_contract.TestSafetyContract.test_sensor_safety_defaults_to_pending) ... ok
test_yaml_voice_override (test_v2041_safety_contract.TestSafetyContract.test_yaml_voice_override) ... ok
test_alarm_event_has_full_sensor_identity (test_v2044_trigger_voice_contract.TestTriggerVoice.test_alarm_event_has_full_sensor_identity) ... ok
test_trigger_announcement_uses_exact_sensor (test_v2044_trigger_voice_contract.TestTriggerVoice.test_trigger_announcement_uses_exact_sensor) ... ok
test_trigger_message_is_configurable_in_ui_and_yaml (test_v2044_trigger_voice_contract.TestTriggerVoice.test_trigger_message_is_configurable_in_ui_and_yaml) ... ok
test_yaml_documented (test_v2044_trigger_voice_contract.TestTriggerVoice.test_yaml_documented) ... ok
test_only_announces_after_real_trigger (test_v2044_trigger_voice_runtime.TestTriggerVoiceRuntime.test_only_announces_after_real_trigger) ... ok
test_sensor_title_not_entity_is_spoken (test_v2044_trigger_voice_runtime.TestTriggerVoiceRuntime.test_sensor_title_not_entity_is_spoken) ... ok
test_dashboard_server_merge_is_atomic (test_v2047_stability_contract.TestV2048StabilityContract.test_dashboard_server_merge_is_atomic) ... ok
test_homekit_wait_publishes_arming_and_gates_triggering (test_v2047_stability_contract.TestV2048StabilityContract.test_homekit_wait_publishes_arming_and_gates_triggering) ... ok
test_off_cancels_pending_request_before_pin_validation (test_v2047_stability_contract.TestV2048StabilityContract.test_off_cancels_pending_request_before_pin_validation) ... ok
test_react_is_the_only_widget_editor (test_v2047_stability_contract.TestV2048StabilityContract.test_react_is_the_only_widget_editor) ... skipped 'Legacy architecture replaced by TypeScript'
test_tts_failure_is_visible (test_v2047_stability_contract.TestV2048StabilityContract.test_tts_failure_is_visible) ... ok
test_voice_form_preserves_missing_fields (test_v2047_stability_contract.TestV2048StabilityContract.test_voice_form_preserves_missing_fields) ... ok
test_frequently_rebuilt_dashboard_never_animates (test_v2049_motion_system.TestV2049MotionSystem.test_frequently_rebuilt_dashboard_never_animates) ... skipped 'Legacy architecture replaced by TypeScript'
test_module_is_loaded_after_responsive_patch (test_v2049_motion_system.TestV2049MotionSystem.test_module_is_loaded_after_responsive_patch) ... skipped 'Legacy architecture replaced by TypeScript'
test_motion_respects_accessibility (test_v2049_motion_system.TestV2049MotionSystem.test_motion_respects_accessibility) ... skipped 'Legacy architecture replaced by TypeScript'
test_observer_is_child_list_only_and_cleaned (test_v2049_motion_system.TestV2049MotionSystem.test_observer_is_child_list_only_and_cleaned) ... skipped 'Legacy architecture replaced by TypeScript'
test_profile_flow_has_no_synthetic_full_screen_welcome (test_v2049_motion_system.TestV2049MotionSystem.test_profile_flow_has_no_synthetic_full_screen_welcome) ... skipped 'Legacy architecture replaced by TypeScript'
test_responsive_rules_use_precise_layouts (test_v2049_motion_system.TestV2049MotionSystem.test_responsive_rules_use_precise_layouts) ... skipped 'Legacy architecture replaced by TypeScript'
test_armed_sensor_has_authoritative_trigger_fallback (test_v2049_sensor_state_runtime.TestV2049SensorStateRuntime.test_armed_sensor_has_authoritative_trigger_fallback) ... ok
test_arming_wait_uses_executable_completion_decision (test_v2049_sensor_state_runtime.TestV2049SensorStateRuntime.test_arming_wait_uses_executable_completion_decision) ... ok
test_extended_sensor_semantics_live_in_pure_machine (test_v2049_sensor_state_runtime.TestV2049SensorStateRuntime.test_extended_sensor_semantics_live_in_pure_machine) ... ok
test_pending_request_is_reconciled_from_event_and_watchdog (test_v2049_sensor_state_runtime.TestV2049SensorStateRuntime.test_pending_request_is_reconciled_from_event_and_watchdog) ... ok
test_preexisting_open_sensor_is_only_a_baseline (test_v2049_sensor_state_runtime.TestV2049SensorStateRuntime.test_preexisting_open_sensor_is_only_a_baseline) ... ok
test_runtime_installs_after_voice_wrapper (test_v2049_sensor_state_runtime.TestV2049SensorStateRuntime.test_runtime_installs_after_voice_wrapper) ... ok
test_runtime_repairs_stale_and_orphaned_requests (test_v2049_sensor_state_runtime.TestV2049SensorStateRuntime.test_runtime_repairs_stale_and_orphaned_requests) ... ok
test_watchdog_uses_thread_safe_task_scheduling (test_v2049_sensor_state_runtime.TestV2049SensorStateRuntime.test_watchdog_uses_thread_safe_task_scheduling) ... ok
test_panel_still_has_pending_policy (test_v2050_arming_complete.TestV2050ArmingComplete.test_panel_still_has_pending_policy) ... ok
test_runtime_completes_when_blockers_clear (test_v2050_arming_complete.TestV2050ArmingComplete.test_runtime_completes_when_blockers_clear) ... ok
test_runtime_unifies_open_detection (test_v2050_arming_complete.TestV2050ArmingComplete.test_runtime_unifies_open_detection) ... ok
test_version_is_2050 (test_v2050_arming_complete.TestV2050ArmingComplete.test_version_is_2050) ... ok
test_closed_values_clear_wait_but_unavailable_never_arms_blindly (test_v2056_arming_runtime.TestV2056ArmingRuntime.test_closed_values_clear_wait_but_unavailable_never_arms_blindly) ... ok
test_partial_close_uses_transition_message_and_calls_tts (test_v2056_arming_runtime.TestV2056ArmingRuntime.test_partial_close_uses_transition_message_and_calls_tts) ... ok
test_changelog_version (test_v2069_version_contracts.TestVersionContracts.test_changelog_version) ... ok
test_const_version (test_v2069_version_contracts.TestVersionContracts.test_const_version) ... ok
test_frontend_bootstrap_version (test_v2069_version_contracts.TestVersionContracts.test_frontend_bootstrap_version) ... ok
test_manifest_version (test_v2069_version_contracts.TestVersionContracts.test_manifest_version) ... ok
test_release_notes_exist (test_v2069_version_contracts.TestVersionContracts.test_release_notes_exist) ... ok
test_ecmascript_2025_strict_contract (test_v210_runtime_contract.TestV210RuntimeContract.test_ecmascript_2025_strict_contract) ... ok
test_node_24_lts_and_typescript_702_are_enforced (test_v210_runtime_contract.TestV210RuntimeContract.test_node_24_lts_and_typescript_702_are_enforced) ... ok
test_python_312_is_pinned_and_supported (test_v210_runtime_contract.TestV210RuntimeContract.test_python_312_is_pinned_and_supported) ... ok
test_typed_websocket_contract_has_security_commands (test_v210_runtime_contract.TestV210RuntimeContract.test_typed_websocket_contract_has_security_commands) ... ok

======================================================================
FAIL: test_collision_safe_non_compacting_grid (test_react_dashboard_layout_contract.TestReactDashboardLayoutContract.test_collision_safe_non_compacting_grid)
----------------------------------------------------------------------
Traceback (most recent call last):
  File "/Users/chrisalvir/.gemini/antigravity/worktrees/argus/argus_react_migration_release/tests/test_react_dashboard_layout_contract.py", line 23, in test_collision_safe_non_compacting_grid
    self.assertIn(token,self.dashboard)
    ~~~~~~~~~~~~~^^^^^^^^^^^^^^^^^^^^^^
AssertionError: 'compactType={null}' not found in 'import React,{useEffect,useLayoutEffect,useMemo,useRef,useState}from\'react\';\nimport { ErrorBoundary } from \'./ErrorBoundary\';\nimport{Responsive,WidthProvider,type Layout,type Layouts}from\'react-grid-layout\';\n\n\nimport type{ArgusBreakpoint,ArgusWidgetDefinition,ArgusWidgetSize,DashboardLayoutStorage}from\'./types\';\nimport{BREAKPOINTS,COLS,clampSizeForBreakpoint,defaultLayouts,firstFreePosition,getClosestWidgetSize,hasCollision,mergeLayouts,snapLayoutItemToSize}from\'./layout\';\nconst ResponsiveGridLayout=WidthProvider(Responsive);type EditorSetter=(value:boolean)=>void;\ninterface HostProps{widget:ArgusWidgetDefinition;node:HTMLElement;editing:boolean;size:ArgusWidgetSize;onSize:(size:ArgusWidgetSize)=>void;onHide:()=>void;onReset:()=>void}\nfunction Host({widget,node,editing,size,onSize,onHide,onReset}:HostProps){const ref=useRef<HTMLDivElement>(null);useLayoutEffect(()=>{ref.current?.appendChild(node);node.draggable=false;node.querySelector(\':scope > .panel-edit-overlay\')?.remove();if(editing)node.setAttribute(\'inert\',\'\');else node.removeAttribute(\'inert\')},[node,editing]);const getT=(k:string,f:string)=>{if(typeof(window as any)._argusT===\'function\'){const v=(window as any)._argusT(k);if(v&&v!==k)return v}return f};return <article className="argus-widget"><header className="argus-widget__edit-header"><button type="button" className="argus-widget__drag-handle" aria-label={`${getT(\'drag\',\'Mover\')} ${widget.title}`} title={getT(\'drag\',\'Arrastrar para mover\')}>⋮⋮</button><strong>{widget.title}</strong><details className="argus-widget__options"><summary aria-label={`${getT(\'settings\',\'Opciones\')} ${widget.title}`} title={getT(\'settings\',\'Opciones\')}>•••</summary><div className="argus-widget__menu"><span>{getT(\'size\',\'Tamaño\')}</span><div>{([\'S\',\'M\',\'L\',\'XL\']as ArgusWidgetSize[]).map(value=><button type="button" className={value===size?\'active\':\'\'} onClick={()=>onSize(value)} key={value}>{value}</button>)}</div><button type="button" onClick={onReset}>{getT(\'reset_widget\',\'Restablecer widget\')}</button><button type="button" onClick={onHide}>{getT(\'hide_widget\',\'Ocultar widget\')}</button></div></details></header><div className={`argus-widget__content${widget.kind===\'access-control\'?\' argus-widget__content--access\':\'\'}`} ref={ref}/></article>}\nexport function ArgusDashboard({widgets,nodes,storage,userId,dashboardId,onEditing,registerEditor}:{widgets:ArgusWidgetDefinition[];nodes:Map<string,HTMLElement>;storage:DashboardLayoutStorage;userId:string;dashboardId:string;onEditing:(v:boolean)=>void;registerEditor:(setter:EditorSetter)=>void}){\n const defaults=useMemo(()=>Object.fromEntries(widgets.map(w=>[w.id,w.visible])),[widgets]);\n const[layouts,setLayouts]=useState<Layouts>(defaultLayouts),[visibility,setVisibility]=useState<Record<string,boolean>>(defaults),[editing,setEditing]=useState(false),[hydrated,setHydrated]=useState(false),[bp,setBp]=useState<ArgusBreakpoint>(\'lg\'),[message,setMessage]=useState(\'\'),[,setLangTick]=useState(0);\n const lastValid=useRef<Layouts>(defaultLayouts),timer=useRef<number|undefined>(undefined),wasEditing=useRef(false),containerRef=useRef<HTMLElement>(null);\n const getT=(k:string,f:string)=>{if(typeof(window as any)._argusT===\'function\'){const v=(window as any)._argusT(k);if(v&&v!==k)return v}return f};\n useEffect(()=>{const onLang=()=>setLangTick(t=>t+1);window.addEventListener(\'argus-lang-changed\',onLang);return()=>window.removeEventListener(\'argus-lang-changed\',onLang)},[]);\n useEffect(()=>{registerEditor(setEditing)},[registerEditor]);\n useEffect(()=>{let active=true;setHydrated(false);Promise.all([storage.load(userId,dashboardId),storage.loadVisibility?.(userId,dashboardId)]).then(([value,storedVisibility])=>{if(!active)return;const merged=mergeLayouts(value);setLayouts(merged);lastValid.current=merged;if(storedVisibility)setVisibility({...defaults,...storedVisibility});setHydrated(true)});return()=>{active=false}},[storage,userId,dashboardId,defaults]);\n useEffect(()=>{onEditing(editing);if(hydrated&&wasEditing.current&&!editing)storage.save(userId,dashboardId,lastValid.current);wasEditing.current=editing},[editing,hydrated,onEditing,storage,userId,dashboardId]);\n useEffect(()=>{const key=(event:KeyboardEvent)=>{if(!editing)return;if(event.key===\'Escape\'){setEditing(false);setMessage(getT(\'edit_dashboard_done\',\'Edición finalizada\'))}else if(event.key===\'Enter\'&&event.target===document.body)setEditing(false)};window.addEventListener(\'keydown\',key);return()=>window.removeEventListener(\'keydown\',key)},[editing]);\n useEffect(()=>{\n  if(typeof ResizeObserver===\'undefined\'||!containerRef.current)return;\n  let raf=0;\n  const ro=new ResizeObserver(()=>{\n   cancelAnimationFrame(raf);\n   raf=requestAnimationFrame(()=>{\n    try{window.dispatchEvent(new Event(\'resize\'));}catch(_){}\n   });\n  });\n  ro.observe(containerRef.current);\n  return()=>{cancelAnimationFrame(raf);ro.disconnect();};\n },[]);\n useEffect(()=>()=>clearTimeout(timer.current),[]);\n const save=(next:Layouts,now=false)=>{setLayouts(next);lastValid.current=next;clearTimeout(timer.current);timer.current=window.setTimeout(()=>storage.save(userId,dashboardId,next),now?0:550)};\n const setVisible=(id:string,value:boolean)=>{const next={...visibility,[id]:value};setVisibility(next);storage.saveVisibility?.(userId,dashboardId,next);setMessage(value?getT(\'widget_visible\',\'Widget visible\'):getT(\'hide_widget\',\'Widget oculto\'))};\n const replaceItem=(id:string,nextItem:Layout,label:string)=>{const base=lastValid.current,current=base[bp]||[],others=current.filter(x=>x.i!==id),safe=hasCollision(others,nextItem)?firstFreePosition(others,nextItem,COLS[bp]):nextItem;const next={...base,[bp]:current.map(x=>x.i===id?safe:x)};save(next,true);setMessage(label)};\n const chooseSize=(id:string,size:ArgusWidgetSize)=>{const current=(lastValid.current[bp]||[]).find(x=>x.i===id);if(!current)return;const d=clampSizeForBreakpoint(size,COLS[bp]);replaceItem(id,{...current,...d,x:Math.max(0,Math.min(current.x,COLS[bp]-d.w))},`${getT(\'size\',\'Tamaño\')} ${size}`)};\n const resetWidget=(id:string)=>{const base=(defaultLayouts[bp]||[]).find(x=>x.i===id);if(base)replaceItem(id,{...base},getT(\'reset_widget\',\'Widget restablecido\'))};\n const resize=(_layout:Layout[],_old:Layout,value:Layout)=>{const snapped=snapLayoutItemToSize(value,COLS[bp]);replaceItem(value.i,snapped,`${getT(\'size\',\'Tamaño\')} ${getClosestWidgetSize(snapped.w,snapped.h,COLS[bp])}`)};\n const reset=async()=>{if(!confirm(getT(\'reset_dashboard_confirm\',\'¿Restablecer únicamente posiciones, tamaños y visibilidad del tablero?\')))return;await storage.reset(userId,dashboardId);const clean=mergeLayouts(null);setVisibility(defaults);save(clean,true);setMessage(getT(\'reset_dashboard_done\',\'Diseño predeterminado restaurado\'))};\n\n const currentLayout=layouts[bp]||[];\n if(!hydrated)return <section className="argus-dashboard" ref={containerRef}><div className="argus-dashboard__feedback" aria-live="polite">{getT(\'loading_dashboard\',\'Cargando tablero…\')}</div></section>;\n return <section className={`argus-dashboard ${editing?\'argus-dashboard--editing\':\'\'}`} ref={containerRef}>\n  <nav className="argus-dashboard__toolbar" aria-label={getT(\'edit_dashboard\',\'Edición del tablero\')}>\n   <button type="button" onClick={()=>setEditing(v=>!v)}>{editing?(\'✓ \'+getT(\'edit_dashboard_done\',\'Listo\')):(\'❖ \'+getT(\'edit_dashboard\',\'Editar tablero\'))}</button>\n   {editing&&<>\n    <button type="button" onClick={reset}>{getT(\'reset_dashboard\',\'Restablecer diseño\')}</button>\n    <div className="argus-dashboard__visibility" aria-label={getT(\'hide_widget\',\'Widgets ocultos\')}>\n     {widgets.filter(w=>visibility[w.id]===false).map(w=><button type="button" key={w.id} onClick={()=>setVisible(w.id,true)}>Mostrar {w.title}</button>)}\n    </div>\n   </>}\n  </nav>\n  <div className="argus-dashboard__feedback" aria-live="polite">{editing ? message : \'\'}</div>\n  <ErrorBoundary>\n   <ResponsiveGridLayout className="argus-dashboard-grid" layouts={layouts} breakpoints={BREAKPOINTS} cols={COLS} rowHeight={92} margin={[16,16]} containerPadding={[16,16]} compactType="vertical" preventCollision={false} allowOverlap={false} isBounded={true} isDraggable={editing} isResizable={editing} draggableHandle=".argus-widget__drag-handle" resizeHandles={[\'se\']} onBreakpointChange={value=>setBp(value as ArgusBreakpoint)} onLayoutChange={(_,all)=>{if(editing){setLayouts(all);lastValid.current=all}}} onResizeStop={resize} onDragStop={(_,__,value)=>{const others=(lastValid.current[bp]||[]).filter(x=>x.i!==value.i);if(hasCollision(others,value)){setLayouts({...lastValid.current});setMessage(getT(\'position_collision\',\'Posición bloqueada por colisión\'));return}replaceItem(value.i,value,getT(\'position_saved\',\'Posición guardada\'))}} useCSSTransforms={true}>\n    {widgets.filter(w=>visibility[w.id]!==false&&nodes.has(w.id)).map(w=>{const item=currentLayout.find(x=>x.i===w.id);const size=item?getClosestWidgetSize(item.w,item.h,COLS[bp]):w.size;return <div key={w.id}><ErrorBoundary><Host widget={w} node={nodes.get(w.id)!} editing={editing} size={size} onSize={value=>chooseSize(w.id,value)} onHide={()=>setVisible(w.id,false)} onReset={()=>resetWidget(w.id)}/></ErrorBoundary></div>})}\n   </ResponsiveGridLayout>\n  </ErrorBoundary>\n </section>;\n}\nexport default ArgusDashboard;\n'

----------------------------------------------------------------------
Ran 101 tests in 0.598s

FAILED (failures=1, skipped=13)
